<!doctype html public "-//w3c//dtd html 4.0 transitional//en">
<html><head>
<title>Static Call Graph - [.\Objects\PplRcd.axf]</title></head>
<body><HR>
<H1>Static Call Graph for image .\Objects\PplRcd.axf</H1><HR>
<BR><P>#&#060CALLGRAPH&#062# ARM Linker, 5060061: Last Updated: Thu May 24 15:58:36 2018
<BR><P>
<H3>Maximum Stack Usage =        584 bytes + Unknown(Cycles, Untraceable Function Pointers)</H3><H3>
Call chain for Maximum Stack Depth:</H3>
FM25_Erase &rArr; FM25_Write &rArr; FM25_wr_enable
<P>
<H3>
Mutually Recursive functions
</H3> <LI><a href="#[cf]">rt_alloc_box</a>&nbsp;&nbsp;&nbsp;&rArr;&nbsp;&nbsp;&nbsp;<a href="#[cf]">rt_alloc_box</a><BR>
 <LI><a href="#[8a]">NMI_Handler</a>&nbsp;&nbsp;&nbsp;&rArr;&nbsp;&nbsp;&nbsp;<a href="#[8a]">NMI_Handler</a><BR>
 <LI><a href="#[8c]">MemManage_Handler</a>&nbsp;&nbsp;&nbsp;&rArr;&nbsp;&nbsp;&nbsp;<a href="#[8c]">MemManage_Handler</a><BR>
 <LI><a href="#[8d]">BusFault_Handler</a>&nbsp;&nbsp;&nbsp;&rArr;&nbsp;&nbsp;&nbsp;<a href="#[8d]">BusFault_Handler</a><BR>
 <LI><a href="#[8e]">UsageFault_Handler</a>&nbsp;&nbsp;&nbsp;&rArr;&nbsp;&nbsp;&nbsp;<a href="#[8e]">UsageFault_Handler</a><BR>
 <LI><a href="#[90]">DebugMon_Handler</a>&nbsp;&nbsp;&nbsp;&rArr;&nbsp;&nbsp;&nbsp;<a href="#[90]">DebugMon_Handler</a><BR>
 <LI><a href="#[a5]">ADC1_2_IRQHandler</a>&nbsp;&nbsp;&nbsp;&rArr;&nbsp;&nbsp;&nbsp;<a href="#[a5]">ADC1_2_IRQHandler</a><BR>
 <LI><a href="#[2dd]">Except_raise</a>&nbsp;&nbsp;&nbsp;&rArr;&nbsp;&nbsp;&nbsp;<a href="#[2dd]">Except_raise</a><BR>
 <LI><a href="#[42d]">Strg_Updata_rcd_mgr</a>&nbsp;&nbsp;&nbsp;&rArr;&nbsp;&nbsp;&nbsp;<a href="#[1c0]">STG_Open_file</a><BR>
</UL>
<P>
<H3>
Function Pointers
</H3><UL>
 <LI><a href="#[a5]">ADC1_2_IRQHandler</a> from startup_stm32f10x_hd.o(.text) referenced from startup_stm32f10x_hd.o(RESET)
 <LI><a href="#[c2]">ADC3_IRQHandler</a> from startup_stm32f10x_hd.o(.text) referenced from startup_stm32f10x_hd.o(RESET)
 <LI><a href="#[d4]">ALS_Btn_hdl</a> from stg_set_alarm.o(i.ALS_Btn_hdl) referenced from stg_set_alarm.o(i.ALS_build_component)
 <LI><a href="#[58]">ALS_Exit</a> from stg_set_alarm.o(i.ALS_Exit) referenced 2 times from stg_set_alarm.o(.data)
 <LI><a href="#[50]">ALS_build_component</a> from stg_set_alarm.o(i.ALS_build_component) referenced 2 times from stg_set_alarm.o(.data)
 <LI><a href="#[57]">ALS_commit</a> from stg_set_alarm.o(i.ALS_commit) referenced 2 times from stg_set_alarm.o(.data)
 <LI><a href="#[d7]">Accm_HMI_hide</a> from hmi_accumulate .o(i.Accm_HMI_hide) referenced from hmi_accumulate .o(i.Accm_HMI_ctor)
 <LI><a href="#[d9]">Accm_HMI_hitHandle</a> from hmi_accumulate .o(i.Accm_HMI_hitHandle) referenced from hmi_accumulate .o(i.Accm_HMI_ctor)
 <LI><a href="#[da]">Accm_HMI_init_focus</a> from hmi_accumulate .o(i.Accm_HMI_init_focus) referenced from hmi_accumulate .o(i.Accm_HMI_ctor)
 <LI><a href="#[d6]">Alarm_initSheet</a> from hmi_accumulate .o(i.Alarm_initSheet) referenced from hmi_accumulate .o(i.Accm_HMI_ctor)
 <LI><a href="#[4e]">Als_entry</a> from stg_set_alarm.o(i.Als_entry) referenced 2 times from stg_set_alarm.o(.data)
 <LI><a href="#[56]">Als_get_focusdata</a> from stg_set_alarm.o(i.Als_get_focusdata) referenced 2 times from stg_set_alarm.o(.data)
 <LI><a href="#[4f]">Als_init</a> from stg_set_alarm.o(i.Als_init) referenced 2 times from stg_set_alarm.o(.data)
 <LI><a href="#[52]">Als_key_dn</a> from stg_set_alarm.o(i.Als_key_dn) referenced 2 times from stg_set_alarm.o(.data)
 <LI><a href="#[55]">Als_key_er</a> from stg_set_alarm.o(i.Als_key_er) referenced 2 times from stg_set_alarm.o(.data)
 <LI><a href="#[53]">Als_key_lt</a> from stg_set_alarm.o(i.Als_key_lt) referenced 2 times from stg_set_alarm.o(.data)
 <LI><a href="#[54]">Als_key_rt</a> from stg_set_alarm.o(i.Als_key_rt) referenced 2 times from stg_set_alarm.o(.data)
 <LI><a href="#[51]">Als_key_up</a> from stg_set_alarm.o(i.Als_key_up) referenced 2 times from stg_set_alarm.o(.data)
 <LI><a href="#[dc]">BTN_Build_each_btn</a> from component_button.o(i.BTN_Build_each_btn) referenced from component_button.o(i.Button_ctor)
 <LI><a href="#[dd]">BTN_Clean_btn</a> from component_button.o(i.BTN_Clean_btn) referenced from component_button.o(i.Button_ctor)
 <LI><a href="#[e0]">BTN_Deal_hit</a> from component_button.o(i.BTN_Deal_hit) referenced from component_button.o(i.Button_ctor)
 <LI><a href="#[db]">BTN_Init</a> from component_button.o(i.BTN_Init) referenced from component_button.o(i.Button_ctor)
 <LI><a href="#[df]">BTN_Move_focus</a> from component_button.o(i.BTN_Move_focus) referenced from component_button.o(i.Button_ctor)
 <LI><a href="#[de]">BTN_Show_vaild_btn</a> from component_button.o(i.BTN_Show_vaild_btn) referenced from component_button.o(i.Button_ctor)
 <LI><a href="#[135]">BarHmi_HideSheet</a> from hmi_bargraph.o(i.BarHmi_HideSheet) referenced from hmi_bargraph.o(i.HMI_bar_ctor)
 <LI><a href="#[134]">BarHmi_InitSheet</a> from hmi_bargraph.o(i.BarHmi_InitSheet) referenced from hmi_bargraph.o(i.HMI_bar_ctor)
 <LI><a href="#[136]">BarHmi_Show</a> from hmi_bargraph.o(i.BarHmi_Show) referenced from hmi_bargraph.o(i.HMI_bar_ctor)
 <LI><a href="#[196]">BuInptSht</a> from ntbutton.o(i.BuInptSht) referenced from ntbutton.o(i.NtButton_ctor)
 <LI><a href="#[8d]">BusFault_Handler</a> from startup_stm32f10x_hd.o(.text) referenced from startup_stm32f10x_hd.o(RESET)
 <LI><a href="#[a8]">CAN1_RX1_IRQHandler</a> from startup_stm32f10x_hd.o(.text) referenced from startup_stm32f10x_hd.o(RESET)
 <LI><a href="#[a9]">CAN1_SCE_IRQHandler</a> from startup_stm32f10x_hd.o(.text) referenced from startup_stm32f10x_hd.o(RESET)
 <LI><a href="#[1d7]">CMM_Update_time</a> from hmi_comm.o(i.CMM_Update_time) referenced from hmi_comm.o(i.cmmHmi_ctor)
 <LI><a href="#[e6]">CNS_Btn_hdl</a> from stg_set_channel.o(i.CNS_Btn_hdl) referenced from stg_set_channel.o(i.CNS_build_component)
 <LI><a href="#[63]">CNS_Exit</a> from stg_set_channel.o(i.CNS_Exit) referenced 2 times from stg_set_channel.o(.data)
 <LI><a href="#[5b]">CNS_build_component</a> from stg_set_channel.o(i.CNS_build_component) referenced 2 times from stg_set_channel.o(.data)
 <LI><a href="#[62]">CNS_commit</a> from stg_set_channel.o(i.CNS_commit) referenced 2 times from stg_set_channel.o(.data)
 <LI><a href="#[ef]">CRV_Add_point</a> from component_curve.o(i.CRV_Add_point) referenced from component_curve.o(i.Curve_ctor)
 <LI><a href="#[ec]">CRV_Alloc</a> from component_curve.o(i.CRV_Alloc) referenced from component_curve.o(i.Curve_ctor)
 <LI><a href="#[f0]">CRV_Ctl</a> from component_curve.o(i.CRV_Ctl) referenced from component_curve.o(i.Curve_ctor)
 <LI><a href="#[f3]">CRV_Data_flex</a> from component_curve.o(i.CRV_Data_flex) referenced from component_curve.o(i.Curve_ctor)
 <LI><a href="#[ed]">CRV_Free</a> from component_curve.o(i.CRV_Free) referenced from component_curve.o(i.Curve_ctor)
 <LI><a href="#[eb]">CRV_Init</a> from component_curve.o(i.CRV_Init) referenced from component_curve.o(i.Curve_ctor)
 <LI><a href="#[ee]">CRV_Reset</a> from component_curve.o(i.CRV_Reset) referenced from component_curve.o(i.Curve_ctor)
 <LI><a href="#[f1]">CRV_Show_bkg</a> from component_curve.o(i.CRV_Show_bkg) referenced from component_curve.o(i.Curve_ctor)
 <LI><a href="#[f2]">CRV_Show_curve</a> from component_curve.o(i.CRV_Show_curve) referenced from component_curve.o(i.Curve_ctor)
 <LI><a href="#[e7]">CRV_Win_cmd</a> from hmi_curve.o(i.CRV_Win_cmd) referenced from hmi_curve.o(i.CRV_Set_first_time)
 <LI><a href="#[162]">Ch376_intr</a> from ch376.o(i.Ch376_intr) referenced from ch376.o(i.Init_Ch376)
 <LI><a href="#[59]">ChnStrategy_entry</a> from stg_set_channel.o(i.ChnStrategy_entry) referenced 2 times from stg_set_channel.o(.data)
 <LI><a href="#[4]">ClearLcd</a> from dev_lcdusartgpu.o(i.ClearLcd) referenced 2 times from dev_lcdusartgpu.o(.data)
 <LI><a href="#[143]">Clear_focus</a> from hmi.o(i.Clear_focus) referenced from hmi.o(i.HMI_ctor)
 <LI><a href="#[10b]">Close_devSpi</a> from dev_spi.o(i.Close_devSpi) referenced from dev_spi.o(i.Dev_spi_ctor)
 <LI><a href="#[f9]">Close_dev_IIC</a> from dev_iic.o(i.Close_dev_IIC) referenced from dev_iic.o(i.Dev_IIC_ctor)
 <LI><a href="#[227]">Cmd_Thread</a> from cmd_thread.o(i.Cmd_Thread) referenced from cmd_thread.o(.constdata)
 <LI><a href="#[61]">Cns_get_focusdata</a> from stg_set_channel.o(i.Cns_get_focusdata) referenced 2 times from stg_set_channel.o(.data)
 <LI><a href="#[5a]">Cns_init</a> from stg_set_channel.o(i.Cns_init) referenced 2 times from stg_set_channel.o(.data)
 <LI><a href="#[5d]">Cns_key_dn</a> from stg_set_channel.o(i.Cns_key_dn) referenced 2 times from stg_set_channel.o(.data)
 <LI><a href="#[60]">Cns_key_er</a> from stg_set_channel.o(i.Cns_key_er) referenced 2 times from stg_set_channel.o(.data)
 <LI><a href="#[5e]">Cns_key_lt</a> from stg_set_channel.o(i.Cns_key_lt) referenced 2 times from stg_set_channel.o(.data)
 <LI><a href="#[5f]">Cns_key_rt</a> from stg_set_channel.o(i.Cns_key_rt) referenced 2 times from stg_set_channel.o(.data)
 <LI><a href="#[5c]">Cns_key_up</a> from stg_set_channel.o(i.Cns_key_up) referenced 2 times from stg_set_channel.o(.data)
 <LI><a href="#[141]">ConposeKeyHandle</a> from hmi.o(i.ConposeKeyHandle) referenced from hmi.o(i.HMI_ctor)
 <LI><a href="#[228]">Ctime_periodic</a> from ctltimer.o(i.Ctime_periodic) referenced from ctltimer.o(.constdata)
 <LI><a href="#[e8]">CtlKey_init</a> from ctlkey.o(i.CtlKey_init) referenced from ctlkey.o(i.CtlKey_ctor)
 <LI><a href="#[f5]">DBP_Btn_hdl</a> from stg_set_databackup.o(i.DBP_Btn_hdl) referenced from stg_set_databackup.o(i.DBP_build_component)
 <LI><a href="#[f4]">DBP_Copy</a> from stg_set_databackup.o(i.DBP_Copy) referenced from stg_set_databackup.o(i.DBP_Btn_hdl)
 <LI><a href="#[6e]">DBP_Exit</a> from stg_set_databackup.o(i.DBP_Exit) referenced 2 times from stg_set_databackup.o(.data)
 <LI><a href="#[f7]">DBP_Usb_event</a> from stg_set_databackup.o(i.DBP_Usb_event) referenced from stg_set_databackup.o(i.DBP_init)
 <LI><a href="#[66]">DBP_build_component</a> from stg_set_databackup.o(i.DBP_build_component) referenced 2 times from stg_set_databackup.o(.data)
 <LI><a href="#[6d]">DBP_commit</a> from stg_set_databackup.o(i.DBP_commit) referenced 2 times from stg_set_databackup.o(.data)
 <LI><a href="#[f6]">DBP_filename_commit</a> from stg_set_databackup.o(i.DBP_filename_commit) referenced from stg_set_databackup.o(i.DBP_init)
 <LI><a href="#[6c]">DBP_get_focusdata</a> from stg_set_databackup.o(i.DBP_get_focusdata) referenced 2 times from stg_set_databackup.o(.data)
 <LI><a href="#[65]">DBP_init</a> from stg_set_databackup.o(i.DBP_init) referenced 2 times from stg_set_databackup.o(.data)
 <LI><a href="#[68]">DBP_key_dn</a> from stg_set_databackup.o(i.DBP_key_dn) referenced 2 times from stg_set_databackup.o(.data)
 <LI><a href="#[6b]">DBP_key_er</a> from stg_set_databackup.o(i.DBP_key_er) referenced 2 times from stg_set_databackup.o(.data)
 <LI><a href="#[69]">DBP_key_lt</a> from stg_set_databackup.o(i.DBP_key_lt) referenced 2 times from stg_set_databackup.o(.data)
 <LI><a href="#[6a]">DBP_key_rt</a> from stg_set_databackup.o(i.DBP_key_rt) referenced 2 times from stg_set_databackup.o(.data)
 <LI><a href="#[67]">DBP_key_up</a> from stg_set_databackup.o(i.DBP_key_up) referenced 2 times from stg_set_databackup.o(.data)
 <LI><a href="#[140]">DHitHandle</a> from hmi.o(i.DHitHandle) referenced from hmi.o(i.HMI_ctor)
 <LI><a href="#[9e]">DMA1_Channel1_IRQHandler</a> from startup_stm32f10x_hd.o(.text) referenced from startup_stm32f10x_hd.o(RESET)
 <LI><a href="#[9f]">DMA1_Channel2_IRQHandler</a> from drive_uart.o(i.DMA1_Channel2_IRQHandler) referenced from startup_stm32f10x_hd.o(RESET)
 <LI><a href="#[a0]">DMA1_Channel3_IRQHandler</a> from startup_stm32f10x_hd.o(.text) referenced from startup_stm32f10x_hd.o(RESET)
 <LI><a href="#[a1]">DMA1_Channel4_IRQHandler</a> from drive_uart.o(i.DMA1_Channel4_IRQHandler) referenced from startup_stm32f10x_hd.o(RESET)
 <LI><a href="#[a2]">DMA1_Channel5_IRQHandler</a> from startup_stm32f10x_hd.o(.text) referenced from startup_stm32f10x_hd.o(RESET)
 <LI><a href="#[a3]">DMA1_Channel6_IRQHandler</a> from startup_stm32f10x_hd.o(.text) referenced from startup_stm32f10x_hd.o(RESET)
 <LI><a href="#[a4]">DMA1_Channel7_IRQHandler</a> from drive_uart.o(i.DMA1_Channel7_IRQHandler) referenced from startup_stm32f10x_hd.o(RESET)
 <LI><a href="#[cb]">DMA2_Channel1_IRQHandler</a> from startup_stm32f10x_hd.o(.text) referenced from startup_stm32f10x_hd.o(RESET)
 <LI><a href="#[cc]">DMA2_Channel2_IRQHandler</a> from startup_stm32f10x_hd.o(.text) referenced from startup_stm32f10x_hd.o(RESET)
 <LI><a href="#[cd]">DMA2_Channel3_IRQHandler</a> from startup_stm32f10x_hd.o(.text) referenced from startup_stm32f10x_hd.o(RESET)
 <LI><a href="#[ce]">DMA2_Channel4_5_IRQHandler</a> from drive_uart.o(i.DMA2_Channel4_5_IRQHandler) referenced from startup_stm32f10x_hd.o(RESET)
 <LI><a href="#[14d]">DataHmi_HideSheet</a> from hmi_data.o(i.DataHmi_HideSheet) referenced from hmi_data.o(i.HMI_data_ctor)
 <LI><a href="#[14f]">DataHmi_HitHandle</a> from hmi_data.o(i.DataHmi_HitHandle) referenced from hmi_data.o(i.HMI_data_ctor)
 <LI><a href="#[14c]">DataHmi_InitSheet</a> from hmi_data.o(i.DataHmi_InitSheet) referenced from hmi_data.o(i.HMI_data_ctor)
 <LI><a href="#[14e]">DataHmi_Show</a> from hmi_data.o(i.DataHmi_Show) referenced from hmi_data.o(i.HMI_data_ctor)
 <LI><a href="#[64]">Data_bacnup_Strategy_entry</a> from stg_set_databackup.o(i.Data_bacnup_Strategy_entry) referenced 2 times from stg_set_databackup.o(.data)
 <LI><a href="#[1cd]">Deal_status</a> from usb.o(i.Deal_status) referenced from usb.o(i.USB_Init)
 <LI><a href="#[90]">DebugMon_Handler</a> from startup_stm32f10x_hd.o(.text) referenced from startup_stm32f10x_hd.o(RESET)
 <LI><a href="#[1d9]">DevGpioClose</a> from device_gpio.o(i.DevGpioClose) referenced from device_gpio.o(i.devGpio_ctor)
 <LI><a href="#[1dc]">DevGpioIoctol</a> from device_gpio.o(i.DevGpioIoctol) referenced from device_gpio.o(i.devGpio_ctor)
 <LI><a href="#[1d8]">DevGpioOpen</a> from device_gpio.o(i.DevGpioOpen) referenced from device_gpio.o(i.devGpio_ctor)
 <LI><a href="#[1da]">DevGpioRead</a> from device_gpio.o(i.DevGpioRead) referenced from device_gpio.o(i.devGpio_ctor)
 <LI><a href="#[1dd]">DevGpioTest</a> from device_gpio.o(i.DevGpioTest) referenced from device_gpio.o(i.devGpio_ctor)
 <LI><a href="#[1db]">DevGpioWrite</a> from device_gpio.o(i.DevGpioWrite) referenced from device_gpio.o(i.devGpio_ctor)
 <LI><a href="#[ff]">Dev_Uart_close</a> from dev_uart.o(i.Dev_Uart_close) referenced from dev_uart.o(i.Dev_Uart_ctor)
 <LI><a href="#[102]">Dev_Uart_ioctol</a> from dev_uart.o(i.Dev_Uart_ioctol) referenced from dev_uart.o(i.Dev_Uart_ctor)
 <LI><a href="#[fe]">Dev_Uart_open</a> from dev_uart.o(i.Dev_Uart_open) referenced from dev_uart.o(i.Dev_Uart_ctor)
 <LI><a href="#[100]">Dev_Uart_read</a> from dev_uart.o(i.Dev_Uart_read) referenced from dev_uart.o(i.Dev_Uart_ctor)
 <LI><a href="#[103]">Dev_Uart_test</a> from dev_uart.o(i.Dev_Uart_test) referenced from dev_uart.o(i.Dev_Uart_ctor)
 <LI><a href="#[101]">Dev_Uart_write</a> from dev_uart.o(i.Dev_Uart_write) referenced from dev_uart.o(i.Dev_Uart_ctor)
 <LI><a href="#[2]">Dev_UsartInit</a> from dev_lcdusartgpu.o(i.Dev_UsartInit) referenced 2 times from dev_lcdusartgpu.o(.data)
 <LI><a href="#[3]">Dev_UsartdeInit</a> from dev_lcdusartgpu.o(i.Dev_UsartdeInit) referenced 2 times from dev_lcdusartgpu.o(.data)
 <LI><a href="#[12c]">Draw_self</a> from glyph.o(i.Draw_self) referenced from glyph.o(i.Glyph_ctor)
 <LI><a href="#[11a]">EFS_Erase_file</a> from easy_fs.o(i.EFS_Erase_file) referenced from easy_fs.o(i.EFS_init)
 <LI><a href="#[110]">EFS_Flush</a> from easy_fs.o(i.EFS_Flush) referenced from easy_fs.o(i.EFS_Flush)
 <LI><a href="#[110]">EFS_Flush</a> from easy_fs.o(i.EFS_Flush) referenced from easy_fs.o(i.EFS_init)
 <LI><a href="#[113]">EFS_Lseek</a> from easy_fs.o(i.EFS_Lseek) referenced from easy_fs.o(i.EFS_init)
 <LI><a href="#[117]">EFS_Raw_read</a> from easy_fs.o(i.EFS_Raw_read) referenced from easy_fs.o(i.EFS_init)
 <LI><a href="#[116]">EFS_Raw_write</a> from easy_fs.o(i.EFS_Raw_write) referenced from easy_fs.o(i.EFS_init)
 <LI><a href="#[11b]">EFS_Shutdown</a> from easy_fs.o(i.EFS_Shutdown) referenced from easy_fs.o(i.EFS_init)
 <LI><a href="#[112]">EFS_close</a> from easy_fs.o(i.EFS_close) referenced from easy_fs.o(i.EFS_init)
 <LI><a href="#[118]">EFS_delete</a> from easy_fs.o(i.EFS_delete) referenced from easy_fs.o(i.EFS_init)
 <LI><a href="#[11c]">EFS_file_info</a> from easy_fs.o(i.EFS_file_info) referenced from easy_fs.o(i.EFS_init)
 <LI><a href="#[111]">EFS_open</a> from easy_fs.o(i.EFS_open) referenced from easy_fs.o(i.EFS_init)
 <LI><a href="#[114]">EFS_read</a> from easy_fs.o(i.EFS_read) referenced from easy_fs.o(i.EFS_init)
 <LI><a href="#[119]">EFS_resize</a> from easy_fs.o(i.EFS_resize) referenced from easy_fs.o(i.EFS_init)
 <LI><a href="#[11d]">EFS_run</a> from easy_fs.o(i.EFS_run) referenced from easy_fs.o(i.EFS_init)
 <LI><a href="#[115]">EFS_write</a> from easy_fs.o(i.EFS_write) referenced from easy_fs.o(i.EFS_init)
 <LI><a href="#[99]">EXTI0_IRQHandler</a> from drive_gpio.o(i.EXTI0_IRQHandler) referenced from startup_stm32f10x_hd.o(RESET)
 <LI><a href="#[bb]">EXTI15_10_IRQHandler</a> from drive_gpio.o(i.EXTI15_10_IRQHandler) referenced from startup_stm32f10x_hd.o(RESET)
 <LI><a href="#[9a]">EXTI1_IRQHandler</a> from drive_gpio.o(i.EXTI1_IRQHandler) referenced from startup_stm32f10x_hd.o(RESET)
 <LI><a href="#[9b]">EXTI2_IRQHandler</a> from drive_gpio.o(i.EXTI2_IRQHandler) referenced from startup_stm32f10x_hd.o(RESET)
 <LI><a href="#[9c]">EXTI3_IRQHandler</a> from drive_gpio.o(i.EXTI3_IRQHandler) referenced from startup_stm32f10x_hd.o(RESET)
 <LI><a href="#[9d]">EXTI4_IRQHandler</a> from drive_gpio.o(i.EXTI4_IRQHandler) referenced from startup_stm32f10x_hd.o(RESET)
 <LI><a href="#[aa]">EXTI9_5_IRQHandler</a> from drive_gpio.o(i.EXTI9_5_IRQHandler) referenced from startup_stm32f10x_hd.o(RESET)
 <LI><a href="#[97]">FLASH_IRQHandler</a> from startup_stm32f10x_hd.o(.text) referenced from startup_stm32f10x_hd.o(RESET)
 <LI><a href="#[120]">FM25_Erase</a> from fm25.o(i.FM25_Erase) referenced from fm25.o(i.FM25_init)
 <LI><a href="#[121]">FM25_Erase_addr</a> from fm25.o(i.FM25_Erase_addr) referenced from fm25.o(i.FM25_init)
 <LI><a href="#[124]">FM25_Flush</a> from fm25.o(i.FM25_Flush) referenced from fm25.o(i.FM25_init)
 <LI><a href="#[11f]">FM25_WP</a> from fm25.o(i.FM25_WP) referenced from fm25.o(i.FM25_init)
 <LI><a href="#[122]">FM25_Write</a> from fm25.o(i.FM25_Write) referenced from fm25.o(i.FM25_init)
 <LI><a href="#[11e]">FM25_info</a> from fm25.o(i.FM25_info) referenced from fm25.o(i.FM25_init)
 <LI><a href="#[125]">FM25_lock</a> from fm25.o(i.FM25_lock) referenced from fm25.o(i.FM25_init)
 <LI><a href="#[123]">FM25_rd_data</a> from fm25.o(i.FM25_rd_data) referenced from fm25.o(i.FM25_init)
 <LI><a href="#[126]">FM25_unlock</a> from fm25.o(i.FM25_unlock) referenced from fm25.o(i.FM25_init)
 <LI><a href="#[c3]">FSMC_IRQHandler</a> from startup_stm32f10x_hd.o(.text) referenced from startup_stm32f10x_hd.o(RESET)
 <LI><a href="#[7]">GPU_BKColor</a> from dev_lcdusartgpu.o(i.GPU_BKColor) referenced 2 times from dev_lcdusartgpu.o(.data)
 <LI><a href="#[d]">GPU_Bkc_pic</a> from dev_lcdusartgpu.o(i.GPU_Bkc_pic) referenced 2 times from dev_lcdusartgpu.o(.data)
 <LI><a href="#[8]">GPU_Box</a> from dev_lcdusartgpu.o(i.GPU_Box) referenced 2 times from dev_lcdusartgpu.o(.data)
 <LI><a href="#[c]">GPU_CutPicture</a> from dev_lcdusartgpu.o(i.GPU_CutPicture) referenced 2 times from dev_lcdusartgpu.o(.data)
 <LI><a href="#[e]">GPU_Done</a> from dev_lcdusartgpu.o(i.GPU_Done) referenced 2 times from dev_lcdusartgpu.o(.data)
 <LI><a href="#[f]">GPU_Icon</a> from dev_lcdusartgpu.o(i.GPU_Icon) referenced 2 times from dev_lcdusartgpu.o(.data)
 <LI><a href="#[6]">GPU_Label</a> from dev_lcdusartgpu.o(i.GPU_Label) referenced 2 times from dev_lcdusartgpu.o(.data)
 <LI><a href="#[b]">GPU_Pic</a> from dev_lcdusartgpu.o(i.GPU_Pic) referenced 2 times from dev_lcdusartgpu.o(.data)
 <LI><a href="#[9]">GPU_StrSize</a> from dev_lcdusartgpu.o(i.GPU_StrSize) referenced 2 times from dev_lcdusartgpu.o(.data)
 <LI><a href="#[5]">GPU_WrString</a> from dev_lcdusartgpu.o(i.GPU_WrString) referenced 2 times from dev_lcdusartgpu.o(.data)
 <LI><a href="#[12e]">GeoInptSht</a> from geometricsexpr.o(i.GeoInptSht) referenced from geometricsexpr.o(i.GmtrExpr_ctor)
 <LI><a href="#[a]">GetScrnSize</a> from dev_lcdusartgpu.o(i.GetScrnSize) referenced 2 times from dev_lcdusartgpu.o(.data)
 <LI><a href="#[127]">GhPic_vDraw</a> from gh_pic.o(i.GhPic_vDraw) referenced from gh_pic.o(i.GhPic_ctor)
 <LI><a href="#[128]">GhRec_vDraw</a> from gh_rectangle.o(i.GhRec_vDraw) referenced from gh_rectangle.o(i.GhRectangle_ctor)
 <LI><a href="#[12a]">GhTxt_GetSize</a> from gh_txt.o(i.GhTxt_GetSize) referenced from gh_txt.o(i.GhTxt_ctor)
 <LI><a href="#[129]">GhTxt_vDraw</a> from gh_txt.o(i.GhTxt_vDraw) referenced from gh_txt.o(i.GhTxt_ctor)
 <LI><a href="#[1df]">GpioDeInit</a> from drive_gpio.o(i.GpioDeInit) referenced from drive_gpio.o(i.driveGpio_ctor)
 <LI><a href="#[1de]">GpioInit</a> from drive_gpio.o(i.GpioInit) referenced from drive_gpio.o(i.driveGpio_ctor)
 <LI><a href="#[1e0]">GpioRead</a> from drive_gpio.o(i.GpioRead) referenced from drive_gpio.o(i.driveGpio_ctor)
 <LI><a href="#[1e3]">GpioSetEncode</a> from drive_gpio.o(i.GpioSetEncode) referenced from drive_gpio.o(i.driveGpio_ctor)
 <LI><a href="#[1e2]">GpioSetIrqHdl</a> from drive_gpio.o(i.GpioSetIrqHdl) referenced from drive_gpio.o(i.driveGpio_ctor)
 <LI><a href="#[1e5]">GpioTest</a> from drive_gpio.o(i.GpioTest) referenced from drive_gpio.o(i.driveGpio_ctor)
 <LI><a href="#[1e1]">GpioWrite</a> from drive_gpio.o(i.GpioWrite) referenced from drive_gpio.o(i.driveGpio_ctor)
 <LI><a href="#[1e4]">Gpio_control_irq</a> from drive_gpio.o(i.Gpio_control_irq) referenced from drive_gpio.o(i.driveGpio_ctor)
 <LI><a href="#[139]">HBR_Update_mdl_chn_data</a> from hmi_bargraph.o(i.HBR_Update_mdl_chn_data) referenced from hmi_bargraph.o(i.HMI_bar_ctor)
 <LI><a href="#[150]">HDT_Update_mdl_chn_data</a> from hmi_data.o(i.HDT_Update_mdl_chn_data) referenced from hmi_data.o(i.HMI_data_ctor)
 <LI><a href="#[149]">HMI_Btn_backward</a> from hmi.o(i.HMI_Btn_backward) referenced from hmi.o(i.HMI_ctor)
 <LI><a href="#[148]">HMI_Btn_forward</a> from hmi.o(i.HMI_Btn_forward) referenced from hmi.o(i.HMI_ctor)
 <LI><a href="#[14a]">HMI_Btn_jumpout</a> from hmi.o(i.HMI_Btn_jumpout) referenced from hmi.o(i.HMI_ctor)
 <LI><a href="#[145]">HMI_Build_cmp</a> from hmi.o(i.HMI_Build_cmp) referenced from hmi.o(i.HMI_ctor)
 <LI><a href="#[1af]">HMI_CRV_Build_cmp</a> from hmi_curve.o(i.HMI_CRV_Build_cmp) referenced from hmi_curve.o(i.RLT_trendHMI_ctor)
 <LI><a href="#[1b0]">HMI_CRV_HST_Run</a> from hmi_curve.o(i.HMI_CRV_HST_Run) referenced from hmi_curve.o(i.RT_trendHmi_InitSheet)
 <LI><a href="#[1aa]">HMI_CRV_RTV_Run</a> from hmi_curve.o(i.HMI_CRV_RTV_Run) referenced from hmi_curve.o(i.RLT_trendHMI_ctor)
 <LI><a href="#[1aa]">HMI_CRV_RTV_Run</a> from hmi_curve.o(i.HMI_CRV_RTV_Run) referenced from hmi_curve.o(i.RT_trendHmi_InitSheet)
 <LI><a href="#[146]">HMI_Clean_cmp</a> from hmi.o(i.HMI_Clean_cmp) referenced from hmi.o(i.HMI_ctor)
 <LI><a href="#[131]">HMI_Flush</a> from hmi.o(i.HMI_Flush) referenced from hmi.o(i.HMI_Flush)
 <LI><a href="#[131]">HMI_Flush</a> from hmi.o(i.HMI_Flush) referenced from hmi.o(i.HMI_Init)
 <LI><a href="#[154]">HMI_MAIN_Run</a> from hmi_main.o(i.HMI_MAIN_Run) referenced from hmi_main.o(i.HMI_main_ctor)
 <LI><a href="#[13b]">HMI_Run</a> from hmi.o(i.HMI_Run) referenced from hmi.o(i.HMI_ctor)
 <LI><a href="#[161]">HMI_SBG_Build_component</a> from hmi_striped_background.o(i.HMI_SBG_Build_component) referenced from hmi_striped_background.o(i.HMI_striped_background_ctor)
 <LI><a href="#[15f]">HMI_SBG_Clear_focus</a> from hmi_striped_background.o(i.HMI_SBG_Clear_focus) referenced from hmi_striped_background.o(i.HMI_striped_background_ctor)
 <LI><a href="#[15d]">HMI_SBG_Compose_hit</a> from hmi_striped_background.o(i.HMI_SBG_Compose_hit) referenced from hmi_striped_background.o(i.HMI_striped_background_ctor)
 <LI><a href="#[159]">HMI_SBG_Hide</a> from hmi_striped_background.o(i.HMI_SBG_Hide) referenced from hmi_striped_background.o(i.HMI_striped_background_ctor)
 <LI><a href="#[15b]">HMI_SBG_Hit</a> from hmi_striped_background.o(i.HMI_SBG_Hit) referenced from hmi_striped_background.o(i.HMI_striped_background_ctor)
 <LI><a href="#[157]">HMI_SBG_Init</a> from hmi_striped_background.o(i.HMI_SBG_Init) referenced from hmi_striped_background.o(i.HMI_striped_background_ctor)
 <LI><a href="#[15e]">HMI_SBG_Init_focus</a> from hmi_striped_background.o(i.HMI_SBG_Init_focus) referenced from hmi_striped_background.o(i.HMI_striped_background_ctor)
 <LI><a href="#[158]">HMI_SBG_Init_sheet</a> from hmi_striped_background.o(i.HMI_SBG_Init_sheet) referenced from hmi_striped_background.o(i.HMI_striped_background_ctor)
 <LI><a href="#[15c]">HMI_SBG_Long_hit</a> from hmi_striped_background.o(i.HMI_SBG_Long_hit) referenced from hmi_striped_background.o(i.HMI_striped_background_ctor)
 <LI><a href="#[15a]">HMI_SBG_Show</a> from hmi_striped_background.o(i.HMI_SBG_Show) referenced from hmi_striped_background.o(i.HMI_striped_background_ctor)
 <LI><a href="#[160]">HMI_SBG_Show_focus</a> from hmi_striped_background.o(i.HMI_SBG_Show_focus) referenced from hmi_striped_background.o(i.HMI_striped_background_ctor)
 <LI><a href="#[147]">HMI_Show_cmp</a> from hmi.o(i.HMI_Show_cmp) referenced from hmi.o(i.HMI_ctor)
 <LI><a href="#[156]">HMN_Update_mdl_chn_data</a> from hmi_main.o(i.HMN_Update_mdl_chn_data) referenced from hmi_main.o(i.HMI_main_ctor)
 <LI><a href="#[11]">HST_midv_change</a> from hmi_curve.o(i.HST_midv_change) referenced 2 times from hmi_curve.o(.data)
 <LI><a href="#[8b]">HardFault_Handler</a> from main.o(i.HardFault_Handler) referenced from startup_stm32f10x_hd.o(RESET)
 <LI><a href="#[191]">Hide_ico_tips</a> from hmi_menu.o(i.Hide_ico_tips) referenced from hmi_news_select.o(i.NewSlct_HMI_ctor)
 <LI><a href="#[191]">Hide_ico_tips</a> from hmi_menu.o(i.Hide_ico_tips) referenced from hmi_menu.o(i.menuHMI_ctor)
 <LI><a href="#[13e]">HitHandle</a> from hmi.o(i.HitHandle) referenced from hmi.o(i.HMI_ctor)
 <LI><a href="#[13a]">HmiShow</a> from hmi.o(i.HmiShow) referenced from hmi.o(i.HMI_ctor)
 <LI><a href="#[b3]">I2C1_ER_IRQHandler</a> from startup_stm32f10x_hd.o(.text) referenced from startup_stm32f10x_hd.o(RESET)
 <LI><a href="#[b2]">I2C1_EV_IRQHandler</a> from startup_stm32f10x_hd.o(.text) referenced from startup_stm32f10x_hd.o(RESET)
 <LI><a href="#[b5]">I2C2_ER_IRQHandler</a> from startup_stm32f10x_hd.o(.text) referenced from startup_stm32f10x_hd.o(RESET)
 <LI><a href="#[b4]">I2C2_EV_IRQHandler</a> from startup_stm32f10x_hd.o(.text) referenced from startup_stm32f10x_hd.o(RESET)
 <LI><a href="#[12b]">Init</a> from glyph.o(i.Init) referenced from glyph.o(i.Glyph_ctor)
 <LI><a href="#[d5]">Init_Accm_HMI</a> from hmi_accumulate .o(i.Init_Accm_HMI) referenced from hmi_accumulate .o(i.Accm_HMI_ctor)
 <LI><a href="#[151]">Init_HMI_main</a> from hmi_main.o(i.Init_HMI_main) referenced from hmi_main.o(i.HMI_main_ctor)
 <LI><a href="#[18d]">Init_Nws_HMI</a> from hmi_news_select.o(i.Init_Nws_HMI) referenced from hmi_news_select.o(i.NewSlct_HMI_ctor)
 <LI><a href="#[1a6]">Init_RT_trendHMI</a> from hmi_curve.o(i.Init_RT_trendHMI) referenced from hmi_curve.o(i.RLT_trendHMI_ctor)
 <LI><a href="#[1b4]">Init_Setup_HMI</a> from hmi_setup.o(i.Init_Setup_HMI) referenced from hmi_setup.o(i.Setup_HMI_ctor)
 <LI><a href="#[133]">Init_barGhHMI</a> from hmi_bargraph.o(i.Init_barGhHMI) referenced from hmi_bargraph.o(i.HMI_bar_ctor)
 <LI><a href="#[1d6]">Init_cmmHmi</a> from hmi_comm.o(i.Init_cmmHmi) referenced from hmi_comm.o(i.cmmHmi_ctor)
 <LI><a href="#[ea]">Init_ctime</a> from ctltimer.o(i.Init_ctime) referenced from ctltimer.o(i.CtlTimer_ctor)
 <LI><a href="#[14b]">Init_dataHMI</a> from hmi_data.o(i.Init_dataHMI) referenced from hmi_data.o(i.HMI_data_ctor)
 <LI><a href="#[142]">Init_focus</a> from hmi.o(i.Init_focus) referenced from hmi.o(i.HMI_ctor)
 <LI><a href="#[1f2]">Init_kbmHmi</a> from hmi_keyboard.o(i.Init_kbmHmi) referenced from hmi_keyboard.o(i.keyboardHMI_ctor)
 <LI><a href="#[1fb]">Init_menuHMI</a> from hmi_menu.o(i.Init_menuHMI) referenced from hmi_menu.o(i.menuHMI_ctor)
 <LI><a href="#[1fa]">Init_usb_when_idle</a> from main.o(i.Init_usb_when_idle) referenced from main.o(i.main)
 <LI><a href="#[21d]">Init_winHmi</a> from hmi_windowns.o(i.Init_winHmi) referenced from hmi_windowns.o(i.winHmi_ctor)
 <LI><a href="#[197]">InputInptSht</a> from ntinput.o(i.InputInptSht) referenced from ntinput.o(i.NtInput_ctor)
 <LI><a href="#[10e]">Ioctol_devSpi</a> from dev_spi.o(i.Ioctol_devSpi) referenced from dev_spi.o(i.Dev_spi_ctor)
 <LI><a href="#[fc]">Ioctol_dev_IIC</a> from dev_iic.o(i.Ioctol_dev_IIC) referenced from dev_iic.o(i.Dev_IIC_ctor)
 <LI><a href="#[1f5]">KBHide</a> from hmi_keyboard.o(i.KBHide) referenced from hmi_keyboard.o(i.keyboardHMI_ctor)
 <LI><a href="#[1f4]">KBInitSheet</a> from hmi_keyboard.o(i.KBInitSheet) referenced from hmi_keyboard.o(i.keyboardHMI_ctor)
 <LI><a href="#[1f9]">KYB_Show_cmp</a> from hmi_keyboard.o(i.KYB_Show_cmp) referenced from hmi_keyboard.o(i.keyboardHMI_ctor)
 <LI><a href="#[e9]">KeyUpdate</a> from ctlkey.o(i.KeyUpdate) referenced from ctlkey.o(i.CtlKey_ctor)
 <LI><a href="#[167]">Key_DelOb</a> from keyboard.o(i.Key_DelOb) referenced from keyboard.o(i.Keyboard_ctor)
 <LI><a href="#[168]">Key_Run</a> from keyboard.o(i.Key_Run) referenced from keyboard.o(i.Keyboard_ctor)
 <LI><a href="#[166]">Key_addOb</a> from keyboard.o(i.Key_addOb) referenced from keyboard.o(i.Keyboard_ctor)
 <LI><a href="#[16b]">Key_identify_key_msg</a> from keyboard.o(i.Key_identify_key_msg) referenced from keyboard.o(i.Keyboard_ctor)
 <LI><a href="#[169]">Key_notify</a> from keyboard.o(i.Key_notify) referenced from keyboard.o(i.Keyboard_ctor)
 <LI><a href="#[16a]">Key_scan_pins</a> from keyboard.o(i.Key_scan_pins) referenced from keyboard.o(i.Keyboard_ctor)
 <LI><a href="#[1f8]">KeyboardDouHitHandle</a> from hmi_keyboard.o(i.KeyboardDouHitHandle) referenced from hmi_keyboard.o(i.keyboardHMI_ctor)
 <LI><a href="#[1f6]">KeyboardHitHandle</a> from hmi_keyboard.o(i.KeyboardHitHandle) referenced from hmi_keyboard.o(i.keyboardHMI_ctor)
 <LI><a href="#[1f7]">KeyboardLngpshHandle</a> from hmi_keyboard.o(i.KeyboardLngpshHandle) referenced from hmi_keyboard.o(i.keyboardHMI_ctor)
 <LI><a href="#[1f3]">KeyboardShow</a> from hmi_keyboard.o(i.KeyboardShow) referenced from hmi_keyboard.o(i.keyboardHMI_ctor)
 <LI><a href="#[165]">Keyboard_init</a> from keyboard.o(i.Keyboard_init) referenced from keyboard.o(i.Keyboard_ctor)
 <LI><a href="#[13f]">LngpshHandle</a> from hmi.o(i.LngpshHandle) referenced from hmi.o(i.HMI_ctor)
 <LI><a href="#[173]">MBA_Acc_data_accumulation</a> from modbus_app.o(i.MBA_Acc_data_accumulation) referenced from modbus_app.o(i.MBA_Get_acc_func)
 <LI><a href="#[172]">MBA_Acc_data_real_time</a> from modbus_app.o(i.MBA_Acc_data_real_time) referenced from modbus_app.o(i.MBA_Get_acc_func)
 <LI><a href="#[170]">MBA_Acc_param_PID</a> from modbus_app.o(i.MBA_Acc_param_PID) referenced from modbus_app.o(i.MBA_Get_acc_func)
 <LI><a href="#[16f]">MBA_Acc_param_accumulation</a> from modbus_app.o(i.MBA_Acc_param_accumulation) referenced from modbus_app.o(i.MBA_Get_acc_func)
 <LI><a href="#[16d]">MBA_Acc_param_channel</a> from modbus_app.o(i.MBA_Acc_param_channel) referenced from modbus_app.o(i.MBA_Get_acc_func)
 <LI><a href="#[171]">MBA_Acc_param_flow</a> from modbus_app.o(i.MBA_Acc_param_flow) referenced from modbus_app.o(i.MBA_Get_acc_func)
 <LI><a href="#[16c]">MBA_Acc_param_system</a> from modbus_app.o(i.MBA_Acc_param_system) referenced from modbus_app.o(i.MBA_Get_acc_func)
 <LI><a href="#[16e]">MBA_Acc_param_transmitting</a> from modbus_app.o(i.MBA_Acc_param_transmitting) referenced from modbus_app.o(i.MBA_Get_acc_func)
 <LI><a href="#[174]">MBA_Run</a> from modbus_app.o(i.MBA_Run) referenced from modbus_app.o(i.MBA_Init)
 <LI><a href="#[175]">MDL_Retry</a> from model.o(i.MDL_Retry) referenced from model.o(i.Mdl_notify)
 <LI><a href="#[152]">MainHmiHide</a> from hmi_main.o(i.MainHmiHide) referenced from hmi_main.o(i.HMI_main_ctor)
 <LI><a href="#[155]">MainHmiShow</a> from hmi_main.o(i.MainHmiShow) referenced from hmi_main.o(i.HMI_main_ctor)
 <LI><a href="#[138]">Main_HMI_build_button</a> from hmi_main.o(i.Main_HMI_build_button) referenced from hmi_bargraph.o(i.HMI_bar_ctor)
 <LI><a href="#[138]">Main_HMI_build_button</a> from hmi_main.o(i.Main_HMI_build_button) referenced from hmi_main.o(i.HMI_main_ctor)
 <LI><a href="#[137]">Main_HMI_hit</a> from hmi_main.o(i.Main_HMI_hit) referenced from hmi_bargraph.o(i.HMI_bar_ctor)
 <LI><a href="#[137]">Main_HMI_hit</a> from hmi_main.o(i.Main_HMI_hit) referenced from hmi_main.o(i.HMI_main_ctor)
 <LI><a href="#[163]">Main_USB_event</a> from main.o(i.Main_USB_event) referenced from main.o(i.Init_usb_when_idle)
 <LI><a href="#[12f]">Main_btn_hdl</a> from hmi_main.o(i.Main_btn_hdl) referenced from hmi_curve.o(i.HMI_CRV_Build_cmp)
 <LI><a href="#[12f]">Main_btn_hdl</a> from hmi_main.o(i.Main_btn_hdl) referenced from hmi_main.o(i.Main_HMI_build_button)
 <LI><a href="#[153]">MaininitSheet</a> from hmi_main.o(i.MaininitSheet) referenced from hmi_main.o(i.HMI_main_ctor)
 <LI><a href="#[17e]">MdlChn_getData</a> from model_channel.o(i.MdlChn_getData) referenced from model_channel.o(i.Model_chn_ctor)
 <LI><a href="#[17b]">MdlChn_init</a> from model_channel.o(i.MdlChn_init) referenced from model_channel.o(i.Model_chn_ctor)
 <LI><a href="#[182]">MdlChn_modify_sconf</a> from model_channel.o(i.MdlChn_modify_sconf) referenced from model_channel.o(i.Model_chn_ctor)
 <LI><a href="#[17c]">MdlChn_run</a> from model_channel.o(i.MdlChn_run) referenced from model_channel.o(i.Model_chn_ctor)
 <LI><a href="#[17d]">MdlChn_self_check</a> from model_channel.o(i.MdlChn_self_check) referenced from model_channel.o(i.Model_chn_ctor)
 <LI><a href="#[17f]">MdlChn_setData</a> from model_channel.o(i.MdlChn_setData) referenced from model_channel.o(i.Model_chn_ctor)
 <LI><a href="#[183]">MdlChn_set_by_string</a> from model_channel.o(i.MdlChn_set_by_string) referenced from model_channel.o(i.Model_chn_ctor)
 <LI><a href="#[181]">MdlChn_to_percentage</a> from model_channel.o(i.MdlChn_to_percentage) referenced from model_channel.o(i.Model_chn_ctor)
 <LI><a href="#[180]">MdlChn_to_string</a> from model_channel.o(i.MdlChn_to_string) referenced from model_channel.o(i.Model_chn_ctor)
 <LI><a href="#[178]">MdlTime_getData</a> from modeltime.o(i.MdlTime_getData) referenced from modeltime.o(i.ModelTime_ctor)
 <LI><a href="#[176]">MdlTime_init</a> from modeltime.o(i.MdlTime_init) referenced from modeltime.o(i.ModelTime_ctor)
 <LI><a href="#[177]">MdlTime_run</a> from modeltime.o(i.MdlTime_run) referenced from modeltime.o(i.ModelTime_ctor)
 <LI><a href="#[179]">MdlTime_set_by_string</a> from modeltime.o(i.MdlTime_set_by_string) referenced from modeltime.o(i.ModelTime_ctor)
 <LI><a href="#[17a]">MdlTime_to_string</a> from modeltime.o(i.MdlTime_to_string) referenced from modeltime.o(i.ModelTime_ctor)
 <LI><a href="#[188]">Mdl_addTmMdl</a> from model.o(i.Mdl_addTmMdl) referenced from model.o(i.Model_ctor)
 <LI><a href="#[184]">Mdl_attach</a> from model.o(i.Mdl_attach) referenced from model.o(i.Model_ctor)
 <LI><a href="#[189]">Mdl_delTmMdl</a> from model.o(i.Mdl_delTmMdl) referenced from model.o(i.Model_ctor)
 <LI><a href="#[185]">Mdl_detach</a> from model.o(i.Mdl_detach) referenced from model.o(i.Model_ctor)
 <LI><a href="#[186]">Mdl_getData</a> from model.o(i.Mdl_getData) referenced from model.o(i.Model_ctor)
 <LI><a href="#[18a]">Mdl_notify</a> from model.o(i.Mdl_notify) referenced from model.o(i.Model_ctor)
 <LI><a href="#[187]">Mdl_setData</a> from model.o(i.Mdl_setData) referenced from model.o(i.Model_ctor)
 <LI><a href="#[8c]">MemManage_Handler</a> from startup_stm32f10x_hd.o(.text) referenced from startup_stm32f10x_hd.o(RESET)
 <LI><a href="#[200]">MenuClearFocuse</a> from hmi_menu.o(i.MenuClearFocuse) referenced from hmi_menu.o(i.menuHMI_ctor)
 <LI><a href="#[1ff]">MenuHitHandle</a> from hmi_menu.o(i.MenuHitHandle) referenced from hmi_menu.o(i.menuHMI_ctor)
 <LI><a href="#[1fc]">MenuHmiHide</a> from hmi_menu.o(i.MenuHmiHide) referenced from hmi_menu.o(i.menuHMI_ctor)
 <LI><a href="#[1fe]">MenuHmiShow</a> from hmi_menu.o(i.MenuHmiShow) referenced from hmi_menu.o(i.menuHMI_ctor)
 <LI><a href="#[201]">MenuShowFocuse</a> from hmi_menu.o(i.MenuShowFocuse) referenced from hmi_menu.o(i.menuHMI_ctor)
 <LI><a href="#[1fd]">MenuinitSheet</a> from hmi_menu.o(i.MenuinitSheet) referenced from hmi_menu.o(i.menuHMI_ctor)
 <LI><a href="#[18b]">NLM_Btn_hdl</a> from stg_news_alarm.o(i.NLM_Btn_hdl) referenced from stg_news_alarm.o(i.NLM_Build_component)
 <LI><a href="#[2f]">NLM_Build_component</a> from stg_news_alarm.o(i.NLM_Build_component) referenced 2 times from stg_news_alarm.o(.data)
 <LI><a href="#[36]">NLM_Commit</a> from stg_news_alarm.o(i.NLM_Commit) referenced 2 times from stg_news_alarm.o(.data)
 <LI><a href="#[2d]">NLM_Entry</a> from stg_news_alarm.o(i.NLM_Entry) referenced 2 times from stg_news_alarm.o(.data)
 <LI><a href="#[37]">NLM_Exit</a> from stg_news_alarm.o(i.NLM_Exit) referenced 2 times from stg_news_alarm.o(.data)
 <LI><a href="#[35]">NLM_Get_focus_data</a> from stg_news_alarm.o(i.NLM_Get_focus_data) referenced 2 times from stg_news_alarm.o(.data)
 <LI><a href="#[2e]">NLM_Init</a> from stg_news_alarm.o(i.NLM_Init) referenced 2 times from stg_news_alarm.o(.data)
 <LI><a href="#[31]">NLM_Key_DN</a> from stg_news_alarm.o(i.NLM_Key_DN) referenced 2 times from stg_news_alarm.o(.data)
 <LI><a href="#[34]">NLM_Key_ET</a> from stg_news_alarm.o(i.NLM_Key_ET) referenced 2 times from stg_news_alarm.o(.data)
 <LI><a href="#[32]">NLM_Key_LT</a> from stg_news_alarm.o(i.NLM_Key_LT) referenced 2 times from stg_news_alarm.o(.data)
 <LI><a href="#[33]">NLM_Key_RT</a> from stg_news_alarm.o(i.NLM_Key_RT) referenced 2 times from stg_news_alarm.o(.data)
 <LI><a href="#[30]">NLM_Key_UP</a> from stg_news_alarm.o(i.NLM_Key_UP) referenced 2 times from stg_news_alarm.o(.data)
 <LI><a href="#[8a]">NMI_Handler</a> from startup_stm32f10x_hd.o(.text) referenced from startup_stm32f10x_hd.o(RESET)
 <LI><a href="#[18c]">NPW_Btn_hdl</a> from stg_news_power.o(i.NPW_Btn_hdl) referenced from stg_news_power.o(i.NPW_Build_component)
 <LI><a href="#[3a]">NPW_Build_component</a> from stg_news_power.o(i.NPW_Build_component) referenced 2 times from stg_news_power.o(.data)
 <LI><a href="#[41]">NPW_Commit</a> from stg_news_power.o(i.NPW_Commit) referenced 2 times from stg_news_power.o(.data)
 <LI><a href="#[38]">NPW_Entry</a> from stg_news_power.o(i.NPW_Entry) referenced 2 times from stg_news_power.o(.data)
 <LI><a href="#[42]">NPW_Exit</a> from stg_news_power.o(i.NPW_Exit) referenced 2 times from stg_news_power.o(.data)
 <LI><a href="#[40]">NPW_Get_focus_data</a> from stg_news_power.o(i.NPW_Get_focus_data) referenced 2 times from stg_news_power.o(.data)
 <LI><a href="#[39]">NPW_Init</a> from stg_news_power.o(i.NPW_Init) referenced 2 times from stg_news_power.o(.data)
 <LI><a href="#[3c]">NPW_Key_DN</a> from stg_news_power.o(i.NPW_Key_DN) referenced 2 times from stg_news_power.o(.data)
 <LI><a href="#[3f]">NPW_Key_ET</a> from stg_news_power.o(i.NPW_Key_ET) referenced 2 times from stg_news_power.o(.data)
 <LI><a href="#[3d]">NPW_Key_LT</a> from stg_news_power.o(i.NPW_Key_LT) referenced 2 times from stg_news_power.o(.data)
 <LI><a href="#[3e]">NPW_Key_RT</a> from stg_news_power.o(i.NPW_Key_RT) referenced 2 times from stg_news_power.o(.data)
 <LI><a href="#[3b]">NPW_Key_UP</a> from stg_news_power.o(i.NPW_Key_UP) referenced 2 times from stg_news_power.o(.data)
 <LI><a href="#[194]">Nws_HMI_clear_focus</a> from hmi_news_select.o(i.Nws_HMI_clear_focus) referenced from hmi_news_select.o(i.NewSlct_HMI_ctor)
 <LI><a href="#[18f]">Nws_HMI_hide</a> from hmi_news_select.o(i.Nws_HMI_hide) referenced from hmi_news_select.o(i.NewSlct_HMI_ctor)
 <LI><a href="#[192]">Nws_HMI_hitHandle</a> from hmi_news_select.o(i.Nws_HMI_hitHandle) referenced from hmi_news_select.o(i.NewSlct_HMI_ctor)
 <LI><a href="#[193]">Nws_HMI_init_focus</a> from hmi_news_select.o(i.Nws_HMI_init_focus) referenced from hmi_news_select.o(i.NewSlct_HMI_ctor)
 <LI><a href="#[195]">Nws_HMI_show_focus</a> from hmi_news_select.o(i.Nws_HMI_show_focus) referenced from hmi_news_select.o(i.NewSlct_HMI_ctor)
 <LI><a href="#[18e]">Nws_initSheet</a> from hmi_news_select.o(i.Nws_initSheet) referenced from hmi_news_select.o(i.NewSlct_HMI_ctor)
 <LI><a href="#[10a]">Open_devSpi</a> from dev_spi.o(i.Open_devSpi) referenced from dev_spi.o(i.Dev_spi_ctor)
 <LI><a href="#[f8]">Open_dev_IIC</a> from dev_iic.o(i.Open_dev_IIC) referenced from dev_iic.o(i.Dev_IIC_ctor)
 <LI><a href="#[1a2]">PGB_Build_bar</a> from component_progress_bar.o(i.PGB_Build_bar) referenced from component_progress_bar.o(i.Progress_bar_ctor)
 <LI><a href="#[198]">PGB_Cal_cross</a> from component_progress_bar.o(i.PGB_Cal_cross) referenced from component_progress_bar.o(i.PGB_Init)
 <LI><a href="#[199]">PGB_Cal_paraller</a> from component_progress_bar.o(i.PGB_Cal_paraller) referenced from component_progress_bar.o(i.PGB_Init)
 <LI><a href="#[1a4]">PGB_Delete_bar</a> from component_progress_bar.o(i.PGB_Delete_bar) referenced from component_progress_bar.o(i.Progress_bar_ctor)
 <LI><a href="#[1a0]">PGB_Init</a> from component_progress_bar.o(i.PGB_Init) referenced from component_progress_bar.o(i.Progress_bar_ctor)
 <LI><a href="#[1a1]">PGB_Set_self</a> from component_progress_bar.o(i.PGB_Set_self) referenced from component_progress_bar.o(i.Progress_bar_ctor)
 <LI><a href="#[1a5]">PGB_Show_bar</a> from component_progress_bar.o(i.PGB_Show_bar) referenced from component_progress_bar.o(i.Progress_bar_ctor)
 <LI><a href="#[1a3]">PGB_Update_bar</a> from component_progress_bar.o(i.PGB_Update_bar) referenced from component_progress_bar.o(i.Progress_bar_ctor)
 <LI><a href="#[94]">PVD_IRQHandler</a> from power.o(i.PVD_IRQHandler) referenced from startup_stm32f10x_hd.o(RESET)
 <LI><a href="#[19b]">Pcf8563_get</a> from rtc_pcf8563.o(i.Pcf8563_get) referenced from rtc_pcf8563.o(i.Pcf8563_ctor)
 <LI><a href="#[19a]">Pcf8563_init</a> from rtc_pcf8563.o(i.Pcf8563_init) referenced from rtc_pcf8563.o(i.Pcf8563_ctor)
 <LI><a href="#[19d]">Pcf8563_readReg</a> from rtc_pcf8563.o(i.Pcf8563_readReg) referenced from rtc_pcf8563.o(i.Pcf8563_ctor)
 <LI><a href="#[19c]">Pcf8563_set</a> from rtc_pcf8563.o(i.Pcf8563_set) referenced from rtc_pcf8563.o(i.Pcf8563_ctor)
 <LI><a href="#[19e]">Pcf8563_writeReg</a> from rtc_pcf8563.o(i.Pcf8563_writeReg) referenced from rtc_pcf8563.o(i.Pcf8563_ctor)
 <LI><a href="#[91]">PendSV_Handler</a> from hal_cm3.o(.emb_text) referenced from startup_stm32f10x_hd.o(RESET)
 <LI><a href="#[19f]">PicInptSht</a> from picexpr.o(i.PicInptSht) referenced from picexpr.o(i.PicExpr_ctor)
 <LI><a href="#[98]">RCC_IRQHandler</a> from startup_stm32f10x_hd.o(.text) referenced from startup_stm32f10x_hd.o(RESET)
 <LI><a href="#[130]">RLT_btn_hdl</a> from hmi_curve.o(i.RLT_btn_hdl) referenced from hmi_curve.o(i.HMI_CRV_HST_Run)
 <LI><a href="#[1ac]">RLT_clear_focus</a> from hmi_curve.o(i.RLT_clear_focus) referenced from hmi_curve.o(i.RLT_trendHMI_ctor)
 <LI><a href="#[1ab]">RLT_init_focus</a> from hmi_curve.o(i.RLT_init_focus) referenced from hmi_curve.o(i.RLT_trendHMI_ctor)
 <LI><a href="#[1ad]">RLT_show_focus</a> from hmi_curve.o(i.RLT_show_focus) referenced from hmi_curve.o(i.RLT_trendHMI_ctor)
 <LI><a href="#[bc]">RTCAlarm_IRQHandler</a> from startup_stm32f10x_hd.o(.text) referenced from startup_stm32f10x_hd.o(RESET)
 <LI><a href="#[96]">RTC_IRQHandler</a> from startup_stm32f10x_hd.o(.text) referenced from startup_stm32f10x_hd.o(RESET)
 <LI><a href="#[10]">RTV_midv_change</a> from hmi_curve.o(i.RTV_midv_change) referenced 2 times from hmi_curve.o(.data)
 <LI><a href="#[1a8]">RT_trendHmi_HideSheet</a> from hmi_curve.o(i.RT_trendHmi_HideSheet) referenced from hmi_curve.o(i.RLT_trendHMI_ctor)
 <LI><a href="#[1ae]">RT_trendHmi_HitHandle</a> from hmi_curve.o(i.RT_trendHmi_HitHandle) referenced from hmi_curve.o(i.RLT_trendHMI_ctor)
 <LI><a href="#[1a7]">RT_trendHmi_InitSheet</a> from hmi_curve.o(i.RT_trendHmi_InitSheet) referenced from hmi_curve.o(i.RLT_trendHMI_ctor)
 <LI><a href="#[1a9]">RT_trendHmi_Show</a> from hmi_curve.o(i.RT_trendHmi_Show) referenced from hmi_curve.o(i.RLT_trendHMI_ctor)
 <LI><a href="#[10c]">Read_devSpi</a> from dev_spi.o(i.Read_devSpi) referenced from dev_spi.o(i.Dev_spi_ctor)
 <LI><a href="#[fa]">Read_dev_IIC</a> from dev_iic.o(i.Read_dev_IIC) referenced from dev_iic.o(i.Dev_IIC_ctor)
 <LI><a href="#[89]">Reset_Handler</a> from startup_stm32f10x_hd.o(.text) referenced from startup_stm32f10x_hd.o(RESET)
 <LI><a href="#[19]">SAD_Build_component</a> from stg_acc_day.o(i.SAD_Build_component) referenced 2 times from stg_acc_day.o(.data)
 <LI><a href="#[20]">SAD_Commit</a> from stg_acc_day.o(i.SAD_Commit) referenced 2 times from stg_acc_day.o(.data)
 <LI><a href="#[17]">SAD_Entry</a> from stg_acc_day.o(i.SAD_Entry) referenced 2 times from stg_acc_day.o(.data)
 <LI><a href="#[21]">SAD_Exit</a> from stg_acc_day.o(i.SAD_Exit) referenced 2 times from stg_acc_day.o(.data)
 <LI><a href="#[1f]">SAD_Get_focus_data</a> from stg_acc_day.o(i.SAD_Get_focus_data) referenced 2 times from stg_acc_day.o(.data)
 <LI><a href="#[18]">SAD_Init</a> from stg_acc_day.o(i.SAD_Init) referenced 2 times from stg_acc_day.o(.data)
 <LI><a href="#[1b]">SAD_Key_DN</a> from stg_acc_day.o(i.SAD_Key_DN) referenced 2 times from stg_acc_day.o(.data)
 <LI><a href="#[1e]">SAD_Key_ET</a> from stg_acc_day.o(i.SAD_Key_ET) referenced 2 times from stg_acc_day.o(.data)
 <LI><a href="#[1c]">SAD_Key_LT</a> from stg_acc_day.o(i.SAD_Key_LT) referenced 2 times from stg_acc_day.o(.data)
 <LI><a href="#[1d]">SAD_Key_RT</a> from stg_acc_day.o(i.SAD_Key_RT) referenced 2 times from stg_acc_day.o(.data)
 <LI><a href="#[1a]">SAD_Key_UP</a> from stg_acc_day.o(i.SAD_Key_UP) referenced 2 times from stg_acc_day.o(.data)
 <LI><a href="#[24]">SAM_Build_component</a> from stg_acc_month.o(i.SAM_Build_component) referenced 2 times from stg_acc_month.o(.data)
 <LI><a href="#[2b]">SAM_Commit</a> from stg_acc_month.o(i.SAM_Commit) referenced 2 times from stg_acc_month.o(.data)
 <LI><a href="#[22]">SAM_Entry</a> from stg_acc_month.o(i.SAM_Entry) referenced 2 times from stg_acc_month.o(.data)
 <LI><a href="#[2c]">SAM_Exit</a> from stg_acc_month.o(i.SAM_Exit) referenced 2 times from stg_acc_month.o(.data)
 <LI><a href="#[2a]">SAM_Get_focus_data</a> from stg_acc_month.o(i.SAM_Get_focus_data) referenced 2 times from stg_acc_month.o(.data)
 <LI><a href="#[23]">SAM_Init</a> from stg_acc_month.o(i.SAM_Init) referenced 2 times from stg_acc_month.o(.data)
 <LI><a href="#[26]">SAM_Key_DN</a> from stg_acc_month.o(i.SAM_Key_DN) referenced 2 times from stg_acc_month.o(.data)
 <LI><a href="#[29]">SAM_Key_ET</a> from stg_acc_month.o(i.SAM_Key_ET) referenced 2 times from stg_acc_month.o(.data)
 <LI><a href="#[27]">SAM_Key_LT</a> from stg_acc_month.o(i.SAM_Key_LT) referenced 2 times from stg_acc_month.o(.data)
 <LI><a href="#[28]">SAM_Key_RT</a> from stg_acc_month.o(i.SAM_Key_RT) referenced 2 times from stg_acc_month.o(.data)
 <LI><a href="#[25]">SAM_Key_UP</a> from stg_acc_month.o(i.SAM_Key_UP) referenced 2 times from stg_acc_month.o(.data)
 <LI><a href="#[c4]">SDIO_IRQHandler</a> from startup_stm32f10x_hd.o(.text) referenced from startup_stm32f10x_hd.o(RESET)
 <LI><a href="#[b6]">SPI1_IRQHandler</a> from drive_spi.o(i.SPI1_IRQHandler) referenced from startup_stm32f10x_hd.o(RESET)
 <LI><a href="#[b7]">SPI2_IRQHandler</a> from drive_spi.o(i.SPI2_IRQHandler) referenced from startup_stm32f10x_hd.o(RESET)
 <LI><a href="#[c6]">SPI3_IRQHandler</a> from startup_stm32f10x_hd.o(.text) referenced from startup_stm32f10x_hd.o(RESET)
 <LI><a href="#[7a]">SPR_Entry</a> from stg_super_set.o(i.SPR_Entry) referenced 2 times from stg_super_set.o(.data)
 <LI><a href="#[7c]">SPR_build_component</a> from stg_super_set.o(i.SPR_build_component) referenced 2 times from stg_super_set.o(.data)
 <LI><a href="#[83]">SPR_commit</a> from stg_super_set.o(i.SPR_commit) referenced 2 times from stg_super_set.o(.data)
 <LI><a href="#[82]">SPR_get_focusdata</a> from stg_super_set.o(i.SPR_get_focusdata) referenced 2 times from stg_super_set.o(.data)
 <LI><a href="#[7b]">SPR_init</a> from stg_super_set.o(i.SPR_init) referenced 2 times from stg_super_set.o(.data)
 <LI><a href="#[7e]">SPR_key_dn</a> from stg_super_set.o(i.SPR_key_dn) referenced 2 times from stg_super_set.o(.data)
 <LI><a href="#[81]">SPR_key_er</a> from stg_super_set.o(i.SPR_key_er) referenced 2 times from stg_super_set.o(.data)
 <LI><a href="#[7f]">SPR_key_lt</a> from stg_super_set.o(i.SPR_key_lt) referenced 2 times from stg_super_set.o(.data)
 <LI><a href="#[80]">SPR_key_rt</a> from stg_super_set.o(i.SPR_key_rt) referenced 2 times from stg_super_set.o(.data)
 <LI><a href="#[7d]">SPR_key_up</a> from stg_super_set.o(i.SPR_key_up) referenced 2 times from stg_super_set.o(.data)
 <LI><a href="#[1b2]">SSA_Btn_hdl</a> from stg_set_accumulate.o(i.SSA_Btn_hdl) referenced from stg_set_accumulate.o(i.SSA_Build_component)
 <LI><a href="#[45]">SSA_Build_component</a> from stg_set_accumulate.o(i.SSA_Build_component) referenced 2 times from stg_set_accumulate.o(.data)
 <LI><a href="#[4c]">SSA_Commit</a> from stg_set_accumulate.o(i.SSA_Commit) referenced 2 times from stg_set_accumulate.o(.data)
 <LI><a href="#[43]">SSA_Entry</a> from stg_set_accumulate.o(i.SSA_Entry) referenced 2 times from stg_set_accumulate.o(.data)
 <LI><a href="#[4d]">SSA_Exit</a> from stg_set_accumulate.o(i.SSA_Exit) referenced 2 times from stg_set_accumulate.o(.data)
 <LI><a href="#[4b]">SSA_Get_focus_data</a> from stg_set_accumulate.o(i.SSA_Get_focus_data) referenced 2 times from stg_set_accumulate.o(.data)
 <LI><a href="#[44]">SSA_Init</a> from stg_set_accumulate.o(i.SSA_Init) referenced 2 times from stg_set_accumulate.o(.data)
 <LI><a href="#[47]">SSA_Key_DN</a> from stg_set_accumulate.o(i.SSA_Key_DN) referenced 2 times from stg_set_accumulate.o(.data)
 <LI><a href="#[4a]">SSA_Key_ET</a> from stg_set_accumulate.o(i.SSA_Key_ET) referenced 2 times from stg_set_accumulate.o(.data)
 <LI><a href="#[48]">SSA_Key_LT</a> from stg_set_accumulate.o(i.SSA_Key_LT) referenced 2 times from stg_set_accumulate.o(.data)
 <LI><a href="#[49]">SSA_Key_RT</a> from stg_set_accumulate.o(i.SSA_Key_RT) referenced 2 times from stg_set_accumulate.o(.data)
 <LI><a href="#[46]">SSA_Key_UP</a> from stg_set_accumulate.o(i.SSA_Key_UP) referenced 2 times from stg_set_accumulate.o(.data)
 <LI><a href="#[1c0]">STG_Open_file</a> from storage.o(i.STG_Open_file) referenced from storage.o(i.Storage_ctor)
 <LI><a href="#[1b9]">STP_Compose_hit</a> from hmi_setup.o(i.STP_Compose_hit) referenced from hmi_setup.o(i.Setup_HMI_ctor)
 <LI><a href="#[8f]">SVC_Handler</a> from hal_cm3.o(.emb_text) referenced from startup_stm32f10x_hd.o(RESET)
 <LI><a href="#[1b1]">SYS_Btn_hdl</a> from stg_super_set.o(i.SYS_Btn_hdl) referenced from stg_super_set.o(i.SPR_build_component)
 <LI><a href="#[1b3]">SYS_Btn_hdl</a> from stg_set_system.o(i.SYS_Btn_hdl) referenced from stg_set_system.o(i.SYS_build_component)
 <LI><a href="#[79]">SYS_Exit</a> from stg_set_system.o(i.SYS_Exit) referenced 4 times from stg_set_system.o(.data)
 <LI><a href="#[71]">SYS_build_component</a> from stg_set_system.o(i.SYS_build_component) referenced 2 times from stg_set_system.o(.data)
 <LI><a href="#[132]">Setting_Sy_cmd</a> from hmi_striped_background.o(i.Setting_Sy_cmd) referenced from hmi_striped_background.o(i.HMI_SBG_Init_sheet)
 <LI><a href="#[132]">Setting_Sy_cmd</a> from hmi_striped_background.o(i.Setting_Sy_cmd) referenced from hmi_striped_background.o(i.Setting_Sy_cmd)
 <LI><a href="#[d3]">Setting_btn_hdl</a> from hmi_striped_background.o(i.Setting_btn_hdl) referenced from stg_set_alarm.o(i.ALS_build_component)
 <LI><a href="#[d3]">Setting_btn_hdl</a> from hmi_striped_background.o(i.Setting_btn_hdl) referenced from stg_set_channel.o(i.CNS_build_component)
 <LI><a href="#[d3]">Setting_btn_hdl</a> from hmi_striped_background.o(i.Setting_btn_hdl) referenced from stg_set_databackup.o(i.DBP_build_component)
 <LI><a href="#[d3]">Setting_btn_hdl</a> from hmi_striped_background.o(i.Setting_btn_hdl) referenced from hmi_striped_background.o(i.HMI_SBG_Show_entry)
 <LI><a href="#[d3]">Setting_btn_hdl</a> from hmi_striped_background.o(i.Setting_btn_hdl) referenced from stg_news_alarm.o(i.NLM_Build_component)
 <LI><a href="#[d3]">Setting_btn_hdl</a> from hmi_striped_background.o(i.Setting_btn_hdl) referenced from stg_news_power.o(i.NPW_Build_component)
 <LI><a href="#[d3]">Setting_btn_hdl</a> from hmi_striped_background.o(i.Setting_btn_hdl) referenced from stg_acc_day.o(i.SAD_Build_component)
 <LI><a href="#[d3]">Setting_btn_hdl</a> from hmi_striped_background.o(i.Setting_btn_hdl) referenced from stg_acc_month.o(i.SAM_Build_component)
 <LI><a href="#[d3]">Setting_btn_hdl</a> from hmi_striped_background.o(i.Setting_btn_hdl) referenced from stg_super_set.o(i.SPR_build_component)
 <LI><a href="#[d3]">Setting_btn_hdl</a> from hmi_striped_background.o(i.Setting_btn_hdl) referenced from stg_set_accumulate.o(i.SSA_Build_component)
 <LI><a href="#[d3]">Setting_btn_hdl</a> from hmi_striped_background.o(i.Setting_btn_hdl) referenced from stg_set_system.o(i.SYS_build_component)
 <LI><a href="#[1bb]">Setup_HMI_clear_focus</a> from hmi_setup.o(i.Setup_HMI_clear_focus) referenced from hmi_setup.o(i.Setup_HMI_ctor)
 <LI><a href="#[164]">Setup_HMI_cmd</a> from hmi_setup.o(i.Setup_HMI_cmd) referenced from hmi_setup.o(i.Input_Password)
 <LI><a href="#[1b6]">Setup_HMI_hide</a> from hmi_setup.o(i.Setup_HMI_hide) referenced from hmi_setup.o(i.Setup_HMI_ctor)
 <LI><a href="#[1b8]">Setup_HMI_hitHandle</a> from hmi_setup.o(i.Setup_HMI_hitHandle) referenced from hmi_setup.o(i.Setup_HMI_ctor)
 <LI><a href="#[1ba]">Setup_HMI_init_focus</a> from hmi_setup.o(i.Setup_HMI_init_focus) referenced from hmi_setup.o(i.Setup_HMI_ctor)
 <LI><a href="#[1bc]">Setup_HMI_show_focus</a> from hmi_setup.o(i.Setup_HMI_show_focus) referenced from hmi_setup.o(i.Setup_HMI_ctor)
 <LI><a href="#[1b5]">Setup_initSheet</a> from hmi_setup.o(i.Setup_initSheet) referenced from hmi_setup.o(i.Setup_HMI_ctor)
 <LI><a href="#[d8]">Show_Accm_HMI</a> from hmi_accumulate .o(i.Show_Accm_HMI) referenced from hmi_accumulate .o(i.Accm_HMI_ctor)
 <LI><a href="#[190]">Show_Nws_HMI</a> from hmi_news_select.o(i.Show_Nws_HMI) referenced from hmi_news_select.o(i.NewSlct_HMI_ctor)
 <LI><a href="#[1b7]">Show_Setup_HMI</a> from hmi_setup.o(i.Show_Setup_HMI) referenced from hmi_setup.o(i.Setup_HMI_ctor)
 <LI><a href="#[144]">Show_focus</a> from hmi.o(i.Show_focus) referenced from hmi.o(i.HMI_ctor)
 <LI><a href="#[1bf]">Strg_WR_stored_data</a> from storage.o(i.Strg_WR_stored_data) referenced from storage.o(i.Storage_ctor)
 <LI><a href="#[1bd]">Strg_init</a> from storage.o(i.Strg_init) referenced from storage.o(i.Storage_ctor)
 <LI><a href="#[1be]">Strg_rd_stored_data</a> from storage.o(i.Strg_rd_stored_data) referenced from storage.o(i.Storage_ctor)
 <LI><a href="#[13d]">SwitchBack</a> from hmi.o(i.SwitchBack) referenced from hmi.o(i.HMI_ctor)
 <LI><a href="#[13c]">SwitchHMI</a> from hmi.o(i.SwitchHMI) referenced from hmi.o(i.HMI_ctor)
 <LI><a href="#[6f]">SysStrategy_entry</a> from stg_set_system.o(i.SysStrategy_entry) referenced 2 times from stg_set_system.o(.data)
 <LI><a href="#[92]">SysTick_Handler</a> from hal_cm3.o(.emb_text) referenced from startup_stm32f10x_hd.o(RESET)
 <LI><a href="#[78]">Sys_commit</a> from stg_set_system.o(i.Sys_commit) referenced 2 times from stg_set_system.o(.data)
 <LI><a href="#[77]">Sys_get_focusdata</a> from stg_set_system.o(i.Sys_get_focusdata) referenced 2 times from stg_set_system.o(.data)
 <LI><a href="#[70]">Sys_init</a> from stg_set_system.o(i.Sys_init) referenced 2 times from stg_set_system.o(.data)
 <LI><a href="#[73]">Sys_key_dn</a> from stg_set_system.o(i.Sys_key_dn) referenced 2 times from stg_set_system.o(.data)
 <LI><a href="#[76]">Sys_key_er</a> from stg_set_system.o(i.Sys_key_er) referenced 2 times from stg_set_system.o(.data)
 <LI><a href="#[74]">Sys_key_lt</a> from stg_set_system.o(i.Sys_key_lt) referenced 2 times from stg_set_system.o(.data)
 <LI><a href="#[75]">Sys_key_rt</a> from stg_set_system.o(i.Sys_key_rt) referenced 2 times from stg_set_system.o(.data)
 <LI><a href="#[72]">Sys_key_up</a> from stg_set_system.o(i.Sys_key_up) referenced 2 times from stg_set_system.o(.data)
 <LI><a href="#[d1]">SystemInit</a> from system_stm32f10x.o(i.SystemInit) referenced from startup_stm32f10x_hd.o(.text)
 <LI><a href="#[95]">TAMPER_IRQHandler</a> from startup_stm32f10x_hd.o(.text) referenced from startup_stm32f10x_hd.o(RESET)
 <LI><a href="#[ab]">TIM1_BRK_IRQHandler</a> from startup_stm32f10x_hd.o(.text) referenced from startup_stm32f10x_hd.o(RESET)
 <LI><a href="#[ae]">TIM1_CC_IRQHandler</a> from startup_stm32f10x_hd.o(.text) referenced from startup_stm32f10x_hd.o(RESET)
 <LI><a href="#[ad]">TIM1_TRG_COM_IRQHandler</a> from startup_stm32f10x_hd.o(.text) referenced from startup_stm32f10x_hd.o(RESET)
 <LI><a href="#[ac]">TIM1_UP_IRQHandler</a> from startup_stm32f10x_hd.o(.text) referenced from startup_stm32f10x_hd.o(RESET)
 <LI><a href="#[af]">TIM2_IRQHandler</a> from times.o(i.TIM2_IRQHandler) referenced from startup_stm32f10x_hd.o(RESET)
 <LI><a href="#[b0]">TIM3_IRQHandler</a> from startup_stm32f10x_hd.o(.text) referenced from startup_stm32f10x_hd.o(RESET)
 <LI><a href="#[b1]">TIM4_IRQHandler</a> from startup_stm32f10x_hd.o(.text) referenced from startup_stm32f10x_hd.o(RESET)
 <LI><a href="#[c5]">TIM5_IRQHandler</a> from startup_stm32f10x_hd.o(.text) referenced from startup_stm32f10x_hd.o(RESET)
 <LI><a href="#[c9]">TIM6_IRQHandler</a> from startup_stm32f10x_hd.o(.text) referenced from startup_stm32f10x_hd.o(RESET)
 <LI><a href="#[ca]">TIM7_IRQHandler</a> from startup_stm32f10x_hd.o(.text) referenced from startup_stm32f10x_hd.o(RESET)
 <LI><a href="#[be]">TIM8_BRK_IRQHandler</a> from startup_stm32f10x_hd.o(.text) referenced from startup_stm32f10x_hd.o(RESET)
 <LI><a href="#[c1]">TIM8_CC_IRQHandler</a> from startup_stm32f10x_hd.o(.text) referenced from startup_stm32f10x_hd.o(RESET)
 <LI><a href="#[c0]">TIM8_TRG_COM_IRQHandler</a> from startup_stm32f10x_hd.o(.text) referenced from startup_stm32f10x_hd.o(RESET)
 <LI><a href="#[bf]">TIM8_UP_IRQHandler</a> from startup_stm32f10x_hd.o(.text) referenced from startup_stm32f10x_hd.o(RESET)
 <LI><a href="#[e3]">TIP_Clear_ico_tips</a> from component_tips.o(i.TIP_Clear_ico_tips) referenced from component_tips.o(i.CMP_tips_ctor)
 <LI><a href="#[e4]">TIP_Hide_ico_tips</a> from component_tips.o(i.TIP_Hide_ico_tips) referenced from component_tips.o(i.CMP_tips_ctor)
 <LI><a href="#[e1]">TIP_Init</a> from component_tips.o(i.TIP_Init) referenced from component_tips.o(i.CMP_tips_ctor)
 <LI><a href="#[e2]">TIP_Show_ico_tips</a> from component_tips.o(i.TIP_Show_ico_tips) referenced from component_tips.o(i.CMP_tips_ctor)
 <LI><a href="#[e5]">TIP_Show_tips</a> from component_tips.o(i.TIP_Show_tips) referenced from component_tips.o(i.CMP_tips_ctor)
 <LI><a href="#[10f]">Test_devSpi</a> from dev_spi.o(i.Test_devSpi) referenced from dev_spi.o(i.Dev_spi_ctor)
 <LI><a href="#[fd]">Test_dev_IIC</a> from dev_iic.o(i.Test_dev_IIC) referenced from dev_iic.o(i.Dev_IIC_ctor)
 <LI><a href="#[226]">ThrdKeyRun</a> from main.o(i.ThrdKeyRun) referenced from main.o(.constdata)
 <LI><a href="#[1c1]">TxtInptSht</a> from txtexpr.o(i.TxtInptSht) referenced from txtexpr.o(i.TxtExpr_ctor)
 <LI><a href="#[c7]">UART4_IRQHandler</a> from drive_uart.o(i.UART4_IRQHandler) referenced from startup_stm32f10x_hd.o(RESET)
 <LI><a href="#[c8]">UART5_IRQHandler</a> from startup_stm32f10x_hd.o(.text) referenced from startup_stm32f10x_hd.o(RESET)
 <LI><a href="#[1c2]">UHI_intr</a> from usb_hardware_interface.o(i.UHI_intr) referenced from usb_hardware_interface.o(i.UHI_Init)
 <LI><a href="#[1cb]">UHI_usb_cs_off</a> from usb_hardware_interface.o(i.UHI_usb_cs_off) referenced from usb_hardware_interface.o(i.UHI_Init)
 <LI><a href="#[1cc]">UHI_usb_cs_on</a> from usb_hardware_interface.o(i.UHI_usb_cs_on) referenced from usb_hardware_interface.o(i.UHI_Init)
 <LI><a href="#[1c7]">UHI_usb_delay_ms</a> from usb_hardware_interface.o(i.UHI_usb_delay_ms) referenced from usb_hardware_interface.o(i.UHI_Init)
 <LI><a href="#[1ca]">UHI_usb_get_time</a> from usb_hardware_interface.o(i.UHI_usb_get_time) referenced from usb_hardware_interface.o(i.UHI_Init)
 <LI><a href="#[1c3]">UHI_usb_power</a> from usb_hardware_interface.o(i.UHI_usb_power) referenced from usb_hardware_interface.o(i.UHI_Init)
 <LI><a href="#[1c9]">UHI_usb_read_bytes</a> from usb_hardware_interface.o(i.UHI_usb_read_bytes) referenced from usb_hardware_interface.o(i.UHI_Init)
 <LI><a href="#[1c6]">UHI_usb_read_intr_pin</a> from usb_hardware_interface.o(i.UHI_usb_read_intr_pin) referenced from usb_hardware_interface.o(i.UHI_Init)
 <LI><a href="#[1c4]">UHI_usb_reset</a> from usb_hardware_interface.o(i.UHI_usb_reset) referenced from usb_hardware_interface.o(i.UHI_Init)
 <LI><a href="#[1c5]">UHI_usb_set_irq</a> from usb_hardware_interface.o(i.UHI_usb_set_irq) referenced from usb_hardware_interface.o(i.UHI_Init)
 <LI><a href="#[1c8]">UHI_usb_write_bytes</a> from usb_hardware_interface.o(i.UHI_usb_write_bytes) referenced from usb_hardware_interface.o(i.UHI_Init)
 <LI><a href="#[b8]">USART1_IRQHandler</a> from drive_uart.o(i.USART1_IRQHandler) referenced from startup_stm32f10x_hd.o(RESET)
 <LI><a href="#[b9]">USART2_IRQHandler</a> from drive_uart.o(i.USART2_IRQHandler) referenced from startup_stm32f10x_hd.o(RESET)
 <LI><a href="#[ba]">USART3_IRQHandler</a> from drive_uart.o(i.USART3_IRQHandler) referenced from startup_stm32f10x_hd.o(RESET)
 <LI><a href="#[bd]">USBWakeUp_IRQHandler</a> from startup_stm32f10x_hd.o(.text) referenced from startup_stm32f10x_hd.o(RESET)
 <LI><a href="#[a6]">USB_HP_CAN1_TX_IRQHandler</a> from startup_stm32f10x_hd.o(.text) referenced from startup_stm32f10x_hd.o(RESET)
 <LI><a href="#[a7]">USB_LP_CAN1_RX0_IRQHandler</a> from startup_stm32f10x_hd.o(.text) referenced from startup_stm32f10x_hd.o(RESET)
 <LI><a href="#[1e7]">UartDeInit</a> from drive_uart.o(i.UartDeInit) referenced from drive_uart.o(i.driveUart_ctor)
 <LI><a href="#[1ea]">UartGiveBackPlayloadBuf</a> from drive_uart.o(i.UartGiveBackPlayloadBuf) referenced from drive_uart.o(i.driveUart_ctor)
 <LI><a href="#[1e6]">UartInit</a> from drive_uart.o(i.UartInit) referenced from drive_uart.o(i.driveUart_ctor)
 <LI><a href="#[1ec]">UartIoctol</a> from drive_uart.o(i.UartIoctol) referenced from drive_uart.o(i.driveUart_ctor)
 <LI><a href="#[108]">UartLedRxHdl</a> from dev_uart.o(i.UartLedRxHdl) referenced from dev_uart.o(i.Dev_Uart_open)
 <LI><a href="#[109]">UartLedTxHdl</a> from dev_uart.o(i.UartLedTxHdl) referenced from dev_uart.o(i.Dev_Uart_open)
 <LI><a href="#[106]">UartPostRxSem</a> from dev_uart.o(i.UartPostRxSem) referenced from dev_uart.o(i.Dev_Uart_open)
 <LI><a href="#[107]">UartPostTxSem</a> from dev_uart.o(i.UartPostTxSem) referenced from dev_uart.o(i.Dev_Uart_open)
 <LI><a href="#[1e8]">UartRead</a> from drive_uart.o(i.UartRead) referenced from drive_uart.o(i.driveUart_ctor)
 <LI><a href="#[1ee]">UartSetIdp</a> from drive_uart.o(i.UartSetIdp) referenced from drive_uart.o(i.driveUart_ctor)
 <LI><a href="#[1ed]">UartSetLedHdl</a> from drive_uart.o(i.UartSetLedHdl) referenced from drive_uart.o(i.driveUart_ctor)
 <LI><a href="#[1f0]">UartSetPostSem</a> from drive_uart.o(i.UartSetPostSem) referenced from drive_uart.o(i.driveUart_ctor)
 <LI><a href="#[1ef]">UartSetWaitSem</a> from drive_uart.o(i.UartSetWaitSem) referenced from drive_uart.o(i.driveUart_ctor)
 <LI><a href="#[1e9]">UartTakeUpPlayloadBuf</a> from drive_uart.o(i.UartTakeUpPlayloadBuf) referenced from drive_uart.o(i.driveUart_ctor)
 <LI><a href="#[1f1]">UartTest</a> from drive_uart.o(i.UartTest) referenced from drive_uart.o(i.driveUart_ctor)
 <LI><a href="#[104]">UartWaitRxSem</a> from dev_uart.o(i.UartWaitRxSem) referenced from dev_uart.o(i.Dev_Uart_open)
 <LI><a href="#[105]">UartWaitTxSem</a> from dev_uart.o(i.UartWaitTxSem) referenced from dev_uart.o(i.Dev_Uart_open)
 <LI><a href="#[1eb]">UartWrite</a> from drive_uart.o(i.UartWrite) referenced from drive_uart.o(i.driveUart_ctor)
 <LI><a href="#[14]">Upp_CalculateDown</a> from hmi_keyboard.o(i.Upp_CalculateDown) referenced 2 times from hmi_keyboard.o(.data)
 <LI><a href="#[15]">Upp_CalculateLeft</a> from hmi_keyboard.o(i.Upp_CalculateLeft) referenced 2 times from hmi_keyboard.o(.data)
 <LI><a href="#[16]">Upp_CalculateRight</a> from hmi_keyboard.o(i.Upp_CalculateRight) referenced 2 times from hmi_keyboard.o(.data)
 <LI><a href="#[13]">Upp_CalculateUp</a> from hmi_keyboard.o(i.Upp_CalculateUp) referenced 2 times from hmi_keyboard.o(.data)
 <LI><a href="#[8e]">UsageFault_Handler</a> from startup_stm32f10x_hd.o(.text) referenced from startup_stm32f10x_hd.o(RESET)
 <LI><a href="#[87]">Usb_deal_fail</a> from usb.o(i.Usb_deal_fail) referenced 2 times from usb.o(.data)
 <LI><a href="#[88]">Usb_deal_identify</a> from usb.o(i.Usb_deal_identify) referenced 2 times from usb.o(.data)
 <LI><a href="#[85]">Usb_deal_insert</a> from usb.o(i.Usb_deal_insert) referenced 2 times from usb.o(.data)
 <LI><a href="#[86]">Usb_deal_remove</a> from usb.o(i.Usb_deal_remove) referenced 2 times from usb.o(.data)
 <LI><a href="#[1cf]">UtlRtc_get</a> from rtc.o(i.UtlRtc_get) referenced from rtc.o(i.UtlRtc_ctor)
 <LI><a href="#[1ce]">UtlRtc_init</a> from rtc.o(i.UtlRtc_init) referenced from rtc.o(i.UtlRtc_ctor)
 <LI><a href="#[1d1]">UtlRtc_readReg</a> from rtc.o(i.UtlRtc_readReg) referenced from rtc.o(i.UtlRtc_ctor)
 <LI><a href="#[1d0]">UtlRtc_set</a> from rtc.o(i.UtlRtc_set) referenced from rtc.o(i.UtlRtc_ctor)
 <LI><a href="#[1d2]">UtlRtc_writeReg</a> from rtc.o(i.UtlRtc_writeReg) referenced from rtc.o(i.UtlRtc_ctor)
 <LI><a href="#[12]">VK_Uppercase_init</a> from hmi_keyboard.o(i.VK_Uppercase_init) referenced 2 times from hmi_keyboard.o(.data)
 <LI><a href="#[215]">W25Q_Erase_addr</a> from hw_w25q.o(i.W25Q_Erase_addr) referenced from hw_w25q.o(i.w25q_init)
 <LI><a href="#[21c]">W25Q_Flush</a> from hw_w25q.o(i.W25Q_Flush) referenced from hw_w25q.o(i.w25q_init)
 <LI><a href="#[219]">W25Q_Raw_Read</a> from hw_w25q.o(i.W25Q_Raw_Read) referenced from hw_w25q.o(i.w25q_init)
 <LI><a href="#[217]">W25Q_Raw_write</a> from hw_w25q.o(i.W25Q_Raw_write) referenced from hw_w25q.o(i.w25q_init)
 <LI><a href="#[213]">W25Q_WP</a> from hw_w25q.o(i.W25Q_WP) referenced from hw_w25q.o(i.w25q_init)
 <LI><a href="#[214]">W25Q_erase</a> from hw_w25q.o(i.W25Q_erase) referenced from hw_w25q.o(i.w25q_init)
 <LI><a href="#[21a]">W25Q_lock</a> from hw_w25q.o(i.W25Q_lock) referenced from hw_w25q.o(i.w25q_init)
 <LI><a href="#[21b]">W25Q_unlock</a> from hw_w25q.o(i.W25Q_unlock) referenced from hw_w25q.o(i.w25q_init)
 <LI><a href="#[220]">WIN_Show_cmp</a> from hmi_windowns.o(i.WIN_Show_cmp) referenced from hmi_windowns.o(i.winHmi_ctor)
 <LI><a href="#[93]">WWDG_IRQHandler</a> from startup_stm32f10x_hd.o(.text) referenced from startup_stm32f10x_hd.o(RESET)
 <LI><a href="#[222]">WinHmi_hit</a> from hmi_windowns.o(i.WinHmi_hit) referenced from hmi_windowns.o(i.winHmi_ctor)
 <LI><a href="#[21f]">Win_initSheet</a> from hmi_windowns.o(i.Win_initSheet) referenced from hmi_windowns.o(i.winHmi_ctor)
 <LI><a href="#[10d]">Write_devSpi</a> from dev_spi.o(i.Write_devSpi) referenced from dev_spi.o(i.Dev_spi_ctor)
 <LI><a href="#[fb]">Write_dev_IIC</a> from dev_iic.o(i.Write_dev_IIC) referenced from dev_iic.o(i.Dev_IIC_ctor)
 <LI><a href="#[d2]">__main</a> from entry.o(.ARM.Collect$$$$00000000) referenced from startup_stm32f10x_hd.o(.text)
 <LI><a href="#[1d4]">_snputc</a> from printf8.o(i._snputc) referenced from printf8.o(i.__0snprintf$8)
 <LI><a href="#[1d5]">_sputc</a> from printf8.o(i._sputc) referenced from printf8.o(i.__0sprintf$8)
 <LI><a href="#[1d3]">fputc</a> from main.o(i.fputc) referenced from printf8.o(i.__0fprintf$8)
 <LI><a href="#[22a]">main</a> from main.o(i.main) referenced from rtx_conf_cm.o(.constdata)
 <LI><a href="#[211]">osThreadExit</a> from rt_cmsis.o(i.osThreadExit) referenced from rt_cmsis.o(i.svcThreadCreate)
 <LI><a href="#[229]">osTimerThread</a> from rt_cmsis.o(i.osTimerThread) referenced from rtx_conf_cm.o(.constdata)
 <LI><a href="#[210]">os_idle_demon</a> from rtx_conf_cm.o(i.os_idle_demon) referenced from rt_task.o(i.rt_sys_init)
 <LI><a href="#[cf]">rt_alloc_box</a> from rt_membox.o(i.rt_alloc_box) referenced from hal_cm3.o(.emb_text)
 <LI><a href="#[d0]">rt_free_box</a> from rt_membox.o(i.rt_free_box) referenced from hal_cm3.o(.emb_text)
 <LI><a href="#[202]">svcDelay</a> from rt_cmsis.o(i.svcDelay) referenced from rt_cmsis.o(i.osDelay)
 <LI><a href="#[203]">svcKernelInitialize</a> from rt_cmsis.o(i.svcKernelInitialize) referenced from rt_cmsis.o(i.osKernelInitialize)
 <LI><a href="#[204]">svcKernelStart</a> from rt_cmsis.o(i.svcKernelStart) referenced from rt_cmsis.o(i.osKernelStart)
 <LI><a href="#[205]">svcMessageGet</a> from rt_cmsis.o(i.svcMessageGet) referenced from rt_cmsis.o(i.osMessageGet)
 <LI><a href="#[206]">svcSemaphoreCreate</a> from rt_cmsis.o(i.svcSemaphoreCreate) referenced from rt_cmsis.o(i.osSemaphoreCreate)
 <LI><a href="#[207]">svcSemaphoreRelease</a> from rt_cmsis.o(i.svcSemaphoreRelease) referenced from rt_cmsis.o(i.osSemaphoreRelease)
 <LI><a href="#[208]">svcSemaphoreWait</a> from rt_cmsis.o(i.svcSemaphoreWait) referenced from rt_cmsis.o(i.osSemaphoreWait)
 <LI><a href="#[209]">svcThreadCreate</a> from rt_cmsis.o(i.svcThreadCreate) referenced from rt_cmsis.o(i.osThreadCreate)
 <LI><a href="#[20a]">svcThreadGetId</a> from rt_cmsis.o(i.svcThreadGetId) referenced from rt_cmsis.o(i.osThreadExit)
 <LI><a href="#[20b]">svcThreadTerminate</a> from rt_cmsis.o(i.svcThreadTerminate) referenced from rt_cmsis.o(i.osThreadExit)
 <LI><a href="#[20c]">svcThreadYield</a> from rt_cmsis.o(i.svcThreadYield) referenced from rt_cmsis.o(i.osThreadYield)
 <LI><a href="#[20d]">svcTimerCall</a> from rt_cmsis.o(i.svcTimerCall) referenced from rt_cmsis.o(i.osTimerCall)
 <LI><a href="#[20e]">svcTimerCreate</a> from rt_cmsis.o(i.svcTimerCreate) referenced from rt_cmsis.o(i.osTimerCreate)
 <LI><a href="#[20f]">svcTimerStart</a> from rt_cmsis.o(i.svcTimerStart) referenced from rt_cmsis.o(i.osTimerStart)
 <LI><a href="#[12d]">vDraw</a> from glyph.o(i.vDraw) referenced from glyph.o(i.Glyph_ctor)
 <LI><a href="#[216]">w25q_Write</a> from hw_w25q.o(i.w25q_Write) referenced from hw_w25q.o(i.w25q_init)
 <LI><a href="#[212]">w25q_info</a> from hw_w25q.o(i.w25q_info) referenced from hw_w25q.o(i.w25q_init)
 <LI><a href="#[218]">w25q_rd_data</a> from hw_w25q.o(i.w25q_rd_data) referenced from hw_w25q.o(i.w25q_init)
 <LI><a href="#[21e]">winHmiHide</a> from hmi_windowns.o(i.winHmiHide) referenced from hmi_windowns.o(i.winHmi_ctor)
 <LI><a href="#[221]">winHmiShow</a> from hmi_windowns.o(i.winHmiShow) referenced from hmi_windowns.o(i.winHmi_ctor)
 <LI><a href="#[224]">winHmi_ClearFocuse</a> from hmi_windowns.o(i.winHmi_ClearFocuse) referenced from hmi_windowns.o(i.winHmi_ctor)
 <LI><a href="#[223]">winHmi_InitFouse</a> from hmi_windowns.o(i.winHmi_InitFouse) referenced from hmi_windowns.o(i.winHmi_ctor)
 <LI><a href="#[225]">winHmi_ShowFocuse</a> from hmi_windowns.o(i.winHmi_ShowFocuse) referenced from hmi_windowns.o(i.winHmi_ctor)
</UL>
<P>
<H3>
Global Symbols
</H3>
<P><STRONG><a name="[d2]"></a>__main</STRONG> (Thumb, 0 bytes, Stack size unknown bytes, entry.o(.ARM.Collect$$$$00000000))
<BR>[Address Reference Count : 1]<UL><LI> startup_stm32f10x_hd.o(.text)
</UL>
<P><STRONG><a name="[4ee]"></a>_main_stk</STRONG> (Thumb, 0 bytes, Stack size unknown bytes, entry2.o(.ARM.Collect$$$$00000001))

<P><STRONG><a name="[22b]"></a>_main_scatterload</STRONG> (Thumb, 0 bytes, Stack size unknown bytes, entry5.o(.ARM.Collect$$$$00000004))
<BR><BR>[Calls]<UL><LI><a href="#[22c]">&gt;&gt;</a>&nbsp;&nbsp;&nbsp;__scatterload
</UL>

<P><STRONG><a name="[245]"></a>__main_after_scatterload</STRONG> (Thumb, 0 bytes, Stack size 0 bytes, entry5.o(.ARM.Collect$$$$00000004))
<BR><BR>[Called By]<UL><LI><a href="#[22c]">&gt;&gt;</a>&nbsp;&nbsp;&nbsp;__scatterload
</UL>

<P><STRONG><a name="[4ef]"></a>__rt_final_cpp</STRONG> (Thumb, 0 bytes, Stack size 0 bytes, entry10a.o(.ARM.Collect$$$$0000000D))

<P><STRONG><a name="[4f0]"></a>__rt_final_exit</STRONG> (Thumb, 0 bytes, Stack size 0 bytes, entry11a.o(.ARM.Collect$$$$0000000F))

<P><STRONG><a name="[4f1]"></a>_main_clock</STRONG> (Thumb, 0 bytes, Stack size 0 bytes, entry7b.o(.ARM.Collect$$$$00000008))

<P><STRONG><a name="[4f2]"></a>_main_cpp_init</STRONG> (Thumb, 0 bytes, Stack size 0 bytes, entry8b.o(.ARM.Collect$$$$0000000A))

<P><STRONG><a name="[22d]"></a>_main_init</STRONG> (Thumb, 18 bytes, Stack size 0 bytes, rtx_conf_cm.o(.ARM.Collect$$$$000000FF))
<BR><BR>[Stack]<UL><LI>Max Depth = 80<LI>Call Chain = _main_init &rArr; osKernelInitialize &rArr; svcKernelInitialize &rArr; svcThreadCreate &rArr; rt_tsk_create &rArr; rt_init_context &rArr; rt_init_stack
</UL>
<BR>[Calls]<UL><LI><a href="#[22f]">&gt;&gt;</a>&nbsp;&nbsp;&nbsp;osThreadCreate
<LI><a href="#[230]">&gt;&gt;</a>&nbsp;&nbsp;&nbsp;osKernelStart
<LI><a href="#[22e]">&gt;&gt;</a>&nbsp;&nbsp;&nbsp;osKernelInitialize
</UL>

<P><STRONG><a name="[4f3]"></a>rt_set_PSP</STRONG> (Thumb, 6 bytes, Stack size 0 bytes, hal_cm3.o(.emb_text), UNUSED)

<P><STRONG><a name="[4da]"></a>rt_get_PSP</STRONG> (Thumb, 6 bytes, Stack size 0 bytes, hal_cm3.o(.emb_text))
<BR><BR>[Called By]<UL><LI><a href="#[4d9]">&gt;&gt;</a>&nbsp;&nbsp;&nbsp;rt_tsk_delete
</UL>

<P><STRONG><a name="[4f4]"></a>os_set_env</STRONG> (Thumb, 24 bytes, Stack size 0 bytes, hal_cm3.o(.emb_text), UNUSED)

<P><STRONG><a name="[4f5]"></a>_alloc_box</STRONG> (Thumb, 28 bytes, Stack size 0 bytes, hal_cm3.o(.emb_text), UNUSED)

<P><STRONG><a name="[4f6]"></a>_free_box</STRONG> (Thumb, 28 bytes, Stack size 0 bytes, hal_cm3.o(.emb_text), UNUSED)

<P><STRONG><a name="[8f]"></a>SVC_Handler</STRONG> (Thumb, 108 bytes, Stack size 0 bytes, hal_cm3.o(.emb_text))
<BR><BR>[Calls]<UL><LI><a href="#[231]">&gt;&gt;</a>&nbsp;&nbsp;&nbsp;rt_stk_check
</UL>
<BR>[Address Reference Count : 1]<UL><LI> startup_stm32f10x_hd.o(RESET)
</UL>
<P><STRONG><a name="[91]"></a>PendSV_Handler</STRONG> (Thumb, 56 bytes, Stack size 0 bytes, hal_cm3.o(.emb_text))
<BR><BR>[Stack]<UL><LI>Max Depth = 52<LI>Call Chain = PendSV_Handler &rArr; rt_pop_req &rArr; rt_mbx_psh &rArr; rt_put_prio
</UL>
<BR>[Calls]<UL><LI><a href="#[232]">&gt;&gt;</a>&nbsp;&nbsp;&nbsp;rt_pop_req
<LI><a href="#[231]">&gt;&gt;</a>&nbsp;&nbsp;&nbsp;rt_stk_check
</UL>
<BR>[Address Reference Count : 1]<UL><LI> startup_stm32f10x_hd.o(RESET)
</UL>
<P><STRONG><a name="[92]"></a>SysTick_Handler</STRONG> (Thumb, 8 bytes, Stack size 0 bytes, hal_cm3.o(.emb_text))
<BR><BR>[Stack]<UL><LI>Max Depth = 72<LI>Call Chain = SysTick_Handler &rArr; rt_systick &rArr; sysTimerTick &rArr; isrMessagePut &rArr; isr_mbx_send &rArr; rt_psq_enq
</UL>
<BR>[Calls]<UL><LI><a href="#[233]">&gt;&gt;</a>&nbsp;&nbsp;&nbsp;rt_systick
</UL>
<BR>[Address Reference Count : 1]<UL><LI> startup_stm32f10x_hd.o(RESET)
</UL>
<P><STRONG><a name="[234]"></a>OS_Tick_Handler</STRONG> (Thumb, 12 bytes, Stack size 0 bytes, hal_cm3.o(.emb_text), UNUSED)
<BR><BR>[Calls]<UL><LI><a href="#[235]">&gt;&gt;</a>&nbsp;&nbsp;&nbsp;os_tick_irqack
<LI><a href="#[233]">&gt;&gt;</a>&nbsp;&nbsp;&nbsp;rt_systick
</UL>

<P><STRONG><a name="[89]"></a>Reset_Handler</STRONG> (Thumb, 8 bytes, Stack size 0 bytes, startup_stm32f10x_hd.o(.text))
<BR>[Address Reference Count : 1]<UL><LI> startup_stm32f10x_hd.o(RESET)
</UL>
<P><STRONG><a name="[8a]"></a>NMI_Handler</STRONG> (Thumb, 2 bytes, Stack size 0 bytes, startup_stm32f10x_hd.o(.text))
<BR><BR>[Calls]<UL><LI><a href="#[8a]">&gt;&gt;</a>&nbsp;&nbsp;&nbsp;NMI_Handler
</UL>
<BR>[Called By]<UL><LI><a href="#[8a]">&gt;&gt;</a>&nbsp;&nbsp;&nbsp;NMI_Handler
</UL>
<BR>[Address Reference Count : 1]<UL><LI> startup_stm32f10x_hd.o(RESET)
</UL>
<P><STRONG><a name="[8c]"></a>MemManage_Handler</STRONG> (Thumb, 2 bytes, Stack size 0 bytes, startup_stm32f10x_hd.o(.text))
<BR><BR>[Calls]<UL><LI><a href="#[8c]">&gt;&gt;</a>&nbsp;&nbsp;&nbsp;MemManage_Handler
</UL>
<BR>[Called By]<UL><LI><a href="#[8c]">&gt;&gt;</a>&nbsp;&nbsp;&nbsp;MemManage_Handler
</UL>
<BR>[Address Reference Count : 1]<UL><LI> startup_stm32f10x_hd.o(RESET)
</UL>
<P><STRONG><a name="[8d]"></a>BusFault_Handler</STRONG> (Thumb, 2 bytes, Stack size 0 bytes, startup_stm32f10x_hd.o(.text))
<BR><BR>[Calls]<UL><LI><a href="#[8d]">&gt;&gt;</a>&nbsp;&nbsp;&nbsp;BusFault_Handler
</UL>
<BR>[Called By]<UL><LI><a href="#[8d]">&gt;&gt;</a>&nbsp;&nbsp;&nbsp;BusFault_Handler
</UL>
<BR>[Address Reference Count : 1]<UL><LI> startup_stm32f10x_hd.o(RESET)
</UL>
<P><STRONG><a name="[8e]"></a>UsageFault_Handler</STRONG> (Thumb, 2 bytes, Stack size 0 bytes, startup_stm32f10x_hd.o(.text))
<BR><BR>[Calls]<UL><LI><a href="#[8e]">&gt;&gt;</a>&nbsp;&nbsp;&nbsp;UsageFault_Handler
</UL>
<BR>[Called By]<UL><LI><a href="#[8e]">&gt;&gt;</a>&nbsp;&nbsp;&nbsp;UsageFault_Handler
</UL>
<BR>[Address Reference Count : 1]<UL><LI> startup_stm32f10x_hd.o(RESET)
</UL>
<P><STRONG><a name="[90]"></a>DebugMon_Handler</STRONG> (Thumb, 2 bytes, Stack size 0 bytes, startup_stm32f10x_hd.o(.text))
<BR><BR>[Calls]<UL><LI><a href="#[90]">&gt;&gt;</a>&nbsp;&nbsp;&nbsp;DebugMon_Handler
</UL>
<BR>[Called By]<UL><LI><a href="#[90]">&gt;&gt;</a>&nbsp;&nbsp;&nbsp;DebugMon_Handler
</UL>
<BR>[Address Reference Count : 1]<UL><LI> startup_stm32f10x_hd.o(RESET)
</UL>
<P><STRONG><a name="[a5]"></a>ADC1_2_IRQHandler</STRONG> (Thumb, 0 bytes, Stack size 0 bytes, startup_stm32f10x_hd.o(.text))
<BR><BR>[Calls]<UL><LI><a href="#[a5]">&gt;&gt;</a>&nbsp;&nbsp;&nbsp;ADC1_2_IRQHandler
</UL>
<BR>[Called By]<UL><LI><a href="#[a5]">&gt;&gt;</a>&nbsp;&nbsp;&nbsp;ADC1_2_IRQHandler
</UL>
<BR>[Address Reference Count : 1]<UL><LI> startup_stm32f10x_hd.o(RESET)
</UL>
<P><STRONG><a name="[c2]"></a>ADC3_IRQHandler</STRONG> (Thumb, 0 bytes, Stack size 0 bytes, startup_stm32f10x_hd.o(.text))
<BR>[Address Reference Count : 1]<UL><LI> startup_stm32f10x_hd.o(RESET)
</UL>
<P><STRONG><a name="[a8]"></a>CAN1_RX1_IRQHandler</STRONG> (Thumb, 0 bytes, Stack size 0 bytes, startup_stm32f10x_hd.o(.text))
<BR>[Address Reference Count : 1]<UL><LI> startup_stm32f10x_hd.o(RESET)
</UL>
<P><STRONG><a name="[a9]"></a>CAN1_SCE_IRQHandler</STRONG> (Thumb, 0 bytes, Stack size 0 bytes, startup_stm32f10x_hd.o(.text))
<BR>[Address Reference Count : 1]<UL><LI> startup_stm32f10x_hd.o(RESET)
</UL>
<P><STRONG><a name="[9e]"></a>DMA1_Channel1_IRQHandler</STRONG> (Thumb, 0 bytes, Stack size 0 bytes, startup_stm32f10x_hd.o(.text))
<BR>[Address Reference Count : 1]<UL><LI> startup_stm32f10x_hd.o(RESET)
</UL>
<P><STRONG><a name="[a0]"></a>DMA1_Channel3_IRQHandler</STRONG> (Thumb, 0 bytes, Stack size 0 bytes, startup_stm32f10x_hd.o(.text))
<BR>[Address Reference Count : 1]<UL><LI> startup_stm32f10x_hd.o(RESET)
</UL>
<P><STRONG><a name="[a2]"></a>DMA1_Channel5_IRQHandler</STRONG> (Thumb, 0 bytes, Stack size 0 bytes, startup_stm32f10x_hd.o(.text))
<BR>[Address Reference Count : 1]<UL><LI> startup_stm32f10x_hd.o(RESET)
</UL>
<P><STRONG><a name="[a3]"></a>DMA1_Channel6_IRQHandler</STRONG> (Thumb, 0 bytes, Stack size 0 bytes, startup_stm32f10x_hd.o(.text))
<BR>[Address Reference Count : 1]<UL><LI> startup_stm32f10x_hd.o(RESET)
</UL>
<P><STRONG><a name="[cb]"></a>DMA2_Channel1_IRQHandler</STRONG> (Thumb, 0 bytes, Stack size 0 bytes, startup_stm32f10x_hd.o(.text))
<BR>[Address Reference Count : 1]<UL><LI> startup_stm32f10x_hd.o(RESET)
</UL>
<P><STRONG><a name="[cc]"></a>DMA2_Channel2_IRQHandler</STRONG> (Thumb, 0 bytes, Stack size 0 bytes, startup_stm32f10x_hd.o(.text))
[...]
</UL>
<BR>[Called By]<UL><LI><a href="#[27f]">&gt;&gt;</a>&nbsp;&nbsp;&nbsp;CH376ByteWrite
<LI><a href="#[284]">&gt;&gt;</a>&nbsp;&nbsp;&nbsp;CH376SendCmdWaitInt
<LI><a href="#[288]">&gt;&gt;</a>&nbsp;&nbsp;&nbsp;CH376SendCmdDatWaitInt
</UL>

<P><STRONG><a name="[280]"></a>xWriteCH376Cmd</STRONG> (Thumb, 24 bytes, Stack size 8 bytes, ch376.o(i.xWriteCH376Cmd))
<BR><BR>[Stack]<UL><LI>Max Depth = 8<LI>Call Chain = xWriteCH376Cmd
</UL>
<BR>[Called By]<UL><LI><a href="#[39f]">&gt;&gt;</a>&nbsp;&nbsp;&nbsp;mInitCH376Host
<LI><a href="#[28e]">&gt;&gt;</a>&nbsp;&nbsp;&nbsp;CH376ReadBlock
<LI><a href="#[285]">&gt;&gt;</a>&nbsp;&nbsp;&nbsp;CH376DiskQuery
<LI><a href="#[27f]">&gt;&gt;</a>&nbsp;&nbsp;&nbsp;CH376ByteWrite
<LI><a href="#[28c]">&gt;&gt;</a>&nbsp;&nbsp;&nbsp;CH376WriteVar32
<LI><a href="#[282]">&gt;&gt;</a>&nbsp;&nbsp;&nbsp;CH376WriteReqBlock
<LI><a href="#[291]">&gt;&gt;</a>&nbsp;&nbsp;&nbsp;CH376WriteOfsBlock
<LI><a href="#[290]">&gt;&gt;</a>&nbsp;&nbsp;&nbsp;CH376WriteHostBlock
<LI><a href="#[28a]">&gt;&gt;</a>&nbsp;&nbsp;&nbsp;CH376SetFileName
<LI><a href="#[284]">&gt;&gt;</a>&nbsp;&nbsp;&nbsp;CH376SendCmdWaitInt
<LI><a href="#[288]">&gt;&gt;</a>&nbsp;&nbsp;&nbsp;CH376SendCmdDatWaitInt
<LI><a href="#[28f]">&gt;&gt;</a>&nbsp;&nbsp;&nbsp;CH376ReadVar8
<LI><a href="#[28d]">&gt;&gt;</a>&nbsp;&nbsp;&nbsp;CH376GetIntStatus
</UL>

<P><STRONG><a name="[292]"></a>xWriteCH376Data_u32</STRONG> (Thumb, 74 bytes, Stack size 16 bytes, ch376.o(i.xWriteCH376Data_u32))
<BR><BR>[Stack]<UL><LI>Max Depth = 16<LI>Call Chain = xWriteCH376Data_u32
</UL>
<BR>[Called By]<UL><LI><a href="#[28c]">&gt;&gt;</a>&nbsp;&nbsp;&nbsp;CH376WriteVar32
</UL>

<P><STRONG><a name="[1cd]"></a>Deal_status</STRONG> (Thumb, 56 bytes, Stack size 16 bytes, usb.o(i.Deal_status))
<BR><BR>[Stack]<UL><LI>Max Depth = 32<LI>Call Chain = Deal_status &rArr; CQ_Write
</UL>
<BR>[Calls]<UL><LI><a href="#[2ab]">&gt;&gt;</a>&nbsp;&nbsp;&nbsp;CQ_Write
</UL>
<BR>[Called By]<UL><LI><a href="#[3b3]">&gt;&gt;</a>&nbsp;&nbsp;&nbsp;USB_Init
<LI><a href="#[2e8]">&gt;&gt;</a>&nbsp;&nbsp;&nbsp;USB_Create_file
<LI><a href="#[2ef]">&gt;&gt;</a>&nbsp;&nbsp;&nbsp;USB_Colse_file
<LI><a href="#[471]">&gt;&gt;</a>&nbsp;&nbsp;&nbsp;USB_Open_file
</UL>
<BR>[Address Reference Count : 1]<UL><LI> usb.o(i.USB_Init)
</UL>
<P><STRONG><a name="[470]"></a>Last_name_offset</STRONG> (Thumb, 44 bytes, Stack size 0 bytes, usb.o(i.Last_name_offset))
<BR><BR>[Called By]<UL><LI><a href="#[2e8]">&gt;&gt;</a>&nbsp;&nbsp;&nbsp;USB_Create_file
<LI><a href="#[471]">&gt;&gt;</a>&nbsp;&nbsp;&nbsp;USB_Open_file
</UL>

<P><STRONG><a name="[421]"></a>Reset_Ch376</STRONG> (Thumb, 16 bytes, Stack size 8 bytes, usb.o(i.Reset_Ch376))
<BR><BR>[Stack]<UL><LI>Max Depth = 32<LI>Call Chain = Reset_Ch376 &rArr; mInitCH376Host &rArr; xWriteCH376Cmd
</UL>
<BR>[Calls]<UL><LI><a href="#[39f]">&gt;&gt;</a>&nbsp;&nbsp;&nbsp;mInitCH376Host
</UL>
<BR>[Called By]<UL><LI><a href="#[87]">&gt;&gt;</a>&nbsp;&nbsp;&nbsp;Usb_deal_fail
</UL>

<P><STRONG><a name="[87]"></a>Usb_deal_fail</STRONG> (Thumb, 10 bytes, Stack size 8 bytes, usb.o(i.Usb_deal_fail))
<BR><BR>[Stack]<UL><LI>Max Depth = 40<LI>Call Chain = Usb_deal_fail &rArr; Reset_Ch376 &rArr; mInitCH376Host &rArr; xWriteCH376Cmd
</UL>
<BR>[Calls]<UL><LI><a href="#[421]">&gt;&gt;</a>&nbsp;&nbsp;&nbsp;Reset_Ch376
</UL>
<BR>[Address Reference Count : 1]<UL><LI> usb.o(.data)
</UL>
<P><STRONG><a name="[88]"></a>Usb_deal_identify</STRONG> (Thumb, 218 bytes, Stack size 32 bytes, usb.o(i.Usb_deal_identify))
<BR><BR>[Stack]<UL><LI>Max Depth = 128<LI>Call Chain = Usb_deal_identify &rArr; CH376DiskQuery &rArr; CH376SendCmdWaitInt &rArr; Wait376Interrupt &rArr; CH376GetIntStatus &rArr; xWriteCH376Cmd
</UL>
<BR>[Calls]<UL><LI><a href="#[2ab]">&gt;&gt;</a>&nbsp;&nbsp;&nbsp;CQ_Write
<LI><a href="#[3b5]">&gt;&gt;</a>&nbsp;&nbsp;&nbsp;IsDiskWriteProtect
<LI><a href="#[285]">&gt;&gt;</a>&nbsp;&nbsp;&nbsp;CH376DiskQuery
</UL>
<BR>[Address Reference Count : 1]<UL><LI> usb.o(.data)
</UL>
<P><STRONG><a name="[85]"></a>Usb_deal_insert</STRONG> (Thumb, 180 bytes, Stack size 64 bytes, usb.o(i.Usb_deal_insert))
<BR><BR>[Stack]<UL><LI>Max Depth = 128<LI>Call Chain = Usb_deal_insert &rArr; Ch376DiskConnect &rArr; CH376SendCmdWaitInt &rArr; Wait376Interrupt &rArr; CH376GetIntStatus &rArr; xWriteCH376Cmd
</UL>
<BR>[Calls]<UL><LI><a href="#[2ab]">&gt;&gt;</a>&nbsp;&nbsp;&nbsp;CQ_Write
<LI><a href="#[2c4]">&gt;&gt;</a>&nbsp;&nbsp;&nbsp;Ch376DiskConnect
<LI><a href="#[28e]">&gt;&gt;</a>&nbsp;&nbsp;&nbsp;CH376ReadBlock
<LI><a href="#[283]">&gt;&gt;</a>&nbsp;&nbsp;&nbsp;CH376DiskMount
<LI><a href="#[2a2]">&gt;&gt;</a>&nbsp;&nbsp;&nbsp;__aeabi_memclr4
</UL>
<BR>[Address Reference Count : 1]<UL><LI> usb.o(.data)
</UL>
<P><STRONG><a name="[86]"></a>Usb_deal_remove</STRONG> (Thumb, 30 bytes, Stack size 16 bytes, usb.o(i.Usb_deal_remove))
<BR><BR>[Stack]<UL><LI>Max Depth = 32<LI>Call Chain = Usb_deal_remove &rArr; CQ_Write
</UL>
<BR>[Calls]<UL><LI><a href="#[2ab]">&gt;&gt;</a>&nbsp;&nbsp;&nbsp;CQ_Write
</UL>
<BR>[Address Reference Count : 1]<UL><LI> usb.o(.data)
</UL>
<P><STRONG><a name="[1c2]"></a>UHI_intr</STRONG> (Thumb, 26 bytes, Stack size 16 bytes, usb_hardware_interface.o(i.UHI_intr))
<BR><BR>[Stack]<UL><LI>Max Depth = 16<LI>Call Chain = UHI_intr
</UL>
<BR>[Address Reference Count : 1]<UL><LI> usb_hardware_interface.o(i.UHI_Init)
</UL>
<P><STRONG><a name="[1cb]"></a>UHI_usb_cs_off</STRONG> (Thumb, 12 bytes, Stack size 8 bytes, usb_hardware_interface.o(i.UHI_usb_cs_off))
<BR><BR>[Stack]<UL><LI>Max Depth = 8<LI>Call Chain = UHI_usb_cs_off
</UL>
<BR>[Calls]<UL><LI><a href="#[348]">&gt;&gt;</a>&nbsp;&nbsp;&nbsp;GPIO_SetBits
</UL>
<BR>[Called By]<UL><LI><a href="#[1c4]">&gt;&gt;</a>&nbsp;&nbsp;&nbsp;UHI_usb_reset
</UL>
<BR>[Address Reference Count : 1]<UL><LI> usb_hardware_interface.o(i.UHI_Init)
</UL>
<P><STRONG><a name="[1cc]"></a>UHI_usb_cs_on</STRONG> (Thumb, 12 bytes, Stack size 8 bytes, usb_hardware_interface.o(i.UHI_usb_cs_on))
<BR><BR>[Stack]<UL><LI>Max Depth = 8<LI>Call Chain = UHI_usb_cs_on
</UL>
<BR>[Calls]<UL><LI><a href="#[346]">&gt;&gt;</a>&nbsp;&nbsp;&nbsp;GPIO_ResetBits
</UL>
<BR>[Address Reference Count : 1]<UL><LI> usb_hardware_interface.o(i.UHI_Init)
</UL>
<P><STRONG><a name="[1c7]"></a>UHI_usb_delay_ms</STRONG> (Thumb, 12 bytes, Stack size 8 bytes, usb_hardware_interface.o(i.UHI_usb_delay_ms))
<BR><BR>[Stack]<UL><LI>Max Depth = 16<LI>Call Chain = UHI_usb_delay_ms &rArr; delay_ms
</UL>
<BR>[Calls]<UL><LI><a href="#[2e7]">&gt;&gt;</a>&nbsp;&nbsp;&nbsp;delay_ms
</UL>
<BR>[Called By]<UL><LI><a href="#[1c4]">&gt;&gt;</a>&nbsp;&nbsp;&nbsp;UHI_usb_reset
</UL>
<BR>[Address Reference Count : 1]<UL><LI> usb_hardware_interface.o(i.UHI_Init)
</UL>
<P><STRONG><a name="[1ca]"></a>UHI_usb_get_time</STRONG> (Thumb, 42 bytes, Stack size 40 bytes, usb_hardware_interface.o(i.UHI_usb_get_time))
<BR><BR>[Stack]<UL><LI>Max Depth = 48<LI>Call Chain = UHI_usb_get_time &rArr; System_time
</UL>
<BR>[Calls]<UL><LI><a href="#[29f]">&gt;&gt;</a>&nbsp;&nbsp;&nbsp;System_time
</UL>
<BR>[Address Reference Count : 1]<UL><LI> usb_hardware_interface.o(i.UHI_Init)
</UL>
<P><STRONG><a name="[1c3]"></a>UHI_usb_power</STRONG> (Thumb, 30 bytes, Stack size 8 bytes, usb_hardware_interface.o(i.UHI_usb_power))
<BR><BR>[Stack]<UL><LI>Max Depth = 8<LI>Call Chain = UHI_usb_power
</UL>
<BR>[Calls]<UL><LI><a href="#[348]">&gt;&gt;</a>&nbsp;&nbsp;&nbsp;GPIO_SetBits
<LI><a href="#[346]">&gt;&gt;</a>&nbsp;&nbsp;&nbsp;GPIO_ResetBits
</UL>
<BR>[Address Reference Count : 1]<UL><LI> usb_hardware_interface.o(i.UHI_Init)
</UL>
<P><STRONG><a name="[1c9]"></a>UHI_usb_read_bytes</STRONG> (Thumb, 24 bytes, Stack size 16 bytes, usb_hardware_interface.o(i.UHI_usb_read_bytes))
<BR><BR>[Stack]<UL><LI>Max Depth = 16<LI>Call Chain = UHI_usb_read_bytes
</UL>
<BR>[Address Reference Count : 1]<UL><LI> usb_hardware_interface.o(i.UHI_Init)
</UL>
<P><STRONG><a name="[1c6]"></a>UHI_usb_read_intr_pin</STRONG> (Thumb, 28 bytes, Stack size 8 bytes, usb_hardware_interface.o(i.UHI_usb_read_intr_pin))
<BR><BR>[Stack]<UL><LI>Max Depth = 8<LI>Call Chain = UHI_usb_read_intr_pin
</UL>
<BR>[Address Reference Count : 1]<UL><LI> usb_hardware_interface.o(i.UHI_Init)
</UL>
<P><STRONG><a name="[1c4]"></a>UHI_usb_reset</STRONG> (Thumb, 46 bytes, Stack size 8 bytes, usb_hardware_interface.o(i.UHI_usb_reset))
<BR><BR>[Stack]<UL><LI>Max Depth = 24<LI>Call Chain = UHI_usb_reset &rArr; UHI_usb_delay_ms &rArr; delay_ms
</UL>
<BR>[Calls]<UL><LI><a href="#[348]">&gt;&gt;</a>&nbsp;&nbsp;&nbsp;GPIO_SetBits
<LI><a href="#[346]">&gt;&gt;</a>&nbsp;&nbsp;&nbsp;GPIO_ResetBits
<LI><a href="#[1c7]">&gt;&gt;</a>&nbsp;&nbsp;&nbsp;UHI_usb_delay_ms
<LI><a href="#[1cb]">&gt;&gt;</a>&nbsp;&nbsp;&nbsp;UHI_usb_cs_off
</UL>
<BR>[Address Reference Count : 1]<UL><LI> usb_hardware_interface.o(i.UHI_Init)
</UL>
<P><STRONG><a name="[1c5]"></a>UHI_usb_set_irq</STRONG> (Thumb, 38 bytes, Stack size 8 bytes, usb_hardware_interface.o(i.UHI_usb_set_irq))
<BR><BR>[Stack]<UL><LI>Max Depth = 8<LI>Call Chain = UHI_usb_set_irq
</UL>
<BR>[Address Reference Count : 1]<UL><LI> usb_hardware_interface.o(i.UHI_Init)
</UL>
<P><STRONG><a name="[1c8]"></a>UHI_usb_write_bytes</STRONG> (Thumb, 24 bytes, Stack size 16 bytes, usb_hardware_interface.o(i.UHI_usb_write_bytes))
<BR><BR>[Stack]<UL><LI>Max Depth = 16<LI>Call Chain = UHI_usb_write_bytes
</UL>
<BR>[Address Reference Count : 1]<UL><LI> usb_hardware_interface.o(i.UHI_Init)
</UL>
<P><STRONG><a name="[32b]"></a>EFS_Cal_free_space</STRONG> (Thumb, 412 bytes, Stack size 36 bytes, easy_fs.o(i.EFS_Cal_free_space))
<BR><BR>[Stack]<UL><LI>Max Depth = 36<LI>Call Chain = EFS_Cal_free_space
</UL>
<BR>[Called By]<UL><LI><a href="#[329]">&gt;&gt;</a>&nbsp;&nbsp;&nbsp;EFS_create_file
</UL>

<P><STRONG><a name="[334]"></a>EFS_Change_file_size</STRONG> (Thumb, 126 bytes, Stack size 8 bytes, easy_fs.o(i.EFS_Change_file_size))
<BR><BR>[Stack]<UL><LI>Max Depth = 8<LI>Call Chain = EFS_Change_file_size
</UL>
<BR>[Called By]<UL><LI><a href="#[119]">&gt;&gt;</a>&nbsp;&nbsp;&nbsp;EFS_resize
</UL>

<P><STRONG><a name="[335]"></a>EFS_Erase</STRONG> (Thumb, 76 bytes, Stack size 24 bytes, easy_fs.o(i.EFS_Erase))
<BR><BR>[Stack]<UL><LI>Max Depth = 24<LI>Call Chain = EFS_Erase
</UL>
<BR>[Called By]<UL><LI><a href="#[11d]">&gt;&gt;</a>&nbsp;&nbsp;&nbsp;EFS_run
</UL>

<P><STRONG><a name="[110]"></a>EFS_Flush</STRONG> (Thumb, 56 bytes, Stack size 16 bytes, easy_fs.o(i.EFS_Flush))
<BR><BR>[Stack]<UL><LI>Max Depth = 56<LI>Call Chain = EFS_Flush &rArr; Cmd_Rgt_time_task &rArr; SYS_time_sec &rArr; Time_2_u32
</UL>
<BR>[Calls]<UL><LI><a href="#[2cd]">&gt;&gt;</a>&nbsp;&nbsp;&nbsp;Cmd_Rgt_time_task
<LI><a href="#[325]">&gt;&gt;</a>&nbsp;&nbsp;&nbsp;EFS_flush_wr_position
</UL>
<BR>[Address Reference Count : 2]<UL><LI> easy_fs.o(i.EFS_Flush)
<LI> easy_fs.o(i.EFS_init)
</UL>
<P><STRONG><a name="[326]"></a>EFS_Init_file_sem</STRONG> (Thumb, 74 bytes, Stack size 16 bytes, easy_fs.o(i.EFS_Init_file_sem))
<BR><BR>[Stack]<UL><LI>Max Depth = 64<LI>Call Chain = EFS_Init_file_sem &rArr; Sem_post &rArr; osSemaphoreRelease &rArr; isrSemaphoreRelease &rArr; isr_sem_send &rArr; rt_psq_enq
</UL>
<BR>[Calls]<UL><LI><a href="#[2dd]">&gt;&gt;</a>&nbsp;&nbsp;&nbsp;Except_raise
<LI><a href="#[297]">&gt;&gt;</a>&nbsp;&nbsp;&nbsp;Sem_post
<LI><a href="#[31b]">&gt;&gt;</a>&nbsp;&nbsp;&nbsp;Sem_init
<LI><a href="#[262]">&gt;&gt;</a>&nbsp;&nbsp;&nbsp;Alloc_sem
</UL>
<BR>[Called By]<UL><LI><a href="#[111]">&gt;&gt;</a>&nbsp;&nbsp;&nbsp;EFS_open
</UL>

<P><STRONG><a name="[32a]"></a>EFS_Regain_space</STRONG> (Thumb, 8 bytes, Stack size 0 bytes, easy_fs.o(i.EFS_Regain_space))
<BR><BR>[Called By]<UL><LI><a href="#[329]">&gt;&gt;</a>&nbsp;&nbsp;&nbsp;EFS_create_file
</UL>

<P><STRONG><a name="[329]"></a>EFS_create_file</STRONG> (Thumb, 340 bytes, Stack size 40 bytes, easy_fs.o(i.EFS_create_file))
<BR><BR>[Stack]<UL><LI>Max Depth = 76<LI>Call Chain = EFS_create_file &rArr; EFS_Cal_free_space
</UL>
<BR>[Calls]<UL><LI><a href="#[327]">&gt;&gt;</a>&nbsp;&nbsp;&nbsp;EFS_flush_mgr
<LI><a href="#[32d]">&gt;&gt;</a>&nbsp;&nbsp;&nbsp;EFS_file_mgr_info
<LI><a href="#[32a]">&gt;&gt;</a>&nbsp;&nbsp;&nbsp;EFS_Regain_space
<LI><a href="#[32b]">&gt;&gt;</a>&nbsp;&nbsp;&nbsp;EFS_Cal_free_space
<LI><a href="#[32c]">&gt;&gt;</a>&nbsp;&nbsp;&nbsp;strncpy
</UL>
<BR>[Called By]<UL><LI><a href="#[119]">&gt;&gt;</a>&nbsp;&nbsp;&nbsp;EFS_resize
<LI><a href="#[111]">&gt;&gt;</a>&nbsp;&nbsp;&nbsp;EFS_open
</UL>

<P><STRONG><a name="[32d]"></a>EFS_file_mgr_info</STRONG> (Thumb, 44 bytes, Stack size 8 bytes, easy_fs.o(i.EFS_file_mgr_info))
<BR><BR>[Stack]<UL><LI>Max Depth = 8<LI>Call Chain = EFS_file_mgr_info
</UL>
<BR>[Called By]<UL><LI><a href="#[119]">&gt;&gt;</a>&nbsp;&nbsp;&nbsp;EFS_resize
<LI><a href="#[32e]">&gt;&gt;</a>&nbsp;&nbsp;&nbsp;EFS_search_file
<LI><a href="#[329]">&gt;&gt;</a>&nbsp;&nbsp;&nbsp;EFS_create_file
</UL>

<P><STRONG><a name="[327]"></a>EFS_flush_mgr</STRONG> (Thumb, 36 bytes, Stack size 16 bytes, easy_fs.o(i.EFS_flush_mgr))
<BR><BR>[Stack]<UL><LI>Max Depth = 16<LI>Call Chain = EFS_flush_mgr
</UL>
<BR>[Called By]<UL><LI><a href="#[119]">&gt;&gt;</a>&nbsp;&nbsp;&nbsp;EFS_resize
<LI><a href="#[116]">&gt;&gt;</a>&nbsp;&nbsp;&nbsp;EFS_Raw_write
<LI><a href="#[325]">&gt;&gt;</a>&nbsp;&nbsp;&nbsp;EFS_flush_wr_position
<LI><a href="#[329]">&gt;&gt;</a>&nbsp;&nbsp;&nbsp;EFS_create_file
</UL>

<P><STRONG><a name="[325]"></a>EFS_flush_wr_position</STRONG> (Thumb, 52 bytes, Stack size 16 bytes, easy_fs.o(i.EFS_flush_wr_position))
<BR><BR>[Stack]<UL><LI>Max Depth = 32<LI>Call Chain = EFS_flush_wr_position &rArr; EFS_flush_mgr
</UL>
<BR>[Calls]<UL><LI><a href="#[327]">&gt;&gt;</a>&nbsp;&nbsp;&nbsp;EFS_flush_mgr
</UL>
<BR>[Called By]<UL><LI><a href="#[112]">&gt;&gt;</a>&nbsp;&nbsp;&nbsp;EFS_close
<LI><a href="#[110]">&gt;&gt;</a>&nbsp;&nbsp;&nbsp;EFS_Flush
</UL>

<P><STRONG><a name="[332]"></a>EFS_format</STRONG> (Thumb, 60 bytes, Stack size 16 bytes, easy_fs.o(i.EFS_format))
<BR><BR>[Stack]<UL><LI>Max Depth = 16<LI>Call Chain = EFS_format
</UL>
<BR>[Called By]<UL><LI><a href="#[32f]">&gt;&gt;</a>&nbsp;&nbsp;&nbsp;EFS_init
</UL>

<P><STRONG><a name="[333]"></a>EFS_malloc_file_mgr</STRONG> (Thumb, 62 bytes, Stack size 0 bytes, easy_fs.o(i.EFS_malloc_file_mgr))
<BR><BR>[Called By]<UL><LI><a href="#[111]">&gt;&gt;</a>&nbsp;&nbsp;&nbsp;EFS_open
</UL>

<P><STRONG><a name="[11d]"></a>EFS_run</STRONG> (Thumb, 124 bytes, Stack size 8 bytes, easy_fs.o(i.EFS_run))
<BR><BR>[Stack]<UL><LI>Max Depth = 32<LI>Call Chain = EFS_run &rArr; EFS_Erase
</UL>
<BR>[Calls]<UL><LI><a href="#[335]">&gt;&gt;</a>&nbsp;&nbsp;&nbsp;EFS_Erase
</UL>
<BR>[Address Reference Count : 1]<UL><LI> easy_fs.o(i.EFS_init)
</UL>
<P><STRONG><a name="[32e]"></a>EFS_search_file</STRONG> (Thumb, 70 bytes, Stack size 16 bytes, easy_fs.o(i.EFS_search_file))
<BR><BR>[Stack]<UL><LI>Max Depth = 24<LI>Call Chain = EFS_search_file &rArr; EFS_file_mgr_info
</UL>
<BR>[Calls]<UL><LI><a href="#[32d]">&gt;&gt;</a>&nbsp;&nbsp;&nbsp;EFS_file_mgr_info
<LI><a href="#[2e6]">&gt;&gt;</a>&nbsp;&nbsp;&nbsp;strcmp
</UL>
<BR>[Called By]<UL><LI><a href="#[119]">&gt;&gt;</a>&nbsp;&nbsp;&nbsp;EFS_resize
<LI><a href="#[111]">&gt;&gt;</a>&nbsp;&nbsp;&nbsp;EFS_open
<LI><a href="#[118]">&gt;&gt;</a>&nbsp;&nbsp;&nbsp;EFS_delete
</UL>

<P><STRONG><a name="[443]"></a>SetSysClock</STRONG> (Thumb, 8 bytes, Stack size 8 bytes, system_stm32f10x.o(i.SetSysClock))
<BR><BR>[Stack]<UL><LI>Max Depth = 20<LI>Call Chain = SetSysClock &rArr; SetSysClockTo72
</UL>
<BR>[Calls]<UL><LI><a href="#[444]">&gt;&gt;</a>&nbsp;&nbsp;&nbsp;SetSysClockTo72
</UL>
<BR>[Called By]<UL><LI><a href="#[d1]">&gt;&gt;</a>&nbsp;&nbsp;&nbsp;SystemInit
</UL>

<P><STRONG><a name="[444]"></a>SetSysClockTo72</STRONG> (Thumb, 214 bytes, Stack size 12 bytes, system_stm32f10x.o(i.SetSysClockTo72))
<BR><BR>[Stack]<UL><LI>Max Depth = 12<LI>Call Chain = SetSysClockTo72
</UL>
<BR>[Called By]<UL><LI><a href="#[443]">&gt;&gt;</a>&nbsp;&nbsp;&nbsp;SetSysClock
</UL>

<P><STRONG><a name="[4af]"></a>rt_id2obj</STRONG> (Thumb, 8 bytes, Stack size 0 bytes, rt_cmsis.o(i.rt_id2obj))
<BR><BR>[Called By]<UL><LI><a href="#[20f]">&gt;&gt;</a>&nbsp;&nbsp;&nbsp;svcTimerStart
<LI><a href="#[20d]">&gt;&gt;</a>&nbsp;&nbsp;&nbsp;svcTimerCall
<LI><a href="#[208]">&gt;&gt;</a>&nbsp;&nbsp;&nbsp;svcSemaphoreWait
<LI><a href="#[207]">&gt;&gt;</a>&nbsp;&nbsp;&nbsp;svcSemaphoreRelease
<LI><a href="#[4ae]">&gt;&gt;</a>&nbsp;&nbsp;&nbsp;isrSemaphoreRelease
</UL>

<P><STRONG><a name="[4df]"></a>rt_ms2tick</STRONG> (Thumb, 58 bytes, Stack size 0 bytes, rt_cmsis.o(i.rt_ms2tick))
<BR><BR>[Called By]<UL><LI><a href="#[208]">&gt;&gt;</a>&nbsp;&nbsp;&nbsp;svcSemaphoreWait
<LI><a href="#[205]">&gt;&gt;</a>&nbsp;&nbsp;&nbsp;svcMessageGet
<LI><a href="#[202]">&gt;&gt;</a>&nbsp;&nbsp;&nbsp;svcDelay
</UL>

<P><STRONG><a name="[4e7]"></a>rt_tid2ptcb</STRONG> (Thumb, 18 bytes, Stack size 0 bytes, rt_cmsis.o(i.rt_tid2ptcb))
<BR><BR>[Called By]<UL><LI><a href="#[20b]">&gt;&gt;</a>&nbsp;&nbsp;&nbsp;svcThreadTerminate
</UL>

<P><STRONG><a name="[4e9]"></a>rt_timer_insert</STRONG> (Thumb, 48 bytes, Stack size 12 bytes, rt_cmsis.o(i.rt_timer_insert))
<BR><BR>[Stack]<UL><LI>Max Depth = 12<LI>Call Chain = rt_timer_insert
</UL>
<BR>[Called By]<UL><LI><a href="#[4d6]">&gt;&gt;</a>&nbsp;&nbsp;&nbsp;sysTimerTick
<LI><a href="#[20f]">&gt;&gt;</a>&nbsp;&nbsp;&nbsp;svcTimerStart
</UL>

<P><STRONG><a name="[4e8]"></a>rt_timer_remove</STRONG> (Thumb, 56 bytes, Stack size 0 bytes, rt_cmsis.o(i.rt_timer_remove))
<BR><BR>[Called By]<UL><LI><a href="#[20f]">&gt;&gt;</a>&nbsp;&nbsp;&nbsp;svcTimerStart
</UL>

<P><STRONG><a name="[4c4]"></a>rt_init_context</STRONG> (Thumb, 66 bytes, Stack size 16 bytes, rt_task.o(i.rt_init_context))
<BR><BR>[Stack]<UL><LI>Max Depth = 32<LI>Call Chain = rt_init_context &rArr; rt_init_stack
</UL>
<BR>[Calls]<UL><LI><a href="#[4c5]">&gt;&gt;</a>&nbsp;&nbsp;&nbsp;rt_init_stack
<LI><a href="#[cf]">&gt;&gt;</a>&nbsp;&nbsp;&nbsp;rt_alloc_box
</UL>
<BR>[Called By]<UL><LI><a href="#[4d7]">&gt;&gt;</a>&nbsp;&nbsp;&nbsp;rt_tsk_create
<LI><a href="#[4d0]">&gt;&gt;</a>&nbsp;&nbsp;&nbsp;rt_sys_init
</UL>

<P><STRONG><a name="[49f]"></a>_printf_core</STRONG> (Thumb, 996 bytes, Stack size 104 bytes, printf8.o(i._printf_core), UNUSED)
<BR><BR>[Calls]<UL><LI><a href="#[4a3]">&gt;&gt;</a>&nbsp;&nbsp;&nbsp;_printf_pre_padding
<LI><a href="#[4a4]">&gt;&gt;</a>&nbsp;&nbsp;&nbsp;_printf_post_padding
<LI><a href="#[236]">&gt;&gt;</a>&nbsp;&nbsp;&nbsp;__aeabi_uldivmod
</UL>
<BR>[Called By]<UL><LI><a href="#[4a1]">&gt;&gt;</a>&nbsp;&nbsp;&nbsp;__0sprintf$8
<LI><a href="#[4a0]">&gt;&gt;</a>&nbsp;&nbsp;&nbsp;__0snprintf$8
<LI><a href="#[49e]">&gt;&gt;</a>&nbsp;&nbsp;&nbsp;__0fprintf$8
</UL>

<P><STRONG><a name="[4a4]"></a>_printf_post_padding</STRONG> (Thumb, 36 bytes, Stack size 24 bytes, printf8.o(i._printf_post_padding), UNUSED)
<BR><BR>[Called By]<UL><LI><a href="#[49f]">&gt;&gt;</a>&nbsp;&nbsp;&nbsp;_printf_core
</UL>

<P><STRONG><a name="[4a3]"></a>_printf_pre_padding</STRONG> (Thumb, 46 bytes, Stack size 24 bytes, printf8.o(i._printf_pre_padding), UNUSED)
<BR><BR>[Called By]<UL><LI><a href="#[49f]">&gt;&gt;</a>&nbsp;&nbsp;&nbsp;_printf_core
</UL>

<P><STRONG><a name="[1d4]"></a>_snputc</STRONG> (Thumb, 22 bytes, Stack size 0 bytes, printf8.o(i._snputc))
<BR>[Address Reference Count : 1]<UL><LI> printf8.o(i.__0snprintf$8)
</UL>
<P><STRONG><a name="[1d5]"></a>_sputc</STRONG> (Thumb, 10 bytes, Stack size 0 bytes, printf8.o(i._sputc))
<BR><BR>[Called By]<UL><LI><a href="#[4a1]">&gt;&gt;</a>&nbsp;&nbsp;&nbsp;__0sprintf$8
</UL>
<BR>[Address Reference Count : 1]<UL><LI> printf8.o(i.__0sprintf$8)
</UL>
<P><STRONG><a name="[4a2]"></a>internal_alloc</STRONG> (Thumb, 76 bytes, Stack size 24 bytes, mallocr.o(i.internal_alloc))
<BR><BR>[Stack]<UL><LI>Max Depth = 24<LI>Call Chain = internal_alloc
</UL>
<BR>[Calls]<UL><LI><a href="#[310]">&gt;&gt;</a>&nbsp;&nbsp;&nbsp;__aeabi_memcpy
</UL>
<BR>[Called By]<UL><LI><a href="#[23f]">&gt;&gt;</a>&nbsp;&nbsp;&nbsp;malloc
</UL>
<P>
<H3>
Undefined Global Symbols
</H3><HR></body></html>
