<html>
<body>
<pre>
<h1>µVision Build Log</h1>
<h2>Tool Versions:</h2>
IDE-Version: ¦ÌVision V5.17.0.0
Copyright (C) 2015 ARM Ltd and ARM Germany GmbH. All rights reserved.
License Information: sundh AutoBVT, Microsoft, LIC=CZLLQ-NU9UN-7RAX3-ASCBA-F98MF-K8GII
 
Tool Versions:
Toolchain:       MDK-ARM Standard  Version: 5.17
Toolchain Path:  D:\Keil_v5\ARM\ARMCC\Bin
C Compiler:      Armcc.exe V5.06 update 1 (build 61)
Assembler:       Armasm.exe V5.06 update 1 (build 61)
Linker/Locator:  ArmLink.exe V5.06 update 1 (build 61)
Library Manager: ArmAr.exe V5.06 update 1 (build 61)
Hex Converter:   FromElf.exe V5.06 update 1 (build 61)
CPU DLL:         SARMCM3.DLL V5.17
Dialog DLL:      DCM.DLL V1.13.4.0
Target DLL:      UL2CM3.DLL V1.156.1.0
Dialog DLL:      TCM.DLL V1.14.6.0
 
<h2>Project:</h2>
E:\PHN\mycode\PplRcd\project\keil5\PplRcd.uvprojx
Project File Date:  03/12/2018

<h2>Output:</h2>
*** Using Compiler 'V5.06 update 1 (build 61)', folder: 'D:\Keil_v5\ARM\ARMCC\Bin'
Build target 'Target 1'
compiling tdd.c...
compiling Cmd_Thread.c...
..\..\APP\Cmd_Thread.c(161): warning:  #177-D: variable "pwr_val" was declared but never referenced
  	char	pwr_val = 1;
..\..\APP\Cmd_Thread.c(162): warning:  #177-D: variable "j" was declared but never referenced
  	char	j;
..\..\APP\Cmd_Thread.c: 2 warnings, 0 errors
compiling system.c...
..\..\APP\system.c(127): warning:  #177-D: variable "retry" was declared but never referenced
  	int 				retry = 5;
..\..\APP\system.c(128): warning:  #177-D: variable "dsp_time" was declared but never referenced
  	uint32_t		dsp_time = 0;
..\..\APP\system.c: 2 warnings, 0 errors
compiling main.c...
compiling Modbus_app.c...
compiling channel_accumulated.c...
compiling hardwareConfig.c...
compiling intrInit.c...
compiling mySystemClock.c...
compiling pinmux.c...
compiling marco.c...
compiling assert.c...
compiling except.c...
compiling cycQueue.c...
compiling power.c...
..\..\BSP\power.c(53): warning:  #177-D: variable "pwr_code" was declared but never referenced
  	int			pwr_code = PWR_PIN_CODE;
..\..\BSP\power.c: 1 warning, 0 errors
compiling smart_bus.c...
compiling rtx_depend.c...
compiling mem.c...
compiling list.c...
compiling modbusRTU_cli.c...
compiling bit.c...
compiling Ping_PongBuf.c...
compiling crc.c...
E:\sdhLib\src\arithmetic\crc.c(48): warning:  #177-D: variable "p" was declared but never referenced
  	uint8_t		*p = puchMsg;
E:\sdhLib\src\arithmetic\crc.c(49): warning:  #177-D: variable "old_len" was declared but never referenced
  	uint16_t	old_len = usDataLen;
E:\sdhLib\src\arithmetic\crc.c: 2 warnings, 0 errors
compiling drive_IIC.c...
compiling drive_gpio.c...
compiling device.c...
compiling drive_spi.c...
compiling drive_uart.c...
compiling dev_lcd.c...
compiling dev_char.c...
compiling dev_uart.c...
compiling dev_spi.c...
compiling dev_IIC.c...
compiling dev_LcdUsartGpu.c...
compiling Gh_None.c...
compiling testGlyph.c...
compiling device_gpio.c...
compiling Gh_Pic.c...
compiling Gh_txt.c...
compiling Gh_Rectangle.c...
compiling glyph.c...
compiling expression.c...
compiling Reader.c...
compiling TxtExpr.c...
compiling ExpFactory.c...
compiling NtButton.c...
compiling NtInput.c...
compiling GeometricsExpr.c...
compiling PicExpr.c...
compiling FM25.c...
..\..\utils\FM25.c(349): warning:  #14-D: extra text after expected end of preprocessing directive
  #else FM25_DEVTYPE == FM25L64B
..\..\utils\FM25.c: 1 warning, 0 errors
compiling hw_w25q.c...
compiling keyboard.c...
compiling rtc.c...
compiling Storage.c...
compiling rtc_pcf8563.c...
compiling times.c...
compiling sheet.c...
compiling PHN_string.c...
compiling sheetMemento.c...
compiling focus.c...
compiling Component_Button.c...
compiling chnInfoPic.c...
compiling format.c...
compiling HMIFactory.c...
compiling HMI.c...
compiling Component_progress_bar.c...
compiling HMI_striped_background.c...
compiling HMI_curve.c...
compiling HMI_Accumulate .c...
compiling Component_curve.c...
compiling Component_tips.c...
compiling HMI_barGraph.c...
compiling HMI_comm.c...
compiling HMI_data.c...
compiling HMI_keyboard.c...
compiling HMI_main.c...
compiling HMI_menu.c...
compiling HMI_news_select.c...
compiling HMI_setup.c...
compiling STG_ACC_day.c...
compiling HMI_windowns.c...
compiling STG_news_power.c...
compiling STG_news_alarm.c...
compiling STG_ACC_month.c...
compiling STG_set_arithmetic.c...
compiling STG_set_accumulate.c...
compiling STG_set_alarm.c...
compiling STG_set_channel.c...
compiling STG_set_dataBackUp.c...
compiling STG_set_dataPrint.c...
compiling Model.c...
compiling STG_set_system.c...
..\..\HMI\STG_set_system.c(458): warning:  #550-D: variable "ret" was set but never used
  	int								ret = RET_OK;
..\..\HMI\STG_set_system.c: 1 warning, 0 errors
compiling STG_set_view.c...
compiling ModelFactory.c...
compiling Model_channel.c...
compiling Controller.c...
compiling ModelTime.c...
compiling CtlKey.c...
compiling CtlTimer.c...
compiling Ch376.c...
..\..\USB\Ch376.c(480): warning:  #111-D: statement is unreachable
  	Ch376_enbale_Irq(1);
..\..\USB\Ch376.c: 1 warning, 0 errors
compiling Usb.c...
compiling easy_fs.c...
compiling RTX_Conf_CM.c...
compiling misc.c...
compiling stm32f10x_dma.c...
compiling stm32f10x_exti.c...
compiling stm32f10x_flash.c...
compiling stm32f10x_gpio.c...
compiling stm32f10x_i2c.c...
compiling stm32f10x_pwr.c...
compiling stm32f10x_rcc.c...
compiling stm32f10x_spi.c...
compiling stm32f10x_usart.c...
compiling stm32f10x_tim.c...
assembling startup_stm32f10x_hd.s...
compiling system_stm32f10x.c...
linking...
Program Size: Code=109720 RO-data=5496 RW-data=2116 ZI-data=44596  
".\Objects\PplRcd.axf" - 0 Error(s), 10 Warning(s).

<h2>Software Packages used:</h2>

Package Vendor: ARM
                http://www.keil.com/pack/ARM.CMSIS.4.5.0.pack
                ::CMSIS:RTOS:1.0 (API)
                CMSIS (Cortex Microcontroller Software Interface Standard)
   * Component: RTOS Version: 1.0
   * Component: CORE Version: 4.3.0
   * Component: Keil RTX Version: 4.80.0

Package Vendor: Keil
                http://www.keil.com/pack/Keil.STM32F1xx_DFP.2.1.0.pack
                Keil::Device:Startup:1.0.0
                STMicroelectronics STM32F1 Series Device Support, Drivers and Examples
   * Component: Startup Version: 1.0.0
   * Component: Framework Version: 3.5.1
   * Component: DMA Version: 3.5.0
   * Component: EXTI Version: 3.5.0
   * Component: Flash Version: 3.5.0
   * Component: GPIO Version: 3.5.0
   * Component: I2C Version: 3.5.0
   * Component: PWR Version: 3.5.0
   * Component: RCC Version: 3.5.0
   * Component: SPI Version: 3.5.0
   * Component: TIM Version: 3.5.0
   * Component: USART Version: 3.5.0

<h2>Collection of Component include folders:</h2>
  E:\PHN\mycode\PplRcd\project\keil5\RTE
  E:\PHN\mycode\PplRcd\project\keil5\RTE\Device\STM32F103VC
  D:\Keil_v5\ARM\PACK\ARM\CMSIS\4.5.0\CMSIS\Include
  D:\Keil_v5\ARM\PACK\ARM\CMSIS\4.5.0\CMSIS\RTOS\RTX\INC
  D:\Keil_v5\ARM\PACK\Keil\STM32F1xx_DFP\2.1.0\Device\Include
  D:\Keil_v5\ARM\PACK\Keil\STM32F1xx_DFP\2.1.0\Device\StdPeriph_Driver\inc

<h2>Collection of Component Files used:</h2>

   * Component: ::CMSIS:RTOS:1.0 (API)

   * Component: ARM::CMSIS:CORE:4.3.0

   * Component: ARM::CMSIS:RTOS:Keil RTX:4.80.0
      Include file:  CMSIS\RTOS\RTX\INC\cmsis_os.h
      Source file:   CMSIS\RTOS\RTX\Templates\RTX_Conf_CM.c
      Include file:  CMSIS\RTOS\RTX\UserCodeTemplates\osObjects.h
      Source file:   CMSIS\RTOS\RTX\UserCodeTemplates\main.c
      Source file:   CMSIS\RTOS\RTX\UserCodeTemplates\MailQueue.c
      Source file:   CMSIS\RTOS\RTX\UserCodeTemplates\MemPool.c
      Source file:   CMSIS\RTOS\RTX\UserCodeTemplates\MsgQueue.c
      Source file:   CMSIS\RTOS\RTX\UserCodeTemplates\Mutex.c
      Source file:   CMSIS\RTOS\RTX\UserCodeTemplates\Semaphore.c
      Source file:   CMSIS\RTOS\RTX\UserCodeTemplates\Thread.c
      Source file:   CMSIS\RTOS\RTX\UserCodeTemplates\Timer.c
      Source file:   CMSIS\RTOS\RTX\SRC\ARM\SVC_Table.s
      Library file:  CMSIS\RTOS\RTX\LIB\ARM\RTX_CM3.lib

   * Component: Keil::Device:Startup:1.0.0
      Source file:   Device\Source\ARM\STM32F1xx_OPT.s
      Source file:   Device\Source\ARM\startup_stm32f10x_hd.s
      Source file:   Device\Source\system_stm32f10x.c
      Include file:  RTE_Driver\Config\RTE_Device.h

   * Component: Keil::Device:StdPeriph Drivers:Framework:3.5.1
      Include file:  Device\StdPeriph_Driver\inc\misc.h
      Source file:   Device\StdPeriph_Driver\src\misc.c
      Source file:   Device\StdPeriph_Driver\templates\stm32f10x_conf.h
      Include file:  Device\StdPeriph_Driver\templates\stm32f10x_it.h
      Source file:   Device\StdPeriph_Driver\templates\stm32f10x_it.c

   * Component: Keil::Device:StdPeriph Drivers:DMA:3.5.0
      Include file:  Device\StdPeriph_Driver\inc\stm32f10x_dma.h
      Source file:   Device\StdPeriph_Driver\src\stm32f10x_dma.c

   * Component: Keil::Device:StdPeriph Drivers:EXTI:3.5.0
      Include file:  Device\StdPeriph_Driver\inc\stm32f10x_exti.h
      Source file:   Device\StdPeriph_Driver\src\stm32f10x_exti.c

   * Component: Keil::Device:StdPeriph Drivers:Flash:3.5.0
      Include file:  Device\StdPeriph_Driver\inc\stm32f10x_flash.h
      Source file:   Device\StdPeriph_Driver\src\stm32f10x_flash.c

   * Component: Keil::Device:StdPeriph Drivers:GPIO:3.5.0
      Include file:  Device\StdPeriph_Driver\inc\stm32f10x_gpio.h
      Source file:   Device\StdPeriph_Driver\src\stm32f10x_gpio.c

   * Component: Keil::Device:StdPeriph Drivers:I2C:3.5.0
      Include file:  Device\StdPeriph_Driver\inc\stm32f10x_i2c.h
      Source file:   Device\StdPeriph_Driver\src\stm32f10x_i2c.c

   * Component: Keil::Device:StdPeriph Drivers:PWR:3.5.0
      Include file:  Device\StdPeriph_Driver\inc\stm32f10x_pwr.h
      Source file:   Device\StdPeriph_Driver\src\stm32f10x_pwr.c

   * Component: Keil::Device:StdPeriph Drivers:RCC:3.5.0
      Include file:  Device\StdPeriph_Driver\inc\stm32f10x_rcc.h
      Source file:   Device\StdPeriph_Driver\src\stm32f10x_rcc.c

   * Component: Keil::Device:StdPeriph Drivers:SPI:3.5.0
      Include file:  Device\StdPeriph_Driver\inc\stm32f10x_spi.h
      Source file:   Device\StdPeriph_Driver\src\stm32f10x_spi.c

   * Component: Keil::Device:StdPeriph Drivers:TIM:3.5.0
      Include file:  Device\StdPeriph_Driver\inc\stm32f10x_tim.h
      Source file:   Device\StdPeriph_Driver\src\stm32f10x_tim.c

   * Component: Keil::Device:StdPeriph Drivers:USART:3.5.0
      Include file:  Device\StdPeriph_Driver\inc\stm32f10x_usart.h
      Source file:   Device\StdPeriph_Driver\src\stm32f10x_usart.c
Build Time Elapsed:  00:00:45
</pre>
</body>
</html>
