<!doctype html public "-//w3c//dtd html 4.0 transitional//en">
<html><head>
<title>Static Call Graph - [.\Objects\PplRcd.axf]</title></head>
<body><HR>
<H1>Static Call Graph for image .\Objects\PplRcd.axf</H1><HR>
<BR><P>#&#060CALLGRAPH&#062# ARM Linker, 5050106: Last Updated: Thu May 11 22:37:46 2017
<BR><P>
<H3>Maximum Stack Usage =        176 bytes + Unknown(Cycles, Untraceable Function Pointers)</H3><H3>
Call chain for Maximum Stack Depth:</H3>
GhTxt_Draw &rArr; Dev_open &rArr; DevChar_open &rArr; Get_DevUart2 &rArr; Dev_Uart2_new &rArr; malloc &rArr; internal_alloc
<P>
<H3>
Mutually Recursive functions
</H3> <LI><a href="#[4e]">rt_alloc_box</a>&nbsp;&nbsp;&nbsp;&rArr;&nbsp;&nbsp;&nbsp;<a href="#[4e]">rt_alloc_box</a><BR>
 <LI><a href="#[9]">NMI_Handler</a>&nbsp;&nbsp;&nbsp;&rArr;&nbsp;&nbsp;&nbsp;<a href="#[9]">NMI_Handler</a><BR>
 <LI><a href="#[a]">HardFault_Handler</a>&nbsp;&nbsp;&nbsp;&rArr;&nbsp;&nbsp;&nbsp;<a href="#[a]">HardFault_Handler</a><BR>
 <LI><a href="#[b]">MemManage_Handler</a>&nbsp;&nbsp;&nbsp;&rArr;&nbsp;&nbsp;&nbsp;<a href="#[b]">MemManage_Handler</a><BR>
 <LI><a href="#[c]">BusFault_Handler</a>&nbsp;&nbsp;&nbsp;&rArr;&nbsp;&nbsp;&nbsp;<a href="#[c]">BusFault_Handler</a><BR>
 <LI><a href="#[d]">UsageFault_Handler</a>&nbsp;&nbsp;&nbsp;&rArr;&nbsp;&nbsp;&nbsp;<a href="#[d]">UsageFault_Handler</a><BR>
 <LI><a href="#[f]">DebugMon_Handler</a>&nbsp;&nbsp;&nbsp;&rArr;&nbsp;&nbsp;&nbsp;<a href="#[f]">DebugMon_Handler</a><BR>
 <LI><a href="#[24]">ADC1_2_IRQHandler</a>&nbsp;&nbsp;&nbsp;&rArr;&nbsp;&nbsp;&nbsp;<a href="#[24]">ADC1_2_IRQHandler</a><BR>
</UL>
<P>
<H3>
Function Pointers
</H3><UL>
 <LI><a href="#[24]">ADC1_2_IRQHandler</a> from startup_stm32f10x_hd.o(.text) referenced from startup_stm32f10x_hd.o(RESET)
 <LI><a href="#[41]">ADC3_IRQHandler</a> from startup_stm32f10x_hd.o(.text) referenced from startup_stm32f10x_hd.o(RESET)
 <LI><a href="#[c]">BusFault_Handler</a> from startup_stm32f10x_hd.o(.text) referenced from startup_stm32f10x_hd.o(RESET)
 <LI><a href="#[27]">CAN1_RX1_IRQHandler</a> from startup_stm32f10x_hd.o(.text) referenced from startup_stm32f10x_hd.o(RESET)
 <LI><a href="#[28]">CAN1_SCE_IRQHandler</a> from startup_stm32f10x_hd.o(.text) referenced from startup_stm32f10x_hd.o(RESET)
 <LI><a href="#[4]">ClearLcd</a> from dev_lcdusartgpu.o(i.ClearLcd) referenced 2 times from dev_lcdusartgpu.o(.data)
 <LI><a href="#[55]">Ction_AddRow</a> from composition.o(i.Ction_AddRow) referenced from composition.o(i.Composition_ctor)
 <LI><a href="#[53]">Ction_Clean</a> from composition.o(i.Ction_Clean) referenced from composition.o(i.Composition_ctor)
 <LI><a href="#[54]">Ction_Insert</a> from composition.o(i.Ction_Insert) referenced from composition.o(i.Composition_ctor)
 <LI><a href="#[1d]">DMA1_Channel1_IRQHandler</a> from startup_stm32f10x_hd.o(.text) referenced from startup_stm32f10x_hd.o(RESET)
 <LI><a href="#[1e]">DMA1_Channel2_IRQHandler</a> from startup_stm32f10x_hd.o(.text) referenced from startup_stm32f10x_hd.o(RESET)
 <LI><a href="#[1f]">DMA1_Channel3_IRQHandler</a> from startup_stm32f10x_hd.o(.text) referenced from startup_stm32f10x_hd.o(RESET)
 <LI><a href="#[20]">DMA1_Channel4_IRQHandler</a> from drive_uart.o(i.DMA1_Channel4_IRQHandler) referenced from startup_stm32f10x_hd.o(RESET)
 <LI><a href="#[21]">DMA1_Channel5_IRQHandler</a> from drive_uart.o(i.DMA1_Channel5_IRQHandler) referenced from startup_stm32f10x_hd.o(RESET)
 <LI><a href="#[22]">DMA1_Channel6_IRQHandler</a> from drive_uart.o(i.DMA1_Channel6_IRQHandler) referenced from startup_stm32f10x_hd.o(RESET)
 <LI><a href="#[23]">DMA1_Channel7_IRQHandler</a> from drive_uart.o(i.DMA1_Channel7_IRQHandler) referenced from startup_stm32f10x_hd.o(RESET)
 <LI><a href="#[4a]">DMA2_Channel1_IRQHandler</a> from startup_stm32f10x_hd.o(.text) referenced from startup_stm32f10x_hd.o(RESET)
 <LI><a href="#[4b]">DMA2_Channel2_IRQHandler</a> from startup_stm32f10x_hd.o(.text) referenced from startup_stm32f10x_hd.o(RESET)
 <LI><a href="#[4c]">DMA2_Channel3_IRQHandler</a> from startup_stm32f10x_hd.o(.text) referenced from startup_stm32f10x_hd.o(RESET)
 <LI><a href="#[4d]">DMA2_Channel4_5_IRQHandler</a> from startup_stm32f10x_hd.o(.text) referenced from startup_stm32f10x_hd.o(RESET)
 <LI><a href="#[f]">DebugMon_Handler</a> from startup_stm32f10x_hd.o(.text) referenced from startup_stm32f10x_hd.o(RESET)
 <LI><a href="#[57]">Dev_Uart1_close</a> from dev_uart1.o(i.Dev_Uart1_close) referenced from dev_uart1.o(i.Dev_Uart1_ctor)
 <LI><a href="#[5a]">Dev_Uart1_ioctol</a> from dev_uart1.o(i.Dev_Uart1_ioctol) referenced from dev_uart1.o(i.Dev_Uart1_ctor)
 <LI><a href="#[56]">Dev_Uart1_open</a> from dev_uart1.o(i.Dev_Uart1_open) referenced from dev_uart1.o(i.Dev_Uart1_ctor)
 <LI><a href="#[58]">Dev_Uart1_read</a> from dev_uart1.o(i.Dev_Uart1_read) referenced from dev_uart1.o(i.Dev_Uart1_ctor)
 <LI><a href="#[5b]">Dev_Uart1_test</a> from dev_uart1.o(i.Dev_Uart1_test) referenced from dev_uart1.o(i.Dev_Uart1_ctor)
 <LI><a href="#[59]">Dev_Uart1_write</a> from dev_uart1.o(i.Dev_Uart1_write) referenced from dev_uart1.o(i.Dev_Uart1_ctor)
 <LI><a href="#[63]">Dev_Uart2_close</a> from dev_uart2.o(i.Dev_Uart2_close) referenced from dev_uart2.o(i.Dev_Uart2_ctor)
 <LI><a href="#[66]">Dev_Uart2_ioctol</a> from dev_uart2.o(i.Dev_Uart2_ioctol) referenced from dev_uart2.o(i.Dev_Uart2_ctor)
 <LI><a href="#[62]">Dev_Uart2_open</a> from dev_uart2.o(i.Dev_Uart2_open) referenced from dev_uart2.o(i.Dev_Uart2_ctor)
 <LI><a href="#[64]">Dev_Uart2_read</a> from dev_uart2.o(i.Dev_Uart2_read) referenced from dev_uart2.o(i.Dev_Uart2_ctor)
 <LI><a href="#[67]">Dev_Uart2_test</a> from dev_uart2.o(i.Dev_Uart2_test) referenced from dev_uart2.o(i.Dev_Uart2_ctor)
 <LI><a href="#[65]">Dev_Uart2_write</a> from dev_uart2.o(i.Dev_Uart2_write) referenced from dev_uart2.o(i.Dev_Uart2_ctor)
 <LI><a href="#[2]">Dev_UsartInit</a> from dev_lcdusartgpu.o(i.Dev_UsartInit) referenced 2 times from dev_lcdusartgpu.o(.data)
 <LI><a href="#[3]">Dev_UsartdeInit</a> from dev_lcdusartgpu.o(i.Dev_UsartdeInit) referenced 2 times from dev_lcdusartgpu.o(.data)
 <LI><a href="#[18]">EXTI0_IRQHandler</a> from startup_stm32f10x_hd.o(.text) referenced from startup_stm32f10x_hd.o(RESET)
 <LI><a href="#[3a]">EXTI15_10_IRQHandler</a> from startup_stm32f10x_hd.o(.text) referenced from startup_stm32f10x_hd.o(RESET)
 <LI><a href="#[19]">EXTI1_IRQHandler</a> from startup_stm32f10x_hd.o(.text) referenced from startup_stm32f10x_hd.o(RESET)
 <LI><a href="#[1a]">EXTI2_IRQHandler</a> from startup_stm32f10x_hd.o(.text) referenced from startup_stm32f10x_hd.o(RESET)
 <LI><a href="#[1b]">EXTI3_IRQHandler</a> from startup_stm32f10x_hd.o(.text) referenced from startup_stm32f10x_hd.o(RESET)
 <LI><a href="#[1c]">EXTI4_IRQHandler</a> from startup_stm32f10x_hd.o(.text) referenced from startup_stm32f10x_hd.o(RESET)
 <LI><a href="#[29]">EXTI9_5_IRQHandler</a> from startup_stm32f10x_hd.o(.text) referenced from startup_stm32f10x_hd.o(RESET)
 <LI><a href="#[16]">FLASH_IRQHandler</a> from startup_stm32f10x_hd.o(.text) referenced from startup_stm32f10x_hd.o(RESET)
 <LI><a href="#[42]">FSMC_IRQHandler</a> from startup_stm32f10x_hd.o(.text) referenced from startup_stm32f10x_hd.o(RESET)
 <LI><a href="#[70]">GhTxt_Clean</a> from gh_txt.o(i.GhTxt_Clean) referenced from gh_txt.o(i.GhTxt_ctor)
 <LI><a href="#[72]">GhTxt_Draw</a> from gh_txt.o(i.GhTxt_Draw) referenced from gh_txt.o(i.GhTxt_ctor)
 <LI><a href="#[73]">GhTxt_Flush</a> from gh_txt.o(i.GhTxt_Flush) referenced from gh_txt.o(i.GhTxt_ctor)
 <LI><a href="#[75]">GhTxt_GetHeight</a> from gh_txt.o(i.GhTxt_GetHeight) referenced from gh_txt.o(i.GhTxt_ctor)
 <LI><a href="#[76]">GhTxt_GetNum</a> from gh_txt.o(i.GhTxt_GetNum) referenced from gh_txt.o(i.GhTxt_ctor)
 <LI><a href="#[74]">GhTxt_GetWidth</a> from gh_txt.o(i.GhTxt_GetWidth) referenced from gh_txt.o(i.GhTxt_ctor)
 <LI><a href="#[71]">GhTxt_Insert</a> from gh_txt.o(i.GhTxt_Insert) referenced from gh_txt.o(i.GhTxt_ctor)
 <LI><a href="#[6]">GpuStrSize</a> from dev_lcdusartgpu.o(i.GpuStrSize) referenced 2 times from dev_lcdusartgpu.o(.data)
 <LI><a href="#[5]">GpuWrString</a> from dev_lcdusartgpu.o(i.GpuWrString) referenced 2 times from dev_lcdusartgpu.o(.data)
 <LI><a href="#[a]">HardFault_Handler</a> from startup_stm32f10x_hd.o(.text) referenced from startup_stm32f10x_hd.o(RESET)
 <LI><a href="#[32]">I2C1_ER_IRQHandler</a> from startup_stm32f10x_hd.o(.text) referenced from startup_stm32f10x_hd.o(RESET)
 <LI><a href="#[31]">I2C1_EV_IRQHandler</a> from startup_stm32f10x_hd.o(.text) referenced from startup_stm32f10x_hd.o(RESET)
 <LI><a href="#[34]">I2C2_ER_IRQHandler</a> from startup_stm32f10x_hd.o(.text) referenced from startup_stm32f10x_hd.o(RESET)
 <LI><a href="#[33]">I2C2_EV_IRQHandler</a> from startup_stm32f10x_hd.o(.text) referenced from startup_stm32f10x_hd.o(RESET)
 <LI><a href="#[77]">Init</a> from glyph.o(i.Init) referenced from glyph.o(i.Glyph_ctor)
 <LI><a href="#[b]">MemManage_Handler</a> from startup_stm32f10x_hd.o(.text) referenced from startup_stm32f10x_hd.o(RESET)
 <LI><a href="#[9]">NMI_Handler</a> from startup_stm32f10x_hd.o(.text) referenced from startup_stm32f10x_hd.o(RESET)
 <LI><a href="#[13]">PVD_IRQHandler</a> from startup_stm32f10x_hd.o(.text) referenced from startup_stm32f10x_hd.o(RESET)
 <LI><a href="#[10]">PendSV_Handler</a> from hal_cm3.o(.emb_text) referenced from startup_stm32f10x_hd.o(RESET)
 <LI><a href="#[17]">RCC_IRQHandler</a> from startup_stm32f10x_hd.o(.text) referenced from startup_stm32f10x_hd.o(RESET)
 <LI><a href="#[3b]">RTCAlarm_IRQHandler</a> from startup_stm32f10x_hd.o(.text) referenced from startup_stm32f10x_hd.o(RESET)
 <LI><a href="#[15]">RTC_IRQHandler</a> from startup_stm32f10x_hd.o(.text) referenced from startup_stm32f10x_hd.o(RESET)
 <LI><a href="#[8]">Reset_Handler</a> from startup_stm32f10x_hd.o(.text) referenced from startup_stm32f10x_hd.o(RESET)
 <LI><a href="#[43]">SDIO_IRQHandler</a> from startup_stm32f10x_hd.o(.text) referenced from startup_stm32f10x_hd.o(RESET)
 <LI><a href="#[35]">SPI1_IRQHandler</a> from startup_stm32f10x_hd.o(.text) referenced from startup_stm32f10x_hd.o(RESET)
 <LI><a href="#[36]">SPI2_IRQHandler</a> from startup_stm32f10x_hd.o(.text) referenced from startup_stm32f10x_hd.o(RESET)
 <LI><a href="#[45]">SPI3_IRQHandler</a> from startup_stm32f10x_hd.o(.text) referenced from startup_stm32f10x_hd.o(RESET)
 <LI><a href="#[e]">SVC_Handler</a> from hal_cm3.o(.emb_text) referenced from startup_stm32f10x_hd.o(RESET)
 <LI><a href="#[79]">SetClu</a> from glyph.o(i.SetClu) referenced from glyph.o(i.Glyph_ctor)
 <LI><a href="#[6f]">SetCtion</a> from expression.o(i.SetCtion) referenced from expression.o(i.Expr_ctor)
 <LI><a href="#[52]">SetCtor</a> from composition.o(i.SetCtor) referenced from composition.o(i.Composition_ctor)
 <LI><a href="#[78]">SetFont</a> from glyph.o(i.SetFont) referenced from glyph.o(i.Glyph_ctor)
 <LI><a href="#[6e]">SetVar</a> from expression.o(i.SetVar) referenced from expression.o(i.Expr_ctor)
 <LI><a href="#[7a]">Simp_Compose</a> from simplecompositor.o(i.Simp_Compose) referenced from simplecompositor.o(i.SimpCtor_ctor)
 <LI><a href="#[11]">SysTick_Handler</a> from hal_cm3.o(.emb_text) referenced from startup_stm32f10x_hd.o(RESET)
 <LI><a href="#[50]">SystemInit</a> from system_stm32f10x.o(i.SystemInit) referenced from startup_stm32f10x_hd.o(.text)
 <LI><a href="#[14]">TAMPER_IRQHandler</a> from startup_stm32f10x_hd.o(.text) referenced from startup_stm32f10x_hd.o(RESET)
 <LI><a href="#[2a]">TIM1_BRK_IRQHandler</a> from startup_stm32f10x_hd.o(.text) referenced from startup_stm32f10x_hd.o(RESET)
 <LI><a href="#[2d]">TIM1_CC_IRQHandler</a> from startup_stm32f10x_hd.o(.text) referenced from startup_stm32f10x_hd.o(RESET)
 <LI><a href="#[2c]">TIM1_TRG_COM_IRQHandler</a> from startup_stm32f10x_hd.o(.text) referenced from startup_stm32f10x_hd.o(RESET)
 <LI><a href="#[2b]">TIM1_UP_IRQHandler</a> from startup_stm32f10x_hd.o(.text) referenced from startup_stm32f10x_hd.o(RESET)
 <LI><a href="#[2e]">TIM2_IRQHandler</a> from startup_stm32f10x_hd.o(.text) referenced from startup_stm32f10x_hd.o(RESET)
 <LI><a href="#[2f]">TIM3_IRQHandler</a> from startup_stm32f10x_hd.o(.text) referenced from startup_stm32f10x_hd.o(RESET)
 <LI><a href="#[30]">TIM4_IRQHandler</a> from startup_stm32f10x_hd.o(.text) referenced from startup_stm32f10x_hd.o(RESET)
 <LI><a href="#[44]">TIM5_IRQHandler</a> from startup_stm32f10x_hd.o(.text) referenced from startup_stm32f10x_hd.o(RESET)
 <LI><a href="#[48]">TIM6_IRQHandler</a> from startup_stm32f10x_hd.o(.text) referenced from startup_stm32f10x_hd.o(RESET)
 <LI><a href="#[49]">TIM7_IRQHandler</a> from startup_stm32f10x_hd.o(.text) referenced from startup_stm32f10x_hd.o(RESET)
 <LI><a href="#[3d]">TIM8_BRK_IRQHandler</a> from startup_stm32f10x_hd.o(.text) referenced from startup_stm32f10x_hd.o(RESET)
 <LI><a href="#[40]">TIM8_CC_IRQHandler</a> from startup_stm32f10x_hd.o(.text) referenced from startup_stm32f10x_hd.o(RESET)
 <LI><a href="#[3f]">TIM8_TRG_COM_IRQHandler</a> from startup_stm32f10x_hd.o(.text) referenced from startup_stm32f10x_hd.o(RESET)
 <LI><a href="#[3e]">TIM8_UP_IRQHandler</a> from startup_stm32f10x_hd.o(.text) referenced from startup_stm32f10x_hd.o(RESET)
 <LI><a href="#[7b]">TxtInterpret</a> from txtexpr.o(i.TxtInterpret) referenced from txtexpr.o(i.TxtExpr_ctor)
 <LI><a href="#[46]">UART4_IRQHandler</a> from startup_stm32f10x_hd.o(.text) referenced from startup_stm32f10x_hd.o(RESET)
 <LI><a href="#[47]">UART5_IRQHandler</a> from startup_stm32f10x_hd.o(.text) referenced from startup_stm32f10x_hd.o(RESET)
 <LI><a href="#[37]">USART1_IRQHandler</a> from drive_uart.o(i.USART1_IRQHandler) referenced from startup_stm32f10x_hd.o(RESET)
 <LI><a href="#[38]">USART2_IRQHandler</a> from drive_uart.o(i.USART2_IRQHandler) referenced from startup_stm32f10x_hd.o(RESET)
 <LI><a href="#[39]">USART3_IRQHandler</a> from startup_stm32f10x_hd.o(.text) referenced from startup_stm32f10x_hd.o(RESET)
 <LI><a href="#[3c]">USBWakeUp_IRQHandler</a> from startup_stm32f10x_hd.o(.text) referenced from startup_stm32f10x_hd.o(RESET)
 <LI><a href="#[25]">USB_HP_CAN1_TX_IRQHandler</a> from startup_stm32f10x_hd.o(.text) referenced from startup_stm32f10x_hd.o(RESET)
 <LI><a href="#[26]">USB_LP_CAN1_RX0_IRQHandler</a> from startup_stm32f10x_hd.o(.text) referenced from startup_stm32f10x_hd.o(RESET)
 <LI><a href="#[60]">Uart1LedRxHdl</a> from dev_uart1.o(i.Uart1LedRxHdl) referenced from dev_uart1.o(i.Dev_Uart1_open)
 <LI><a href="#[61]">Uart1LedTxHdl</a> from dev_uart1.o(i.Uart1LedTxHdl) referenced from dev_uart1.o(i.Dev_Uart1_open)
 <LI><a href="#[5e]">Uart1PostRxSem</a> from dev_uart1.o(i.Uart1PostRxSem) referenced from dev_uart1.o(i.Dev_Uart1_open)
 <LI><a href="#[5f]">Uart1PostTxSem</a> from dev_uart1.o(i.Uart1PostTxSem) referenced from dev_uart1.o(i.Dev_Uart1_open)
 <LI><a href="#[5c]">Uart1WaitRxSem</a> from dev_uart1.o(i.Uart1WaitRxSem) referenced from dev_uart1.o(i.Dev_Uart1_open)
 <LI><a href="#[5d]">Uart1WaitTxSem</a> from dev_uart1.o(i.Uart1WaitTxSem) referenced from dev_uart1.o(i.Dev_Uart1_open)
 <LI><a href="#[6c]">Uart2LedRxHdl</a> from dev_uart2.o(i.Uart2LedRxHdl) referenced from dev_uart2.o(i.Dev_Uart2_open)
 <LI><a href="#[6d]">Uart2LedTxHdl</a> from dev_uart2.o(i.Uart2LedTxHdl) referenced from dev_uart2.o(i.Dev_Uart2_open)
 <LI><a href="#[6a]">Uart2PostRxSem</a> from dev_uart2.o(i.Uart2PostRxSem) referenced from dev_uart2.o(i.Dev_Uart2_open)
 <LI><a href="#[6b]">Uart2PostTxSem</a> from dev_uart2.o(i.Uart2PostTxSem) referenced from dev_uart2.o(i.Dev_Uart2_open)
 <LI><a href="#[68]">Uart2WaitRxSem</a> from dev_uart2.o(i.Uart2WaitRxSem) referenced from dev_uart2.o(i.Dev_Uart2_open)
 <LI><a href="#[69]">Uart2WaitTxSem</a> from dev_uart2.o(i.Uart2WaitTxSem) referenced from dev_uart2.o(i.Dev_Uart2_open)
 <LI><a href="#[7f]">UartDeInit</a> from drive_uart.o(i.UartDeInit) referenced from drive_uart.o(i.driveUart_ctor)
 <LI><a href="#[82]">UartGiveBackPlayloadBuf</a> from drive_uart.o(i.UartGiveBackPlayloadBuf) referenced from drive_uart.o(i.driveUart_ctor)
 <LI><a href="#[7e]">UartInit</a> from drive_uart.o(i.UartInit) referenced from drive_uart.o(i.driveUart_ctor)
 <LI><a href="#[84]">UartIoctol</a> from drive_uart.o(i.UartIoctol) referenced from drive_uart.o(i.driveUart_ctor)
 <LI><a href="#[80]">UartRead</a> from drive_uart.o(i.UartRead) referenced from drive_uart.o(i.driveUart_ctor)
 <LI><a href="#[86]">UartSetIdp</a> from drive_uart.o(i.UartSetIdp) referenced from drive_uart.o(i.driveUart_ctor)
 <LI><a href="#[85]">UartSetLedHdl</a> from drive_uart.o(i.UartSetLedHdl) referenced from drive_uart.o(i.driveUart_ctor)
 <LI><a href="#[88]">UartSetPostSem</a> from drive_uart.o(i.UartSetPostSem) referenced from drive_uart.o(i.driveUart_ctor)
 <LI><a href="#[87]">UartSetWaitSem</a> from drive_uart.o(i.UartSetWaitSem) referenced from drive_uart.o(i.driveUart_ctor)
 <LI><a href="#[81]">UartTakeUpPlayloadBuf</a> from drive_uart.o(i.UartTakeUpPlayloadBuf) referenced from drive_uart.o(i.driveUart_ctor)
 <LI><a href="#[89]">UartTest</a> from drive_uart.o(i.UartTest) referenced from drive_uart.o(i.driveUart_ctor)
 <LI><a href="#[83]">UartWrite</a> from drive_uart.o(i.UartWrite) referenced from drive_uart.o(i.driveUart_ctor)
 <LI><a href="#[d]">UsageFault_Handler</a> from startup_stm32f10x_hd.o(.text) referenced from startup_stm32f10x_hd.o(RESET)
 <LI><a href="#[12]">WWDG_IRQHandler</a> from startup_stm32f10x_hd.o(.text) referenced from startup_stm32f10x_hd.o(RESET)
 <LI><a href="#[51]">__main</a> from entry.o(.ARM.Collect$$$$00000000) referenced from startup_stm32f10x_hd.o(.text)
 <LI><a href="#[7d]">_sputc</a> from printf5.o(i._sputc) referenced from printf5.o(i.__0sprintf$5)
 <LI><a href="#[7c]">fputc</a> from main.o(i.fputc) referenced from printf5.o(i.__0printf$5)
 <LI><a href="#[7]">main</a> from main.o(i.main) referenced 2 times from rtx_conf_cm.o(.data)
 <LI><a href="#[97]">osThreadExit</a> from rt_cmsis.o(i.osThreadExit) referenced from rt_cmsis.o(i.svcThreadCreate)
 <LI><a href="#[98]">osTimerThread</a> from rt_cmsis.o(i.osTimerThread) referenced from rtx_conf_cm.o(.constdata)
 <LI><a href="#[96]">os_idle_demon</a> from rtx_conf_cm.o(i.os_idle_demon) referenced from rt_task.o(i.rt_sys_init)
 <LI><a href="#[4e]">rt_alloc_box</a> from rt_membox.o(i.rt_alloc_box) referenced from hal_cm3.o(.emb_text)
 <LI><a href="#[4f]">rt_free_box</a> from rt_membox.o(i.rt_free_box) referenced from hal_cm3.o(.emb_text)
 <LI><a href="#[8a]">svcDelay</a> from rt_cmsis.o(i.svcDelay) referenced from rt_cmsis.o(i.osDelay)
 <LI><a href="#[8b]">svcKernelInitialize</a> from rt_cmsis.o(i.svcKernelInitialize) referenced from rt_cmsis.o(i.osKernelInitialize)
 <LI><a href="#[8c]">svcKernelStart</a> from rt_cmsis.o(i.svcKernelStart) referenced from rt_cmsis.o(i.osKernelStart)
 <LI><a href="#[8d]">svcMessageGet</a> from rt_cmsis.o(i.svcMessageGet) referenced from rt_cmsis.o(i.osMessageGet)
 <LI><a href="#[8e]">svcSemaphoreCreate</a> from rt_cmsis.o(i.svcSemaphoreCreate) referenced from rt_cmsis.o(i.osSemaphoreCreate)
 <LI><a href="#[8f]">svcSemaphoreDelete</a> from rt_cmsis.o(i.svcSemaphoreDelete) referenced from rt_cmsis.o(i.osSemaphoreDelete)
 <LI><a href="#[90]">svcSemaphoreRelease</a> from rt_cmsis.o(i.svcSemaphoreRelease) referenced from rt_cmsis.o(i.osSemaphoreRelease)
 <LI><a href="#[91]">svcSemaphoreWait</a> from rt_cmsis.o(i.svcSemaphoreWait) referenced from rt_cmsis.o(i.osSemaphoreWait)
 <LI><a href="#[92]">svcThreadCreate</a> from rt_cmsis.o(i.svcThreadCreate) referenced from rt_cmsis.o(i.osThreadCreate)
 <LI><a href="#[93]">svcThreadGetId</a> from rt_cmsis.o(i.svcThreadGetId) referenced from rt_cmsis.o(i.osThreadExit)
 <LI><a href="#[94]">svcThreadTerminate</a> from rt_cmsis.o(i.svcThreadTerminate) referenced from rt_cmsis.o(i.osThreadExit)
 <LI><a href="#[95]">svcTimerCall</a> from rt_cmsis.o(i.svcTimerCall) referenced from rt_cmsis.o(i.osTimerCall)
</UL>
<P>
<H3>
Global Symbols
</H3>
<P><STRONG><a name="[51]"></a>__main</STRONG> (Thumb, 0 bytes, Stack size unknown bytes, entry.o(.ARM.Collect$$$$00000000))
<BR>[Address Reference Count : 1]<UL><LI> startup_stm32f10x_hd.o(.text)
</UL>
<P><STRONG><a name="[14e]"></a>_main_stk</STRONG> (Thumb, 0 bytes, Stack size unknown bytes, entry2.o(.ARM.Collect$$$$00000001))

<P><STRONG><a name="[99]"></a>_main_scatterload</STRONG> (Thumb, 0 bytes, Stack size unknown bytes, entry5.o(.ARM.Collect$$$$00000004))
<BR><BR>[Calls]<UL><LI><a href="#[9a]">&gt;&gt;</a>&nbsp;&nbsp;&nbsp;__scatterload
</UL>

<P><STRONG><a name="[b1]"></a>__main_after_scatterload</STRONG> (Thumb, 0 bytes, Stack size 0 bytes, entry5.o(.ARM.Collect$$$$00000004))
<BR><BR>[Called By]<UL><LI><a href="#[9a]">&gt;&gt;</a>&nbsp;&nbsp;&nbsp;__scatterload
</UL>

<P><STRONG><a name="[14f]"></a>__rt_final_cpp</STRONG> (Thumb, 0 bytes, Stack size 0 bytes, entry10a.o(.ARM.Collect$$$$0000000D))

<P><STRONG><a name="[150]"></a>__rt_final_exit</STRONG> (Thumb, 0 bytes, Stack size 0 bytes, entry11a.o(.ARM.Collect$$$$0000000F))

<P><STRONG><a name="[151]"></a>_main_clock</STRONG> (Thumb, 0 bytes, Stack size 0 bytes, entry7b.o(.ARM.Collect$$$$00000008))

<P><STRONG><a name="[152]"></a>_main_cpp_init</STRONG> (Thumb, 0 bytes, Stack size 0 bytes, entry8b.o(.ARM.Collect$$$$0000000A))

<P><STRONG><a name="[9b]"></a>_main_init</STRONG> (Thumb, 18 bytes, Stack size 0 bytes, rtx_conf_cm.o(.ARM.Collect$$$$000000FF))
<BR><BR>[Stack]<UL><LI>Max Depth = 80<LI>Call Chain = _main_init &rArr; osKernelInitialize &rArr; svcKernelInitialize &rArr; svcThreadCreate &rArr; rt_tsk_create &rArr; rt_init_context &rArr; rt_init_stack
</UL>
<BR>[Calls]<UL><LI><a href="#[9d]">&gt;&gt;</a>&nbsp;&nbsp;&nbsp;osThreadCreate
<LI><a href="#[9e]">&gt;&gt;</a>&nbsp;&nbsp;&nbsp;osKernelStart
<LI><a href="#[9c]">&gt;&gt;</a>&nbsp;&nbsp;&nbsp;osKernelInitialize
</UL>

<P><STRONG><a name="[153]"></a>rt_set_PSP</STRONG> (Thumb, 6 bytes, Stack size 0 bytes, hal_cm3.o(.emb_text), UNUSED)

<P><STRONG><a name="[142]"></a>rt_get_PSP</STRONG> (Thumb, 6 bytes, Stack size 0 bytes, hal_cm3.o(.emb_text))
<BR><BR>[Called By]<UL><LI><a href="#[141]">&gt;&gt;</a>&nbsp;&nbsp;&nbsp;rt_tsk_delete
</UL>

<P><STRONG><a name="[154]"></a>os_set_env</STRONG> (Thumb, 24 bytes, Stack size 0 bytes, hal_cm3.o(.emb_text), UNUSED)

<P><STRONG><a name="[155]"></a>_alloc_box</STRONG> (Thumb, 28 bytes, Stack size 0 bytes, hal_cm3.o(.emb_text), UNUSED)

<P><STRONG><a name="[156]"></a>_free_box</STRONG> (Thumb, 28 bytes, Stack size 0 bytes, hal_cm3.o(.emb_text), UNUSED)

<P><STRONG><a name="[e]"></a>SVC_Handler</STRONG> (Thumb, 108 bytes, Stack size 0 bytes, hal_cm3.o(.emb_text))
<BR><BR>[Calls]<UL><LI><a href="#[9f]">&gt;&gt;</a>&nbsp;&nbsp;&nbsp;rt_stk_check
</UL>
<BR>[Address Reference Count : 1]<UL><LI> startup_stm32f10x_hd.o(RESET)
</UL>
<P><STRONG><a name="[10]"></a>PendSV_Handler</STRONG> (Thumb, 56 bytes, Stack size 0 bytes, hal_cm3.o(.emb_text))
<BR><BR>[Stack]<UL><LI>Max Depth = 52<LI>Call Chain = PendSV_Handler &rArr; rt_pop_req &rArr; rt_mbx_psh &rArr; rt_put_prio
</UL>
<BR>[Calls]<UL><LI><a href="#[a0]">&gt;&gt;</a>&nbsp;&nbsp;&nbsp;rt_pop_req
<LI><a href="#[9f]">&gt;&gt;</a>&nbsp;&nbsp;&nbsp;rt_stk_check
</UL>
<BR>[Address Reference Count : 1]<UL><LI> startup_stm32f10x_hd.o(RESET)
</UL>
<P><STRONG><a name="[11]"></a>SysTick_Handler</STRONG> (Thumb, 8 bytes, Stack size 0 bytes, hal_cm3.o(.emb_text))
<BR><BR>[Stack]<UL><LI>Max Depth = 72<LI>Call Chain = SysTick_Handler &rArr; rt_systick &rArr; sysTimerTick &rArr; isrMessagePut &rArr; isr_mbx_send &rArr; rt_psq_enq
</UL>
<BR>[Calls]<UL><LI><a href="#[a1]">&gt;&gt;</a>&nbsp;&nbsp;&nbsp;rt_systick
</UL>
<BR>[Address Reference Count : 1]<UL><LI> startup_stm32f10x_hd.o(RESET)
</UL>
<P><STRONG><a name="[a2]"></a>OS_Tick_Handler</STRONG> (Thumb, 12 bytes, Stack size 0 bytes, hal_cm3.o(.emb_text), UNUSED)
<BR><BR>[Calls]<UL><LI><a href="#[a3]">&gt;&gt;</a>&nbsp;&nbsp;&nbsp;os_tick_irqack
<LI><a href="#[a1]">&gt;&gt;</a>&nbsp;&nbsp;&nbsp;rt_systick
</UL>

<P><STRONG><a name="[8]"></a>Reset_Handler</STRONG> (Thumb, 8 bytes, Stack size 0 bytes, startup_stm32f10x_hd.o(.text))
<BR>[Address Reference Count : 1]<UL><LI> startup_stm32f10x_hd.o(RESET)
</UL>
<P><STRONG><a name="[9]"></a>NMI_Handler</STRONG> (Thumb, 2 bytes, Stack size 0 bytes, startup_stm32f10x_hd.o(.text))
<BR><BR>[Calls]<UL><LI><a href="#[9]">&gt;&gt;</a>&nbsp;&nbsp;&nbsp;NMI_Handler
</UL>
<BR>[Called By]<UL><LI><a href="#[9]">&gt;&gt;</a>&nbsp;&nbsp;&nbsp;NMI_Handler
</UL>
<BR>[Address Reference Count : 1]<UL><LI> startup_stm32f10x_hd.o(RESET)
</UL>
<P><STRONG><a name="[a]"></a>HardFault_Handler</STRONG> (Thumb, 2 bytes, Stack size 0 bytes, startup_stm32f10x_hd.o(.text))
<BR><BR>[Calls]<UL><LI><a href="#[a]">&gt;&gt;</a>&nbsp;&nbsp;&nbsp;HardFault_Handler
</UL>
<BR>[Called By]<UL><LI><a href="#[a]">&gt;&gt;</a>&nbsp;&nbsp;&nbsp;HardFault_Handler
</UL>
<BR>[Address Reference Count : 1]<UL><LI> startup_stm32f10x_hd.o(RESET)
</UL>
<P><STRONG><a name="[b]"></a>MemManage_Handler</STRONG> (Thumb, 2 bytes, Stack size 0 bytes, startup_stm32f10x_hd.o(.text))
<BR><BR>[Calls]<UL><LI><a href="#[b]">&gt;&gt;</a>&nbsp;&nbsp;&nbsp;MemManage_Handler
</UL>
<BR>[Called By]<UL><LI><a href="#[b]">&gt;&gt;</a>&nbsp;&nbsp;&nbsp;MemManage_Handler
</UL>
<BR>[Address Reference Count : 1]<UL><LI> startup_stm32f10x_hd.o(RESET)
</UL>
<P><STRONG><a name="[c]"></a>BusFault_Handler</STRONG> (Thumb, 2 bytes, Stack size 0 bytes, startup_stm32f10x_hd.o(.text))
<BR><BR>[Calls]<UL><LI><a href="#[c]">&gt;&gt;</a>&nbsp;&nbsp;&nbsp;BusFault_Handler
</UL>
<BR>[Called By]<UL><LI><a href="#[c]">&gt;&gt;</a>&nbsp;&nbsp;&nbsp;BusFault_Handler
</UL>
<BR>[Address Reference Count : 1]<UL><LI> startup_stm32f10x_hd.o(RESET)
</UL>
<P><STRONG><a name="[d]"></a>UsageFault_Handler</STRONG> (Thumb, 2 bytes, Stack size 0 bytes, startup_stm32f10x_hd.o(.text))
<BR><BR>[Calls]<UL><LI><a href="#[d]">&gt;&gt;</a>&nbsp;&nbsp;&nbsp;UsageFault_Handler
</UL>
<BR>[Called By]<UL><LI><a href="#[d]">&gt;&gt;</a>&nbsp;&nbsp;&nbsp;UsageFault_Handler
</UL>
<BR>[Address Reference Count : 1]<UL><LI> startup_stm32f10x_hd.o(RESET)
</UL>
<P><STRONG><a name="[f]"></a>DebugMon_Handler</STRONG> (Thumb, 2 bytes, Stack size 0 bytes, startup_stm32f10x_hd.o(.text))
<BR><BR>[Calls]<UL><LI><a href="#[f]">&gt;&gt;</a>&nbsp;&nbsp;&nbsp;DebugMon_Handler
</UL>
<BR>[Called By]<UL><LI><a href="#[f]">&gt;&gt;</a>&nbsp;&nbsp;&nbsp;DebugMon_Handler
</UL>
<BR>[Address Reference Count : 1]<UL><LI> startup_stm32f10x_hd.o(RESET)
</UL>
<P><STRONG><a name="[24]"></a>ADC1_2_IRQHandler</STRONG> (Thumb, 0 bytes, Stack size 0 bytes, startup_stm32f10x_hd.o(.text))
<BR><BR>[Calls]<UL><LI><a href="#[24]">&gt;&gt;</a>&nbsp;&nbsp;&nbsp;ADC1_2_IRQHandler
</UL>
<BR>[Called By]<UL><LI><a href="#[24]">&gt;&gt;</a>&nbsp;&nbsp;&nbsp;ADC1_2_IRQHandler
</UL>
<BR>[Address Reference Count : 1]<UL><LI> startup_stm32f10x_hd.o(RESET)
</UL>
<P><STRONG><a name="[41]"></a>ADC3_IRQHandler</STRONG> (Thumb, 0 bytes, Stack size 0 bytes, startup_stm32f10x_hd.o(.text))
<BR>[Address Reference Count : 1]<UL><LI> startup_stm32f10x_hd.o(RESET)
</UL>
<P><STRONG><a name="[27]"></a>CAN1_RX1_IRQHandler</STRONG> (Thumb, 0 bytes, Stack size 0 bytes, startup_stm32f10x_hd.o(.text))
<BR>[Address Reference Count : 1]<UL><LI> startup_stm32f10x_hd.o(RESET)
</UL>
<P><STRONG><a name="[28]"></a>CAN1_SCE_IRQHandler</STRONG> (Thumb, 0 bytes, Stack size 0 bytes, startup_stm32f10x_hd.o(.text))
<BR>[Address Reference Count : 1]<UL><LI> startup_stm32f10x_hd.o(RESET)
</UL>
<P><STRONG><a name="[1d]"></a>DMA1_Channel1_IRQHandler</STRONG> (Thumb, 0 bytes, Stack size 0 bytes, startup_stm32f10x_hd.o(.text))
<BR>[Address Reference Count : 1]<UL><LI> startup_stm32f10x_hd.o(RESET)
</UL>
<P><STRONG><a name="[1e]"></a>DMA1_Channel2_IRQHandler</STRONG> (Thumb, 0 bytes, Stack size 0 bytes, startup_stm32f10x_hd.o(.text))
<BR>[Address Reference Count : 1]<UL><LI> startup_stm32f10x_hd.o(RESET)
</UL>
<P><STRONG><a name="[1f]"></a>DMA1_Channel3_IRQHandler</STRONG> (Thumb, 0 bytes, Stack size 0 bytes, startup_stm32f10x_hd.o(.text))
<BR>[Address Reference Count : 1]<UL><LI> startup_stm32f10x_hd.o(RESET)
</UL>
<P><STRONG><a name="[4a]"></a>DMA2_Channel1_IRQHandler</STRONG> (Thumb, 0 bytes, Stack size 0 bytes, startup_stm32f10x_hd.o(.text))
<BR>[Address Reference Count : 1]<UL><LI> startup_stm32f10x_hd.o(RESET)
</UL>
<P><STRONG><a name="[4b]"></a>DMA2_Channel2_IRQHandler</STRONG> (Thumb, 0 bytes, Stack size 0 bytes, startup_stm32f10x_hd.o(.text))
<BR>[Address Reference Count : 1]<UL><LI> startup_stm32f10x_hd.o(RESET)
</UL>
<P><STRONG><a name="[4c]"></a>DMA2_Channel3_IRQHandler</STRONG> (Thumb, 0 bytes, Stack size 0 bytes, startup_stm32f10x_hd.o(.text))
<BR>[Address Reference Count : 1]<UL><LI> startup_stm32f10x_hd.o(RESET)
</UL>
<P><STRONG><a name="[4d]"></a>DMA2_Channel4_5_IRQHandler</STRONG> (Thumb, 0 bytes, Stack size 0 bytes, startup_stm32f10x_hd.o(.text))
<BR>[Address Reference Count : 1]<UL><LI> startup_stm32f10x_hd.o(RESET)
</UL>
<P><STRONG><a name="[18]"></a>EXTI0_IRQHandler</STRONG> (Thumb, 0 bytes, Stack size 0 bytes, startup_stm32f10x_hd.o(.text))
<BR>[Address Reference Count : 1]<UL><LI> startup_stm32f10x_hd.o(RESET)
</UL>
<P><STRONG><a name="[3a]"></a>EXTI15_10_IRQHandler</STRONG> (Thumb, 0 bytes, Stack size 0 bytes, startup_stm32f10x_hd.o(.text))
<BR>[Address Reference Count : 1]<UL><LI> startup_stm32f10x_hd.o(RESET)
</UL>
<P><STRONG><a name="[19]"></a>EXTI1_IRQHandler</STRONG> (Thumb, 0 bytes, Stack size 0 bytes, startup_stm32f10x_hd.o(.text))
<BR>[Address Reference Count : 1]<UL><LI> startup_stm32f10x_hd.o(RESET)
</UL>
<P><STRONG><a name="[1a]"></a>EXTI2_IRQHandler</STRONG> (Thumb, 0 bytes, Stack size 0 bytes, startup_stm32f10x_hd.o(.text))
<BR>[Address Reference Count : 1]<UL><LI> startup_stm32f10x_hd.o(RESET)
</UL>
<P><STRONG><a name="[1b]"></a>EXTI3_IRQHandler</STRONG> (Thumb, 0 bytes, Stack size 0 bytes, startup_stm32f10x_hd.o(.text))
<BR>[Address Reference Count : 1]<UL><LI> startup_stm32f10x_hd.o(RESET)
</UL>
<P><STRONG><a name="[1c]"></a>EXTI4_IRQHandler</STRONG> (Thumb, 0 bytes, Stack size 0 bytes, startup_stm32f10x_hd.o(.text))
<BR>[Address Reference Count : 1]<UL><LI> startup_stm32f10x_hd.o(RESET)
</UL>
<P><STRONG><a name="[29]"></a>EXTI9_5_IRQHandler</STRONG> (Thumb, 0 bytes, Stack size 0 bytes, startup_stm32f10x_hd.o(.text))
<BR>[Address Reference Count : 1]<UL><LI> startup_stm32f10x_hd.o(RESET)
</UL>
<P><STRONG><a name="[16]"></a>FLASH_IRQHandler</STRONG> (Thumb, 0 bytes, Stack size 0 bytes, startup_stm32f10x_hd.o(.text))
<BR>[Address Reference Count : 1]<UL><LI> startup_stm32f10x_hd.o(RESET)
</UL>
<P><STRONG><a name="[42]"></a>FSMC_IRQHandler</STRONG> (Thumb, 0 bytes, Stack size 0 bytes, startup_stm32f10x_hd.o(.text))
<BR>[Address Reference Count : 1]<UL><LI> startup_stm32f10x_hd.o(RESET)
</UL>
<P><STRONG><a name="[32]"></a>I2C1_ER_IRQHandler</STRONG> (Thumb, 0 bytes, Stack size 0 bytes, startup_stm32f10x_hd.o(.text))
<BR>[Address Reference Count : 1]<UL><LI> startup_stm32f10x_hd.o(RESET)
</UL>
<P><STRONG><a name="[31]"></a>I2C1_EV_IRQHandler</STRONG> (Thumb, 0 bytes, Stack size 0 bytes, startup_stm32f10x_hd.o(.text))
<BR>[Address Reference Count : 1]<UL><LI> startup_stm32f10x_hd.o(RESET)
</UL>
<P><STRONG><a name="[34]"></a>I2C2_ER_IRQHandler</STRONG> (Thumb, 0 bytes, Stack size 0 bytes, startup_stm32f10x_hd.o(.text))
<BR>[Address Reference Count : 1]<UL><LI> startup_stm32f10x_hd.o(RESET)
</UL>
<P><STRONG><a name="[33]"></a>I2C2_EV_IRQHandler</STRONG> (Thumb, 0 bytes, Stack size 0 bytes, startup_stm32f10x_hd.o(.text))
<BR>[Address Reference Count : 1]<UL><LI> startup_stm32f10x_hd.o(RESET)
</UL>
<P><STRONG><a name="[13]"></a>PVD_IRQHandler</STRONG> (Thumb, 0 bytes, Stack size 0 bytes, startup_stm32f10x_hd.o(.text))
<BR>[Address Reference Count : 1]<UL><LI> startup_stm32f10x_hd.o(RESET)
</UL>
<P><STRONG><a name="[17]"></a>RCC_IRQHandler</STRONG> (Thumb, 0 bytes, Stack size 0 bytes, startup_stm32f10x_hd.o(.text))
<BR>[Address Reference Count : 1]<UL><LI> startup_stm32f10x_hd.o(RESET)
</UL>
<P><STRONG><a name="[3b]"></a>RTCAlarm_IRQHandler</STRONG> (Thumb, 0 bytes, Stack size 0 bytes, startup_stm32f10x_hd.o(.text))
<BR>[Address Reference Count : 1]<UL><LI> startup_stm32f10x_hd.o(RESET)
</UL>
<P><STRONG><a name="[15]"></a>RTC_IRQHandler</STRONG> (Thumb, 0 bytes, Stack size 0 bytes, startup_stm32f10x_hd.o(.text))
<BR>[Address Reference Count : 1]<UL><LI> startup_stm32f10x_hd.o(RESET)
</UL>
<P><STRONG><a name="[43]"></a>SDIO_IRQHandler</STRONG> (Thumb, 0 bytes, Stack size 0 bytes, startup_stm32f10x_hd.o(.text))
<BR>[Address Reference Count : 1]<UL><LI> startup_stm32f10x_hd.o(RESET)
</UL>
<P><STRONG><a name="[35]"></a>SPI1_IRQHandler</STRONG> (Thumb, 0 bytes, Stack size 0 bytes, startup_stm32f10x_hd.o(.text))
<BR>[Address Reference Count : 1]<UL><LI> startup_stm32f10x_hd.o(RESET)
</UL>
<P><STRONG><a name="[36]"></a>SPI2_IRQHandler</STRONG> (Thumb, 0 bytes, Stack size 0 bytes, startup_stm32f10x_hd.o(.text))
<BR>[Address Reference Count : 1]<UL><LI> startup_stm32f10x_hd.o(RESET)
</UL>
<P><STRONG><a name="[45]"></a>SPI3_IRQHandler</STRONG> (Thumb, 0 bytes, Stack size 0 bytes, startup_stm32f10x_hd.o(.text))
<BR>[Address Reference Count : 1]<UL><LI> startup_stm32f10x_hd.o(RESET)
</UL>
<P><STRONG><a name="[14]"></a>TAMPER_IRQHandler</STRONG> (Thumb, 0 bytes, Stack size 0 bytes, startup_stm32f10x_hd.o(.text))
<BR>[Address Reference Count : 1]<UL><LI> startup_stm32f10x_hd.o(RESET)
</UL>
<P><STRONG><a name="[2a]"></a>TIM1_BRK_IRQHandler</STRONG> (Thumb, 0 bytes, Stack size 0 bytes, startup_stm32f10x_hd.o(.text))
<BR>[Address Reference Count : 1]<UL><LI> startup_stm32f10x_hd.o(RESET)
</UL>
<P><STRONG><a name="[2d]"></a>TIM1_CC_IRQHandler</STRONG> (Thumb, 0 bytes, Stack size 0 bytes, startup_stm32f10x_hd.o(.text))
<BR>[Address Reference Count : 1]<UL><LI> startup_stm32f10x_hd.o(RESET)
</UL>
<P><STRONG><a name="[2c]"></a>TIM1_TRG_COM_IRQHandler</STRONG> (Thumb, 0 bytes, Stack size 0 bytes, startup_stm32f10x_hd.o(.text))
<BR>[Address Reference Count : 1]<UL><LI> startup_stm32f10x_hd.o(RESET)
</UL>
<P><STRONG><a name="[2b]"></a>TIM1_UP_IRQHandler</STRONG> (Thumb, 0 bytes, Stack size 0 bytes, startup_stm32f10x_hd.o(.text))
<BR>[Address Reference Count : 1]<UL><LI> startup_stm32f10x_hd.o(RESET)
</UL>
<P><STRONG><a name="[2e]"></a>TIM2_IRQHandler</STRONG> (Thumb, 0 bytes, Stack size 0 bytes, startup_stm32f10x_hd.o(.text))
<BR>[Address Reference Count : 1]<UL><LI> startup_stm32f10x_hd.o(RESET)
</UL>
<P><STRONG><a name="[2f]"></a>TIM3_IRQHandler</STRONG> (Thumb, 0 bytes, Stack size 0 bytes, startup_stm32f10x_hd.o(.text))
<BR>[Address Reference Count : 1]<UL><LI> startup_stm32f10x_hd.o(RESET)
</UL>
<P><STRONG><a name="[30]"></a>TIM4_IRQHandler</STRONG> (Thumb, 0 bytes, Stack size 0 bytes, startup_stm32f10x_hd.o(.text))
<BR>[Address Reference Count : 1]<UL><LI> startup_stm32f10x_hd.o(RESET)
</UL>
<P><STRONG><a name="[44]"></a>TIM5_IRQHandler</STRONG> (Thumb, 0 bytes, Stack size 0 bytes, startup_stm32f10x_hd.o(.text))
<BR>[Address Reference Count : 1]<UL><LI> startup_stm32f10x_hd.o(RESET)
</UL>
<P><STRONG><a name="[48]"></a>TIM6_IRQHandler</STRONG> (Thumb, 0 bytes, Stack size 0 bytes, startup_stm32f10x_hd.o(.text))
<BR>[Address Reference Count : 1]<UL><LI> startup_stm32f10x_hd.o(RESET)
</UL>
<P><STRONG><a name="[49]"></a>TIM7_IRQHandler</STRONG> (Thumb, 0 bytes, Stack size 0 bytes, startup_stm32f10x_hd.o(.text))
<BR>[Address Reference Count : 1]<UL><LI> startup_stm32f10x_hd.o(RESET)
</UL>
<P><STRONG><a name="[3d]"></a>TIM8_BRK_IRQHandler</STRONG> (Thumb, 0 bytes, Stack size 0 bytes, startup_stm32f10x_hd.o(.text))
<BR>[Address Reference Count : 1]<UL><LI> startup_stm32f10x_hd.o(RESET)
</UL>
<P><STRONG><a name="[40]"></a>TIM8_CC_IRQHandler</STRONG> (Thumb, 0 bytes, Stack size 0 bytes, startup_stm32f10x_hd.o(.text))
<BR>[Address Reference Count : 1]<UL><LI> startup_stm32f10x_hd.o(RESET)
</UL>
<P><STRONG><a name="[3f]"></a>TIM8_TRG_COM_IRQHandler</STRONG> (Thumb, 0 bytes, Stack size 0 bytes, startup_stm32f10x_hd.o(.text))
<BR>[Address Reference Count : 1]<UL><LI> startup_stm32f10x_hd.o(RESET)
</UL>
<P><STRONG><a name="[3e]"></a>TIM8_UP_IRQHandler</STRONG> (Thumb, 0 bytes, Stack size 0 bytes, startup_stm32f10x_hd.o(.text))
<BR>[Address Reference Count : 1]<UL><LI> startup_stm32f10x_hd.o(RESET)
</UL>
<P><STRONG><a name="[46]"></a>UART4_IRQHandler</STRONG> (Thumb, 0 bytes, Stack size 0 bytes, startup_stm32f10x_hd.o(.text))
<BR>[Address Reference Count : 1]<UL><LI> startup_stm32f10x_hd.o(RESET)
</UL>
<P><STRONG><a name="[47]"></a>UART5_IRQHandler</STRONG> (Thumb, 0 bytes, Stack size 0 bytes, startup_stm32f10x_hd.o(.text))
<BR>[Address Reference Count : 1]<UL><LI> startup_stm32f10x_hd.o(RESET)
</UL>
<P><STRONG><a name="[39]"></a>USART3_IRQHandler</STRONG> (Thumb, 0 bytes, Stack size 0 bytes, startup_stm32f10x_hd.o(.text))
<BR>[Address Reference Count : 1]<UL><LI> startup_stm32f10x_hd.o(RESET)
</UL>
<P><STRONG><a name="[3c]"></a>USBWakeUp_IRQHandler</STRONG> (Thumb, 0 bytes, Stack size 0 bytes, startup_stm32f10x_hd.o(.text))
<BR>[Address Reference Count : 1]<UL><LI> startup_stm32f10x_hd.o(RESET)
</UL>
<P><STRONG><a name="[25]"></a>USB_HP_CAN1_TX_IRQHandler</STRONG> (Thumb, 0 bytes, Stack size 0 bytes, startup_stm32f10x_hd.o(.text))
<BR>[Address Reference Count : 1]<UL><LI> startup_stm32f10x_hd.o(RESET)
</UL>
<P><STRONG><a name="[26]"></a>USB_LP_CAN1_RX0_IRQHandler</STRONG> (Thumb, 0 bytes, Stack size 0 bytes, startup_stm32f10x_hd.o(.text))
<BR>[Address Reference Count : 1]<UL><LI> startup_stm32f10x_hd.o(RESET)
</UL>
<P><STRONG><a name="[12]"></a>WWDG_IRQHandler</STRONG> (Thumb, 0 bytes, Stack size 0 bytes, startup_stm32f10x_hd.o(.text))
<BR>[Address Reference Count : 1]<UL><LI> startup_stm32f10x_hd.o(RESET)
</UL>
<P><STRONG><a name="[a4]"></a>__aeabi_uldivmod</STRONG> (Thumb, 98 bytes, Stack size 40 bytes, uldiv.o(.text), UNUSED)
<BR><BR>[Calls]<UL><LI><a href="#[a5]">&gt;&gt;</a>&nbsp;&nbsp;&nbsp;__aeabi_llsr
<LI><a href="#[a6]">&gt;&gt;</a>&nbsp;&nbsp;&nbsp;__aeabi_llsl
</UL>
<BR>[Called By]<UL><LI><a href="#[10c]">&gt;&gt;</a>&nbsp;&nbsp;&nbsp;_printf_core
</UL>

<P><STRONG><a name="[108]"></a>__aeabi_memcpy</STRONG> (Thumb, 36 bytes, Stack size 0 bytes, memcpya.o(.text))
<BR><BR>[Called By]<UL><LI><a href="#[83]">&gt;&gt;</a>&nbsp;&nbsp;&nbsp;UartWrite
<LI><a href="#[80]">&gt;&gt;</a>&nbsp;&nbsp;&nbsp;UartRead
<LI><a href="#[10e]">&gt;&gt;</a>&nbsp;&nbsp;&nbsp;internal_alloc
</UL>

<P><STRONG><a name="[157]"></a>__aeabi_memcpy4</STRONG> (Thumb, 0 bytes, Stack size 0 bytes, memcpya.o(.text), UNUSED)

<P><STRONG><a name="[158]"></a>__aeabi_memcpy8</STRONG> (Thumb, 0 bytes, Stack size 0 bytes, memcpya.o(.text), UNUSED)

<P><STRONG><a name="[a8]"></a>__aeabi_memset</STRONG> (Thumb, 14 bytes, Stack size 0 bytes, memseta.o(.text))
<BR><BR>[Called By]<UL><LI><a href="#[a9]">&gt;&gt;</a>&nbsp;&nbsp;&nbsp;_memset$wrapper
<LI><a href="#[a7]">&gt;&gt;</a>&nbsp;&nbsp;&nbsp;__aeabi_memclr
</UL>

<P><STRONG><a name="[159]"></a>__aeabi_memset4</STRONG> (Thumb, 0 bytes, Stack size 0 bytes, memseta.o(.text), UNUSED)

<P><STRONG><a name="[15a]"></a>__aeabi_memset8</STRONG> (Thumb, 0 bytes, Stack size 0 bytes, memseta.o(.text), UNUSED)

<P><STRONG><a name="[a7]"></a>__aeabi_memclr</STRONG> (Thumb, 4 bytes, Stack size 0 bytes, memseta.o(.text))
<BR><BR>[Calls]<UL><LI><a href="#[a8]">&gt;&gt;</a>&nbsp;&nbsp;&nbsp;__aeabi_memset
</UL>
<BR>[Called By]<UL><LI><a href="#[b3]">&gt;&gt;</a>&nbsp;&nbsp;&nbsp;CQ_Clean
<LI><a href="#[103]">&gt;&gt;</a>&nbsp;&nbsp;&nbsp;free_playloadbuf
<LI><a href="#[83]">&gt;&gt;</a>&nbsp;&nbsp;&nbsp;UartWrite
<LI><a href="#[80]">&gt;&gt;</a>&nbsp;&nbsp;&nbsp;UartRead
</UL>

<P><STRONG><a name="[15b]"></a>__aeabi_memclr4</STRONG> (Thumb, 0 bytes, Stack size 0 bytes, memseta.o(.text), UNUSED)

<P><STRONG><a name="[15c]"></a>__aeabi_memclr8</STRONG> (Thumb, 0 bytes, Stack size 0 bytes, memseta.o(.text), UNUSED)

<P><STRONG><a name="[a9]"></a>_memset$wrapper</STRONG> (Thumb, 18 bytes, Stack size 8 bytes, memseta.o(.text), UNUSED)
<BR><BR>[Calls]<UL><LI><a href="#[a8]">&gt;&gt;</a>&nbsp;&nbsp;&nbsp;__aeabi_memset
</UL>

<P><STRONG><a name="[e4]"></a>strcat</STRONG> (Thumb, 24 bytes, Stack size 0 bytes, strcat.o(.text))
<BR><BR>[Called By]<UL><LI><a href="#[5]">&gt;&gt;</a>&nbsp;&nbsp;&nbsp;GpuWrString
</UL>

<P><STRONG><a name="[d7]"></a>strstr</STRONG> (Thumb, 36 bytes, Stack size 12 bytes, strstr.o(.text))
<BR><BR>[Stack]<UL><LI>Max Depth = 12<LI>Call Chain = strstr
</UL>
<BR>[Called By]<UL><LI><a href="#[d6]">&gt;&gt;</a>&nbsp;&nbsp;&nbsp;GetNameVale
<LI><a href="#[89]">&gt;&gt;</a>&nbsp;&nbsp;&nbsp;UartTest
</UL>

<P><STRONG><a name="[e1]"></a>strlen</STRONG> (Thumb, 14 bytes, Stack size 0 bytes, strlen.o(.text))
<BR><BR>[Called By]<UL><LI><a href="#[5]">&gt;&gt;</a>&nbsp;&nbsp;&nbsp;GpuWrString
<LI><a href="#[6e]">&gt;&gt;</a>&nbsp;&nbsp;&nbsp;SetVar
<LI><a href="#[89]">&gt;&gt;</a>&nbsp;&nbsp;&nbsp;UartTest
<LI><a href="#[b7]">&gt;&gt;</a>&nbsp;&nbsp;&nbsp;GpuSend
</UL>

<P><STRONG><a name="[d5]"></a>strcmp</STRONG> (Thumb, 28 bytes, Stack size 8 bytes, strcmp.o(.text))
<BR><BR>[Stack]<UL><LI>Max Depth = 8<LI>Call Chain = strcmp
</UL>
<BR>[Called By]<UL><LI><a href="#[d4]">&gt;&gt;</a>&nbsp;&nbsp;&nbsp;GetCompileMoth
<LI><a href="#[7b]">&gt;&gt;</a>&nbsp;&nbsp;&nbsp;TxtInterpret
</UL>

<P><STRONG><a name="[e3]"></a>strncat</STRONG> (Thumb, 40 bytes, Stack size 8 bytes, strncat.o(.text))
<BR><BR>[Stack]<UL><LI>Max Depth = 8<LI>Call Chain = strncat
</UL>
<BR>[Called By]<UL><LI><a href="#[5]">&gt;&gt;</a>&nbsp;&nbsp;&nbsp;GpuWrString
</UL>

<P><STRONG><a name="[f2]"></a>strcpy</STRONG> (Thumb, 18 bytes, Stack size 0 bytes, strcpy.o(.text))
<BR><BR>[Called By]<UL><LI><a href="#[6e]">&gt;&gt;</a>&nbsp;&nbsp;&nbsp;SetVar
<LI><a href="#[89]">&gt;&gt;</a>&nbsp;&nbsp;&nbsp;UartTest
</UL>

<P><STRONG><a name="[aa]"></a>calloc</STRONG> (Thumb, 28 bytes, Stack size 8 bytes, calloc.o(.text))
<BR><BR>[Stack]<UL><LI>Max Depth = 64<LI>Call Chain = calloc &rArr; malloc &rArr; internal_alloc
</UL>
<BR>[Calls]<UL><LI><a href="#[ab]">&gt;&gt;</a>&nbsp;&nbsp;&nbsp;malloc
</UL>
<BR>[Called By]<UL><LI><a href="#[7e]">&gt;&gt;</a>&nbsp;&nbsp;&nbsp;UartInit
</UL>

<P><STRONG><a name="[ac]"></a>atoi</STRONG> (Thumb, 26 bytes, Stack size 16 bytes, atoi.o(.text))
<BR><BR>[Stack]<UL><LI>Max Depth = 88<LI>Call Chain = atoi &rArr; strtol &rArr; _strtoul
</UL>
<BR>[Calls]<UL><LI><a href="#[ae]">&gt;&gt;</a>&nbsp;&nbsp;&nbsp;strtol
<LI><a href="#[ad]">&gt;&gt;</a>&nbsp;&nbsp;&nbsp;__aeabi_errno_addr
</UL>
<BR>[Called By]<UL><LI><a href="#[d3]">&gt;&gt;</a>&nbsp;&nbsp;&nbsp;GetCompileDay
</UL>

<P><STRONG><a name="[a6]"></a>__aeabi_llsl</STRONG> (Thumb, 30 bytes, Stack size 0 bytes, llshl.o(.text), UNUSED)
<BR><BR>[Called By]<UL><LI><a href="#[a4]">&gt;&gt;</a>&nbsp;&nbsp;&nbsp;__aeabi_uldivmod
</UL>

<P><STRONG><a name="[15d]"></a>_ll_shift_l</STRONG> (Thumb, 0 bytes, Stack size 0 bytes, llshl.o(.text), UNUSED)

<P><STRONG><a name="[a5]"></a>__aeabi_llsr</STRONG> (Thumb, 32 bytes, Stack size 0 bytes, llushr.o(.text), UNUSED)
<BR><BR>[Called By]<UL><LI><a href="#[a4]">&gt;&gt;</a>&nbsp;&nbsp;&nbsp;__aeabi_uldivmod
</UL>

<P><STRONG><a name="[15e]"></a>_ll_ushift_r</STRONG> (Thumb, 0 bytes, Stack size 0 bytes, llushr.o(.text), UNUSED)

<P><STRONG><a name="[ae]"></a>strtol</STRONG> (Thumb, 112 bytes, Stack size 32 bytes, strtol.o(.text))
<BR><BR>[Stack]<UL><LI>Max Depth = 72<LI>Call Chain = strtol &rArr; _strtoul
</UL>
<BR>[Calls]<UL><LI><a href="#[b0]">&gt;&gt;</a>&nbsp;&nbsp;&nbsp;_strtoul
<LI><a href="#[af]">&gt;&gt;</a>&nbsp;&nbsp;&nbsp;__rt_ctype_table
<LI><a href="#[ad]">&gt;&gt;</a>&nbsp;&nbsp;&nbsp;__aeabi_errno_addr
</UL>
<BR>[Called By]<UL><LI><a href="#[ac]">&gt;&gt;</a>&nbsp;&nbsp;&nbsp;atoi
</UL>

<P><STRONG><a name="[9a]"></a>__scatterload</STRONG> (Thumb, 28 bytes, Stack size 0 bytes, init.o(.text))
<BR><BR>[Calls]<UL><LI><a href="#[b1]">&gt;&gt;</a>&nbsp;&nbsp;&nbsp;__main_after_scatterload
</UL>
<BR>[Called By]<UL><LI><a href="#[99]">&gt;&gt;</a>&nbsp;&nbsp;&nbsp;_main_scatterload
</UL>

<P><STRONG><a name="[15f]"></a>__scatterload_rt2</STRONG> (Thumb, 0 bytes, Stack size 0 bytes, init.o(.text), UNUSED)

<P><STRONG><a name="[af]"></a>__rt_ctype_table</STRONG> (Thumb, 4 bytes, Stack size 0 bytes, ctype_o.o(.text))
<BR><BR>[Called By]<UL><LI><a href="#[ae]">&gt;&gt;</a>&nbsp;&nbsp;&nbsp;strtol
</UL>

<P><STRONG><a name="[b0]"></a>_strtoul</STRONG> (Thumb, 158 bytes, Stack size 40 bytes, _strtoul.o(.text))
<BR><BR>[Stack]<UL><LI>Max Depth = 40<LI>Call Chain = _strtoul
</UL>
<BR>[Calls]<UL><LI><a href="#[b2]">&gt;&gt;</a>&nbsp;&nbsp;&nbsp;_chval
<LI><a href="#[ad]">&gt;&gt;</a>&nbsp;&nbsp;&nbsp;__aeabi_errno_addr
</UL>
<BR>[Called By]<UL><LI><a href="#[ae]">&gt;&gt;</a>&nbsp;&nbsp;&nbsp;strtol
</UL>

<P><STRONG><a name="[b2]"></a>_chval</STRONG> (Thumb, 28 bytes, Stack size 0 bytes, _chval.o(.text))
<BR><BR>[Called By]<UL><LI><a href="#[b0]">&gt;&gt;</a>&nbsp;&nbsp;&nbsp;_strtoul
</UL>

<P><STRONG><a name="[160]"></a>__decompress</STRONG> (Thumb, 0 bytes, Stack size unknown bytes, __dczerorl2.o(.text), UNUSED)

<P><STRONG><a name="[161]"></a>__decompress1</STRONG> (Thumb, 86 bytes, Stack size unknown bytes, __dczerorl2.o(.text), UNUSED)

<P><STRONG><a name="[b3]"></a>CQ_Clean</STRONG> (Thumb, 22 bytes, Stack size 8 bytes, cycqueue.o(i.CQ_Clean))
<BR><BR>[Stack]<UL><LI>Max Depth = 8<LI>Call Chain = CQ_Clean
</UL>
<BR>[Calls]<UL><LI><a href="#[a7]">&gt;&gt;</a>&nbsp;&nbsp;&nbsp;__aeabi_memclr
</UL>
<BR>[Called By]<UL><LI><a href="#[70]">&gt;&gt;</a>&nbsp;&nbsp;&nbsp;GhTxt_Clean
</UL>

<P><STRONG><a name="[b4]"></a>CQ_GetPtr</STRONG> (Thumb, 46 bytes, Stack size 16 bytes, cycqueue.o(i.CQ_GetPtr))
<BR><BR>[Stack]<UL><LI>Max Depth = 16<LI>Call Chain = CQ_GetPtr
</UL>
<BR>[Calls]<UL><LI><a href="#[b5]">&gt;&gt;</a>&nbsp;&nbsp;&nbsp;CQ_Len
</UL>
<BR>[Called By]<UL><LI><a href="#[73]">&gt;&gt;</a>&nbsp;&nbsp;&nbsp;GhTxt_Flush
<LI><a href="#[72]">&gt;&gt;</a>&nbsp;&nbsp;&nbsp;GhTxt_Draw
</UL>

<P><STRONG><a name="[dc]"></a>CQ_Init</STRONG> (Thumb, 10 bytes, Stack size 0 bytes, cycqueue.o(i.CQ_Init))
<BR><BR>[Called By]<UL><LI><a href="#[bb]">&gt;&gt;</a>&nbsp;&nbsp;&nbsp;Get_GhTxt
</UL>

<P><STRONG><a name="[b5]"></a>CQ_Len</STRONG> (Thumb, 16 bytes, Stack size 0 bytes, cycqueue.o(i.CQ_Len))
<BR><BR>[Called By]<UL><LI><a href="#[b6]">&gt;&gt;</a>&nbsp;&nbsp;&nbsp;CQ_Write
<LI><a href="#[b4]">&gt;&gt;</a>&nbsp;&nbsp;&nbsp;CQ_GetPtr
<LI><a href="#[76]">&gt;&gt;</a>&nbsp;&nbsp;&nbsp;GhTxt_GetNum
</UL>

<P><STRONG><a name="[b6]"></a>CQ_Write</STRONG> (Thumb, 80 bytes, Stack size 16 bytes, cycqueue.o(i.CQ_Write))
<BR><BR>[Stack]<UL><LI>Max Depth = 16<LI>Call Chain = CQ_Write
</UL>
<BR>[Calls]<UL><LI><a href="#[b5]">&gt;&gt;</a>&nbsp;&nbsp;&nbsp;CQ_Len
</UL>
<BR>[Called By]<UL><LI><a href="#[71]">&gt;&gt;</a>&nbsp;&nbsp;&nbsp;GhTxt_Insert
</UL>

<P><STRONG><a name="[ba]"></a>Composition_ctor</STRONG> (Thumb, 18 bytes, Stack size 0 bytes, composition.o(i.Composition_ctor))
<BR><BR>[Called By]<UL><LI><a href="#[b9]">&gt;&gt;</a>&nbsp;&nbsp;&nbsp;Composition_new
</UL>

<P><STRONG><a name="[b9]"></a>Composition_new</STRONG> (Thumb, 26 bytes, Stack size 8 bytes, composition.o(i.Composition_new))
<BR><BR>[Stack]<UL><LI>Max Depth = 64<LI>Call Chain = Composition_new &rArr; malloc &rArr; internal_alloc
</UL>
<BR>[Calls]<UL><LI><a href="#[ba]">&gt;&gt;</a>&nbsp;&nbsp;&nbsp;Composition_ctor
<LI><a href="#[ab]">&gt;&gt;</a>&nbsp;&nbsp;&nbsp;malloc
</UL>
<BR>[Called By]<UL><LI><a href="#[da]">&gt;&gt;</a>&nbsp;&nbsp;&nbsp;Get_Composition
</UL>

<P><STRONG><a name="[55]"></a>Ction_AddRow</STRONG> (Thumb, 40 bytes, Stack size 0 bytes, composition.o(i.Ction_AddRow))
<BR>[Address Reference Count : 1]<UL><LI> composition.o(i.Composition_ctor)
</UL>
<P><STRONG><a name="[20]"></a>DMA1_Channel4_IRQHandler</STRONG> (Thumb, 46 bytes, Stack size 16 bytes, drive_uart.o(i.DMA1_Channel4_IRQHandler))
<BR><BR>[Stack]<UL><LI>Max Depth = 16<LI>Call Chain = DMA1_Channel4_IRQHandler
</UL>
<BR>[Calls]<UL><LI><a href="#[bd]">&gt;&gt;</a>&nbsp;&nbsp;&nbsp;DMA_GetITStatus
<LI><a href="#[bf]">&gt;&gt;</a>&nbsp;&nbsp;&nbsp;DMA_Cmd
<LI><a href="#[be]">&gt;&gt;</a>&nbsp;&nbsp;&nbsp;DMA_ClearFlag
</UL>
<BR>[Address Reference Count : 1]<UL><LI> startup_stm32f10x_hd.o(RESET)
</UL>
<P><STRONG><a name="[21]"></a>DMA1_Channel5_IRQHandler</STRONG> (Thumb, 118 bytes, Stack size 24 bytes, drive_uart.o(i.DMA1_Channel5_IRQHandler))
<BR><BR>[Stack]<UL><LI>Max Depth = 36<LI>Call Chain = DMA1_Channel5_IRQHandler &rArr; switch_receivebuf
</UL>
<BR>[Calls]<UL><LI><a href="#[c2]">&gt;&gt;</a>&nbsp;&nbsp;&nbsp;switch_receivebuf
<LI><a href="#[c0]">&gt;&gt;</a>&nbsp;&nbsp;&nbsp;get_loadbuflen
<LI><a href="#[bd]">&gt;&gt;</a>&nbsp;&nbsp;&nbsp;DMA_GetITStatus
<LI><a href="#[c1]">&gt;&gt;</a>&nbsp;&nbsp;&nbsp;DMA_GetCurrDataCounter
<LI><a href="#[bf]">&gt;&gt;</a>&nbsp;&nbsp;&nbsp;DMA_Cmd
<LI><a href="#[be]">&gt;&gt;</a>&nbsp;&nbsp;&nbsp;DMA_ClearFlag
</UL>
<BR>[Address Reference Count : 1]<UL><LI> startup_stm32f10x_hd.o(RESET)
</UL>
<P><STRONG><a name="[22]"></a>DMA1_Channel6_IRQHandler</STRONG> (Thumb, 118 bytes, Stack size 24 bytes, drive_uart.o(i.DMA1_Channel6_IRQHandler))
<BR><BR>[Stack]<UL><LI>Max Depth = 36<LI>Call Chain = DMA1_Channel6_IRQHandler &rArr; switch_receivebuf
</UL>
<BR>[Calls]<UL><LI><a href="#[c2]">&gt;&gt;</a>&nbsp;&nbsp;&nbsp;switch_receivebuf
<LI><a href="#[c0]">&gt;&gt;</a>&nbsp;&nbsp;&nbsp;get_loadbuflen
<LI><a href="#[bd]">&gt;&gt;</a>&nbsp;&nbsp;&nbsp;DMA_GetITStatus
<LI><a href="#[c1]">&gt;&gt;</a>&nbsp;&nbsp;&nbsp;DMA_GetCurrDataCounter
<LI><a href="#[bf]">&gt;&gt;</a>&nbsp;&nbsp;&nbsp;DMA_Cmd
<LI><a href="#[be]">&gt;&gt;</a>&nbsp;&nbsp;&nbsp;DMA_ClearFlag
</UL>
<BR>[Address Reference Count : 1]<UL><LI> startup_stm32f10x_hd.o(RESET)
</UL>
<P><STRONG><a name="[23]"></a>DMA1_Channel7_IRQHandler</STRONG> (Thumb, 46 bytes, Stack size 16 bytes, drive_uart.o(i.DMA1_Channel7_IRQHandler))
<BR><BR>[Stack]<UL><LI>Max Depth = 16<LI>Call Chain = DMA1_Channel7_IRQHandler
</UL>
<BR>[Calls]<UL><LI><a href="#[bd]">&gt;&gt;</a>&nbsp;&nbsp;&nbsp;DMA_GetITStatus
<LI><a href="#[bf]">&gt;&gt;</a>&nbsp;&nbsp;&nbsp;DMA_Cmd
<LI><a href="#[be]">&gt;&gt;</a>&nbsp;&nbsp;&nbsp;DMA_ClearFlag
</UL>
<BR>[Address Reference Count : 1]<UL><LI> startup_stm32f10x_hd.o(RESET)
</UL>
<P><STRONG><a name="[be]"></a>DMA_ClearFlag</STRONG> (Thumb, 18 bytes, Stack size 0 bytes, stm32f10x_dma.o(i.DMA_ClearFlag))
<BR><BR>[Called By]<UL><LI><a href="#[38]">&gt;&gt;</a>&nbsp;&nbsp;&nbsp;USART2_IRQHandler
<LI><a href="#[37]">&gt;&gt;</a>&nbsp;&nbsp;&nbsp;USART1_IRQHandler
<LI><a href="#[23]">&gt;&gt;</a>&nbsp;&nbsp;&nbsp;DMA1_Channel7_IRQHandler
<LI><a href="#[22]">&gt;&gt;</a>&nbsp;&nbsp;&nbsp;DMA1_Channel6_IRQHandler
<LI><a href="#[21]">&gt;&gt;</a>&nbsp;&nbsp;&nbsp;DMA1_Channel5_IRQHandler
<LI><a href="#[20]">&gt;&gt;</a>&nbsp;&nbsp;&nbsp;DMA1_Channel4_IRQHandler
<LI><a href="#[ff]">&gt;&gt;</a>&nbsp;&nbsp;&nbsp;UartDma_Init
</UL>

<P><STRONG><a name="[bf]"></a>DMA_Cmd</STRONG> (Thumb, 24 bytes, Stack size 0 bytes, stm32f10x_dma.o(i.DMA_Cmd))
<BR><BR>[Called By]<UL><LI><a href="#[38]">&gt;&gt;</a>&nbsp;&nbsp;&nbsp;USART2_IRQHandler
<LI><a href="#[37]">&gt;&gt;</a>&nbsp;&nbsp;&nbsp;USART1_IRQHandler
<LI><a href="#[23]">&gt;&gt;</a>&nbsp;&nbsp;&nbsp;DMA1_Channel7_IRQHandler
<LI><a href="#[22]">&gt;&gt;</a>&nbsp;&nbsp;&nbsp;DMA1_Channel6_IRQHandler
<LI><a href="#[21]">&gt;&gt;</a>&nbsp;&nbsp;&nbsp;DMA1_Channel5_IRQHandler
<LI><a href="#[20]">&gt;&gt;</a>&nbsp;&nbsp;&nbsp;DMA1_Channel4_IRQHandler
<LI><a href="#[83]">&gt;&gt;</a>&nbsp;&nbsp;&nbsp;UartWrite
<LI><a href="#[ff]">&gt;&gt;</a>&nbsp;&nbsp;&nbsp;UartDma_Init
</UL>

<P><STRONG><a name="[100]"></a>DMA_DeInit</STRONG> (Thumb, 324 bytes, Stack size 0 bytes, stm32f10x_dma.o(i.DMA_DeInit))
<BR><BR>[Called By]<UL><LI><a href="#[ff]">&gt;&gt;</a>&nbsp;&nbsp;&nbsp;UartDma_Init
</UL>

<P><STRONG><a name="[c1]"></a>DMA_GetCurrDataCounter</STRONG> (Thumb, 8 bytes, Stack size 0 bytes, stm32f10x_dma.o(i.DMA_GetCurrDataCounter))
<BR><BR>[Called By]<UL><LI><a href="#[38]">&gt;&gt;</a>&nbsp;&nbsp;&nbsp;USART2_IRQHandler
<LI><a href="#[37]">&gt;&gt;</a>&nbsp;&nbsp;&nbsp;USART1_IRQHandler
<LI><a href="#[22]">&gt;&gt;</a>&nbsp;&nbsp;&nbsp;DMA1_Channel6_IRQHandler
<LI><a href="#[21]">&gt;&gt;</a>&nbsp;&nbsp;&nbsp;DMA1_Channel5_IRQHandler
</UL>

<P><STRONG><a name="[bd]"></a>DMA_GetITStatus</STRONG> (Thumb, 36 bytes, Stack size 0 bytes, stm32f10x_dma.o(i.DMA_GetITStatus))
<BR><BR>[Called By]<UL><LI><a href="#[23]">&gt;&gt;</a>&nbsp;&nbsp;&nbsp;DMA1_Channel7_IRQHandler
<LI><a href="#[22]">&gt;&gt;</a>&nbsp;&nbsp;&nbsp;DMA1_Channel6_IRQHandler
<LI><a href="#[21]">&gt;&gt;</a>&nbsp;&nbsp;&nbsp;DMA1_Channel5_IRQHandler
<LI><a href="#[20]">&gt;&gt;</a>&nbsp;&nbsp;&nbsp;DMA1_Channel4_IRQHandler
</UL>

<P><STRONG><a name="[102]"></a>DMA_ITConfig</STRONG> (Thumb, 18 bytes, Stack size 0 bytes, stm32f10x_dma.o(i.DMA_ITConfig))
<BR><BR>[Called By]<UL><LI><a href="#[ff]">&gt;&gt;</a>&nbsp;&nbsp;&nbsp;UartDma_Init
</UL>

<P><STRONG><a name="[101]"></a>DMA_Init</STRONG> (Thumb, 60 bytes, Stack size 8 bytes, stm32f10x_dma.o(i.DMA_Init))
<BR><BR>[Stack]<UL><LI>Max Depth = 8<LI>Call Chain = DMA_Init
</UL>
<BR>[Called By]<UL><LI><a href="#[ff]">&gt;&gt;</a>&nbsp;&nbsp;&nbsp;UartDma_Init
</UL>

<P><STRONG><a name="[c3]"></a>DevChar_open</STRONG> (Thumb, 60 bytes, Stack size 24 bytes, dev_char.o(i.DevChar_open))
<BR><BR>[Stack]<UL><LI>Max Depth = 96<LI>Call Chain = DevChar_open &rArr; Get_DevUart2 &rArr; Dev_Uart2_new &rArr; malloc &rArr; internal_alloc
</UL>
<BR>[Calls]<UL><LI><a href="#[c5]">&gt;&gt;</a>&nbsp;&nbsp;&nbsp;Get_DevUart2
<LI><a href="#[c4]">&gt;&gt;</a>&nbsp;&nbsp;&nbsp;Get_DevUart1
</UL>
<BR>[Called By]<UL><LI><a href="#[bc]">&gt;&gt;</a>&nbsp;&nbsp;&nbsp;Dev_open
</UL>

<P><STRONG><a name="[d2]"></a>DevLCD_open</STRONG> (Thumb, 54 bytes, Stack size 24 bytes, dev_lcd.o(i.DevLCD_open))
<BR><BR>[Stack]<UL><LI>Max Depth = 24<LI>Call Chain = DevLCD_open
</UL>
<BR>[Called By]<UL><LI><a href="#[bc]">&gt;&gt;</a>&nbsp;&nbsp;&nbsp;Dev_open
</UL>

<P><STRONG><a name="[d0]"></a>Dev_MAJORID</STRONG> (Thumb, 10 bytes, Stack size 0 bytes, device.o(i.Dev_MAJORID))
<BR><BR>[Called By]<UL><LI><a href="#[bc]">&gt;&gt;</a>&nbsp;&nbsp;&nbsp;Dev_open
</UL>

<P><STRONG><a name="[d1]"></a>Dev_MINORID</STRONG> (Thumb, 8 bytes, Stack size 0 bytes, device.o(i.Dev_MINORID))
<BR><BR>[Called By]<UL><LI><a href="#[bc]">&gt;&gt;</a>&nbsp;&nbsp;&nbsp;Dev_open
</UL>

<P><STRONG><a name="[cf]"></a>Dev_TYPE</STRONG> (Thumb, 10 bytes, Stack size 0 bytes, device.o(i.Dev_TYPE))
<BR><BR>[Called By]<UL><LI><a href="#[bc]">&gt;&gt;</a>&nbsp;&nbsp;&nbsp;Dev_open
</UL>

<P><STRONG><a name="[57]"></a>Dev_Uart1_close</STRONG> (Thumb, 46 bytes, Stack size 8 bytes, dev_uart1.o(i.Dev_Uart1_close))
<BR><BR>[Stack]<UL><LI>Max Depth = 20<LI>Call Chain = Dev_Uart1_close &rArr; free
</UL>
<BR>[Calls]<UL><LI><a href="#[c6]">&gt;&gt;</a>&nbsp;&nbsp;&nbsp;osSemaphoreDelete
<LI><a href="#[c7]">&gt;&gt;</a>&nbsp;&nbsp;&nbsp;free
</UL>
<BR>[Address Reference Count : 1]<UL><LI> dev_uart1.o(i.Dev_Uart1_ctor)
</UL>
<P><STRONG><a name="[c9]"></a>Dev_Uart1_ctor</STRONG> (Thumb, 26 bytes, Stack size 0 bytes, dev_uart1.o(i.Dev_Uart1_ctor))
<BR><BR>[Called By]<UL><LI><a href="#[c8]">&gt;&gt;</a>&nbsp;&nbsp;&nbsp;Dev_Uart1_new
</UL>

<P><STRONG><a name="[5a]"></a>Dev_Uart1_ioctol</STRONG> (Thumb, 124 bytes, Stack size 24 bytes, dev_uart1.o(i.Dev_Uart1_ioctol))
<BR><BR>[Stack]<UL><LI>Max Depth = 24<LI>Call Chain = Dev_Uart1_ioctol
</UL>
<BR>[Address Reference Count : 1]<UL><LI> dev_uart1.o(i.Dev_Uart1_ctor)
</UL>
<P><STRONG><a name="[c8]"></a>Dev_Uart1_new</STRONG> (Thumb, 26 bytes, Stack size 8 bytes, dev_uart1.o(i.Dev_Uart1_new))
<BR><BR>[Stack]<UL><LI>Max Depth = 64<LI>Call Chain = Dev_Uart1_new &rArr; malloc &rArr; internal_alloc
</UL>
<BR>[Calls]<UL><LI><a href="#[c9]">&gt;&gt;</a>&nbsp;&nbsp;&nbsp;Dev_Uart1_ctor
<LI><a href="#[ab]">&gt;&gt;</a>&nbsp;&nbsp;&nbsp;malloc
</UL>
<BR>[Called By]<UL><LI><a href="#[c4]">&gt;&gt;</a>&nbsp;&nbsp;&nbsp;Get_DevUart1
</UL>

<P><STRONG><a name="[56]"></a>Dev_Uart1_open</STRONG> (Thumb, 236 bytes, Stack size 8 bytes, dev_uart1.o(i.Dev_Uart1_open))
<BR><BR>[Stack]<UL><LI>Max Depth = 72<LI>Call Chain = Dev_Uart1_open &rArr; driveUart_new &rArr; malloc &rArr; internal_alloc
</UL>
<BR>[Calls]<UL><LI><a href="#[cb]">&gt;&gt;</a>&nbsp;&nbsp;&nbsp;osSemaphoreWait
<LI><a href="#[ca]">&gt;&gt;</a>&nbsp;&nbsp;&nbsp;osSemaphoreCreate
<LI><a href="#[c6]">&gt;&gt;</a>&nbsp;&nbsp;&nbsp;osSemaphoreDelete
<LI><a href="#[cc]">&gt;&gt;</a>&nbsp;&nbsp;&nbsp;driveUart_new
<LI><a href="#[c7]">&gt;&gt;</a>&nbsp;&nbsp;&nbsp;free
</UL>
<BR>[Address Reference Count : 1]<UL><LI> dev_uart1.o(i.Dev_Uart1_ctor)
</UL>
<P><STRONG><a name="[58]"></a>Dev_Uart1_read</STRONG> (Thumb, 24 bytes, Stack size 16 bytes, dev_uart1.o(i.Dev_Uart1_read))
<BR><BR>[Stack]<UL><LI>Max Depth = 16<LI>Call Chain = Dev_Uart1_read
</UL>
<BR>[Address Reference Count : 1]<UL><LI> dev_uart1.o(i.Dev_Uart1_ctor)
</UL>
<P><STRONG><a name="[5b]"></a>Dev_Uart1_test</STRONG> (Thumb, 26 bytes, Stack size 16 bytes, dev_uart1.o(i.Dev_Uart1_test))
<BR><BR>[Stack]<UL><LI>Max Depth = 16<LI>Call Chain = Dev_Uart1_test
</UL>
<BR>[Address Reference Count : 1]<UL><LI> dev_uart1.o(i.Dev_Uart1_ctor)
</UL>
<P><STRONG><a name="[59]"></a>Dev_Uart1_write</STRONG> (Thumb, 24 bytes, Stack size 16 bytes, dev_uart1.o(i.Dev_Uart1_write))
<BR><BR>[Stack]<UL><LI>Max Depth = 16<LI>Call Chain = Dev_Uart1_write
</UL>
<BR>[Address Reference Count : 1]<UL><LI> dev_uart1.o(i.Dev_Uart1_ctor)
</UL>
<P><STRONG><a name="[63]"></a>Dev_Uart2_close</STRONG> (Thumb, 46 bytes, Stack size 8 bytes, dev_uart2.o(i.Dev_Uart2_close))
<BR><BR>[Stack]<UL><LI>Max Depth = 20<LI>Call Chain = Dev_Uart2_close &rArr; free
</UL>
<BR>[Calls]<UL><LI><a href="#[c6]">&gt;&gt;</a>&nbsp;&nbsp;&nbsp;osSemaphoreDelete
<LI><a href="#[c7]">&gt;&gt;</a>&nbsp;&nbsp;&nbsp;free
</UL>
<BR>[Address Reference Count : 1]<UL><LI> dev_uart2.o(i.Dev_Uart2_ctor)
</UL>
<P><STRONG><a name="[ce]"></a>Dev_Uart2_ctor</STRONG> (Thumb, 26 bytes, Stack size 0 bytes, dev_uart2.o(i.Dev_Uart2_ctor))
<BR><BR>[Called By]<UL><LI><a href="#[cd]">&gt;&gt;</a>&nbsp;&nbsp;&nbsp;Dev_Uart2_new
</UL>

<P><STRONG><a name="[66]"></a>Dev_Uart2_ioctol</STRONG> (Thumb, 124 bytes, Stack size 24 bytes, dev_uart2.o(i.Dev_Uart2_ioctol))
<BR><BR>[Stack]<UL><LI>Max Depth = 24<LI>Call Chain = Dev_Uart2_ioctol
</UL>
<BR>[Address Reference Count : 1]<UL><LI> dev_uart2.o(i.Dev_Uart2_ctor)
</UL>
<P><STRONG><a name="[cd]"></a>Dev_Uart2_new</STRONG> (Thumb, 26 bytes, Stack size 8 bytes, dev_uart2.o(i.Dev_Uart2_new))
<BR><BR>[Stack]<UL><LI>Max Depth = 64<LI>Call Chain = Dev_Uart2_new &rArr; malloc &rArr; internal_alloc
</UL>
<BR>[Calls]<UL><LI><a href="#[ce]">&gt;&gt;</a>&nbsp;&nbsp;&nbsp;Dev_Uart2_ctor
<LI><a href="#[ab]">&gt;&gt;</a>&nbsp;&nbsp;&nbsp;malloc
</UL>
<BR>[Called By]<UL><LI><a href="#[c5]">&gt;&gt;</a>&nbsp;&nbsp;&nbsp;Get_DevUart2
</UL>

<P><STRONG><a name="[62]"></a>Dev_Uart2_open</STRONG> (Thumb, 236 bytes, Stack size 8 bytes, dev_uart2.o(i.Dev_Uart2_open))
<BR><BR>[Stack]<UL><LI>Max Depth = 72<LI>Call Chain = Dev_Uart2_open &rArr; driveUart_new &rArr; malloc &rArr; internal_alloc
</UL>
<BR>[Calls]<UL><LI><a href="#[cb]">&gt;&gt;</a>&nbsp;&nbsp;&nbsp;osSemaphoreWait
<LI><a href="#[ca]">&gt;&gt;</a>&nbsp;&nbsp;&nbsp;osSemaphoreCreate
<LI><a href="#[c6]">&gt;&gt;</a>&nbsp;&nbsp;&nbsp;osSemaphoreDelete
<LI><a href="#[cc]">&gt;&gt;</a>&nbsp;&nbsp;&nbsp;driveUart_new
<LI><a href="#[c7]">&gt;&gt;</a>&nbsp;&nbsp;&nbsp;free
</UL>
<BR>[Address Reference Count : 1]<UL><LI> dev_uart2.o(i.Dev_Uart2_ctor)
</UL>
<P><STRONG><a name="[64]"></a>Dev_Uart2_read</STRONG> (Thumb, 24 bytes, Stack size 16 bytes, dev_uart2.o(i.Dev_Uart2_read))
<BR><BR>[Stack]<UL><LI>Max Depth = 16<LI>Call Chain = Dev_Uart2_read
</UL>
<BR>[Address Reference Count : 1]<UL><LI> dev_uart2.o(i.Dev_Uart2_ctor)
</UL>
<P><STRONG><a name="[67]"></a>Dev_Uart2_test</STRONG> (Thumb, 26 bytes, Stack size 16 bytes, dev_uart2.o(i.Dev_Uart2_test))
<BR><BR>[Stack]<UL><LI>Max Depth = 16<LI>Call Chain = Dev_Uart2_test
</UL>
<BR>[Address Reference Count : 1]<UL><LI> dev_uart2.o(i.Dev_Uart2_ctor)
</UL>
<P><STRONG><a name="[65]"></a>Dev_Uart2_write</STRONG> (Thumb, 24 bytes, Stack size 16 bytes, dev_uart2.o(i.Dev_Uart2_write))
<BR><BR>[Stack]<UL><LI>Max Depth = 16<LI>Call Chain = Dev_Uart2_write
</UL>
<BR>[Address Reference Count : 1]<UL><LI> dev_uart2.o(i.Dev_Uart2_ctor)
</UL>
<P><STRONG><a name="[2]"></a>Dev_UsartInit</STRONG> (Thumb, 12 bytes, Stack size 8 bytes, dev_lcdusartgpu.o(i.Dev_UsartInit))
<BR><BR>[Stack]<UL><LI>Max Depth = 136<LI>Call Chain = Dev_UsartInit &rArr; Dev_open &rArr; DevChar_open &rArr; Get_DevUart2 &rArr; Dev_Uart2_new &rArr; malloc &rArr; internal_alloc
</UL>
<BR>[Calls]<UL><LI><a href="#[bc]">&gt;&gt;</a>&nbsp;&nbsp;&nbsp;Dev_open
</UL>
<BR>[Address Reference Count : 1]<UL><LI> dev_lcdusartgpu.o(.data)
</UL>
<P><STRONG><a name="[bc]"></a>Dev_open</STRONG> (Thumb, 88 bytes, Stack size 32 bytes, device.o(i.Dev_open))
<BR><BR>[Stack]<UL><LI>Max Depth = 128<LI>Call Chain = Dev_open &rArr; DevChar_open &rArr; Get_DevUart2 &rArr; Dev_Uart2_new &rArr; malloc &rArr; internal_alloc
</UL>
<BR>[Calls]<UL><LI><a href="#[d2]">&gt;&gt;</a>&nbsp;&nbsp;&nbsp;DevLCD_open
<LI><a href="#[c3]">&gt;&gt;</a>&nbsp;&nbsp;&nbsp;DevChar_open
<LI><a href="#[cf]">&gt;&gt;</a>&nbsp;&nbsp;&nbsp;Dev_TYPE
<LI><a href="#[d1]">&gt;&gt;</a>&nbsp;&nbsp;&nbsp;Dev_MINORID
<LI><a href="#[d0]">&gt;&gt;</a>&nbsp;&nbsp;&nbsp;Dev_MAJORID
</UL>
<BR>[Called By]<UL><LI><a href="#[53]">&gt;&gt;</a>&nbsp;&nbsp;&nbsp;Ction_Clean
<LI><a href="#[74]">&gt;&gt;</a>&nbsp;&nbsp;&nbsp;GhTxt_GetWidth
<LI><a href="#[75]">&gt;&gt;</a>&nbsp;&nbsp;&nbsp;GhTxt_GetHeight
<LI><a href="#[73]">&gt;&gt;</a>&nbsp;&nbsp;&nbsp;GhTxt_Flush
<LI><a href="#[72]">&gt;&gt;</a>&nbsp;&nbsp;&nbsp;GhTxt_Draw
<LI><a href="#[2]">&gt;&gt;</a>&nbsp;&nbsp;&nbsp;Dev_UsartInit
</UL>

<P><STRONG><a name="[f5]"></a>Expr_ctor</STRONG> (Thumb, 10 bytes, Stack size 0 bytes, expression.o(i.Expr_ctor))
<BR><BR>[Called By]<UL><LI><a href="#[f4]">&gt;&gt;</a>&nbsp;&nbsp;&nbsp;TxtExpr_ctor
</UL>

<P><STRONG><a name="[ee]"></a>GPIO_Init</STRONG> (Thumb, 278 bytes, Stack size 24 bytes, stm32f10x_gpio.o(i.GPIO_Init))
<BR><BR>[Stack]<UL><LI>Max Depth = 24<LI>Call Chain = GPIO_Init
</UL>
<BR>[Called By]<UL><LI><a href="#[ed]">&gt;&gt;</a>&nbsp;&nbsp;&nbsp;Pin_init
</UL>

<P><STRONG><a name="[ef]"></a>GPIO_PinRemapConfig</STRONG> (Thumb, 138 bytes, Stack size 20 bytes, stm32f10x_gpio.o(i.GPIO_PinRemapConfig))
<BR><BR>[Stack]<UL><LI>Max Depth = 20<LI>Call Chain = GPIO_PinRemapConfig
</UL>
<BR>[Called By]<UL><LI><a href="#[ed]">&gt;&gt;</a>&nbsp;&nbsp;&nbsp;Pin_init
</UL>

<P><STRONG><a name="[d3]"></a>GetCompileDay</STRONG> (Thumb, 28 bytes, Stack size 24 bytes, marco.o(i.GetCompileDay))
<BR><BR>[Stack]<UL><LI>Max Depth = 112<LI>Call Chain = GetCompileDay &rArr; atoi &rArr; strtol &rArr; _strtoul
</UL>
<BR>[Calls]<UL><LI><a href="#[ac]">&gt;&gt;</a>&nbsp;&nbsp;&nbsp;atoi
</UL>
<BR>[Called By]<UL><LI><a href="#[7]">&gt;&gt;</a>&nbsp;&nbsp;&nbsp;main
</UL>

<P><STRONG><a name="[d4]"></a>GetCompileMoth</STRONG> (Thumb, 60 bytes, Stack size 24 bytes, marco.o(i.GetCompileMoth))
<BR><BR>[Stack]<UL><LI>Max Depth = 32<LI>Call Chain = GetCompileMoth &rArr; strcmp
</UL>
<BR>[Calls]<UL><LI><a href="#[d5]">&gt;&gt;</a>&nbsp;&nbsp;&nbsp;strcmp
</UL>
<BR>[Called By]<UL><LI><a href="#[7]">&gt;&gt;</a>&nbsp;&nbsp;&nbsp;main
</UL>

<P><STRONG><a name="[d6]"></a>GetNameVale</STRONG> (Thumb, 78 bytes, Stack size 24 bytes, reader.o(i.GetNameVale))
<BR><BR>[Stack]<UL><LI>Max Depth = 36<LI>Call Chain = GetNameVale &rArr; strstr
</UL>
<BR>[Calls]<UL><LI><a href="#[d7]">&gt;&gt;</a>&nbsp;&nbsp;&nbsp;strstr
</UL>
<BR>[Called By]<UL><LI><a href="#[7b]">&gt;&gt;</a>&nbsp;&nbsp;&nbsp;TxtInterpret
</UL>

<P><STRONG><a name="[d8]"></a>GetTxtExpr</STRONG> (Thumb, 22 bytes, Stack size 8 bytes, txtexpr.o(i.GetTxtExpr))
<BR><BR>[Stack]<UL><LI>Max Depth = 72<LI>Call Chain = GetTxtExpr &rArr; TxtExpr_new &rArr; malloc &rArr; internal_alloc
</UL>
<BR>[Calls]<UL><LI><a href="#[d9]">&gt;&gt;</a>&nbsp;&nbsp;&nbsp;TxtExpr_new
</UL>
<BR>[Called By]<UL><LI><a href="#[10a]">&gt;&gt;</a>&nbsp;&nbsp;&nbsp;View_test
</UL>

<P><STRONG><a name="[da]"></a>Get_Composition</STRONG> (Thumb, 22 bytes, Stack size 8 bytes, composition.o(i.Get_Composition))
<BR><BR>[Stack]<UL><LI>Max Depth = 72<LI>Call Chain = Get_Composition &rArr; Composition_new &rArr; malloc &rArr; internal_alloc
</UL>
<BR>[Calls]<UL><LI><a href="#[b9]">&gt;&gt;</a>&nbsp;&nbsp;&nbsp;Composition_new
</UL>
<BR>[Called By]<UL><LI><a href="#[10a]">&gt;&gt;</a>&nbsp;&nbsp;&nbsp;View_test
</UL>

<P><STRONG><a name="[c4]"></a>Get_DevUart1</STRONG> (Thumb, 30 bytes, Stack size 8 bytes, dev_uart1.o(i.Get_DevUart1))
<BR><BR>[Stack]<UL><LI>Max Depth = 72<LI>Call Chain = Get_DevUart1 &rArr; Dev_Uart1_new &rArr; malloc &rArr; internal_alloc
</UL>
<BR>[Calls]<UL><LI><a href="#[c8]">&gt;&gt;</a>&nbsp;&nbsp;&nbsp;Dev_Uart1_new
</UL>
<BR>[Called By]<UL><LI><a href="#[c3]">&gt;&gt;</a>&nbsp;&nbsp;&nbsp;DevChar_open
</UL>

<P><STRONG><a name="[c5]"></a>Get_DevUart2</STRONG> (Thumb, 30 bytes, Stack size 8 bytes, dev_uart2.o(i.Get_DevUart2))
<BR><BR>[Stack]<UL><LI>Max Depth = 72<LI>Call Chain = Get_DevUart2 &rArr; Dev_Uart2_new &rArr; malloc &rArr; internal_alloc
</UL>
<BR>[Calls]<UL><LI><a href="#[cd]">&gt;&gt;</a>&nbsp;&nbsp;&nbsp;Dev_Uart2_new
</UL>
<BR>[Called By]<UL><LI><a href="#[c3]">&gt;&gt;</a>&nbsp;&nbsp;&nbsp;DevChar_open
</UL>

<P><STRONG><a name="[bb]"></a>Get_GhTxt</STRONG> (Thumb, 72 bytes, Stack size 8 bytes, gh_txt.o(i.Get_GhTxt))
<BR><BR>[Stack]<UL><LI>Max Depth = 72<LI>Call Chain = Get_GhTxt &rArr; GhTxt_new &rArr; malloc &rArr; internal_alloc
</UL>
<BR>[Calls]<UL><LI><a href="#[dc]">&gt;&gt;</a>&nbsp;&nbsp;&nbsp;CQ_Init
<LI><a href="#[db]">&gt;&gt;</a>&nbsp;&nbsp;&nbsp;GhTxt_new
<LI><a href="#[ab]">&gt;&gt;</a>&nbsp;&nbsp;&nbsp;malloc
</UL>
<BR>[Called By]<UL><LI><a href="#[53]">&gt;&gt;</a>&nbsp;&nbsp;&nbsp;Ction_Clean
<LI><a href="#[7b]">&gt;&gt;</a>&nbsp;&nbsp;&nbsp;TxtInterpret
</UL>

<P><STRONG><a name="[dd]"></a>Get_SimpCtor</STRONG> (Thumb, 22 bytes, Stack size 8 bytes, simplecompositor.o(i.Get_SimpCtor))
<BR><BR>[Stack]<UL><LI>Max Depth = 72<LI>Call Chain = Get_SimpCtor &rArr; SimpCtor_new &rArr; malloc &rArr; internal_alloc
</UL>
<BR>[Calls]<UL><LI><a href="#[de]">&gt;&gt;</a>&nbsp;&nbsp;&nbsp;SimpCtor_new
</UL>
<BR>[Called By]<UL><LI><a href="#[10a]">&gt;&gt;</a>&nbsp;&nbsp;&nbsp;View_test
</UL>

<P><STRONG><a name="[df]"></a>GhTxt_ctor</STRONG> (Thumb, 40 bytes, Stack size 8 bytes, gh_txt.o(i.GhTxt_ctor))
<BR><BR>[Stack]<UL><LI>Max Depth = 8<LI>Call Chain = GhTxt_ctor
</UL>
<BR>[Calls]<UL><LI><a href="#[e0]">&gt;&gt;</a>&nbsp;&nbsp;&nbsp;Glyph_ctor
</UL>
<BR>[Called By]<UL><LI><a href="#[db]">&gt;&gt;</a>&nbsp;&nbsp;&nbsp;GhTxt_new
</UL>

<P><STRONG><a name="[db]"></a>GhTxt_new</STRONG> (Thumb, 26 bytes, Stack size 8 bytes, gh_txt.o(i.GhTxt_new))
<BR><BR>[Stack]<UL><LI>Max Depth = 64<LI>Call Chain = GhTxt_new &rArr; malloc &rArr; internal_alloc
</UL>
<BR>[Calls]<UL><LI><a href="#[df]">&gt;&gt;</a>&nbsp;&nbsp;&nbsp;GhTxt_ctor
<LI><a href="#[ab]">&gt;&gt;</a>&nbsp;&nbsp;&nbsp;malloc
</UL>
<BR>[Called By]<UL><LI><a href="#[bb]">&gt;&gt;</a>&nbsp;&nbsp;&nbsp;Get_GhTxt
</UL>

<P><STRONG><a name="[e0]"></a>Glyph_ctor</STRONG> (Thumb, 14 bytes, Stack size 0 bytes, glyph.o(i.Glyph_ctor))
<BR><BR>[Called By]<UL><LI><a href="#[df]">&gt;&gt;</a>&nbsp;&nbsp;&nbsp;GhTxt_ctor
</UL>

<P><STRONG><a name="[b7]"></a>GpuSend</STRONG> (Thumb, 38 bytes, Stack size 16 bytes, dev_lcdusartgpu.o(i.GpuSend))
<BR><BR>[Stack]<UL><LI>Max Depth = 16<LI>Call Chain = GpuSend
</UL>
<BR>[Calls]<UL><LI><a href="#[b8]">&gt;&gt;</a>&nbsp;&nbsp;&nbsp;osDelay
<LI><a href="#[e1]">&gt;&gt;</a>&nbsp;&nbsp;&nbsp;strlen
</UL>
<BR>[Called By]<UL><LI><a href="#[5]">&gt;&gt;</a>&nbsp;&nbsp;&nbsp;GpuWrString
<LI><a href="#[4]">&gt;&gt;</a>&nbsp;&nbsp;&nbsp;ClearLcd
</UL>

<P><STRONG><a name="[e5]"></a>NVIC_Configuration</STRONG> (Thumb, 162 bytes, Stack size 8 bytes, intrinit.o(i.NVIC_Configuration))
<BR><BR>[Stack]<UL><LI>Max Depth = 24<LI>Call Chain = NVIC_Configuration &rArr; NVIC_Init
</UL>
<BR>[Calls]<UL><LI><a href="#[e6]">&gt;&gt;</a>&nbsp;&nbsp;&nbsp;NVIC_SetVectorTable
<LI><a href="#[e7]">&gt;&gt;</a>&nbsp;&nbsp;&nbsp;NVIC_PriorityGroupConfig
<LI><a href="#[e8]">&gt;&gt;</a>&nbsp;&nbsp;&nbsp;NVIC_Init
</UL>
<BR>[Called By]<UL><LI><a href="#[7]">&gt;&gt;</a>&nbsp;&nbsp;&nbsp;main
</UL>

<P><STRONG><a name="[e8]"></a>NVIC_Init</STRONG> (Thumb, 100 bytes, Stack size 16 bytes, misc.o(i.NVIC_Init))
<BR><BR>[Stack]<UL><LI>Max Depth = 16<LI>Call Chain = NVIC_Init
</UL>
<BR>[Called By]<UL><LI><a href="#[e5]">&gt;&gt;</a>&nbsp;&nbsp;&nbsp;NVIC_Configuration
</UL>

<P><STRONG><a name="[e7]"></a>NVIC_PriorityGroupConfig</STRONG> (Thumb, 10 bytes, Stack size 0 bytes, misc.o(i.NVIC_PriorityGroupConfig))
<BR><BR>[Called By]<UL><LI><a href="#[e5]">&gt;&gt;</a>&nbsp;&nbsp;&nbsp;NVIC_Configuration
</UL>

<P><STRONG><a name="[e6]"></a>NVIC_SetVectorTable</STRONG> (Thumb, 12 bytes, Stack size 0 bytes, misc.o(i.NVIC_SetVectorTable))
<BR><BR>[Called By]<UL><LI><a href="#[e5]">&gt;&gt;</a>&nbsp;&nbsp;&nbsp;NVIC_Configuration
</UL>

<P><STRONG><a name="[e9]"></a>OpenPrpClock</STRONG> (Thumb, 54 bytes, Stack size 8 bytes, mysystemclock.o(i.OpenPrpClock))
<BR><BR>[Stack]<UL><LI>Max Depth = 8<LI>Call Chain = OpenPrpClock
</UL>
<BR>[Calls]<UL><LI><a href="#[ea]">&gt;&gt;</a>&nbsp;&nbsp;&nbsp;RCC_APB2PeriphClockCmd
<LI><a href="#[eb]">&gt;&gt;</a>&nbsp;&nbsp;&nbsp;RCC_APB1PeriphClockCmd
<LI><a href="#[ec]">&gt;&gt;</a>&nbsp;&nbsp;&nbsp;RCC_AHBPeriphClockCmd
</UL>
<BR>[Called By]<UL><LI><a href="#[7]">&gt;&gt;</a>&nbsp;&nbsp;&nbsp;main
</UL>

<P><STRONG><a name="[ed]"></a>Pin_init</STRONG> (Thumb, 162 bytes, Stack size 8 bytes, pinmux.o(i.Pin_init))
<BR><BR>[Stack]<UL><LI>Max Depth = 32<LI>Call Chain = Pin_init &rArr; GPIO_Init
</UL>
<BR>[Calls]<UL><LI><a href="#[ef]">&gt;&gt;</a>&nbsp;&nbsp;&nbsp;GPIO_PinRemapConfig
<LI><a href="#[ee]">&gt;&gt;</a>&nbsp;&nbsp;&nbsp;GPIO_Init
</UL>
<BR>[Called By]<UL><LI><a href="#[7]">&gt;&gt;</a>&nbsp;&nbsp;&nbsp;main
</UL>

<P><STRONG><a name="[ec]"></a>RCC_AHBPeriphClockCmd</STRONG> (Thumb, 26 bytes, Stack size 0 bytes, stm32f10x_rcc.o(i.RCC_AHBPeriphClockCmd))
<BR><BR>[Called By]<UL><LI><a href="#[e9]">&gt;&gt;</a>&nbsp;&nbsp;&nbsp;OpenPrpClock
</UL>

<P><STRONG><a name="[eb]"></a>RCC_APB1PeriphClockCmd</STRONG> (Thumb, 26 bytes, Stack size 0 bytes, stm32f10x_rcc.o(i.RCC_APB1PeriphClockCmd))
<BR><BR>[Called By]<UL><LI><a href="#[e9]">&gt;&gt;</a>&nbsp;&nbsp;&nbsp;OpenPrpClock
</UL>

<P><STRONG><a name="[fa]"></a>RCC_APB1PeriphResetCmd</STRONG> (Thumb, 26 bytes, Stack size 0 bytes, stm32f10x_rcc.o(i.RCC_APB1PeriphResetCmd))
<BR><BR>[Called By]<UL><LI><a href="#[f8]">&gt;&gt;</a>&nbsp;&nbsp;&nbsp;USART_DeInit
</UL>

<P><STRONG><a name="[ea]"></a>RCC_APB2PeriphClockCmd</STRONG> (Thumb, 26 bytes, Stack size 0 bytes, stm32f10x_rcc.o(i.RCC_APB2PeriphClockCmd))
<BR><BR>[Called By]<UL><LI><a href="#[e9]">&gt;&gt;</a>&nbsp;&nbsp;&nbsp;OpenPrpClock
</UL>

<P><STRONG><a name="[f9]"></a>RCC_APB2PeriphResetCmd</STRONG> (Thumb, 26 bytes, Stack size 0 bytes, stm32f10x_rcc.o(i.RCC_APB2PeriphResetCmd))
<BR><BR>[Called By]<UL><LI><a href="#[f8]">&gt;&gt;</a>&nbsp;&nbsp;&nbsp;USART_DeInit
</UL>

<P><STRONG><a name="[fc]"></a>RCC_GetClocksFreq</STRONG> (Thumb, 192 bytes, Stack size 12 bytes, stm32f10x_rcc.o(i.RCC_GetClocksFreq))
<BR><BR>[Stack]<UL><LI>Max Depth = 12<LI>Call Chain = RCC_GetClocksFreq
</UL>
<BR>[Called By]<UL><LI><a href="#[fb]">&gt;&gt;</a>&nbsp;&nbsp;&nbsp;USART_Init
</UL>

<P><STRONG><a name="[f3]"></a>SimpCtor_ctor</STRONG> (Thumb, 6 bytes, Stack size 0 bytes, simplecompositor.o(i.SimpCtor_ctor))
<BR><BR>[Called By]<UL><LI><a href="#[de]">&gt;&gt;</a>&nbsp;&nbsp;&nbsp;SimpCtor_new
</UL>

<P><STRONG><a name="[de]"></a>SimpCtor_new</STRONG> (Thumb, 26 bytes, Stack size 8 bytes, simplecompositor.o(i.SimpCtor_new))
<BR><BR>[Stack]<UL><LI>Max Depth = 64<LI>Call Chain = SimpCtor_new &rArr; malloc &rArr; internal_alloc
</UL>
<BR>[Calls]<UL><LI><a href="#[f3]">&gt;&gt;</a>&nbsp;&nbsp;&nbsp;SimpCtor_ctor
<LI><a href="#[ab]">&gt;&gt;</a>&nbsp;&nbsp;&nbsp;malloc
</UL>
<BR>[Called By]<UL><LI><a href="#[dd]">&gt;&gt;</a>&nbsp;&nbsp;&nbsp;Get_SimpCtor
</UL>

<P><STRONG><a name="[50]"></a>SystemInit</STRONG> (Thumb, 78 bytes, Stack size 8 bytes, system_stm32f10x.o(i.SystemInit))
<BR><BR>[Stack]<UL><LI>Max Depth = 28<LI>Call Chain = SystemInit &rArr; SetSysClock &rArr; SetSysClockTo72
</UL>
<BR>[Calls]<UL><LI><a href="#[f0]">&gt;&gt;</a>&nbsp;&nbsp;&nbsp;SetSysClock
</UL>
<BR>[Address Reference Count : 1]<UL><LI> startup_stm32f10x_hd.o(.text)
</UL>
<P><STRONG><a name="[f4]"></a>TxtExpr_ctor</STRONG> (Thumb, 16 bytes, Stack size 8 bytes, txtexpr.o(i.TxtExpr_ctor))
<BR><BR>[Stack]<UL><LI>Max Depth = 8<LI>Call Chain = TxtExpr_ctor
</UL>
<BR>[Calls]<UL><LI><a href="#[f5]">&gt;&gt;</a>&nbsp;&nbsp;&nbsp;Expr_ctor
</UL>
<BR>[Called By]<UL><LI><a href="#[d9]">&gt;&gt;</a>&nbsp;&nbsp;&nbsp;TxtExpr_new
</UL>

<P><STRONG><a name="[d9]"></a>TxtExpr_new</STRONG> (Thumb, 26 bytes, Stack size 8 bytes, txtexpr.o(i.TxtExpr_new))
<BR><BR>[Stack]<UL><LI>Max Depth = 64<LI>Call Chain = TxtExpr_new &rArr; malloc &rArr; internal_alloc
</UL>
<BR>[Calls]<UL><LI><a href="#[f4]">&gt;&gt;</a>&nbsp;&nbsp;&nbsp;TxtExpr_ctor
<LI><a href="#[ab]">&gt;&gt;</a>&nbsp;&nbsp;&nbsp;malloc
</UL>
<BR>[Called By]<UL><LI><a href="#[d8]">&gt;&gt;</a>&nbsp;&nbsp;&nbsp;GetTxtExpr
</UL>

<P><STRONG><a name="[37]"></a>USART1_IRQHandler</STRONG> (Thumb, 144 bytes, Stack size 32 bytes, drive_uart.o(i.USART1_IRQHandler))
<BR><BR>[Stack]<UL><LI>Max Depth = 48<LI>Call Chain = USART1_IRQHandler &rArr; USART_GetITStatus
</UL>
<BR>[Calls]<UL><LI><a href="#[c2]">&gt;&gt;</a>&nbsp;&nbsp;&nbsp;switch_receivebuf
<LI><a href="#[c0]">&gt;&gt;</a>&nbsp;&nbsp;&nbsp;get_loadbuflen
<LI><a href="#[f7]">&gt;&gt;</a>&nbsp;&nbsp;&nbsp;USART_ReceiveData
<LI><a href="#[f6]">&gt;&gt;</a>&nbsp;&nbsp;&nbsp;USART_GetITStatus
<LI><a href="#[c1]">&gt;&gt;</a>&nbsp;&nbsp;&nbsp;DMA_GetCurrDataCounter
<LI><a href="#[bf]">&gt;&gt;</a>&nbsp;&nbsp;&nbsp;DMA_Cmd
<LI><a href="#[be]">&gt;&gt;</a>&nbsp;&nbsp;&nbsp;DMA_ClearFlag
</UL>
<BR>[Address Reference Count : 1]<UL><LI> startup_stm32f10x_hd.o(RESET)
</UL>
<P><STRONG><a name="[38]"></a>USART2_IRQHandler</STRONG> (Thumb, 144 bytes, Stack size 32 bytes, drive_uart.o(i.USART2_IRQHandler))
<BR><BR>[Stack]<UL><LI>Max Depth = 48<LI>Call Chain = USART2_IRQHandler &rArr; USART_GetITStatus
</UL>
<BR>[Calls]<UL><LI><a href="#[c2]">&gt;&gt;</a>&nbsp;&nbsp;&nbsp;switch_receivebuf
<LI><a href="#[c0]">&gt;&gt;</a>&nbsp;&nbsp;&nbsp;get_loadbuflen
<LI><a href="#[f7]">&gt;&gt;</a>&nbsp;&nbsp;&nbsp;USART_ReceiveData
<LI><a href="#[f6]">&gt;&gt;</a>&nbsp;&nbsp;&nbsp;USART_GetITStatus
<LI><a href="#[c1]">&gt;&gt;</a>&nbsp;&nbsp;&nbsp;DMA_GetCurrDataCounter
<LI><a href="#[bf]">&gt;&gt;</a>&nbsp;&nbsp;&nbsp;DMA_Cmd
<LI><a href="#[be]">&gt;&gt;</a>&nbsp;&nbsp;&nbsp;DMA_ClearFlag
</UL>
<BR>[Address Reference Count : 1]<UL><LI> startup_stm32f10x_hd.o(RESET)
</UL>
<P><STRONG><a name="[fe]"></a>USART_Cmd</STRONG> (Thumb, 24 bytes, Stack size 0 bytes, stm32f10x_usart.o(i.USART_Cmd))
<BR><BR>[Called By]<UL><LI><a href="#[7]">&gt;&gt;</a>&nbsp;&nbsp;&nbsp;main
<LI><a href="#[7e]">&gt;&gt;</a>&nbsp;&nbsp;&nbsp;UartInit
<LI><a href="#[7f]">&gt;&gt;</a>&nbsp;&nbsp;&nbsp;UartDeInit
</UL>

<P><STRONG><a name="[106]"></a>USART_DMACmd</STRONG> (Thumb, 18 bytes, Stack size 0 bytes, stm32f10x_usart.o(i.USART_DMACmd))
<BR><BR>[Called By]<UL><LI><a href="#[7e]">&gt;&gt;</a>&nbsp;&nbsp;&nbsp;UartInit
</UL>

<P><STRONG><a name="[f8]"></a>USART_DeInit</STRONG> (Thumb, 134 bytes, Stack size 8 bytes, stm32f10x_usart.o(i.USART_DeInit))
<BR><BR>[Stack]<UL><LI>Max Depth = 8<LI>Call Chain = USART_DeInit
</UL>
<BR>[Calls]<UL><LI><a href="#[f9]">&gt;&gt;</a>&nbsp;&nbsp;&nbsp;RCC_APB2PeriphResetCmd
<LI><a href="#[fa]">&gt;&gt;</a>&nbsp;&nbsp;&nbsp;RCC_APB1PeriphResetCmd
</UL>
<BR>[Called By]<UL><LI><a href="#[7e]">&gt;&gt;</a>&nbsp;&nbsp;&nbsp;UartInit
<LI><a href="#[7f]">&gt;&gt;</a>&nbsp;&nbsp;&nbsp;UartDeInit
</UL>

<P><STRONG><a name="[109]"></a>USART_GetFlagStatus</STRONG> (Thumb, 26 bytes, Stack size 0 bytes, stm32f10x_usart.o(i.USART_GetFlagStatus))
<BR><BR>[Called By]<UL><LI><a href="#[7c]">&gt;&gt;</a>&nbsp;&nbsp;&nbsp;fputc
<LI><a href="#[83]">&gt;&gt;</a>&nbsp;&nbsp;&nbsp;UartWrite
</UL>

<P><STRONG><a name="[f6]"></a>USART_GetITStatus</STRONG> (Thumb, 84 bytes, Stack size 16 bytes, stm32f10x_usart.o(i.USART_GetITStatus))
<BR><BR>[Stack]<UL><LI>Max Depth = 16<LI>Call Chain = USART_GetITStatus
</UL>
<BR>[Called By]<UL><LI><a href="#[38]">&gt;&gt;</a>&nbsp;&nbsp;&nbsp;USART2_IRQHandler
<LI><a href="#[37]">&gt;&gt;</a>&nbsp;&nbsp;&nbsp;USART1_IRQHandler
</UL>

<P><STRONG><a name="[105]"></a>USART_ITConfig</STRONG> (Thumb, 74 bytes, Stack size 20 bytes, stm32f10x_usart.o(i.USART_ITConfig))
<BR><BR>[Stack]<UL><LI>Max Depth = 20<LI>Call Chain = USART_ITConfig
</UL>
<BR>[Called By]<UL><LI><a href="#[7e]">&gt;&gt;</a>&nbsp;&nbsp;&nbsp;UartInit
</UL>

<P><STRONG><a name="[fb]"></a>USART_Init</STRONG> (Thumb, 210 bytes, Stack size 56 bytes, stm32f10x_usart.o(i.USART_Init))
<BR><BR>[Stack]<UL><LI>Max Depth = 68<LI>Call Chain = USART_Init &rArr; RCC_GetClocksFreq
</UL>
<BR>[Calls]<UL><LI><a href="#[fc]">&gt;&gt;</a>&nbsp;&nbsp;&nbsp;RCC_GetClocksFreq
</UL>
<BR>[Called By]<UL><LI><a href="#[7]">&gt;&gt;</a>&nbsp;&nbsp;&nbsp;main
<LI><a href="#[7e]">&gt;&gt;</a>&nbsp;&nbsp;&nbsp;UartInit
</UL>

<P><STRONG><a name="[f7]"></a>USART_ReceiveData</STRONG> (Thumb, 10 bytes, Stack size 0 bytes, stm32f10x_usart.o(i.USART_ReceiveData))
<BR><BR>[Called By]<UL><LI><a href="#[38]">&gt;&gt;</a>&nbsp;&nbsp;&nbsp;USART2_IRQHandler
<LI><a href="#[37]">&gt;&gt;</a>&nbsp;&nbsp;&nbsp;USART1_IRQHandler
</UL>

<P><STRONG><a name="[110]"></a>USART_SendData</STRONG> (Thumb, 8 bytes, Stack size 0 bytes, stm32f10x_usart.o(i.USART_SendData))
<BR><BR>[Called By]<UL><LI><a href="#[7c]">&gt;&gt;</a>&nbsp;&nbsp;&nbsp;fputc
</UL>

<P><STRONG><a name="[82]"></a>UartGiveBackPlayloadBuf</STRONG> (Thumb, 18 bytes, Stack size 16 bytes, drive_uart.o(i.UartGiveBackPlayloadBuf))
<BR><BR>[Stack]<UL><LI>Max Depth = 32<LI>Call Chain = UartGiveBackPlayloadBuf &rArr; free_playloadbuf
</UL>
<BR>[Calls]<UL><LI><a href="#[103]">&gt;&gt;</a>&nbsp;&nbsp;&nbsp;free_playloadbuf
</UL>
<BR>[Address Reference Count : 1]<UL><LI> drive_uart.o(i.driveUart_ctor)
</UL>
<P><STRONG><a name="[10a]"></a>View_test</STRONG> (Thumb, 122 bytes, Stack size 24 bytes, testview.o(i.View_test))
<BR><BR>[Stack]<UL><LI>Max Depth = 96<LI>Call Chain = View_test &rArr; Get_SimpCtor &rArr; SimpCtor_new &rArr; malloc &rArr; internal_alloc
</UL>
<BR>[Calls]<UL><LI><a href="#[dd]">&gt;&gt;</a>&nbsp;&nbsp;&nbsp;Get_SimpCtor
<LI><a href="#[da]">&gt;&gt;</a>&nbsp;&nbsp;&nbsp;Get_Composition
<LI><a href="#[d8]">&gt;&gt;</a>&nbsp;&nbsp;&nbsp;GetTxtExpr
</UL>
<BR>[Called By]<UL><LI><a href="#[7]">&gt;&gt;</a>&nbsp;&nbsp;&nbsp;main
</UL>

<P><STRONG><a name="[10b]"></a>__0printf$5</STRONG> (Thumb, 22 bytes, Stack size 24 bytes, printf5.o(i.__0printf$5), UNUSED)
<BR><BR>[Calls]<UL><LI><a href="#[10c]">&gt;&gt;</a>&nbsp;&nbsp;&nbsp;_printf_core
</UL>

<P><STRONG><a name="[162]"></a>__1printf$5</STRONG> (Thumb, 0 bytes, Stack size 24 bytes, printf5.o(i.__0printf$5), UNUSED)

<P><STRONG><a name="[11b]"></a>__2printf</STRONG> (Thumb, 0 bytes, Stack size 24 bytes, printf5.o(i.__0printf$5))
<BR><BR>[Stack]<UL><LI>Max Depth = 24<LI>Call Chain = __2printf
</UL>
<BR>[Called By]<UL><LI><a href="#[7]">&gt;&gt;</a>&nbsp;&nbsp;&nbsp;main
</UL>

<P><STRONG><a name="[10d]"></a>__0sprintf$5</STRONG> (Thumb, 34 bytes, Stack size 24 bytes, printf5.o(i.__0sprintf$5), UNUSED)
<BR><BR>[Calls]<UL><LI><a href="#[7d]">&gt;&gt;</a>&nbsp;&nbsp;&nbsp;_sputc
<LI><a href="#[10c]">&gt;&gt;</a>&nbsp;&nbsp;&nbsp;_printf_core
</UL>

<P><STRONG><a name="[163]"></a>__1sprintf$5</STRONG> (Thumb, 0 bytes, Stack size 24 bytes, printf5.o(i.__0sprintf$5), UNUSED)

[...]
<LI><a href="#[b7]">&gt;&gt;</a>&nbsp;&nbsp;&nbsp;GpuSend
</UL>
<BR>[Address Reference Count : 1]<UL><LI> dev_lcdusartgpu.o(.data)
</UL>
<P><STRONG><a name="[3]"></a>Dev_UsartdeInit</STRONG> (Thumb, 12 bytes, Stack size 8 bytes, dev_lcdusartgpu.o(i.Dev_UsartdeInit))
<BR><BR>[Stack]<UL><LI>Max Depth = 8<LI>Call Chain = Dev_UsartdeInit
</UL>
<BR>[Address Reference Count : 1]<UL><LI> dev_lcdusartgpu.o(.data)
</UL>
<P><STRONG><a name="[6]"></a>GpuStrSize</STRONG> (Thumb, 80 bytes, Stack size 12 bytes, dev_lcdusartgpu.o(i.GpuStrSize))
<BR><BR>[Stack]<UL><LI>Max Depth = 12<LI>Call Chain = GpuStrSize
</UL>
<BR>[Address Reference Count : 1]<UL><LI> dev_lcdusartgpu.o(.data)
</UL>
<P><STRONG><a name="[5]"></a>GpuWrString</STRONG> (Thumb, 208 bytes, Stack size 56 bytes, dev_lcdusartgpu.o(i.GpuWrString))
<BR><BR>[Stack]<UL><LI>Max Depth = 80<LI>Call Chain = GpuWrString &rArr; __2sprintf
</UL>
<BR>[Calls]<UL><LI><a href="#[b8]">&gt;&gt;</a>&nbsp;&nbsp;&nbsp;osDelay
<LI><a href="#[b7]">&gt;&gt;</a>&nbsp;&nbsp;&nbsp;GpuSend
<LI><a href="#[e3]">&gt;&gt;</a>&nbsp;&nbsp;&nbsp;strncat
<LI><a href="#[e1]">&gt;&gt;</a>&nbsp;&nbsp;&nbsp;strlen
<LI><a href="#[e4]">&gt;&gt;</a>&nbsp;&nbsp;&nbsp;strcat
<LI><a href="#[e2]">&gt;&gt;</a>&nbsp;&nbsp;&nbsp;__2sprintf
</UL>
<BR>[Address Reference Count : 1]<UL><LI> dev_lcdusartgpu.o(.data)
</UL>
<P><STRONG><a name="[7f]"></a>UartDeInit</STRONG> (Thumb, 50 bytes, Stack size 8 bytes, drive_uart.o(i.UartDeInit))
<BR><BR>[Stack]<UL><LI>Max Depth = 20<LI>Call Chain = UartDeInit &rArr; free
</UL>
<BR>[Calls]<UL><LI><a href="#[fe]">&gt;&gt;</a>&nbsp;&nbsp;&nbsp;USART_Cmd
<LI><a href="#[f8]">&gt;&gt;</a>&nbsp;&nbsp;&nbsp;USART_DeInit
<LI><a href="#[c7]">&gt;&gt;</a>&nbsp;&nbsp;&nbsp;free
</UL>
<BR>[Address Reference Count : 1]<UL><LI> drive_uart.o(i.driveUart_ctor)
</UL>
<P><STRONG><a name="[ff]"></a>UartDma_Init</STRONG> (Thumb, 204 bytes, Stack size 72 bytes, drive_uart.o(i.UartDma_Init))
<BR><BR>[Stack]<UL><LI>Max Depth = 84<LI>Call Chain = UartDma_Init &rArr; switch_receivebuf
</UL>
<BR>[Calls]<UL><LI><a href="#[c2]">&gt;&gt;</a>&nbsp;&nbsp;&nbsp;switch_receivebuf
<LI><a href="#[101]">&gt;&gt;</a>&nbsp;&nbsp;&nbsp;DMA_Init
<LI><a href="#[102]">&gt;&gt;</a>&nbsp;&nbsp;&nbsp;DMA_ITConfig
<LI><a href="#[100]">&gt;&gt;</a>&nbsp;&nbsp;&nbsp;DMA_DeInit
<LI><a href="#[bf]">&gt;&gt;</a>&nbsp;&nbsp;&nbsp;DMA_Cmd
<LI><a href="#[be]">&gt;&gt;</a>&nbsp;&nbsp;&nbsp;DMA_ClearFlag
</UL>
<BR>[Called By]<UL><LI><a href="#[7e]">&gt;&gt;</a>&nbsp;&nbsp;&nbsp;UartInit
</UL>

<P><STRONG><a name="[7e]"></a>UartInit</STRONG> (Thumb, 166 bytes, Stack size 24 bytes, drive_uart.o(i.UartInit))
<BR><BR>[Stack]<UL><LI>Max Depth = 108<LI>Call Chain = UartInit &rArr; UartDma_Init &rArr; switch_receivebuf
</UL>
<BR>[Calls]<UL><LI><a href="#[104]">&gt;&gt;</a>&nbsp;&nbsp;&nbsp;init_pingponfbuf
<LI><a href="#[fb]">&gt;&gt;</a>&nbsp;&nbsp;&nbsp;USART_Init
<LI><a href="#[fe]">&gt;&gt;</a>&nbsp;&nbsp;&nbsp;USART_Cmd
<LI><a href="#[105]">&gt;&gt;</a>&nbsp;&nbsp;&nbsp;USART_ITConfig
<LI><a href="#[f8]">&gt;&gt;</a>&nbsp;&nbsp;&nbsp;USART_DeInit
<LI><a href="#[106]">&gt;&gt;</a>&nbsp;&nbsp;&nbsp;USART_DMACmd
<LI><a href="#[ff]">&gt;&gt;</a>&nbsp;&nbsp;&nbsp;UartDma_Init
<LI><a href="#[aa]">&gt;&gt;</a>&nbsp;&nbsp;&nbsp;calloc
</UL>
<BR>[Address Reference Count : 1]<UL><LI> drive_uart.o(i.driveUart_ctor)
</UL>
<P><STRONG><a name="[84]"></a>UartIoctol</STRONG> (Thumb, 94 bytes, Stack size 24 bytes, drive_uart.o(i.UartIoctol))
<BR><BR>[Stack]<UL><LI>Max Depth = 24<LI>Call Chain = UartIoctol
</UL>
<BR>[Address Reference Count : 1]<UL><LI> drive_uart.o(i.driveUart_ctor)
</UL>
<P><STRONG><a name="[80]"></a>UartRead</STRONG> (Thumb, 110 bytes, Stack size 32 bytes, drive_uart.o(i.UartRead))
<BR><BR>[Stack]<UL><LI>Max Depth = 48<LI>Call Chain = UartRead &rArr; free_playloadbuf
</UL>
<BR>[Calls]<UL><LI><a href="#[107]">&gt;&gt;</a>&nbsp;&nbsp;&nbsp;get_playloadbuf
<LI><a href="#[103]">&gt;&gt;</a>&nbsp;&nbsp;&nbsp;free_playloadbuf
<LI><a href="#[a7]">&gt;&gt;</a>&nbsp;&nbsp;&nbsp;__aeabi_memclr
<LI><a href="#[108]">&gt;&gt;</a>&nbsp;&nbsp;&nbsp;__aeabi_memcpy
</UL>
<BR>[Address Reference Count : 1]<UL><LI> drive_uart.o(i.driveUart_ctor)
</UL>
<P><STRONG><a name="[86]"></a>UartSetIdp</STRONG> (Thumb, 12 bytes, Stack size 0 bytes, drive_uart.o(i.UartSetIdp))
<BR>[Address Reference Count : 1]<UL><LI> drive_uart.o(i.driveUart_ctor)
</UL>
<P><STRONG><a name="[85]"></a>UartSetLedHdl</STRONG> (Thumb, 12 bytes, Stack size 0 bytes, drive_uart.o(i.UartSetLedHdl))
<BR>[Address Reference Count : 1]<UL><LI> drive_uart.o(i.driveUart_ctor)
</UL>
<P><STRONG><a name="[88]"></a>UartSetPostSem</STRONG> (Thumb, 12 bytes, Stack size 0 bytes, drive_uart.o(i.UartSetPostSem))
<BR>[Address Reference Count : 1]<UL><LI> drive_uart.o(i.driveUart_ctor)
</UL>
<P><STRONG><a name="[87]"></a>UartSetWaitSem</STRONG> (Thumb, 12 bytes, Stack size 0 bytes, drive_uart.o(i.UartSetWaitSem))
<BR>[Address Reference Count : 1]<UL><LI> drive_uart.o(i.driveUart_ctor)
</UL>
<P><STRONG><a name="[81]"></a>UartTakeUpPlayloadBuf</STRONG> (Thumb, 62 bytes, Stack size 24 bytes, drive_uart.o(i.UartTakeUpPlayloadBuf))
<BR><BR>[Stack]<UL><LI>Max Depth = 24<LI>Call Chain = UartTakeUpPlayloadBuf
</UL>
<BR>[Calls]<UL><LI><a href="#[107]">&gt;&gt;</a>&nbsp;&nbsp;&nbsp;get_playloadbuf
</UL>
<BR>[Address Reference Count : 1]<UL><LI> drive_uart.o(i.driveUart_ctor)
</UL>
<P><STRONG><a name="[89]"></a>UartTest</STRONG> (Thumb, 112 bytes, Stack size 32 bytes, drive_uart.o(i.UartTest))
<BR><BR>[Stack]<UL><LI>Max Depth = 44<LI>Call Chain = UartTest &rArr; strstr
</UL>
<BR>[Calls]<UL><LI><a href="#[f2]">&gt;&gt;</a>&nbsp;&nbsp;&nbsp;strcpy
<LI><a href="#[e1]">&gt;&gt;</a>&nbsp;&nbsp;&nbsp;strlen
<LI><a href="#[d7]">&gt;&gt;</a>&nbsp;&nbsp;&nbsp;strstr
</UL>
<BR>[Address Reference Count : 1]<UL><LI> drive_uart.o(i.driveUart_ctor)
</UL>
<P><STRONG><a name="[83]"></a>UartWrite</STRONG> (Thumb, 132 bytes, Stack size 32 bytes, drive_uart.o(i.UartWrite))
<BR><BR>[Stack]<UL><LI>Max Depth = 32<LI>Call Chain = UartWrite
</UL>
<BR>[Calls]<UL><LI><a href="#[109]">&gt;&gt;</a>&nbsp;&nbsp;&nbsp;USART_GetFlagStatus
<LI><a href="#[bf]">&gt;&gt;</a>&nbsp;&nbsp;&nbsp;DMA_Cmd
<LI><a href="#[a7]">&gt;&gt;</a>&nbsp;&nbsp;&nbsp;__aeabi_memclr
<LI><a href="#[108]">&gt;&gt;</a>&nbsp;&nbsp;&nbsp;__aeabi_memcpy
</UL>
<BR>[Address Reference Count : 1]<UL><LI> drive_uart.o(i.driveUart_ctor)
</UL>
<P><STRONG><a name="[6c]"></a>Uart2LedRxHdl</STRONG> (Thumb, 2 bytes, Stack size 0 bytes, dev_uart2.o(i.Uart2LedRxHdl))
<BR>[Address Reference Count : 1]<UL><LI> dev_uart2.o(i.Dev_Uart2_open)
</UL>
<P><STRONG><a name="[6d]"></a>Uart2LedTxHdl</STRONG> (Thumb, 2 bytes, Stack size 0 bytes, dev_uart2.o(i.Uart2LedTxHdl))
<BR>[Address Reference Count : 1]<UL><LI> dev_uart2.o(i.Dev_Uart2_open)
</UL>
<P><STRONG><a name="[6a]"></a>Uart2PostRxSem</STRONG> (Thumb, 12 bytes, Stack size 8 bytes, dev_uart2.o(i.Uart2PostRxSem))
<BR><BR>[Stack]<UL><LI>Max Depth = 40<LI>Call Chain = Uart2PostRxSem &rArr; osSemaphoreRelease &rArr; isrSemaphoreRelease &rArr; isr_sem_send &rArr; rt_psq_enq
</UL>
<BR>[Calls]<UL><LI><a href="#[fd]">&gt;&gt;</a>&nbsp;&nbsp;&nbsp;osSemaphoreRelease
</UL>
<BR>[Address Reference Count : 1]<UL><LI> dev_uart2.o(i.Dev_Uart2_open)
</UL>
<P><STRONG><a name="[6b]"></a>Uart2PostTxSem</STRONG> (Thumb, 12 bytes, Stack size 8 bytes, dev_uart2.o(i.Uart2PostTxSem))
<BR><BR>[Stack]<UL><LI>Max Depth = 40<LI>Call Chain = Uart2PostTxSem &rArr; osSemaphoreRelease &rArr; isrSemaphoreRelease &rArr; isr_sem_send &rArr; rt_psq_enq
</UL>
<BR>[Calls]<UL><LI><a href="#[fd]">&gt;&gt;</a>&nbsp;&nbsp;&nbsp;osSemaphoreRelease
</UL>
<BR>[Address Reference Count : 1]<UL><LI> dev_uart2.o(i.Dev_Uart2_open)
</UL>
<P><STRONG><a name="[68]"></a>Uart2WaitRxSem</STRONG> (Thumb, 16 bytes, Stack size 8 bytes, dev_uart2.o(i.Uart2WaitRxSem))
<BR><BR>[Stack]<UL><LI>Max Depth = 8<LI>Call Chain = Uart2WaitRxSem
</UL>
<BR>[Calls]<UL><LI><a href="#[cb]">&gt;&gt;</a>&nbsp;&nbsp;&nbsp;osSemaphoreWait
</UL>
<BR>[Address Reference Count : 1]<UL><LI> dev_uart2.o(i.Dev_Uart2_open)
</UL>
<P><STRONG><a name="[69]"></a>Uart2WaitTxSem</STRONG> (Thumb, 16 bytes, Stack size 8 bytes, dev_uart2.o(i.Uart2WaitTxSem))
<BR><BR>[Stack]<UL><LI>Max Depth = 8<LI>Call Chain = Uart2WaitTxSem
</UL>
<BR>[Calls]<UL><LI><a href="#[cb]">&gt;&gt;</a>&nbsp;&nbsp;&nbsp;osSemaphoreWait
</UL>
<BR>[Address Reference Count : 1]<UL><LI> dev_uart2.o(i.Dev_Uart2_open)
</UL>
<P><STRONG><a name="[60]"></a>Uart1LedRxHdl</STRONG> (Thumb, 2 bytes, Stack size 0 bytes, dev_uart1.o(i.Uart1LedRxHdl))
<BR>[Address Reference Count : 1]<UL><LI> dev_uart1.o(i.Dev_Uart1_open)
</UL>
<P><STRONG><a name="[61]"></a>Uart1LedTxHdl</STRONG> (Thumb, 2 bytes, Stack size 0 bytes, dev_uart1.o(i.Uart1LedTxHdl))
<BR>[Address Reference Count : 1]<UL><LI> dev_uart1.o(i.Dev_Uart1_open)
</UL>
<P><STRONG><a name="[5e]"></a>Uart1PostRxSem</STRONG> (Thumb, 12 bytes, Stack size 8 bytes, dev_uart1.o(i.Uart1PostRxSem))
<BR><BR>[Stack]<UL><LI>Max Depth = 40<LI>Call Chain = Uart1PostRxSem &rArr; osSemaphoreRelease &rArr; isrSemaphoreRelease &rArr; isr_sem_send &rArr; rt_psq_enq
</UL>
<BR>[Calls]<UL><LI><a href="#[fd]">&gt;&gt;</a>&nbsp;&nbsp;&nbsp;osSemaphoreRelease
</UL>
<BR>[Address Reference Count : 1]<UL><LI> dev_uart1.o(i.Dev_Uart1_open)
</UL>
<P><STRONG><a name="[5f]"></a>Uart1PostTxSem</STRONG> (Thumb, 12 bytes, Stack size 8 bytes, dev_uart1.o(i.Uart1PostTxSem))
<BR><BR>[Stack]<UL><LI>Max Depth = 40<LI>Call Chain = Uart1PostTxSem &rArr; osSemaphoreRelease &rArr; isrSemaphoreRelease &rArr; isr_sem_send &rArr; rt_psq_enq
</UL>
<BR>[Calls]<UL><LI><a href="#[fd]">&gt;&gt;</a>&nbsp;&nbsp;&nbsp;osSemaphoreRelease
</UL>
<BR>[Address Reference Count : 1]<UL><LI> dev_uart1.o(i.Dev_Uart1_open)
</UL>
<P><STRONG><a name="[5c]"></a>Uart1WaitRxSem</STRONG> (Thumb, 16 bytes, Stack size 8 bytes, dev_uart1.o(i.Uart1WaitRxSem))
<BR><BR>[Stack]<UL><LI>Max Depth = 8<LI>Call Chain = Uart1WaitRxSem
</UL>
<BR>[Calls]<UL><LI><a href="#[cb]">&gt;&gt;</a>&nbsp;&nbsp;&nbsp;osSemaphoreWait
</UL>
<BR>[Address Reference Count : 1]<UL><LI> dev_uart1.o(i.Dev_Uart1_open)
</UL>
<P><STRONG><a name="[5d]"></a>Uart1WaitTxSem</STRONG> (Thumb, 16 bytes, Stack size 8 bytes, dev_uart1.o(i.Uart1WaitTxSem))
<BR><BR>[Stack]<UL><LI>Max Depth = 8<LI>Call Chain = Uart1WaitTxSem
</UL>
<BR>[Calls]<UL><LI><a href="#[cb]">&gt;&gt;</a>&nbsp;&nbsp;&nbsp;osSemaphoreWait
</UL>
<BR>[Address Reference Count : 1]<UL><LI> dev_uart1.o(i.Dev_Uart1_open)
</UL>
<P><STRONG><a name="[77]"></a>Init</STRONG> (Thumb, 16 bytes, Stack size 0 bytes, glyph.o(i.Init))
<BR>[Address Reference Count : 1]<UL><LI> glyph.o(i.Glyph_ctor)
</UL>
<P><STRONG><a name="[79]"></a>SetClu</STRONG> (Thumb, 8 bytes, Stack size 0 bytes, glyph.o(i.SetClu))
<BR>[Address Reference Count : 1]<UL><LI> glyph.o(i.Glyph_ctor)
</UL>
<P><STRONG><a name="[78]"></a>SetFont</STRONG> (Thumb, 26 bytes, Stack size 0 bytes, glyph.o(i.SetFont))
<BR>[Address Reference Count : 1]<UL><LI> glyph.o(i.Glyph_ctor)
</UL>
<P><STRONG><a name="[70]"></a>GhTxt_Clean</STRONG> (Thumb, 16 bytes, Stack size 16 bytes, gh_txt.o(i.GhTxt_Clean))
<BR><BR>[Stack]<UL><LI>Max Depth = 24<LI>Call Chain = GhTxt_Clean &rArr; CQ_Clean
</UL>
<BR>[Calls]<UL><LI><a href="#[b3]">&gt;&gt;</a>&nbsp;&nbsp;&nbsp;CQ_Clean
</UL>
<BR>[Address Reference Count : 1]<UL><LI> gh_txt.o(i.GhTxt_ctor)
</UL>
<P><STRONG><a name="[72]"></a>GhTxt_Draw</STRONG> (Thumb, 64 bytes, Stack size 48 bytes, gh_txt.o(i.GhTxt_Draw))
<BR><BR>[Stack]<UL><LI>Max Depth = 176<LI>Call Chain = GhTxt_Draw &rArr; Dev_open &rArr; DevChar_open &rArr; Get_DevUart2 &rArr; Dev_Uart2_new &rArr; malloc &rArr; internal_alloc
</UL>
<BR>[Calls]<UL><LI><a href="#[b4]">&gt;&gt;</a>&nbsp;&nbsp;&nbsp;CQ_GetPtr
<LI><a href="#[bc]">&gt;&gt;</a>&nbsp;&nbsp;&nbsp;Dev_open
</UL>
<BR>[Address Reference Count : 1]<UL><LI> gh_txt.o(i.GhTxt_ctor)
</UL>
<P><STRONG><a name="[73]"></a>GhTxt_Flush</STRONG> (Thumb, 64 bytes, Stack size 40 bytes, gh_txt.o(i.GhTxt_Flush))
<BR><BR>[Stack]<UL><LI>Max Depth = 168<LI>Call Chain = GhTxt_Flush &rArr; Dev_open &rArr; DevChar_open &rArr; Get_DevUart2 &rArr; Dev_Uart2_new &rArr; malloc &rArr; internal_alloc
</UL>
<BR>[Calls]<UL><LI><a href="#[b4]">&gt;&gt;</a>&nbsp;&nbsp;&nbsp;CQ_GetPtr
<LI><a href="#[bc]">&gt;&gt;</a>&nbsp;&nbsp;&nbsp;Dev_open
</UL>
<BR>[Address Reference Count : 1]<UL><LI> gh_txt.o(i.GhTxt_ctor)
</UL>
<P><STRONG><a name="[75]"></a>GhTxt_GetHeight</STRONG> (Thumb, 36 bytes, Stack size 24 bytes, gh_txt.o(i.GhTxt_GetHeight))
<BR><BR>[Stack]<UL><LI>Max Depth = 152<LI>Call Chain = GhTxt_GetHeight &rArr; Dev_open &rArr; DevChar_open &rArr; Get_DevUart2 &rArr; Dev_Uart2_new &rArr; malloc &rArr; internal_alloc
</UL>
<BR>[Calls]<UL><LI><a href="#[bc]">&gt;&gt;</a>&nbsp;&nbsp;&nbsp;Dev_open
</UL>
<BR>[Address Reference Count : 1]<UL><LI> gh_txt.o(i.GhTxt_ctor)
</UL>
<P><STRONG><a name="[76]"></a>GhTxt_GetNum</STRONG> (Thumb, 20 bytes, Stack size 16 bytes, gh_txt.o(i.GhTxt_GetNum))
<BR><BR>[Stack]<UL><LI>Max Depth = 16<LI>Call Chain = GhTxt_GetNum
</UL>
<BR>[Calls]<UL><LI><a href="#[b5]">&gt;&gt;</a>&nbsp;&nbsp;&nbsp;CQ_Len
</UL>
<BR>[Address Reference Count : 1]<UL><LI> gh_txt.o(i.GhTxt_ctor)
</UL>
<P><STRONG><a name="[74]"></a>GhTxt_GetWidth</STRONG> (Thumb, 36 bytes, Stack size 24 bytes, gh_txt.o(i.GhTxt_GetWidth))
<BR><BR>[Stack]<UL><LI>Max Depth = 152<LI>Call Chain = GhTxt_GetWidth &rArr; Dev_open &rArr; DevChar_open &rArr; Get_DevUart2 &rArr; Dev_Uart2_new &rArr; malloc &rArr; internal_alloc
</UL>
<BR>[Calls]<UL><LI><a href="#[bc]">&gt;&gt;</a>&nbsp;&nbsp;&nbsp;Dev_open
</UL>
<BR>[Address Reference Count : 1]<UL><LI> gh_txt.o(i.GhTxt_ctor)
</UL>
<P><STRONG><a name="[71]"></a>GhTxt_Insert</STRONG> (Thumb, 28 bytes, Stack size 24 bytes, gh_txt.o(i.GhTxt_Insert))
<BR><BR>[Stack]<UL><LI>Max Depth = 40<LI>Call Chain = GhTxt_Insert &rArr; CQ_Write
</UL>
<BR>[Calls]<UL><LI><a href="#[b6]">&gt;&gt;</a>&nbsp;&nbsp;&nbsp;CQ_Write
</UL>
<BR>[Address Reference Count : 1]<UL><LI> gh_txt.o(i.GhTxt_ctor)
</UL>
<P><STRONG><a name="[6f]"></a>SetCtion</STRONG> (Thumb, 4 bytes, Stack size 0 bytes, expression.o(i.SetCtion))
<BR>[Address Reference Count : 1]<UL><LI> expression.o(i.Expr_ctor)
</UL>
<P><STRONG><a name="[6e]"></a>SetVar</STRONG> (Thumb, 30 bytes, Stack size 16 bytes, expression.o(i.SetVar))
<BR><BR>[Stack]<UL><LI>Max Depth = 16<LI>Call Chain = SetVar
</UL>
<BR>[Calls]<UL><LI><a href="#[f2]">&gt;&gt;</a>&nbsp;&nbsp;&nbsp;strcpy
<LI><a href="#[e1]">&gt;&gt;</a>&nbsp;&nbsp;&nbsp;strlen
</UL>
<BR>[Address Reference Count : 1]<UL><LI> expression.o(i.Expr_ctor)
</UL>
<P><STRONG><a name="[7b]"></a>TxtInterpret</STRONG> (Thumb, 124 bytes, Stack size 32 bytes, txtexpr.o(i.TxtInterpret))
<BR><BR>[Stack]<UL><LI>Max Depth = 104<LI>Call Chain = TxtInterpret &rArr; Get_GhTxt &rArr; GhTxt_new &rArr; malloc &rArr; internal_alloc
</UL>
<BR>[Calls]<UL><LI><a href="#[d6]">&gt;&gt;</a>&nbsp;&nbsp;&nbsp;GetNameVale
<LI><a href="#[bb]">&gt;&gt;</a>&nbsp;&nbsp;&nbsp;Get_GhTxt
<LI><a href="#[d5]">&gt;&gt;</a>&nbsp;&nbsp;&nbsp;strcmp
</UL>
<BR>[Address Reference Count : 1]<UL><LI> txtexpr.o(i.TxtExpr_ctor)
</UL>
<P><STRONG><a name="[53]"></a>Ction_Clean</STRONG> (Thumb, 42 bytes, Stack size 24 bytes, composition.o(i.Ction_Clean))
<BR><BR>[Stack]<UL><LI>Max Depth = 152<LI>Call Chain = Ction_Clean &rArr; Dev_open &rArr; DevChar_open &rArr; Get_DevUart2 &rArr; Dev_Uart2_new &rArr; malloc &rArr; internal_alloc
</UL>
<BR>[Calls]<UL><LI><a href="#[bb]">&gt;&gt;</a>&nbsp;&nbsp;&nbsp;Get_GhTxt
<LI><a href="#[bc]">&gt;&gt;</a>&nbsp;&nbsp;&nbsp;Dev_open
</UL>
<BR>[Address Reference Count : 1]<UL><LI> composition.o(i.Composition_ctor)
</UL>
<P><STRONG><a name="[54]"></a>Ction_Insert</STRONG> (Thumb, 30 bytes, Stack size 16 bytes, composition.o(i.Ction_Insert))
<BR><BR>[Stack]<UL><LI>Max Depth = 16<LI>Call Chain = Ction_Insert
</UL>
<BR>[Address Reference Count : 1]<UL><LI> composition.o(i.Composition_ctor)
</UL>
<P><STRONG><a name="[52]"></a>SetCtor</STRONG> (Thumb, 4 bytes, Stack size 0 bytes, composition.o(i.SetCtor))
<BR>[Address Reference Count : 1]<UL><LI> composition.o(i.Composition_ctor)
</UL>
<P><STRONG><a name="[7a]"></a>Simp_Compose</STRONG> (Thumb, 128 bytes, Stack size 24 bytes, simplecompositor.o(i.Simp_Compose))
<BR><BR>[Stack]<UL><LI>Max Depth = 24<LI>Call Chain = Simp_Compose
</UL>
<BR>[Address Reference Count : 1]<UL><LI> simplecompositor.o(i.SimpCtor_ctor)
</UL>
<P><STRONG><a name="[f0]"></a>SetSysClock</STRONG> (Thumb, 8 bytes, Stack size 8 bytes, system_stm32f10x.o(i.SetSysClock))
<BR><BR>[Stack]<UL><LI>Max Depth = 20<LI>Call Chain = SetSysClock &rArr; SetSysClockTo72
</UL>
<BR>[Calls]<UL><LI><a href="#[f1]">&gt;&gt;</a>&nbsp;&nbsp;&nbsp;SetSysClockTo72
</UL>
<BR>[Called By]<UL><LI><a href="#[50]">&gt;&gt;</a>&nbsp;&nbsp;&nbsp;SystemInit
</UL>

<P><STRONG><a name="[f1]"></a>SetSysClockTo72</STRONG> (Thumb, 214 bytes, Stack size 12 bytes, system_stm32f10x.o(i.SetSysClockTo72))
<BR><BR>[Stack]<UL><LI>Max Depth = 12<LI>Call Chain = SetSysClockTo72
</UL>
<BR>[Called By]<UL><LI><a href="#[f0]">&gt;&gt;</a>&nbsp;&nbsp;&nbsp;SetSysClock
</UL>

<P><STRONG><a name="[117]"></a>rt_id2obj</STRONG> (Thumb, 8 bytes, Stack size 0 bytes, rt_cmsis.o(i.rt_id2obj))
<BR><BR>[Called By]<UL><LI><a href="#[95]">&gt;&gt;</a>&nbsp;&nbsp;&nbsp;svcTimerCall
<LI><a href="#[91]">&gt;&gt;</a>&nbsp;&nbsp;&nbsp;svcSemaphoreWait
<LI><a href="#[90]">&gt;&gt;</a>&nbsp;&nbsp;&nbsp;svcSemaphoreRelease
<LI><a href="#[8f]">&gt;&gt;</a>&nbsp;&nbsp;&nbsp;svcSemaphoreDelete
<LI><a href="#[116]">&gt;&gt;</a>&nbsp;&nbsp;&nbsp;isrSemaphoreRelease
</UL>

<P><STRONG><a name="[144]"></a>rt_ms2tick</STRONG> (Thumb, 60 bytes, Stack size 0 bytes, rt_cmsis.o(i.rt_ms2tick))
<BR><BR>[Called By]<UL><LI><a href="#[91]">&gt;&gt;</a>&nbsp;&nbsp;&nbsp;svcSemaphoreWait
<LI><a href="#[8d]">&gt;&gt;</a>&nbsp;&nbsp;&nbsp;svcMessageGet
<LI><a href="#[8a]">&gt;&gt;</a>&nbsp;&nbsp;&nbsp;svcDelay
</UL>

<P><STRONG><a name="[14c]"></a>rt_tid2ptcb</STRONG> (Thumb, 18 bytes, Stack size 0 bytes, rt_cmsis.o(i.rt_tid2ptcb))
<BR><BR>[Called By]<UL><LI><a href="#[94]">&gt;&gt;</a>&nbsp;&nbsp;&nbsp;svcThreadTerminate
</UL>

<P><STRONG><a name="[14d]"></a>rt_timer_insert</STRONG> (Thumb, 48 bytes, Stack size 12 bytes, rt_cmsis.o(i.rt_timer_insert))
<BR><BR>[Stack]<UL><LI>Max Depth = 12<LI>Call Chain = rt_timer_insert
</UL>
<BR>[Called By]<UL><LI><a href="#[13e]">&gt;&gt;</a>&nbsp;&nbsp;&nbsp;sysTimerTick
</UL>

<P><STRONG><a name="[12b]"></a>rt_init_context</STRONG> (Thumb, 66 bytes, Stack size 16 bytes, rt_task.o(i.rt_init_context))
<BR><BR>[Stack]<UL><LI>Max Depth = 32<LI>Call Chain = rt_init_context &rArr; rt_init_stack
</UL>
<BR>[Calls]<UL><LI><a href="#[12c]">&gt;&gt;</a>&nbsp;&nbsp;&nbsp;rt_init_stack
<LI><a href="#[4e]">&gt;&gt;</a>&nbsp;&nbsp;&nbsp;rt_alloc_box
</UL>
<BR>[Called By]<UL><LI><a href="#[13f]">&gt;&gt;</a>&nbsp;&nbsp;&nbsp;rt_tsk_create
<LI><a href="#[138]">&gt;&gt;</a>&nbsp;&nbsp;&nbsp;rt_sys_init
</UL>

<P><STRONG><a name="[10c]"></a>_printf_core</STRONG> (Thumb, 658 bytes, Stack size 104 bytes, printf5.o(i._printf_core), UNUSED)
<BR><BR>[Calls]<UL><LI><a href="#[a4]">&gt;&gt;</a>&nbsp;&nbsp;&nbsp;__aeabi_uldivmod
</UL>
<BR>[Called By]<UL><LI><a href="#[10d]">&gt;&gt;</a>&nbsp;&nbsp;&nbsp;__0sprintf$5
<LI><a href="#[10b]">&gt;&gt;</a>&nbsp;&nbsp;&nbsp;__0printf$5
</UL>

<P><STRONG><a name="[7d]"></a>_sputc</STRONG> (Thumb, 10 bytes, Stack size 0 bytes, printf5.o(i._sputc))
<BR><BR>[Called By]<UL><LI><a href="#[10d]">&gt;&gt;</a>&nbsp;&nbsp;&nbsp;__0sprintf$5
</UL>
<BR>[Address Reference Count : 1]<UL><LI> printf5.o(i.__0sprintf$5)
</UL>
<P><STRONG><a name="[10e]"></a>internal_alloc</STRONG> (Thumb, 76 bytes, Stack size 24 bytes, mallocr.o(i.internal_alloc))
<BR><BR>[Stack]<UL><LI>Max Depth = 24<LI>Call Chain = internal_alloc
</UL>
<BR>[Calls]<UL><LI><a href="#[108]">&gt;&gt;</a>&nbsp;&nbsp;&nbsp;__aeabi_memcpy
</UL>
<BR>[Called By]<UL><LI><a href="#[ab]">&gt;&gt;</a>&nbsp;&nbsp;&nbsp;malloc
</UL>
<P>
<H3>
Undefined Global Symbols
</H3><HR></body></html>
