Component: ARM Compiler 5.05 update 1 (build 106) Tool: armlink [4d0efa]

==============================================================================

Section Cross References

    main.o(i.Init_LCD) refers to device.o(i.Dev_open) for Dev_open
    main.o(i.Main_USB_event) refers to component_tips.o(i.TIP_Get_Sington) for TIP_Get_Sington
    main.o(i.ThrdKeyRun) refers to rtx_depend.o(i.delay_ms) for delay_ms
    main.o(i.ThrdKeyRun) refers to rt_cmsis.o(i.osThreadYield) for osThreadYield
    main.o(i.fgetc) refers to stm32f10x_usart.o(i.USART_GetFlagStatus) for USART_GetFlagStatus
    main.o(i.fgetc) refers to stm32f10x_usart.o(i.USART_ReceiveData) for USART_ReceiveData
    main.o(i.fputc) refers to stm32f10x_usart.o(i.USART_SendData) for USART_SendData
    main.o(i.fputc) refers to stm32f10x_usart.o(i.USART_GetFlagStatus) for USART_GetFlagStatus
    main.o(i.main) refers to mysystemclock.o(i.OpenPrpClock) for OpenPrpClock
    main.o(i.main) refers to pinmux.o(i.Pin_init) for Pin_init
    main.o(i.main) refers to intrinit.o(i.NVIC_Configuration) for NVIC_Configuration
    main.o(i.main) refers to power.o(i.PVD_Init) for PVD_Init
    main.o(i.main) refers to main.o(i.Init_LCD) for Init_LCD
    main.o(i.main) refers to rt_cmsis.o(i.osKernelInitialize) for osKernelInitialize
    main.o(i.main) refers to cmd_thread.o(i.Init_Cmd_Thread) for Init_Cmd_Thread
    main.o(i.main) refers to system.o(i.System_init) for System_init
    main.o(i.main) refers to hmi.o(i.HMI_Init) for HMI_Init
    main.o(i.main) refers to keyboard.o(i.GetKeyInsance) for GetKeyInsance
    main.o(i.main) refers to ctlkey.o(i.Get_CtlKey) for Get_CtlKey
    main.o(i.main) refers to ctltimer.o(i.CtlTimer_new) for CtlTimer_new
    main.o(i.main) refers to rt_cmsis.o(i.osThreadCreate) for osThreadCreate
    main.o(i.main) refers to modelfactory.o(i.Create_model) for Create_model
    main.o(i.main) refers to rt_cmsis.o(i.osKernelStart) for osKernelStart
    main.o(i.main) refers to modbus_app.o(i.MBA_Init) for MBA_Init
    main.o(i.main) refers to usb.o(i.USB_Init) for USB_Init
    main.o(i.main) refers to usb.o(i.USB_Rgt_event_hdl) for USB_Rgt_event_hdl
    main.o(i.main) refers to component_tips.o(i.TIP_Get_Sington) for TIP_Get_Sington
    main.o(i.main) refers to rt_cmsis.o(i.osDelay) for osDelay
    main.o(i.main) refers to usb.o(i.USB_Run) for USB_Run
    main.o(i.main) refers to glyph.o(i.LCD_Run) for LCD_Run
    main.o(i.main) refers to system.o(.bss) for phn_sys
    main.o(i.main) refers to main.o(.constdata) for os_thread_def_ThrdKeyRun
    main.o(i.main) refers to main.o(.data) for tid_Thread_key
    main.o(i.main) refers to main.o(i.Main_USB_event) for Main_USB_event
    main.o(i.main) refers to hmi.o(.data) for g_p_curHmi
    main.o(.constdata) refers to main.o(i.ThrdKeyRun) for ThrdKeyRun
    system.o(i.SYS_Commit) refers to storage.o(i.Get_storage) for Get_storage
    system.o(i.SYS_Commit) refers to ctltimer.o(i.Ctime_Allco_time) for Ctime_Allco_time
    system.o(i.SYS_Commit) refers to modbus_app.o(i.MBA_Init_uart) for MBA_Init_uart
    system.o(i.SYS_Commit) refers to system.o(.bss) for phn_sys
    system.o(i.SYS_time_sec) refers to system.o(i.Time_2_u32) for Time_2_u32
    system.o(i.SYS_time_sec) refers to system.o(.bss) for phn_sys
    system.o(i.Sec_2_tm) refers to system.o(.constdata) for daytab1
    system.o(i.Str_time_2_tm) refers to memseta.o(.text) for __aeabi_memclr4
    system.o(i.Str_time_2_tm) refers to phn_string.o(i.Get_str_data) for Get_str_data
    system.o(i.Str_time_2_tm) refers to strcspn.o(.text) for strcspn
    system.o(i.Str_time_2_tm) refers to modeltime.o(.constdata) for g_moth_day
    system.o(i.Str_time_2_u32) refers to memseta.o(.text) for __aeabi_memclr4
    system.o(i.Str_time_2_u32) refers to system.o(i.Str_time_2_tm) for Str_time_2_tm
    system.o(i.Str_time_2_u32) refers to system.o(i.Time_2_u32) for Time_2_u32
    system.o(i.System_default) refers to storage.o(i.Get_storage) for Get_storage
    system.o(i.System_default) refers to memseta.o(.text) for __aeabi_memclr4
    system.o(i.System_default) refers to system.o(.bss) for phn_sys
    system.o(i.System_init) refers to storage.o(i.Get_storage) for Get_storage
    system.o(i.System_init) refers to rtc_pcf8563.o(i.Pcf8563_new) for Pcf8563_new
    system.o(i.System_init) refers to modelfactory.o(i.Create_model) for Create_model
    system.o(i.System_init) refers to hw_w25q.o(i.w25q_init) for w25q_init
    system.o(i.System_init) refers to fm25.o(i.FM25_init) for FM25_init
    system.o(i.System_init) refers to easy_fs.o(i.EFS_init) for EFS_init
    system.o(i.System_init) refers to system.o(i.System_power_on) for System_power_on
    system.o(i.System_init) refers to system.o(i.System_default) for System_default
    system.o(i.System_init) refers to channel_accumulated.o(i.CNA_Init) for CNA_Init
    system.o(i.System_init) refers to printf8.o(i.__0sprintf$8) for __2sprintf
[...]
    0x0800a474   0x00000012   Code   RO         9105    i.I2C_Send7bitAddress  stm32f10x_i2c.o
    0x0800a486   0x00000004   Code   RO         9106    i.I2C_SendData      stm32f10x_i2c.o
    0x0800a48a   0x0000001e   Code   RO         9109    i.I2C_StructInit    stm32f10x_i2c.o
    0x0800a4a8   0x00000030   Code   RO         1753    i.I2C_wait_EV       drive_iic.o
    0x0800a4d8   0x00000006   Code   RO         2602    i.Init              glyph.o
    0x0800a4de   0x0000000e   Code   RO         5315    i.Init_Accm_HMI     hmi_accumulate .o
    0x0800a4ec   0x00000068   Code   RO         7965    i.Init_Ch376        ch376.o
    0x0800a554   0x0000003c   Code   RO          489    i.Init_Cmd_Thread   cmd_thread.o
    0x0800a590   0x00000006   Code   RO         5846    i.Init_HMI_main     hmi_main.o
    0x0800a596   0x00000002   PAD
    0x0800a598   0x000000ac   Code   RO         1754    i.Init_IIC          drive_iic.o
    0x0800a644   0x00000020   Code   RO            5    i.Init_LCD          main.o
    0x0800a664   0x00000008   Code   RO         6048    i.Init_Nws_HMI      hmi_news_select.o
    0x0800a66c   0x0000009c   Code   RO         4947    i.Init_RT_trendHMI  hmi_curve.o
    0x0800a708   0x00000006   Code   RO         6131    i.Init_Setup_HMI    hmi_setup.o
    0x0800a70e   0x00000002   PAD
    0x0800a710   0x0000006c   Code   RO         5396    i.Init_bar          hmi_bargraph.o
    0x0800a77c   0x00000014   Code   RO         5397    i.Init_barGhHMI     hmi_bargraph.o
    0x0800a790   0x0000001a   Code   RO         5483    i.Init_cmmHmi       hmi_comm.o
    0x0800a7aa   0x00000002   PAD
    0x0800a7ac   0x00000090   Code   RO         7889    i.Init_ctime        ctltimer.o
    0x0800a83c   0x00000008   Code   RO         5593    i.Init_dataHMI      hmi_data.o
    0x0800a844   0x00000006   Code   RO         4512    i.Init_focus        hmi.o
    0x0800a84a   0x00000002   PAD
    0x0800a84c   0x00000188   Code   RO         5685    i.Init_kbmHmi       hmi_keyboard.o
    0x0800a9d4   0x00000058   Code   RO         5959    i.Init_menuHMI      hmi_menu.o
    0x0800aa2c   0x000000ac   Code   RO         1807    i.Init_spi          drive_spi.o
    0x0800aad8   0x00000006   Code   RO         6235    i.Init_winHmi       hmi_windowns.o
    0x0800aade   0x00000002   PAD
    0x0800aae0   0x000000f0   Code   RO         3077    i.InputInptSht      ntinput.o
    0x0800abd0   0x00000044   Code   RO         6132    i.Input_Password    hmi_setup.o
    0x0800ac14   0x00000008   Code   RO         2241    i.Ioctol_devSpi     dev_spi.o
    0x0800ac1c   0x0000002a   Code   RO         2423    i.Ioctol_dev_IIC    dev_iic.o
    0x0800ac46   0x00000002   PAD
    0x0800ac48   0x000000a0   Code   RO         7966    i.IsDiskWriteProtect  ch376.o
    0x0800ace8   0x0000002c   Code   RO         5686    i.KBHide            hmi_keyboard.o
    0x0800ad14   0x00000030   Code   RO         5687    i.KBInitSheet       hmi_keyboard.o
    0x0800ad44   0x000000c4   Code   RO         7831    i.KeyUpdate         ctlkey.o
    0x0800ae08   0x00000042   Code   RO         3479    i.Key_DelOb         keyboard.o
    0x0800ae4a   0x0000003c   Code   RO         3480    i.Key_Run           keyboard.o
    0x0800ae86   0x00000002   PAD
    0x0800ae88   0x00000044   Code   RO         3482    i.Key_addOb         keyboard.o
    0x0800aecc   0x0000010c   Code   RO         3483    i.Key_identify_key_msg  keyboard.o
    0x0800afd8   0x00000034   Code   RO         3484    i.Key_notify        keyboard.o
    0x0800b00c   0x000000ca   Code   RO         3485    i.Key_scan_pins     keyboard.o
    0x0800b0d6   0x00000002   PAD
    0x0800b0d8   0x00000044   Code   RO         5688    i.KeyboardDouHitHandle  hmi_keyboard.o
    0x0800b11c   0x000001d0   Code   RO         5689    i.KeyboardHitHandle  hmi_keyboard.o
    0x0800b2ec   0x00000044   Code   RO         5690    i.KeyboardLngpshHandle  hmi_keyboard.o
    0x0800b330   0x0000007c   Code   RO         5691    i.KeyboardShow      hmi_keyboard.o
    0x0800b3ac   0x00000040   Code   RO         3486    i.Keyboard_ctor     keyboard.o
    0x0800b3ec   0x000000b0   Code   RO         3487    i.Keyboard_init     keyboard.o
    0x0800b49c   0x0000001a   Code   RO         3488    i.Keyboard_new      keyboard.o
    0x0800b4b6   0x00000002   PAD
    0x0800b4b8   0x0000002c   Code   RO         2603    i.LCD_Run           glyph.o
    0x0800b4e4   0x0000002c   Code   RO         8154    i.Last_name_offset  usb.o
    0x0800b510   0x0000000e   Code   RO         1568    i.Little_end_to_Big_end  modbusrtu_cli.o
    0x0800b51e   0x00000002   Code   RO         4513    i.LngpshHandle      hmi.o
    0x0800b520   0x000000f4   Code   RO          557    i.MBA_Acc_data_accumulation  modbus_app.o
    0x0800b614   0x000000a0   Code   RO          558    i.MBA_Acc_data_real_time  modbus_app.o
    0x0800b6b4   0x0000000c   Code   RO          559    i.MBA_Acc_param_PID  modbus_app.o
    0x0800b6c0   0x0000000c   Code   RO          560    i.MBA_Acc_param_accumulation  modbus_app.o
    0x0800b6cc   0x00000368   Code   RO          561    i.MBA_Acc_param_channel  modbus_app.o
    0x0800ba34   0x0000000c   Code   RO          562    i.MBA_Acc_param_flow  modbus_app.o
    0x0800ba40   0x000000f8   Code   RO          563    i.MBA_Acc_param_system  modbus_app.o
    0x0800bb38   0x0000000c   Code   RO          564    i.MBA_Acc_param_transmitting  modbus_app.o
    0x0800bb44   0x00000058   Code   RO          565    i.MBA_Get_acc_func  modbus_app.o
    0x0800bb9c   0x00000074   Code   RO          566    i.MBA_Init          modbus_app.o
    0x0800bc10   0x0000001c   Code   RO          567    i.MBA_Init_uart     modbus_app.o
    0x0800bc2c   0x00000064   Code   RO          568    i.MBA_Run           modbus_app.o
    0x0800bc90   0x0000004c   Code   RO          569    i.MBA_reg_2_area    modbus_app.o
    0x0800bcdc   0x000002ac   Code   RO         1569    i.MBC_Decode_pkt    modbusrtu_cli.o
    0x0800bf88   0x00000006   Code   RO         1570    i.MBC_Get_pkt_addr  modbusrtu_cli.o
    0x0800bf8e   0x00000002   PAD
    0x0800bf90   0x000000a0   Code   RO          570    i.MBC_reg_2_ram     modbus_app.o
    0x0800c030   0x0000000e   Code   RO         7455    i.MDL_Retry         model.o
    0x0800c03e   0x00000002   Code   RO         6236    i.MUS_focuse        hmi_windowns.o
    0x0800c040   0x00000002   Code   RO         6237    i.MUS_hide          hmi_windowns.o
    0x0800c042   0x00000002   Code   RO         6238    i.MUS_init          hmi_windowns.o
    0x0800c044   0x00000050   Code   RO         5847    i.MainHmiHide       hmi_main.o
    0x0800c094   0x00000050   Code   RO         5848    i.MainHmiShow       hmi_main.o
    0x0800c0e4   0x0000009e   Code   RO         5849    i.MainHmi_Alarm_update  hmi_main.o
    0x0800c182   0x000000a6   Code   RO         5850    i.MainHmi_Data_update  hmi_main.o
    0x0800c228   0x000000a4   Code   RO         5851    i.MainHmi_Init_chnShet  hmi_main.o
    0x0800c2cc   0x000000a8   Code   RO         5852    i.MainHmi_Util_update  hmi_main.o
    0x0800c374   0x00000040   Code   RO         5853    i.Main_HMI_build_button  hmi_main.o
    0x0800c3b4   0x00000044   Code   RO         5854    i.Main_HMI_hit      hmi_main.o
    0x0800c3f8   0x00000028   Code   RO            6    i.Main_USB_event    main.o
    0x0800c420   0x00000068   Code   RO         5855    i.Main_btn_hdl      hmi_main.o
    0x0800c488   0x00000090   Code   RO         5856    i.MaininitSheet     hmi_main.o
    0x0800c518   0x00000038   Code   RO         7527    i.MdlChn_Cal_prc    model_channel.o
    0x0800c550   0x000000b4   Code   RO         7528    i.MdlChn_Cancle_alarm  model_channel.o
    0x0800c604   0x00000124   Code   RO         7529    i.MdlChn_Check_new_alarm  model_channel.o
    0x0800c728   0x0000002c   Code   RO         7530    i.MdlChn_Clean_Alamr  model_channel.o
    0x0800c754   0x00000058   Code   RO         7531    i.MdlChn_Commit_conf  model_channel.o
    0x0800c7ac   0x00000018   Code   RO         7532    i.MdlChn_Get_def_lower_limit  model_channel.o
    0x0800c7c4   0x0000001c   Code   RO         7533    i.MdlChn_Get_def_up_limit  model_channel.o
    0x0800c7e0   0x00000072   Code   RO         7534    i.MdlChn_Init_alm_mgr_by_STG_alm  model_channel.o
    0x0800c852   0x00000002   PAD
    0x0800c854   0x00000014   Code   RO         7535    i.MdlChn_Read_code_end_temperature  model_channel.o
    0x0800c868   0x0000004e   Code   RO         7536    i.MdlChn_Save_2_alarm  model_channel.o
    0x0800c8b6   0x0000005e   Code   RO         7537    i.MdlChn_Save_2_conf  model_channel.o
    0x0800c914   0x00000026   Code   RO         7538    i.MdlChn_default_alarm  model_channel.o
    0x0800c93a   0x00000002   PAD
    0x0800c93c   0x00000068   Code   RO         7539    i.MdlChn_default_conf  model_channel.o
    0x0800c9a4   0x00000238   Code   RO         7540    i.MdlChn_getData    model_channel.o
    0x0800cbdc   0x00000124   Code   RO         7541    i.MdlChn_init       model_channel.o
    0x0800cd00   0x00000380   Code   RO         7542    i.MdlChn_modify_sconf  model_channel.o
    0x0800d080   0x0000017c   Code   RO         7543    i.MdlChn_run        model_channel.o
    0x0800d1fc   0x00000030   Code   RO         7544    i.MdlChn_save_data  model_channel.o
    0x0800d22c   0x000000d8   Code   RO         7545    i.MdlChn_self_check  model_channel.o
    0x0800d304   0x000002e0   Code   RO         7546    i.MdlChn_setData    model_channel.o
    0x0800d5e4   0x00000006   Code   RO         7547    i.MdlChn_set_by_string  model_channel.o
    0x0800d5ea   0x0000001a   Code   RO         7548    i.MdlChn_to_percentage  model_channel.o
    0x0800d604   0x00000224   Code   RO         7549    i.MdlChn_to_string  model_channel.o
    0x0800d828   0x00000050   Code   RO         7740    i.MdlTime_getData   modeltime.o
    0x0800d878   0x0000001c   Code   RO         7741    i.MdlTime_init      modeltime.o
    0x0800d894   0x00000014   Code   RO         7742    i.MdlTime_run       modeltime.o
    0x0800d8a8   0x00000118   Code   RO         7743    i.MdlTime_set_by_string  modeltime.o
    0x0800d9c0   0x0000003e   Code   RO         3929    i.MdlTime_text_iteartor  phn_string.o
    0x0800d9fe   0x00000156   Code   RO         3930    i.MdlTime_text_modify  phn_string.o
    0x0800db54   0x00000090   Code   RO         7744    i.MdlTime_to_string  modeltime.o
    0x0800dbe4   0x00000008   Code   RO         7456    i.Mdl_addTmMdl      model.o
    0x0800dbec   0x0000002a   Code   RO         7457    i.Mdl_attach        model.o
    0x0800dc16   0x00000008   Code   RO         7458    i.Mdl_delTmMdl      model.o
    0x0800dc1e   0x00000010   Code   RO         7459    i.Mdl_detach        model.o
    0x0800dc2e   0x00000018   Code   RO         7460    i.Mdl_getData       model.o
    0x0800dc46   0x00000002   PAD
    0x0800dc48   0x00000044   Code   RO         7461    i.Mdl_notify        model.o
    0x0800dc8c   0x00000018   Code   RO         7462    i.Mdl_setData       model.o
    0x0800dca4   0x00000068   Code   RO          970    i.Mem_alloc         mem.o
    0x0800dd0c   0x0000007c   Code   RO          971    i.Mem_calloc        mem.o
    0x0800dd88   0x00000028   Code   RO         5960    i.MenuClearFocuse   hmi_menu.o
    0x0800ddb0   0x00000128   Code   RO         5961    i.MenuHitHandle     hmi_menu.o
    0x0800ded8   0x00000002   Code   RO         5962    i.MenuHmiHide       hmi_menu.o
    0x0800deda   0x00000002   PAD
    0x0800dedc   0x00000030   Code   RO         5963    i.MenuHmiShow       hmi_menu.o
    0x0800df0c   0x00000088   Code   RO         5964    i.MenuShowFocuse    hmi_menu.o
    0x0800df94   0x00000002   Code   RO         5965    i.MenuinitSheet     hmi_menu.o
    0x0800df96   0x00000002   PAD
    0x0800df98   0x00000034   Code   RO         7745    i.ModelTime_ctor    modeltime.o
    0x0800dfcc   0x0000001a   Code   RO         7746    i.ModelTime_new     modeltime.o
    0x0800dfe6   0x00000002   PAD
    0x0800dfe8   0x00000054   Code   RO         7550    i.Model_chn_ctor    model_channel.o
    0x0800e03c   0x0000001a   Code   RO         7551    i.Model_chn_new     model_channel.o
    0x0800e056   0x00000002   PAD
    0x0800e058   0x0000003c   Code   RO         7463    i.Model_ctor        model.o
    0x0800e094   0x00000034   Code   RO         6554    i.NLM_Btn_hdl       stg_news_alarm.o
    0x0800e0c8   0x0000002c   Code   RO         6555    i.NLM_Build_component  stg_news_alarm.o
    0x0800e0f4   0x00000006   Code   RO         6556    i.NLM_Commit        stg_news_alarm.o
    0x0800e0fa   0x00000002   PAD
    0x0800e0fc   0x00000254   Code   RO         6557    i.NLM_Entry         stg_news_alarm.o
    0x0800e350   0x00000002   Code   RO         6558    i.NLM_Exit          stg_news_alarm.o
    0x0800e352   0x00000006   Code   RO         6559    i.NLM_Get_focus_data  stg_news_alarm.o
    0x0800e358   0x0000003c   Code   RO         6560    i.NLM_Init          stg_news_alarm.o
    0x0800e394   0x00000038   Code   RO         6561    i.NLM_Key_DN        stg_news_alarm.o
    0x0800e3cc   0x00000008   Code   RO         6562    i.NLM_Key_ET        stg_news_alarm.o
    0x0800e3d4   0x00000008   Code   RO         6563    i.NLM_Key_LT        stg_news_alarm.o
    0x0800e3dc   0x00000008   Code   RO         6564    i.NLM_Key_RT        stg_news_alarm.o
    0x0800e3e4   0x00000034   Code   RO         6565    i.NLM_Key_UP        stg_news_alarm.o
    0x0800e418   0x0000002c   Code   RO         6641    i.NPW_Btn_hdl       stg_news_power.o
    0x0800e444   0x00000038   Code   RO         6642    i.NPW_Build_component  stg_news_power.o
    0x0800e47c   0x00000006   Code   RO         6643    i.NPW_Commit        stg_news_power.o
    0x0800e482   0x00000002   PAD
    0x0800e484   0x00000190   Code   RO         6644    i.NPW_Entry         stg_news_power.o
    0x0800e614   0x00000002   Code   RO         6645    i.NPW_Exit          stg_news_power.o
    0x0800e616   0x00000006   Code   RO         6646    i.NPW_Get_focus_data  stg_news_power.o
    0x0800e61c   0x00000034   Code   RO         6647    i.NPW_Init          stg_news_power.o
    0x0800e650   0x00000008   Code   RO         6648    i.NPW_Key_DN        stg_news_power.o
    0x0800e658   0x00000008   Code   RO         6649    i.NPW_Key_ET        stg_news_power.o
    0x0800e660   0x00000008   Code   RO         6650    i.NPW_Key_LT        stg_news_power.o
    0x0800e668   0x00000008   Code   RO         6651    i.NPW_Key_RT        stg_news_power.o
    0x0800e670   0x00000008   Code   RO         6652    i.NPW_Key_UP        stg_news_power.o
    0x0800e678   0x00000188   Code   RO          779    i.NVIC_Configuration  intrinit.o
    0x0800e800   0x00000070   Code   RO         8568    i.NVIC_Init         misc.o
    0x0800e870   0x00000014   Code   RO         8569    i.NVIC_PriorityGroupConfig  misc.o
    0x0800e884   0x00000014   Code   RO         8570    i.NVIC_SetVectorTable  misc.o
    0x0800e898   0x00000054   Code   RO         6049    i.NewSlct_HMI_ctor  hmi_news_select.o
    0x0800e8ec   0x0000001a   Code   RO         6050    i.NewSlct_HMI_new   hmi_news_select.o
    0x0800e906   0x00000002   PAD
    0x0800e908   0x00000014   Code   RO         3027    i.NtButton_ctor     ntbutton.o
    0x0800e91c   0x0000001a   Code   RO         3028    i.NtButton_new      ntbutton.o
    0x0800e936   0x00000002   PAD
    0x0800e938   0x00000014   Code   RO         3078    i.NtInput_ctor      ntinput.o
    0x0800e94c   0x0000001a   Code   RO         3079    i.NtInput_new       ntinput.o
    0x0800e966   0x00000002   PAD
    0x0800e968   0x0000002c   Code   RO         6051    i.Nws_HMI_clear_focus  hmi_news_select.o
    0x0800e994   0x0000000c   Code   RO         6052    i.Nws_HMI_hide      hmi_news_select.o
    0x0800e9a0   0x000000e0   Code   RO         6053    i.Nws_HMI_hitHandle  hmi_news_select.o
    0x0800ea80   0x00000038   Code   RO         6054    i.Nws_HMI_init_focus  hmi_news_select.o
    0x0800eab8   0x0000005c   Code   RO         6055    i.Nws_HMI_show_focus  hmi_news_select.o
    0x0800eb14   0x00000060   Code   RO         6056    i.Nws_initSheet     hmi_news_select.o
    0x0800eb74   0x0000005e   Code   RO          806    i.OpenPrpClock      mysystemclock.o
    0x0800ebd2   0x00000012   Code   RO         2242    i.Open_devSpi       dev_spi.o
    0x0800ebe4   0x00000014   Code   RO         2424    i.Open_dev_IIC      dev_iic.o
    0x0800ebf8   0x00000022   Code   RO         5484    i.Operate_in_tange  hmi_comm.o
    0x0800ec1a   0x00000002   PAD
    0x0800ec1c   0x00000418   Code   RO         4721    i.PGB_Build_bar     component_progress_bar.o
    0x0800f034   0x00000016   Code   RO         4722    i.PGB_Cal_cross     component_progress_bar.o
    0x0800f04a   0x00000016   Code   RO         4723    i.PGB_Cal_paraller  component_progress_bar.o
    0x0800f060   0x00000034   Code   RO         4724    i.PGB_Delete_bar    component_progress_bar.o
    0x0800f094   0x00000024   Code   RO         4725    i.PGB_Get_Sington   component_progress_bar.o
    0x0800f0b8   0x00000140   Code   RO         4726    i.PGB_Init          component_progress_bar.o
    0x0800f1f8   0x0000000c   Code   RO         4727    i.PGB_Set_self      component_progress_bar.o
    0x0800f204   0x00000018   Code   RO         4728    i.PGB_Show_bar      component_progress_bar.o
    0x0800f21c   0x00000108   Code   RO         4729    i.PGB_Update_bar    component_progress_bar.o
    0x0800f324   0x0000002c   Code   RO          854    i.PVD_IRQHandler    power.o
    0x0800f350   0x0000004a   Code   RO          855    i.PVD_Init          power.o
    0x0800f39a   0x00000002   PAD
    0x0800f39c   0x0000000c   Code   RO         9300    i.PWR_PVDCmd        stm32f10x_pwr.o
    0x0800f3a8   0x00000018   Code   RO         9301    i.PWR_PVDLevelConfig  stm32f10x_pwr.o
    0x0800f3c0   0x0000001c   Code   RO         6239    i.Password_focuse   hmi_windowns.o
    0x0800f3dc   0x0000000c   Code   RO         6240    i.Password_hide     hmi_windowns.o
    0x0800f3e8   0x0000002c   Code   RO         6241    i.Password_init     hmi_windowns.o
    0x0800f414   0x0000003e   Code   RO         3932    i.Password_iteartor  phn_string.o
    0x0800f452   0x0000003e   Code   RO         3933    i.Password_modify   phn_string.o
    0x0800f490   0x00000034   Code   RO         3644    i.Pcf8563_ctor      rtc_pcf8563.o
    0x0800f4c4   0x00000168   Code   RO         3645    i.Pcf8563_get       rtc_pcf8563.o
    0x0800f62c   0x00000018   Code   RO         3646    i.Pcf8563_init      rtc_pcf8563.o
    0x0800f644   0x0000001a   Code   RO         3647    i.Pcf8563_new       rtc_pcf8563.o
    0x0800f65e   0x00000008   Code   RO         3648    i.Pcf8563_readReg   rtc_pcf8563.o
    0x0800f666   0x00000002   PAD
    0x0800f668   0x000002e4   Code   RO         3649    i.Pcf8563_set       rtc_pcf8563.o
    0x0800f94c   0x00000008   Code   RO         3650    i.Pcf8563_writeReg  rtc_pcf8563.o
    0x0800f954   0x0000002c   Code   RO         7552    i.Percent_to_data   model_channel.o
    0x0800f980   0x00000014   Code   RO         3166    i.PicExpr_ctor      picexpr.o
    0x0800f994   0x0000001a   Code   RO         3167    i.PicExpr_new       picexpr.o
    0x0800f9ae   0x00000002   PAD
    0x0800f9b0   0x000000d8   Code   RO         3168    i.PicInptSht        picexpr.o
    0x0800fa88   0x00000338   Code   RO          830    i.Pin_init          pinmux.o
    0x0800fdc0   0x0000004c   Code   RO         6242    i.PopUp_focuse      hmi_windowns.o
    0x0800fe0c   0x00000032   Code   RO         6243    i.Popup_hide        hmi_windowns.o
    0x0800fe3e   0x00000002   PAD
    0x0800fe40   0x00000128   Code   RO         6244    i.Popup_init        hmi_windowns.o
    0x0800ff68   0x00000024   Code   RO         7967    i.Power_Ch376       ch376.o
    0x0800ff8c   0x000000b0   Code   RO         3934    i.Print_float       phn_string.o
    0x0801003c   0x00000104   Code   RO         3936    i.Print_singnaltype  phn_string.o
    0x08010140   0x00000160   Code   RO         3937    i.Print_sys_param   phn_string.o
    0x080102a0   0x0000002c   Code   RO         3938    i.Print_touch_spot  phn_string.o
    0x080102cc   0x0000034c   Code   RO         3939    i.Print_unit        phn_string.o
    0x08010618   0x00000034   Code   RO         4730    i.Progress_bar_ctor  component_progress_bar.o
    0x0801064c   0x0000001a   Code   RO         4731    i.Progress_bar_new  component_progress_bar.o
    0x08010666   0x00000002   PAD
    0x08010668   0x00000028   Code   RO         7968    i.Query376Interrupt  ch376.o
    0x08010690   0x00000020   Code   RO         9367    i.RCC_AHBPeriphClockCmd  stm32f10x_rcc.o
    0x080106b0   0x00000020   Code   RO         9368    i.RCC_APB1PeriphClockCmd  stm32f10x_rcc.o
    0x080106d0   0x00000020   Code   RO         9369    i.RCC_APB1PeriphResetCmd  stm32f10x_rcc.o
    0x080106f0   0x00000020   Code   RO         9370    i.RCC_APB2PeriphClockCmd  stm32f10x_rcc.o
    0x08010710   0x00000020   Code   RO         9371    i.RCC_APB2PeriphResetCmd  stm32f10x_rcc.o
    0x08010730   0x000000d4   Code   RO         9378    i.RCC_GetClocksFreq  stm32f10x_rcc.o
    0x08010804   0x00000084   Code   RO         4948    i.RLTHmi_Init_chnSht  hmi_curve.o
    0x08010888   0x0000000e   Code   RO         4949    i.RLT_Init_curve    hmi_curve.o
    0x08010896   0x00000002   PAD
    0x08010898   0x00000058   Code   RO         4950    i.RLT_btn_hdl       hmi_curve.o
    0x080108f0   0x00000058   Code   RO         4951    i.RLT_clear_focus   hmi_curve.o
    0x08010948   0x00000048   Code   RO         4952    i.RLT_init_focus    hmi_curve.o
    0x08010990   0x00000052   Code   RO         4953    i.RLT_show_focus    hmi_curve.o
    0x080109e2   0x00000002   PAD
    0x080109e4   0x0000005c   Code   RO         4954    i.RLT_trendHMI_ctor  hmi_curve.o
    0x08010a40   0x0000001a   Code   RO         4955    i.RLT_trendHMI_new  hmi_curve.o
    0x08010a5a   0x000000e6   Code   RO         4956    i.RTV_midv_change   hmi_curve.o
    0x08010b40   0x0000007c   Code   RO         4957    i.RT_trendHmi_HideSheet  hmi_curve.o
    0x08010bbc   0x000002c0   Code   RO         4958    i.RT_trendHmi_HitHandle  hmi_curve.o
    0x08010e7c   0x0000016c   Code   RO         4959    i.RT_trendHmi_InitSheet  hmi_curve.o
    0x08010fe8   0x0000004c   Code   RO         4960    i.RT_trendHmi_Show  hmi_curve.o
    0x08011034   0x00000170   Code   RO         1755    i.Read_IIC          drive_iic.o
    0x080111a4   0x00000040   Code   RO         2243    i.Read_devSpi       dev_spi.o
    0x080111e4   0x00000042   Code   RO         2425    i.Read_dev_IIC      dev_iic.o
    0x08011226   0x00000002   PAD
    0x08011228   0x0000009c   Code   RO         1808    i.Read_spi          drive_spi.o
    0x080112c4   0x0000003e   Code   RO         2945    i.RemoveHead        reader.o
    0x08011302   0x0000007e   Code   RO         2946    i.RemoveTail        reader.o
    0x08011380   0x0000000c   Code   RO         8155    i.Reset_Ch376       usb.o
    0x0801138c   0x0000001c   Code   RO         6389    i.SAD_Build_component  stg_acc_day.o
    0x080113a8   0x00000006   Code   RO         6390    i.SAD_Commit        stg_acc_day.o
    0x080113ae   0x00000002   PAD
    0x080113b0   0x000001d0   Code   RO         6391    i.SAD_Entry         stg_acc_day.o
    0x08011580   0x00000002   Code   RO         6392    i.SAD_Exit          stg_acc_day.o
    0x08011582   0x00000006   Code   RO         6393    i.SAD_Get_focus_data  stg_acc_day.o
    0x08011588   0x0000003c   Code   RO         6394    i.SAD_Init          stg_acc_day.o
    0x080115c4   0x00000038   Code   RO         6395    i.SAD_Key_DN        stg_acc_day.o
    0x080115fc   0x00000008   Code   RO         6396    i.SAD_Key_ET        stg_acc_day.o
    0x08011604   0x00000008   Code   RO         6397    i.SAD_Key_LT        stg_acc_day.o
    0x0801160c   0x00000008   Code   RO         6398    i.SAD_Key_RT        stg_acc_day.o
    0x08011614   0x00000034   Code   RO         6399    i.SAD_Key_UP        stg_acc_day.o
    0x08011648   0x0000001c   Code   RO         6469    i.SAM_Build_component  stg_acc_month.o
    0x08011664   0x00000006   Code   RO         6470    i.SAM_Commit        stg_acc_month.o
    0x0801166a   0x00000002   PAD
    0x0801166c   0x00000174   Code   RO         6471    i.SAM_Entry         stg_acc_month.o
    0x080117e0   0x00000002   Code   RO         6472    i.SAM_Exit          stg_acc_month.o
    0x080117e2   0x00000006   Code   RO         6473    i.SAM_Get_focus_data  stg_acc_month.o
    0x080117e8   0x0000003c   Code   RO         6474    i.SAM_Init          stg_acc_month.o
    0x08011824   0x00000038   Code   RO         6475    i.SAM_Key_DN        stg_acc_month.o
    0x0801185c   0x00000008   Code   RO         6476    i.SAM_Key_ET        stg_acc_month.o
    0x08011864   0x00000008   Code   RO         6477    i.SAM_Key_LT        stg_acc_month.o
    0x0801186c   0x00000008   Code   RO         6478    i.SAM_Key_RT        stg_acc_month.o
    0x08011874   0x00000034   Code   RO         6479    i.SAM_Key_UP        stg_acc_month.o
    0x080118a8   0x000000b4   Code   RO         6480    i.SAM_Print_ACC     stg_acc_month.o
    0x0801195c   0x00000020   Code   RO         1809    i.SPI1_IRQHandler   drive_spi.o
    0x0801197c   0x00000020   Code   RO         1810    i.SPI2_IRQHandler   drive_spi.o
    0x0801199c   0x00000018   Code   RO         9583    i.SPI_Cmd           stm32f10x_spi.o
    0x080119b4   0x00000012   Code   RO         9591    i.SPI_I2S_GetFlagStatus  stm32f10x_spi.o
    0x080119c6   0x00000020   Code   RO         9593    i.SPI_I2S_ITConfig  stm32f10x_spi.o
    0x080119e6   0x00000006   Code   RO         9594    i.SPI_I2S_ReceiveData  stm32f10x_spi.o
    0x080119ec   0x00000004   Code   RO         9595    i.SPI_I2S_SendData  stm32f10x_spi.o
    0x080119f0   0x0000003c   Code   RO         9596    i.SPI_Init          stm32f10x_spi.o
    0x08011a2c   0x00000018   Code   RO         9599    i.SPI_StructInit    stm32f10x_spi.o
    0x08011a44   0x000000a8   Code   RO         6728    i.SSA_Btn_hdl       stg_set_accumulate.o
    0x08011aec   0x0000002c   Code   RO         6729    i.SSA_Build_component  stg_set_accumulate.o
    0x08011b18   0x00000034   Code   RO         6730    i.SSA_Commit        stg_set_accumulate.o
    0x08011b4c   0x0000010c   Code   RO         6731    i.SSA_Entry         stg_set_accumulate.o
    0x08011c58   0x00000002   Code   RO         6732    i.SSA_Exit          stg_set_accumulate.o
    0x08011c5a   0x00000002   PAD
    0x08011c5c   0x00000050   Code   RO         6733    i.SSA_Get_focus_data  stg_set_accumulate.o
    0x08011cac   0x00000064   Code   RO         6734    i.SSA_Init          stg_set_accumulate.o
    0x08011d10   0x00000018   Code   RO         6735    i.SSA_Key_DN        stg_set_accumulate.o
    0x08011d28   0x00000050   Code   RO         6736    i.SSA_Key_ET        stg_set_accumulate.o
    0x08011d78   0x00000034   Code   RO         6737    i.SSA_Key_LT        stg_set_accumulate.o
    0x08011dac   0x0000003c   Code   RO         6738    i.SSA_Key_RT        stg_set_accumulate.o
    0x08011de8   0x00000018   Code   RO         6739    i.SSA_Key_UP        stg_set_accumulate.o
    0x08011e00   0x00000118   Code   RO         6740    i.SSA_update_content  stg_set_accumulate.o
    0x08011f18   0x000000a4   Code   RO         3711    i.STG_Acc_chn_alarm  storage.o
    0x08011fbc   0x0000009c   Code   RO         3712    i.STG_Acc_chn_conf  storage.o
    0x08012058   0x000000cc   Code   RO         3713    i.STG_Acc_chn_data  storage.o
    0x08012124   0x000000a4   Code   RO         3714    i.STG_Acc_chn_sum   storage.o
    0x080121c8   0x00000064   Code   RO         3715    i.STG_Acc_lose_pwr  storage.o
    0x0801222c   0x00000074   Code   RO         3716    i.STG_Acc_sys_conf  storage.o
    0x080122a0   0x00000084   Code   RO         3717    i.STG_Erase_file    storage.o
    0x08012324   0x00000124   Code   RO         3718    i.STG_Open_file     storage.o
    0x08012448   0x000001c0   Code   RO         3719    i.STG_Read_alm_pwr  storage.o
    0x08012608   0x00000164   Code   RO         3720    i.STG_Read_rcd_by_time  storage.o
    0x0801276c   0x00000034   Code   RO         3721    i.STG_Resize        storage.o
    0x080127a0   0x000000b0   Code   RO         3722    i.STG_Set_file_position  storage.o
    0x08012850   0x0000003c   Code   RO         6133    i.STP_Compose_hit   hmi_setup.o
    0x0801288c   0x0000001c   Code   RO         4818    i.STY_Duild_button  hmi_striped_background.o
    0x080128a8   0x0000009c   Code   RO         7284    i.SYS_Btn_hdl       stg_set_system.o
    0x08012944   0x00000034   Code   RO          347    i.SYS_Commit        system.o
    0x08012978   0x00000002   Code   RO         7285    i.SYS_Exit          stg_set_system.o
    0x0801297a   0x00000002   PAD
    0x0801297c   0x0000002c   Code   RO         7286    i.SYS_build_component  stg_set_system.o
    0x080129a8   0x00000010   Code   RO          348    i.SYS_time_sec      system.o
    0x080129b8   0x0000011c   Code   RO          349    i.Sec_2_tm          system.o
    0x08012ad4   0x000002d4   Code   RO         1466    i.Sem_init          rtx_depend.o
    0x08012da8   0x0000012c   Code   RO         1467    i.Sem_post          rtx_depend.o
    0x08012ed4   0x0000012c   Code   RO         1468    i.Sem_wait          rtx_depend.o
    0x08013000   0x00000008   Code   RO         8522    i.SetSysClock       system_stm32f10x.o
    0x08013008   0x000000e0   Code   RO         8523    i.SetSysClockTo72   system_stm32f10x.o
    0x080130e8   0x00000024   Code   RO         1151    i.Set_bit           bit.o
    0x0801310c   0x00000016   Code   RO         4514    i.Set_flag_show     hmi.o
    0x08013122   0x00000002   PAD
    0x08013124   0x000001e8   Code   RO         2845    i.Set_shtAreaAtt    expression.o
    0x0801330c   0x00000040   Code   RO         2846    i.Set_shtContextAtt  expression.o
    0x0801334c   0x000001e0   Code   RO         4819    i.Setting_Sy_cmd    hmi_striped_background.o
    0x0801352c   0x0000003c   Code   RO         4820    i.Setting_btn_hdl   hmi_striped_background.o
    0x08013568   0x0000009a   Code   RO         6134    i.Setup_HMI_clear_focus  hmi_setup.o
    0x08013602   0x00000002   PAD
    0x08013604   0x000000ac   Code   RO         6135    i.Setup_HMI_cmd     hmi_setup.o
    0x080136b0   0x00000054   Code   RO         6136    i.Setup_HMI_ctor    hmi_setup.o
    0x08013704   0x00000064   Code   RO         6137    i.Setup_HMI_hide    hmi_setup.o
    0x08013768   0x00000110   Code   RO         6138    i.Setup_HMI_hitHandle  hmi_setup.o
    0x08013878   0x00000070   Code   RO         6139    i.Setup_HMI_init_focus  hmi_setup.o
    0x080138e8   0x00000030   Code   RO         6140    i.Setup_HMI_lock    hmi_setup.o
    0x08013918   0x0000001a   Code   RO         6141    i.Setup_HMI_new     hmi_setup.o
    0x08013932   0x00000002   PAD
    0x08013934   0x000000a4   Code   RO         6142    i.Setup_HMI_show_focus  hmi_setup.o
    0x080139d8   0x00000030   Code   RO         6143    i.Setup_HMI_unlock  hmi_setup.o
    0x08013a08   0x0000017c   Code   RO         6144    i.Setup_initSheet   hmi_setup.o
    0x08013b84   0x0000007c   Code   RO         4062    i.Sheet_alloc       sheet.o
    0x08013c00   0x0000001e   Code   RO         4064    i.Sheet_force_slide  sheet.o
    0x08013c1e   0x0000001c   Code   RO         4065    i.Sheet_free        sheet.o
    0x08013c3a   0x00000012   Code   RO         4066    i.Sheet_is_hide     sheet.o
    0x08013c4c   0x0000004c   Code   RO         4067    i.Sheet_refresh     sheet.o
    0x08013c98   0x0000006e   Code   RO         4068    i.Sheet_refreshsub  sheet.o
    0x08013d06   0x0000002a   Code   RO         4070    i.Sheet_slide       sheet.o
    0x08013d30   0x00000116   Code   RO         4071    i.Sheet_updown      sheet.o
    0x08013e46   0x00000002   PAD
    0x08013e48   0x00000028   Code   RO         5316    i.Show_Accm_HMI     hmi_accumulate .o
    0x08013e70   0x00000030   Code   RO         6057    i.Show_Nws_HMI      hmi_news_select.o
    0x08013ea0   0x00000014   Code   RO         6145    i.Show_Setup_HMI    hmi_setup.o
    0x08013eb4   0x0000002a   Code   RO         4515    i.Show_focus        hmi.o
    0x08013ede   0x00000002   PAD
    0x08013ee0   0x0000003c   Code   RO         4072    i.Shtctl_init       sheet.o
    0x08013f1c   0x00000170   Code   RO         7553    i.Signal_Alarm      model_channel.o
    0x0801408c   0x0000005c   Code   RO         1315    i.SmBus_AI_Read     smart_bus.o
    0x080140e8   0x00000078   Code   RO         1316    i.SmBus_AI_config   smart_bus.o
    0x08014160   0x00000018   Code   RO         1317    i.SmBus_Check_head  smart_bus.o
    0x08014178   0x00000030   Code   RO         1318    i.SmBus_Check_tail  smart_bus.o
    0x080141a8   0x00000056   Code   RO         1319    i.SmBus_Cmd_err     smart_bus.o
    0x080141fe   0x0000001e   Code   RO         1320    i.SmBus_DO_output   smart_bus.o
    0x0801421c   0x00000014   Code   RO         1321    i.SmBus_Get_crc     smart_bus.o
    0x08014230   0x00000064   Code   RO         1322    i.SmBus_Get_u16     smart_bus.o
    0x08014294   0x00000044   Code   RO         1323    i.SmBus_Query       smart_bus.o
    0x080142d8   0x00000018   Code   RO         1324    i.SmBus_RD_hig_limit  smart_bus.o
    0x080142f0   0x00000018   Code   RO         1325    i.SmBus_RD_low_limit  smart_bus.o
    0x08014308   0x0000006c   Code   RO         1326    i.SmBus_Read        smart_bus.o
    0x08014374   0x00000018   Code   RO         1327    i.SmBus_Read_DO     smart_bus.o
    0x0801438c   0x0000001c   Code   RO         1328    i.SmBus_Tail        smart_bus.o
    0x080143a8   0x00000028   Code   RO         1329    i.SmBus_U16         smart_bus.o
    0x080143d0   0x00000020   Code   RO         1330    i.SmBus_WR_hig_limit  smart_bus.o
    0x080143f0   0x00000020   Code   RO         1331    i.SmBus_WR_low_limit  smart_bus.o
    0x08014410   0x000000bc   Code   RO         1332    i.SmBus_Write       smart_bus.o
    0x080144cc   0x00000036   Code   RO         1333    i.SmBus_crc         smart_bus.o
    0x08014502   0x00000002   PAD
    0x08014504   0x0000007c   Code   RO         1334    i.SmBus_dcd_AI_read  smart_bus.o
    0x08014580   0x0000006c   Code   RO         1335    i.SmBus_dcd_query   smart_bus.o
    0x080145ec   0x000000d4   Code   RO         1336    i.SmBus_dcd_read    smart_bus.o
    0x080146c0   0x00000074   Code   RO         1337    i.SmBus_decode      smart_bus.o
    0x08014734   0x00000018   Code   RO         1338    i.SmBus_rd_signal_type  smart_bus.o
    0x0801474c   0x00000002   Code   RO         1811    i.Spi_baud_Prescaler  drive_spi.o
    0x0801474e   0x0000003a   Code   RO         1812    i.Spi_mode_CP       drive_spi.o
    0x08014788   0x00000024   Code   RO         3723    i.Storage_ctor      storage.o
    0x080147ac   0x0000001a   Code   RO         3724    i.Storage_new       storage.o
    0x080147c6   0x00000002   PAD
    0x080147c8   0x00000130   Code   RO         3940    i.Str_Calculations  phn_string.o
    0x080148f8   0x00000038   Code   RO         3941    i.Str_Password_match  phn_string.o
    0x08014930   0x00000220   Code   RO         3943    i.Str_set_sys_param  phn_string.o
    0x08014b50   0x000000f4   Code   RO          350    i.Str_time_2_tm     system.o
    0x08014c44   0x00000028   Code   RO          351    i.Str_time_2_u32    system.o
    0x08014c6c   0x0000017e   Code   RO         4821    i.Strategy_focus    hmi_striped_background.o
    0x08014dea   0x00000098   Code   RO         4822    i.Strategy_focus_text  hmi_striped_background.o
    0x08014e82   0x00000002   PAD
    0x08014e84   0x00000078   Code   RO         3725    i.Strg_Updata_rcd_mgr  storage.o
    0x08014efc   0x00000094   Code   RO         3726    i.Strg_WR_stored_data  storage.o
    0x08014f90   0x00000006   Code   RO         3727    i.Strg_init         storage.o
    0x08014f96   0x00000002   PAD
    0x08014f98   0x00000094   Code   RO         3728    i.Strg_rd_stored_data  storage.o
    0x0801502c   0x00000040   Code   RO         2606    i.String2Align      glyph.o
    0x0801506c   0x00000028   Code   RO         2607    i.String2Bkc        glyph.o
    0x08015094   0x00000028   Code   RO         2608    i.String2Clr        glyph.o
    0x080150bc   0x0000002c   Code   RO         2609    i.String2CntEff     glyph.o
    0x080150e8   0x000000b8   Code   RO         2610    i.String2Colour     glyph.o
    0x080151a0   0x0000008c   Code   RO         2611    i.String2Font       glyph.o
    0x0801522c   0x00000012   Code   RO         5486    i.Stripe_vy         hmi_comm.o
    0x0801523e   0x00000002   PAD
    0x08015240   0x00000090   Code   RO         4516    i.SwitchBack        hmi.o
    0x080152d0   0x000000c0   Code   RO         4517    i.SwitchHMI         hmi.o
    0x08015390   0x00000014   Code   RO         5966    i.SwitchToHmi       hmi_menu.o
    0x080153a4   0x00000088   Code   RO         5692    i.SwitchVirKey      hmi_keyboard.o
    0x0801542c   0x000001d0   Code   RO         7287    i.SysStrategy_entry  stg_set_system.o
    0x080155fc   0x00000040   Code   RO         7288    i.Sys_commit        stg_set_system.o
    0x0801563c   0x00000050   Code   RO         7289    i.Sys_get_focusdata  stg_set_system.o
    0x0801568c   0x00000054   Code   RO         7290    i.Sys_init          stg_set_system.o
    0x080156e0   0x0000001c   Code   RO         7291    i.Sys_key_dn        stg_set_system.o
    0x080156fc   0x00000088   Code   RO         7292    i.Sys_key_er        stg_set_system.o
    0x08015784   0x00000064   Code   RO         7293    i.Sys_key_lt        stg_set_system.o
    0x080157e8   0x00000064   Code   RO         7294    i.Sys_key_rt        stg_set_system.o
    0x0801584c   0x0000001c   Code   RO         7295    i.Sys_key_up        stg_set_system.o
    0x08015868   0x0000016c   Code   RO         7296    i.Sys_update_content  stg_set_system.o
    0x080159d4   0x00000018   Code   RO         7297    i.Sys_update_syf    stg_set_system.o
    0x080159ec   0x00000060   Code   RO         8525    i.SystemInit        system_stm32f10x.o
    0x08015a4c   0x00000030   Code   RO          352    i.System_default    system.o
    0x08015a7c   0x000000e0   Code   RO          353    i.System_init       system.o
    0x08015b5c   0x00000074   Code   RO          354    i.System_power_off  system.o
    0x08015bd0   0x00000084   Code   RO          355    i.System_power_on   system.o
    0x08015c54   0x0000002c   Code   RO          356    i.System_set_time   system.o
    0x08015c80   0x00000018   Code   RO          357    i.System_time       system.o
    0x08015c98   0x00000090   Code   RO         3837    i.TIM2_IRQHandler   times.o
    0x08015d28   0x00000006   Code   RO         9745    i.TIM_ClearITPendingBit  stm32f10x_tim.o
    0x08015d2e   0x00000022   Code   RO         9771    i.TIM_GetITStatus   stm32f10x_tim.o
    0x08015d50   0x00000060   Code   RO         5244    i.TIP_Clear_ico_tips  component_tips.o
    0x08015db0   0x00000024   Code   RO         5245    i.TIP_Get_Sington   component_tips.o
    0x08015dd4   0x0000000c   Code   RO         5246    i.TIP_Hide_ico_tips  component_tips.o
    0x08015de0   0x00000054   Code   RO         5247    i.TIP_Init          component_tips.o
    0x08015e34   0x000000a4   Code   RO         5248    i.TIP_Show_ico_tips  component_tips.o
    0x08015ed8   0x00000040   Code   RO         5249    i.TIP_Show_tips     component_tips.o
    0x08015f18   0x00000006   Code   RO         2244    i.Test_devSpi       dev_spi.o
    0x08015f1e   0x00000006   Code   RO         2426    i.Test_dev_IIC      dev_iic.o
    0x08015f24   0x0000001a   Code   RO            7    i.ThrdKeyRun        main.o
    0x08015f3e   0x00000002   PAD
    0x08015f40   0x00000090   Code   RO          358    i.Time_2_u32        system.o
    0x08015fd0   0x000000bc   Code   RO         6245    i.Timeset_focuse    hmi_windowns.o
    0x0801608c   0x0000003c   Code   RO         6246    i.Timeset_hide      hmi_windowns.o
    0x080160c8   0x000000fc   Code   RO         6247    i.Timeset_init      hmi_windowns.o
    0x080161c4   0x00000014   Code   RO         2892    i.TxtExpr_ctor      txtexpr.o
    0x080161d8   0x0000001a   Code   RO         2893    i.TxtExpr_new       txtexpr.o
    0x080161f2   0x00000002   PAD
    0x080161f4   0x000000d0   Code   RO         2894    i.TxtInptSht        txtexpr.o
    0x080162c4   0x00000014   Code   RO         1884    i.UART4_IRQHandler  drive_uart.o
    0x080162d8   0x00000014   Code   RO         1885    i.USART1_IRQHandler  drive_uart.o
    0x080162ec   0x00000014   Code   RO         1886    i.USART2_IRQHandler  drive_uart.o
    0x08016300   0x00000014   Code   RO         1887    i.USART3_IRQHandler  drive_uart.o
    0x08016314   0x00000012   Code   RO        10294    i.USART_ClearFlag   stm32f10x_usart.o
    0x08016326   0x00000018   Code   RO        10298    i.USART_Cmd         stm32f10x_usart.o
    0x0801633e   0x00000012   Code   RO        10299    i.USART_DMACmd      stm32f10x_usart.o
    0x08016350   0x0000009c   Code   RO        10300    i.USART_DeInit      stm32f10x_usart.o
    0x080163ec   0x0000001a   Code   RO        10301    i.USART_GetFlagStatus  stm32f10x_usart.o
    0x08016406   0x00000054   Code   RO        10302    i.USART_GetITStatus  stm32f10x_usart.o
    0x0801645a   0x0000004a   Code   RO        10304    i.USART_ITConfig    stm32f10x_usart.o
    0x080164a4   0x000000d8   Code   RO        10305    i.USART_Init        stm32f10x_usart.o
    0x0801657c   0x0000000a   Code   RO        10312    i.USART_ReceiveData  stm32f10x_usart.o
    0x08016586   0x00000008   Code   RO        10315    i.USART_SendData    stm32f10x_usart.o
    0x0801658e   0x00000002   PAD
    0x08016590   0x00000098   Code   RO         8156    i.USB_Colse_file    usb.o
    0x08016628   0x000000b8   Code   RO         8157    i.USB_Create_file   usb.o
    0x080166e0   0x00000020   Code   RO         8158    i.USB_Del_event_hdl  usb.o
    0x08016700   0x00000050   Code   RO         8162    i.USB_Init          usb.o
    0x08016750   0x0000002c   Code   RO         8163    i.USB_Open_file     usb.o
    0x0801677c   0x00000040   Code   RO         8167    i.USB_Rgt_event_hdl  usb.o
    0x080167bc   0x00000070   Code   RO         8168    i.USB_Run           usb.o
    0x0801682c   0x00000028   Code   RO         8169    i.USB_Write_file    usb.o
    0x08016854   0x0000003a   Code   RO         1888    i.UartDeInit        drive_uart.o
    0x0801688e   0x000000ca   Code   RO         1889    i.UartDma_Init      drive_uart.o
    0x08016958   0x00000012   Code   RO         1890    i.UartGiveBackPlayloadBuf  drive_uart.o
    0x0801696a   0x00000002   PAD
    0x0801696c   0x000000d8   Code   RO         1891    i.UartInit          drive_uart.o
    0x08016a44   0x0000009e   Code   RO         1892    i.UartIoctol        drive_uart.o
    0x08016ae2   0x00000002   Code   RO         2139    i.UartLedRxHdl      dev_uart.o
    0x08016ae4   0x00000002   Code   RO         2140    i.UartLedTxHdl      dev_uart.o
    0x08016ae6   0x00000010   Code   RO         2141    i.UartPostRxSem     dev_uart.o
    0x08016af6   0x00000010   Code   RO         2142    i.UartPostTxSem     dev_uart.o
    0x08016b06   0x000000d6   Code   RO         1893    i.UartRead          drive_uart.o
    0x08016bdc   0x00000012   Code   RO         1894    i.UartSetIdp        drive_uart.o
    0x08016bee   0x0000000e   Code   RO         1895    i.UartSetLedHdl     drive_uart.o
    0x08016bfc   0x0000000e   Code   RO         1896    i.UartSetPostSem    drive_uart.o
    0x08016c0a   0x0000000e   Code   RO         1897    i.UartSetWaitSem    drive_uart.o
    0x08016c18   0x00000044   Code   RO         1898    i.UartTakeUpPlayloadBuf  drive_uart.o
    0x08016c5c   0x000000b8   Code   RO         1899    i.UartTest          drive_uart.o
    0x08016d14   0x00000014   Code   RO         2143    i.UartWaitRxSem     dev_uart.o
    0x08016d28   0x00000014   Code   RO         2144    i.UartWaitTxSem     dev_uart.o
    0x08016d3c   0x000000e8   Code   RO         1900    i.UartWrite         drive_uart.o
    0x08016e24   0x00000040   Code   RO         5693    i.Upp_CalculateDown  hmi_keyboard.o
    0x08016e64   0x0000004c   Code   RO         5694    i.Upp_CalculateLeft  hmi_keyboard.o
    0x08016eb0   0x0000004e   Code   RO         5695    i.Upp_CalculateRight  hmi_keyboard.o
    0x08016efe   0x0000003e   Code   RO         5696    i.Upp_CalculateUp   hmi_keyboard.o
    0x08016f3c   0x000000dc   Code   RO         5697    i.Upp_crdnInPic     hmi_keyboard.o
    0x08017018   0x00000146   Code   RO         1901    i.Usart_irq         drive_uart.o
    0x0801715e   0x0000000a   Code   RO         8171    i.Usb_deal_fail     usb.o
    0x08017168   0x000000e0   Code   RO         8172    i.Usb_deal_identify  usb.o
    0x08017248   0x000000a8   Code   RO         8173    i.Usb_deal_insert   usb.o
    0x080172f0   0x0000002c   Code   RO         8174    i.Usb_deal_remove   usb.o
    0x0801731c   0x0000002c   Code   RO         3587    i.UtlRtc_ctor       rtc.o
    0x08017348   0x00000038   Code   RO         3588    i.UtlRtc_get        rtc.o
    0x08017380   0x00000006   Code   RO         3589    i.UtlRtc_init       rtc.o
    0x08017386   0x00000008   Code   RO         3590    i.UtlRtc_readReg    rtc.o
    0x0801738e   0x00000006   Code   RO         3591    i.UtlRtc_set        rtc.o
    0x08017394   0x00000008   Code   RO         3592    i.UtlRtc_writeReg   rtc.o
    0x0801739c   0x00000034   Code   RO         5698    i.VK_Uppercase_init  hmi_keyboard.o
    0x080173d0   0x00000010   Code   RO         5699    i.VKeyClean         hmi_keyboard.o
    0x080173e0   0x00000014   Code   RO         3306    i.W25Q_Addr_2_sct   hw_w25q.o
    0x080173f4   0x00000050   Code   RO         3307    i.W25Q_Cal_area     hw_w25q.o
    0x08017444   0x000000b0   Code   RO         3308    i.W25Q_Change_cache_sct  hw_w25q.o
    0x080174f4   0x000001c8   Code   RO         3309    i.W25Q_Erase_addr   hw_w25q.o
    0x080176bc   0x00000010   Code   RO         3310    i.W25Q_Flush        hw_w25q.o
    0x080176cc   0x00000060   Code   RO         3311    i.W25Q_ReadBack_check  hw_w25q.o
    0x0801772c   0x00000024   Code   RO         3312    i.W25Q_WP           hw_w25q.o
    0x08017750   0x0000003a   Code   RO         3313    i.W25Q_erase        hw_w25q.o
    0x0801778a   0x00000002   PAD
    0x0801778c   0x00000048   Code   RO         3314    i.W25Q_rd_cache     hw_w25q.o
    0x080177d4   0x00000038   Code   RO         3315    i.W25Q_sct_offset   hw_w25q.o
    0x0801780c   0x000000ac   Code   RO         3316    i.W25Q_send_wait    hw_w25q.o
    0x080178b8   0x00000054   Code   RO         3317    i.W25Q_wr_cache     hw_w25q.o
    0x0801790c   0x000000cc   Code   RO         3318    i.W25Q_wr_fsh       hw_w25q.o
    0x080179d8   0x00000046   Code   RO         7969    i.Wait376Interrupt  ch376.o
    0x08017a1e   0x00000100   Code   RO         6248    i.WinHmi_hit        hmi_windowns.o
    0x08017b1e   0x00000002   PAD
    0x08017b20   0x000001a8   Code   RO         6249    i.Win_CUR_move      hmi_windowns.o
    0x08017cc8   0x0000000c   Code   RO         6250    i.Win_content       hmi_windowns.o
    0x08017cd4   0x00000070   Code   RO         6251    i.Win_initSheet     hmi_windowns.o
    0x08017d44   0x0000010c   Code   RO         1756    i.Write_IIC         drive_iic.o
    0x08017e50   0x00000044   Code   RO         2245    i.Write_devSpi      dev_spi.o
    0x08017e94   0x00000046   Code   RO         2427    i.Write_dev_IIC     dev_iic.o
    0x08017eda   0x00000002   PAD
    0x08017edc   0x0000009c   Code   RO         1813    i.Write_spi         drive_spi.o
    0x08017f78   0x00000034   Code   RO         7554    i.Zero_shift_K_B    model_channel.o
    0x08017fac   0x0000001c   Code   RO        11933    i.__0fprintf$8      mc_w.l(printf8.o)
    0x08017fc8   0x00000028   Code   RO        11935    i.__0snprintf$8     mc_w.l(printf8.o)
    0x08017ff0   0x00000028   Code   RO        11936    i.__0sprintf$8      mc_w.l(printf8.o)
    0x08018018   0x00000008   Code   RO        12045    i.__aeabi_errno_addr  mc_w.l(errno.o)
    0x08018020   0x0000005c   Code   RO        11992    i.__free$realloc    mc_w.l(mallocr.o)
    0x0801807c   0x00000050   Code   RO        11993    i.__malloc$realloc  mc_w.l(mallocr.o)
    0x080180cc   0x0000000e   Code   RO        12105    i.__scatterload_copy  mc_w.l(handlers.o)
    0x080180da   0x00000002   Code   RO        12106    i.__scatterload_null  mc_w.l(handlers.o)
    0x080180dc   0x0000000e   Code   RO        12107    i.__scatterload_zeroinit  mc_w.l(handlers.o)
    0x080180ea   0x00000046   Code   RO        11556    i._init_box         RTX_CM3.lib(rt_membox.o)
    0x08018130   0x00000410   Code   RO        11941    i._printf_core      mc_w.l(printf8.o)
    0x08018540   0x00000024   Code   RO        11942    i._printf_post_padding  mc_w.l(printf8.o)
    0x08018564   0x0000002e   Code   RO        11943    i._printf_pre_padding  mc_w.l(printf8.o)
    0x08018592   0x00000016   Code   RO        11944    i._snputc           mc_w.l(printf8.o)
    0x080185a8   0x0000000a   Code   RO        11945    i._sputc            mc_w.l(printf8.o)
    0x080185b2   0x00000002   PAD
    0x080185b4   0x0000001c   Code   RO         5487    i.cmmHmi_ctor       hmi_comm.o
    0x080185d0   0x0000001a   Code   RO         5488    i.cmmHmi_new        hmi_comm.o
    0x080185ea   0x00000002   PAD
    0x080185ec   0x00000030   Code   RO        11609    i.dbg_init          RTX_CM3.lib(hal_cm.o)
    0x0801861c   0x00000020   Code   RO        11610    i.dbg_task_notify   RTX_CM3.lib(hal_cm.o)
    0x0801863c   0x00000010   Code   RO        11611    i.dbg_task_switch   RTX_CM3.lib(hal_cm.o)
    0x0801864c   0x0000000c   Code   RO         1470    i.delay_ms          rtx_depend.o
    0x08018658   0x00000034   Code   RO         2497    i.devGpio_ctor      device_gpio.o
    0x0801868c   0x0000001a   Code   RO         2498    i.devGpio_new       device_gpio.o
    0x080186a6   0x00000002   PAD
    0x080186a8   0x00000044   Code   RO         1638    i.driveGpio_ctor    drive_gpio.o
    0x080186ec   0x0000001a   Code   RO         1639    i.driveGpio_new     drive_gpio.o
    0x08018706   0x00000002   PAD
    0x08018708   0x00000068   Code   RO         1902    i.driveUart_ctor    drive_uart.o
    0x08018770   0x0000001a   Code   RO         1903    i.driveUart_new     drive_uart.o
    0x0801878a   0x00000002   PAD
    0x0801878c   0x00000024   Code   RO            9    i.fputc             main.o
    0x080187b0   0x00000054   Code   RO         1276    i.free_playloadbuf  ping_pongbuf.o
    0x08018804   0x00000008   Code   RO         1277    i.get_loadbuflen    ping_pongbuf.o
    0x0801880c   0x00000006   Code   RO         1278    i.get_playloadbuf   ping_pongbuf.o
    0x08018812   0x0000004a   Code   RO         1279    i.init_pingponfbuf  ping_pongbuf.o
    0x0801885c   0x00000050   Code   RO        11994    i.internal_alloc    mc_w.l(mallocr.o)
    0x080188ac   0x0000002a   Code   RO        10486    i.isrMessageGet     RTX_CM3.lib(rt_cmsis.o)
    0x080188d6   0x0000002c   Code   RO        10487    i.isrMessagePut     RTX_CM3.lib(rt_cmsis.o)
    0x08018902   0x00000028   Code   RO        10488    i.isrSemaphoreRelease  RTX_CM3.lib(rt_cmsis.o)
    0x0801892a   0x00000002   PAD
    0x0801892c   0x00000056   Code   RO        11402    i.isr_mbx_receive   RTX_CM3.lib(rt_mailbox.o)
    0x08018982   0x0000000e   Code   RO        11403    i.isr_mbx_send      RTX_CM3.lib(rt_mailbox.o)
    0x08018990   0x00000010   Code   RO        11450    i.isr_sem_send      RTX_CM3.lib(rt_semaphore.o)
    0x080189a0   0x00000044   Code   RO         5700    i.keyboardHMI_ctor  hmi_keyboard.o
    0x080189e4   0x0000001a   Code   RO         5701    i.keyboardHMI_new   hmi_keyboard.o
    0x080189fe   0x00000002   PAD
    0x08018a00   0x000000d4   Code   RO         7970    i.mInitCH376Host    ch376.o
    0x08018ad4   0x00000178   Code   RO           10    i.main              main.o
    0x08018c4c   0x0000004c   Code   RO         5967    i.menuHMI_ctor      hmi_menu.o
    0x08018c98   0x0000001a   Code   RO         5968    i.menuHMI_new       hmi_menu.o
    0x08018cb2   0x00000002   PAD
    0x08018cb4   0x00000018   Code   RO        10490    i.osDelay           RTX_CM3.lib(rt_cmsis.o)
    0x08018ccc   0x00000024   Code   RO        10491    i.osKernelInitialize  RTX_CM3.lib(rt_cmsis.o)
    0x08018cf0   0x0000006c   Code   RO        10493    i.osKernelStart     RTX_CM3.lib(rt_cmsis.o)
    0x08018d5c   0x00000018   Code   RO        10502    i.osMessageGet      RTX_CM3.lib(rt_cmsis.o)
    0x08018d74   0x0000002c   Code   RO        10512    i.osSemaphoreCreate  RTX_CM3.lib(rt_cmsis.o)
    0x08018da0   0x00000018   Code   RO        10514    i.osSemaphoreRelease  RTX_CM3.lib(rt_cmsis.o)
    0x08018db8   0x00000018   Code   RO        10515    i.osSemaphoreWait   RTX_CM3.lib(rt_cmsis.o)
    0x08018dd0   0x0000002c   Code   RO        10519    i.osThreadCreate    RTX_CM3.lib(rt_cmsis.o)
    0x08018dfc   0x00000018   Code   RO        10520    i.osThreadExit      RTX_CM3.lib(rt_cmsis.o)
    0x08018e14   0x00000018   Code   RO        10525    i.osThreadYield     RTX_CM3.lib(rt_cmsis.o)
    0x08018e2c   0x0000000c   Code   RO        10526    i.osTimerCall       RTX_CM3.lib(rt_cmsis.o)
    0x08018e38   0x0000002c   Code   RO        10527    i.osTimerCreate     RTX_CM3.lib(rt_cmsis.o)
    0x08018e64   0x00000018   Code   RO        10529    i.osTimerStart      RTX_CM3.lib(rt_cmsis.o)
    0x08018e7c   0x0000002c   Code   RO        10531    i.osTimerThread     RTX_CM3.lib(rt_cmsis.o)
    0x08018ea8   0x00000022   Code   RO         8478    i.os_error          rtx_conf_cm.o
    0x08018eca   0x00000004   Code   RO         8479    i.os_idle_demon     rtx_conf_cm.o
    0x08018ece   0x00000002   PAD
    0x08018ed0   0x00000028   Code   RO        11190    i.os_tick_init      RTX_CM3.lib(rt_system.o)
    0x08018ef8   0x00000002   Code   RO        11191    i.os_tick_irqack    RTX_CM3.lib(rt_system.o)
    0x08018efa   0x0000001a   Code   RO        11557    i.rt_alloc_box      RTX_CM3.lib(rt_membox.o)
    0x08018f14   0x0000003e   Code   RO        11585    i.rt_alloc_mem      RTX_CM3.lib(rt_memory.o)
    0x08018f52   0x00000002   PAD
    0x08018f54   0x00000038   Code   RO        11105    i.rt_block          RTX_CM3.lib(rt_task.o)
    0x08018f8c   0x00000048   Code   RO        11657    i.rt_chk_robin      RTX_CM3.lib(rt_robin.o)
    0x08018fd4   0x00000070   Code   RO        11326    i.rt_dec_dly        RTX_CM3.lib(rt_list.o)
    0x08019044   0x00000044   Code   RO        11106    i.rt_dispatch       RTX_CM3.lib(rt_task.o)
    0x08019088   0x00000006   Code   RO        11492    i.rt_dly_wait       RTX_CM3.lib(rt_time.o)
    0x0801908e   0x00000002   PAD
    0x08019090   0x00000050   Code   RO        11283    i.rt_evt_psh        RTX_CM3.lib(rt_event.o)
    0x080190e0   0x0000002c   Code   RO        11558    i.rt_free_box       RTX_CM3.lib(rt_membox.o)
    0x0801910c   0x00000028   Code   RO        11586    i.rt_free_mem       RTX_CM3.lib(rt_memory.o)
    0x08019134   0x00000028   Code   RO        11327    i.rt_get_first      RTX_CM3.lib(rt_list.o)
    0x0801915c   0x00000024   Code   RO        11328    i.rt_get_same_rdy_prio  RTX_CM3.lib(rt_list.o)
    0x08019180   0x00000008   Code   RO        10536    i.rt_id2obj         RTX_CM3.lib(rt_cmsis.o)
    0x08019188   0x00000048   Code   RO        11107    i.rt_init_context   RTX_CM3.lib(rt_task.o)
    0x080191d0   0x0000001a   Code   RO        11587    i.rt_init_mem       RTX_CM3.lib(rt_memory.o)
    0x080191ea   0x00000002   PAD
    0x080191ec   0x00000018   Code   RO        11658    i.rt_init_robin     RTX_CM3.lib(rt_robin.o)
    0x08019204   0x00000080   Code   RO        11612    i.rt_init_stack     RTX_CM3.lib(hal_cm.o)
    0x08019284   0x00000008   Code   RO        11404    i.rt_mbx_check      RTX_CM3.lib(rt_mailbox.o)
    0x0801928c   0x0000001a   Code   RO        11405    i.rt_mbx_init       RTX_CM3.lib(rt_mailbox.o)
    0x080192a6   0x00000002   PAD
    0x080192a8   0x000000f0   Code   RO        11406    i.rt_mbx_psh        RTX_CM3.lib(rt_mailbox.o)
    0x08019398   0x000000b4   Code   RO        11408    i.rt_mbx_wait       RTX_CM3.lib(rt_mailbox.o)
    0x0801944c   0x00000044   Code   RO        10537    i.rt_ms2tick        RTX_CM3.lib(rt_cmsis.o)
    0x08019490   0x0000007c   Code   RO        11194    i.rt_pop_req        RTX_CM3.lib(rt_system.o)
    0x0801950c   0x00000020   Code   RO        11195    i.rt_psh_req        RTX_CM3.lib(rt_system.o)
    0x0801952c   0x0000005c   Code   RO        11329    i.rt_psq_enq        RTX_CM3.lib(rt_list.o)
    0x08019588   0x00000048   Code   RO        11330    i.rt_put_dly        RTX_CM3.lib(rt_list.o)
    0x080195d0   0x00000036   Code   RO        11331    i.rt_put_prio       RTX_CM3.lib(rt_list.o)
    0x08019606   0x00000002   PAD
    0x08019608   0x00000014   Code   RO        11332    i.rt_put_rdy_first  RTX_CM3.lib(rt_list.o)
    0x0801961c   0x00000034   Code   RO        11333    i.rt_resort_prio    RTX_CM3.lib(rt_list.o)
    0x08019650   0x00000006   Code   RO        11613    i.rt_ret_val        RTX_CM3.lib(hal_cm.o)
    0x08019656   0x00000008   Code   RO        11614    i.rt_ret_val2       RTX_CM3.lib(hal_cm.o)
    0x0801965e   0x00000028   Code   RO        11334    i.rt_rmv_dly        RTX_CM3.lib(rt_list.o)
    0x08019686   0x00000002   PAD
    0x08019688   0x00000030   Code   RO        11335    i.rt_rmv_list       RTX_CM3.lib(rt_list.o)
    0x080196b8   0x0000000c   Code   RO        11452    i.rt_sem_init       RTX_CM3.lib(rt_semaphore.o)
    0x080196c4   0x00000034   Code   RO        11453    i.rt_sem_psh        RTX_CM3.lib(rt_semaphore.o)
    0x080196f8   0x0000002a   Code   RO        11454    i.rt_sem_send       RTX_CM3.lib(rt_semaphore.o)
    0x08019722   0x00000002   PAD
    0x08019724   0x00000040   Code   RO        11455    i.rt_sem_wait       RTX_CM3.lib(rt_semaphore.o)
    0x08019764   0x00000024   Code   RO        11197    i.rt_stk_check      RTX_CM3.lib(rt_system.o)
    0x08019788   0x00000028   Code   RO        11108    i.rt_switch_req     RTX_CM3.lib(rt_task.o)
    0x080197b0   0x000000cc   Code   RO        11109    i.rt_sys_init       RTX_CM3.lib(rt_task.o)
    0x0801987c   0x00000078   Code   RO        11110    i.rt_sys_start      RTX_CM3.lib(rt_task.o)
    0x080198f4   0x00000040   Code   RO        11199    i.rt_systick        RTX_CM3.lib(rt_system.o)
    0x08019934   0x00000012   Code   RO        10538    i.rt_tid2ptcb       RTX_CM3.lib(rt_cmsis.o)
    0x08019946   0x00000002   PAD
    0x08019948   0x00000034   Code   RO        10539    i.rt_timer_insert   RTX_CM3.lib(rt_cmsis.o)
    0x0801997c   0x0000003c   Code   RO        10540    i.rt_timer_remove   RTX_CM3.lib(rt_cmsis.o)
    0x080199b8   0x00000088   Code   RO        11111    i.rt_tsk_create     RTX_CM3.lib(rt_task.o)
    0x08019a40   0x0000017c   Code   RO        11112    i.rt_tsk_delete     RTX_CM3.lib(rt_task.o)
    0x08019bbc   0x00000030   Code   RO        11113    i.rt_tsk_pass       RTX_CM3.lib(rt_task.o)
    0x08019bec   0x0000007c   Code   RO        11114    i.rt_tsk_prio       RTX_CM3.lib(rt_task.o)
    0x08019c68   0x00000010   Code   RO        11115    i.rt_tsk_self       RTX_CM3.lib(rt_task.o)
    0x08019c78   0x00000050   Code   RO         1814    i.spi_read_word     drive_spi.o
    0x08019cc8   0x00000072   Code   RO         1815    i.spi_write_word    drive_spi.o
    0x08019d3a   0x00000012   Code   RO        10541    i.svcDelay          RTX_CM3.lib(rt_cmsis.o)
    0x08019d4c   0x00000070   Code   RO        10542    i.svcKernelInitialize  RTX_CM3.lib(rt_cmsis.o)
    0x08019dbc   0x00000048   Code   RO        10544    i.svcKernelStart    RTX_CM3.lib(rt_cmsis.o)
    0x08019e04   0x00000024   Code   RO        10547    i.svcMessageCreate  RTX_CM3.lib(rt_cmsis.o)
    0x08019e28   0x0000003a   Code   RO        10548    i.svcMessageGet     RTX_CM3.lib(rt_cmsis.o)
    0x08019e62   0x00000024   Code   RO        10555    i.svcSemaphoreCreate  RTX_CM3.lib(rt_cmsis.o)
    0x08019e86   0x00000028   Code   RO        10557    i.svcSemaphoreRelease  RTX_CM3.lib(rt_cmsis.o)
    0x08019eae   0x00000032   Code   RO        10558    i.svcSemaphoreWait  RTX_CM3.lib(rt_cmsis.o)
    0x08019ee0   0x0000006c   Code   RO        10562    i.svcThreadCreate   RTX_CM3.lib(rt_cmsis.o)
    0x08019f4c   0x0000001c   Code   RO        10563    i.svcThreadGetId    RTX_CM3.lib(rt_cmsis.o)
    0x08019f68   0x00000038   Code   RO        10566    i.svcThreadTerminate  RTX_CM3.lib(rt_cmsis.o)
    0x08019fa0   0x0000000a   Code   RO        10567    i.svcThreadYield    RTX_CM3.lib(rt_cmsis.o)
    0x08019faa   0x00000018   Code   RO        10568    i.svcTimerCall      RTX_CM3.lib(rt_cmsis.o)
    0x08019fc2   0x00000002   PAD
    0x08019fc4   0x00000038   Code   RO        10569    i.svcTimerCreate    RTX_CM3.lib(rt_cmsis.o)
    0x08019ffc   0x00000064   Code   RO        10571    i.svcTimerStart     RTX_CM3.lib(rt_cmsis.o)
    0x0801a060   0x00000050   Code   RO         1280    i.switch_receivebuf  ping_pongbuf.o
    0x0801a0b0   0x0000005c   Code   RO        10577    i.sysTimerTick      RTX_CM3.lib(rt_cmsis.o)
    0x0801a10c   0x00000002   Code   RO         2612    i.vDraw             glyph.o
    0x0801a10e   0x00000002   PAD
    0x0801a110   0x00000044   Code   RO         3319    i.w25q_Erase_Sector  hw_w25q.o
    0x0801a154   0x00000038   Code   RO         3320    i.w25q_Erase_block  hw_w25q.o
    0x0801a18c   0x0000001c   Code   RO         3322    i.w25q_Erase_chip_c7  hw_w25q.o
    0x0801a1a8   0x0000005c   Code   RO         3323    i.w25q_ReadSR       hw_w25q.o
    0x0801a204   0x0000009c   Code   RO         3324    i.w25q_Read_Sector_Data  hw_w25q.o
    0x0801a2a0   0x00000084   Code   RO         3325    i.w25q_Read_flash   hw_w25q.o
    0x0801a324   0x00000090   Code   RO         3326    i.w25q_Write        hw_w25q.o
    0x0801a3b4   0x00000058   Code   RO         3327    i.w25q_Write_Sector_Data  hw_w25q.o
    0x0801a40c   0x00000070   Code   RO         3328    i.w25q_info         hw_w25q.o
    0x0801a47c   0x000000cc   Code   RO         3329    i.w25q_init         hw_w25q.o
    0x0801a548   0x00000094   Code   RO         3330    i.w25q_rd_data      hw_w25q.o
    0x0801a5dc   0x00000078   Code   RO         3331    i.w25q_read_id      hw_w25q.o
    0x0801a654   0x00000040   Code   RO         3332    i.w25q_wr_enable    hw_w25q.o
    0x0801a694   0x0000004e   Code   RO         6252    i.winHmiHide        hmi_windowns.o
    0x0801a6e2   0x00000076   Code   RO         6253    i.winHmiShow        hmi_windowns.o
    0x0801a758   0x00000070   Code   RO         6254    i.winHmi_ClearFocuse  hmi_windowns.o
    0x0801a7c8   0x0000000e   Code   RO         6255    i.winHmi_InitFouse  hmi_windowns.o
    0x0801a7d6   0x00000074   Code   RO         6256    i.winHmi_ShowFocuse  hmi_windowns.o
    0x0801a84a   0x00000002   PAD
    0x0801a84c   0x0000004c   Code   RO         6257    i.winHmi_ctor       hmi_windowns.o
    0x0801a898   0x0000001a   Code   RO         6258    i.winHmi_new        hmi_windowns.o
    0x0801a8b2   0x00000002   PAD
    0x0801a8b4   0x00000024   Code   RO         7971    i.xWriteCH376Cmd    ch376.o
    0x0801a8d8   0x00000060   Code   RO         7972    i.xWriteCH376Data_u32  ch376.o
    0x0801a938   0x00000010   Data   RO           11    .constdata          main.o
    0x0801a948   0x00000034   Data   RO          360    .constdata          system.o
    0x0801a97c   0x00000010   Data   RO          491    .constdata          cmd_thread.o
    0x0801a98c   0x00000020   Data   RO          571    .constdata          modbus_app.o
    0x0801a9ac   0x00000004   Data   RO          928    .constdata          assert.o
    0x0801a9b0   0x00000004   Data   RO          974    .constdata          mem.o
    0x0801a9b4   0x00000040   Data   RO         1474    .constdata          rtx_depend.o
    0x0801a9f4   0x00000400   Data   RO         1600    .constdata          crc.o
    0x0801adf4   0x00000040   Data   RO         1641    .constdata          drive_gpio.o
    0x0801ae34   0x00000004   Data   RO         2848    .constdata          expression.o
    0x0801ae38   0x0000001e   Data   RO         3491    .constdata          keyboard.o
    0x0801ae56   0x00000002   PAD
    0x0801ae58   0x00000008   Data   RO         3651    .constdata          rtc_pcf8563.o
    0x0801ae60   0x00000026   Data   RO         3944    .constdata          phn_string.o
    0x0801ae86   0x00000002   PAD
    0x0801ae88   0x00000004   Data   RO         4074    .constdata          sheet.o
    0x0801ae8c   0x00000004   Data   RO         4373    .constdata          focus.o
    0x0801ae90   0x0000001f   Data   RO         4733    .constdata          component_progress_bar.o
    0x0801aeaf   0x00000001   PAD
    0x0801aeb0   0x00000044   Data   RO         4823    .constdata          hmi_striped_background.o
    0x0801aef4   0x000000a1   Data   RO         4962    .constdata          hmi_curve.o
    0x0801af95   0x00000028   Data   RO         5110    .constdata          component_curve.o
    0x0801afbd   0x000000a5   Data   RO         5317    .constdata          hmi_accumulate .o
    0x0801b062   0x00000002   PAD
    0x0801b064   0x00000058   Data   RO         5398    .constdata          hmi_bargraph.o
    0x0801b0bc   0x000000bd   Data   RO         5490    .constdata          hmi_comm.o
    0x0801b179   0x00000016   Data   RO         5594    .constdata          hmi_data.o
    0x0801b18f   0x00000179   Data   RO         5703    .constdata          hmi_keyboard.o
    0x0801b308   0x00000041   Data   RO         5857    .constdata          hmi_main.o
    0x0801b349   0x00000003   PAD
    0x0801b34c   0x00000034   Data   RO         5969    .constdata          hmi_menu.o
    0x0801b380   0x00000051   Data   RO         6058    .constdata          hmi_news_select.o
    0x0801b3d1   0x00000090   Data   RO         6146    .constdata          hmi_setup.o
    0x0801b461   0x000000a2   Data   RO         6259    .constdata          hmi_windowns.o
    0x0801b503   0x00000001   PAD
    0x0801b504   0x00000014   Data   RO         6566    .constdata          stg_news_alarm.o
    0x0801b518   0x00000014   Data   RO         6653    .constdata          stg_news_power.o
    0x0801b52c   0x00000018   Data   RO         6741    .constdata          stg_set_accumulate.o
    0x0801b544   0x00000028   Data   RO         6832    .constdata          stg_set_alarm.o
    0x0801b56c   0x0000002c   Data   RO         6998    .constdata          stg_set_channel.o
    0x0801b598   0x00000030   Data   RO         7099    .constdata          stg_set_databackup.o
    0x0801b5c8   0x0000003c   Data   RO         7298    .constdata          stg_set_system.o
    0x0801b604   0x00000004   Data   RO         7464    .constdata          model.o
    0x0801b608   0x00000046   Data   RO         7556    .constdata          model_channel.o
    0x0801b64e   0x0000000c   Data   RO         7748    .constdata          modeltime.o
    0x0801b65a   0x00000002   PAD
    0x0801b65c   0x00000008   Data   RO         7891    .constdata          ctltimer.o
    0x0801b664   0x00000004   Data   RO         8337    .constdata          easy_fs.o
    0x0801b668   0x00000068   Data   RO         8481    .constdata          rtx_conf_cm.o
    0x0801b6d0   0x00000081   Data   RO        12070    .constdata          mc_w.l(ctype_o.o)
    0x0801b751   0x00000003   PAD
    0x0801b754   0x00000004   Data   RO        12071    .constdata          mc_w.l(ctype_o.o)
    0x0801b758   0x00000030   Data   RO          886    .conststring        marco.o
    0x0801b788   0x00000011   Data   RO          929    .conststring        assert.o
    0x0801b799   0x00000003   PAD
    0x0801b79c   0x00000012   Data   RO          975    .conststring        mem.o
    0x0801b7ae   0x00000002   PAD
    0x0801b7b0   0x0000000d   Data   RO         2849    .conststring        expression.o
    0x0801b7bd   0x00000003   PAD
    0x0801b7c0   0x000000e3   Data   RO         3945    .conststring        phn_string.o
    0x0801b8a3   0x00000001   PAD
    0x0801b8a4   0x00000013   Data   RO         4075    .conststring        sheet.o
    0x0801b8b7   0x00000001   PAD
    0x0801b8b8   0x0000014f   Data   RO         4300    .conststring        component_button.o
    0x0801ba07   0x00000001   PAD
    0x0801ba08   0x00000008   Data   RO         4374    .conststring        focus.o
    0x0801ba10   0x00000083   Data   RO         4824    .conststring        hmi_striped_background.o
    0x0801ba93   0x00000001   PAD
    0x0801ba94   0x00000053   Data   RO         5251    .conststring        component_tips.o
    0x0801bae7   0x00000001   PAD
    0x0801bae8   0x00000015   Data   RO         6567    .conststring        stg_news_alarm.o
    0x0801bafd   0x00000003   PAD
    0x0801bb00   0x00000019   Data   RO         6654    .conststring        stg_news_power.o
    0x0801bb19   0x00000003   PAD
    0x0801bb1c   0x0000003d   Data   RO         6742    .conststring        stg_set_accumulate.o
    0x0801bb59   0x00000003   PAD
    0x0801bb5c   0x00000049   Data   RO         6833    .conststring        stg_set_alarm.o
    0x0801bba5   0x00000003   PAD
    0x0801bba8   0x00000073   Data   RO         6999    .conststring        stg_set_channel.o
    0x0801bc1b   0x00000001   PAD
    0x0801bc1c   0x00000061   Data   RO         7100    .conststring        stg_set_databackup.o
    0x0801bc7d   0x00000003   PAD
    0x0801bc80   0x000000b9   Data   RO         7299    .conststring        stg_set_system.o
    0x0801bd39   0x00000003   PAD
    0x0801bd3c   0x0000000b   Data   RO         7465    .conststring        model.o
    0x0801bd47   0x00000001   PAD
    0x0801bd48   0x00000020   Data   RO        12103    Region$$Table       anon$$obj.o


    Execution Region RW_IRAM1 (Base: 0x20000000, Size: 0x0000b2b8, Max: 0x0000c000, ABSOLUTE, COMPRESSED[0x00000400])

    Base Addr    Size         Type   Attr      Idx    E Section Name        Object

    0x20000000   0x00000008   Data   RW           12    .data               main.o
    0x20000008   0x00000008   Data   RW          361    .data               system.o
    0x20000010   0x00000004   Data   RW          492    .data               cmd_thread.o
    0x20000014   0x00000026   Data   RW          572    .data               modbus_app.o
    0x2000003a   0x00000002   PAD
    0x2000003c   0x00000158   Data   RW          752    .data               hardwareconfig.o
    0x20000194   0x00000030   Data   RW          887    .data               marco.o
    0x200001c4   0x00000004   Data   RW          948    .data               except.o
    0x200001c8   0x000000c4   Data   RW         1475    .data               rtx_depend.o
    0x2000028c   0x00000008   Data   RW         1757    .data               drive_iic.o
    0x20000294   0x00000040   Data   RW         2326    .data               dev_lcdusartgpu.o
    0x200002d4   0x00000008   Data   RW         2428    .data               dev_iic.o
    0x200002dc   0x00000040   Data   RW         2500    .data               device_gpio.o
    0x2000031c   0x00000004   Data   RW         2563    .data               gh_none.o
    0x20000320   0x00000004   Data   RW         2739    .data               gh_txt.o
    0x20000324   0x00000004   Data   RW         2777    .data               gh_pic.o
    0x20000328   0x00000004   Data   RW         2811    .data               gh_rectangle.o
    0x2000032c   0x00000004   Data   RW         2895    .data               txtexpr.o
    0x20000330   0x00000004   Data   RW         3029    .data               ntbutton.o
    0x20000334   0x00000004   Data   RW         3080    .data               ntinput.o
    0x20000338   0x00000004   Data   RW         3126    .data               geometricsexpr.o
    0x2000033c   0x00000004   Data   RW         3169    .data               picexpr.o
    0x20000340   0x00000004   Data   RW         3222    .data               fm25.o
    0x20000344   0x00000004   Data   RW         3334    .data               hw_w25q.o
    0x20000348   0x00000004   Data   RW         3492    .data               keyboard.o
    0x2000034c   0x00000004   Data   RW         3652    .data               rtc_pcf8563.o
    0x20000350   0x00000004   Data   RW         3729    .data               storage.o
    0x20000354   0x0000000c   Data   RW         3847    .data               times.o
    0x20000360   0x000000a4   Data   RW         3946    .data               phn_string.o
    0x20000404   0x00000004   Data   RW         4076    .data               sheet.o
    0x20000408   0x00000018   Data   RW         4301    .data               component_button.o
    0x20000420   0x0000000c   Data   RW         4521    .data               hmi.o
    0x2000042c   0x0000000c   Data   RW         4734    .data               component_progress_bar.o
    0x20000438   0x00000064   Data   RW         4825    .data               hmi_striped_background.o
    0x2000049c   0x00000014   Data   RW         4963    .data               hmi_curve.o
    0x200004b0   0x0000000c   Data   RW         5111    .data               component_curve.o
    0x200004bc   0x00000010   Data   RW         5252    .data               component_tips.o
    0x200004cc   0x00000008   Data   RW         5318    .data               hmi_accumulate .o
    0x200004d4   0x00000008   Data   RW         5399    .data               hmi_bargraph.o
    0x200004dc   0x00000024   Data   RW         5491    .data               hmi_comm.o
    0x20000500   0x00000008   Data   RW         5595    .data               hmi_data.o
    0x20000508   0x00000043   Data   RW         5704    .data               hmi_keyboard.o
    0x2000054b   0x00000001   PAD
    0x2000054c   0x00000008   Data   RW         5858    .data               hmi_main.o
    0x20000554   0x00000028   Data   RW         5970    .data               hmi_menu.o
    0x2000057c   0x00000008   Data   RW         6059    .data               hmi_news_select.o
    0x20000584   0x00000004   Data   RW         6147    .data               hmi_setup.o
    0x20000588   0x0000000c   Data   RW         6260    .data               hmi_windowns.o
    0x20000594   0x00000038   Data   RW         6400    .data               stg_acc_day.o
    0x200005cc   0x00000038   Data   RW         6481    .data               stg_acc_month.o
    0x20000604   0x00000038   Data   RW         6568    .data               stg_news_alarm.o
    0x2000063c   0x00000038   Data   RW         6655    .data               stg_news_power.o
    0x20000674   0x00000039   Data   RW         6743    .data               stg_set_accumulate.o
    0x200006ad   0x00000003   PAD
    0x200006b0   0x00000038   Data   RW         6834    .data               stg_set_alarm.o
    0x200006e8   0x00000038   Data   RW         7000    .data               stg_set_channel.o
    0x20000720   0x00000040   Data   RW         7101    .data               stg_set_databackup.o
    0x20000760   0x0000003c   Data   RW         7300    .data               stg_set_system.o
    0x2000079c   0x00000004   Data   RW         7832    .data               ctlkey.o
    0x200007a0   0x0000000c   Data   RW         7892    .data               ctltimer.o
    0x200007ac   0x0000000c   Data   RW         7974    .data               ch376.o
    0x200007b8   0x00000010   Data   RW         8176    .data               usb.o
    0x200007c8   0x00000010   Data   RW         8482    .data               rtx_conf_cm.o
    0x200007d8   0x00000014   Data   RW         9398    .data               stm32f10x_rcc.o
    0x200007ec   0x00000008   Data   RW        10580    .data               RTX_CM3.lib(rt_cmsis.o)
    0x200007f4   0x00000008   Data   RW        11117    .data               RTX_CM3.lib(rt_task.o)
    0x200007fc   0x00000008   Data   RW        11202    .data               RTX_CM3.lib(rt_system.o)
    0x20000804   0x00000004   Data   RW        11496    .data               RTX_CM3.lib(rt_time.o)
    0x20000808   0x00000001   Data   RW        11615    .data               RTX_CM3.lib(hal_cm.o)
    0x20000809   0x00000003   PAD
    0x2000080c   0x00000008   Data   RW        11659    .data               RTX_CM3.lib(rt_robin.o)
    0x20000814   0x00000004   Data   RW        11696    .data               mc_w.l(stderr.o)
    0x20000818   0x00000004   Data   RW        12043    .data               mc_w.l(mvars.o)
    0x2000081c   0x00000004   Data   RW        12044    .data               mc_w.l(mvars.o)
    0x20000820   0x00000004   Data   RW        12048    .data               mc_w.l(errno.o)
    0x20000824   0x00000118   Zero   RW          359    .bss                system.o
    0x2000093c   0x00000070   Zero   RW          490    .bss                cmd_thread.o
    0x200009ac   0x00000684   Zero   RW          683    .bss                channel_accumulated.o
    0x20001030   0x00000040   Zero   RW         1640    .bss                drive_gpio.o
    0x20001070   0x00000010   Zero   RW         1904    .bss                drive_uart.o
    0x20001080   0x00000010   Zero   RW         2145    .bss                dev_uart.o
    0x20001090   0x0000000c   Zero   RW         2246    .bss                dev_spi.o
    0x2000109c   0x00000040   Zero   RW         2325    .bss                dev_lcdusartgpu.o
    0x200010dc   0x00000020   Zero   RW         2499    .bss                device_gpio.o
    0x200010fc   0x00000060   Zero   RW         2847    .bss                expression.o
    0x2000115c   0x00000020   Zero   RW         3333    .bss                hw_w25q.o
    0x2000117c   0x0000004c   Zero   RW         3846    .bss                times.o
    0x200011c8   0x00001c08   Zero   RW         4073    .bss                sheet.o
    0x20002dd0   0x00000010   Zero   RW         4299    .bss                component_button.o
    0x20002de0   0x00000074   Zero   RW         4372    .bss                focus.o
    0x20002e54   0x00000020   Zero   RW         4518    .bss                hmi.o
    0x20002e74   0x00000070   Zero   RW         4732    .bss                component_progress_bar.o
    0x20002ee4   0x00000034   Zero   RW         4961    .bss                hmi_curve.o
    0x20002f18   0x00000015   Zero   RW         5250    .bss                component_tips.o
    0x20002f2d   0x00000003   PAD
    0x20002f30   0x00000624   Zero   RW         5489    .bss                hmi_comm.o
    0x20003554   0x00000064   Zero   RW         5702    .bss                hmi_keyboard.o
    0x200035b8   0x00000018   Zero   RW         7555    .bss                model_channel.o
    0x200035d0   0x00000010   Zero   RW         7714    .bss                modelfactory.o
    0x200035e0   0x00000010   Zero   RW         7747    .bss                modeltime.o
    0x200035f0   0x00000018   Zero   RW         7890    .bss                ctltimer.o
    0x20003608   0x00000040   Zero   RW         7973    .bss                ch376.o
    0x20003648   0x00000034   Zero   RW         8175    .bss                usb.o
    0x2000367c   0x000001a8   Zero   RW         8336    .bss                easy_fs.o
    0x20003824   0x00000004   PAD
    0x20003828   0x0000122c   Zero   RW         8480    .bss                rtx_conf_cm.o
    0x20004a54   0x00000034   Zero   RW        11116    .bss                RTX_CM3.lib(rt_task.o)
    0x20004a88   0x00000030   Zero   RW        11336    .bss                RTX_CM3.lib(rt_list.o)
    0x20004ab8   0x00006000   Zero   RW         8513    HEAP                startup_stm32f10x_hd.o
    0x2000aab8   0x00000800   Zero   RW         8512    STACK               startup_stm32f10x_hd.o


==============================================================================

Image component sizes


      Code (inc. data)   RO Data    RW Data    ZI Data      Debug   Object Name

         0          0         21          0          0       1867   assert.o
       108          0          0          0          0       3086   bit.o
      2280        198          0         12         64      25929   ch376.o
      1748         32          0          0       1668       8327   channel_accumulated.o
         0          0          0          0          0      14880   chninfopic.o
       464         40         16          4        112       8817   cmd_thread.o
      1298        150        335         24         16       6213   component_button.o
      3552        202         40         12          0      16763   component_curve.o
      1878        114         31         12        112       7189   component_progress_bar.o
       526         88         83         16         21       4821   component_tips.o
         2          0          0          0          0        918   controller.o
        60          8       1024          0          0       1346   crc.o
       316         22          0          4          0       5772   ctlkey.o
       554         88          8         12         24       4347   ctltimer.o
       162          0          0          0          0       3308   cycqueue.o
       108          0          0          0          0       1243   dev_char.o
       376         36          0          8          0       6507   dev_iic.o
        44          6          0          0          0       1078   dev_lcd.o
      1802        406          0         64         64      12032   dev_lcdusartgpu.o
       332         46          0          0         12       6242   dev_spi.o
      1112        114          0          0         16      10249   dev_uart.o
       116          0          0          0          0       2110   device.o
       378         40          0         64         32       6635   device_gpio.o
       838         90         64          0         64      11047   drive_gpio.o
       856         56          0          8          0       4282   drive_iic.o
       802         50          0          0          0       6450   drive_spi.o
      2276        138          0          0         16      18307   drive_uart.o
      4152        324          4          0        424      18471   easy_fs.o
       248        118          0          4          0       2578   except.o
       264         88          0          0          0       2316   expfactory.o
       554         68         17          0         96       3177   expression.o
       702         88          0          4          0       6874   fm25.o
       668         56         12          0        116       7178   focus.o
       824          4          0          0          0       3495   format.o
       202         20          0          4          0       3041   geometricsexpr.o
        74          4          0          4          0       3640   gh_none.o
       258         12          0          4          0       3069   gh_pic.o
       370         12          0          4          0       3291   gh_rectangle.o
       246         20          0          4          0       3609   gh_txt.o
       800        172          0          0          0       7916   glyph.o
         0          0          0        344          0       5350   hardwareconfig.o
      1590        146          0         12         32      16792   hmi.o
      1124        166        165          8          0       6577   hmi_accumulate .o
      1422        176         88          8          0       8335   hmi_bargraph.o
       686        102        189         36       1572       9083   hmi_comm.o
      3608        344        161         20         52      15759   hmi_curve.o
      1164        140         22          8          0       8691   hmi_data.o
      2538        232        377         67        100      17194   hmi_keyboard.o
      1494        188         65          8          0      10851   hmi_main.o
       800         78         52         40          0       7529   hmi_menu.o
       730        108         81          8          0       7157   hmi_news_select.o
      1750        210        144          4          0      10237   hmi_setup.o
      3060        224        199        100          0      15154   hmi_striped_background.o
      2410        194        162         12          0      14699   hmi_windowns.o
       134         16          0          0          0        597   hmifactory.o
      2938        238          0          4         32      17810   hw_w25q.o
       392         16          0          0          0        753   intrinit.o
      1018         52         30          4          0       8919   keyboard.o
         0          0          0          0          0        564   list.o
       514         38         16          8          0     315923   main.o
       244         54         48         48          0       2972   marco.o
       228         76         22          0          0       1538   mem.o
       152         30          0          0          0       2261   misc.o
      2140        190         32         38          0      13062   modbus_app.o
       718          0          0          0          0       3672   modbusrtu_cli.o
       264         36         15          0          0       6786   model.o
      5558        310         70          0         24      26264   model_channel.o
       272         92          0          0         16       1254   modelfactory.o
       630        104         12          0         16       7524   modeltime.o
        94          0          0          0          0        483   mysystemclock.o
       356         14          0          4          0       4109   ntbutton.o
       322         26          0          4          0       2894   ntinput.o
      3376        572        265        164          0      11939   phn_string.o
       298         36          0          4          0       3459   picexpr.o
       252          0          0          0          0       4029   ping_pongbuf.o
       824         20          0          0          0        999   pinmux.o
       118          6          0          0          0        976   power.o
       494          6          0          0          0       4057   reader.o
       128         22          0          0          0       4377   rtc.o
      1218         44          8          4          0       5769   rtc_pcf8563.o
        62          6        104         16       4652       7572   rtx_conf_cm.o
      1384        314         64        196          0       7496   rtx_depend.o
       822         38         23          4       7176       6653   sheet.o
      1726         54          0          0          0      19023   smart_bus.o
        36          8        304          0      26624        812   startup_stm32f10x_hd.o
       698         92          0         56          0       6527   stg_acc_day.o
       786        112          0         56          0       7137   stg_acc_month.o
       898        142         41         56          0       7051   stg_news_alarm.o
       606         86         45         56          0       6791   stg_news_power.o
      1234        212         85         57          0       8197   stg_set_accumulate.o
       702         98        113         56          0       7139   stg_set_alarm.o
      1312        168        159         56          0       8353   stg_set_channel.o
      2372        456        145         64          0      12042   stg_set_databackup.o
      1674        248        245         60          0       8565   stg_set_system.o
       514         26          0          0          0       5984   stm32f10x_dma.o
       252         26          0          0          0       3344   stm32f10x_exti.o
       512         10          0          0          0       5364   stm32f10x_gpio.o
       548         20          0          0          0       9206   stm32f10x_i2c.o
        36         12          0          0          0       1106   stm32f10x_pwr.o
       372         50          0         20          0       6420   stm32f10x_rcc.o
       168          0          0          0          0       5354   stm32f10x_spi.o
        40          0          0          0          0       1890   stm32f10x_tim.o
       634         28          0          0          0       8281   stm32f10x_usart.o
      2880        286          0          4          0      16235   storage.o
      1368        100         52          8        280      13759   system.o
       328         28          0          0          0       1973   system_stm32f10x.o
       144          8          0         12         76       2227   times.o
       290         20          0          4          0       4526   txtexpr.o
      1270         82          0         16         52      10729   usb.o

    ----------------------------------------------------------------------
    100306       9946       5336       2028      43568    1084574   Object Totals
         0          0         32          0          0          0   (incl. Generated)
       230          0         46          6          7          0   (incl. Padding)

    ----------------------------------------------------------------------

      Code (inc. data)   RO Data    RW Data    ZI Data      Debug   Library Member Name

       238         24          0          1          0       3312   hal_cm.o
       304         36          0          0          0        768   hal_cm3.o
      1728        194          0          8          0      42010   rt_cmsis.o
        80          4          0          0          0        661   rt_event.o
       566         44          0          0         48       8792   rt_list.o
       554         10          0          0          0       3949   rt_mailbox.o
       140          0          0          0          0       1925   rt_membox.o
       128          0          0          0          0       2307   rt_memory.o
        96         22          0          8          0       1158   rt_robin.o
       186         10          0          0          0       2902   rt_semaphore.o
       298         52          0          8          0       6223   rt_system.o
      1264        184          0          8         52      10147   rt_task.o
         6          0          0          4          0        652   rt_time.o
         4          4          0          0          0        208   svc_table.o
        86          0          0          0          0          0   __dczerorl2.o
        28          0          0          0          0         68   _chval.o
       158          0          0          0          0         92   _strtoul.o
        26          0          0          0          0         80   atoi.o
        28          0          0          0          0         76   calloc.o
         8          4        133          0          0         68   ctype_o.o
         0          0          0          0          0          0   entry.o
         0          0          0          0          0          0   entry10a.o
         0          0          0          0          0          0   entry11a.o
         8          4          0          0          0          0   entry2.o
         4          0          0          0          0          0   entry5.o
         0          0          0          0          0          0   entry7b.o
         0          0          0          0          0          0   entry8b.o
         8          4          0          4          0         68   errno.o
        30          0          0          0          0          0   handlers.o
        36          8          0          0          0         68   init.o
        30          0          0          0          0         68   llshl.o
        32          0          0          0          0         68   llushr.o
       252         24          0          0          0        252   mallocr.o
        36          0          0          0          0         68   memcpya.o
        36          0          0          0          0        108   memseta.o
         0          0          0          8          0          0   mvars.o
      1262         60          0          0          0        656   printf8.o
         0          0          0          4          0          0   stderr.o
        42          0          0          0          0         84   strcasecmp.o
        24          0          0          0          0         68   strcat.o
        20          0          0          0          0         68   strchr.o
        28          0          0          0          0         76   strcmp.o
        18          0          0          0          0         68   strcpy.o
        34          0          0          0          0         80   strcspn.o
        14          0          0          0          0         68   strlen.o
        40          0          0          0          0         76   strncat.o
        24          0          0          0          0         76   strncpy.o
        36          0          0          0          0         80   strstr.o
       112          0          0          0          0         88   strtol.o
        12          0          0          0          0         68   tolower.o
        98          0          0          0          0         92   uldiv.o
        62          0          0          0          0         96   setjmp.o

    ----------------------------------------------------------------------
      8246        688        136         56        100      87842   Library Totals
        22          0          3          3          0          0   (incl. Padding)

    ----------------------------------------------------------------------

      Code (inc. data)   RO Data    RW Data    ZI Data      Debug   Library Name

      5592        584          0         37        100      85014   RTX_CM3.lib
      2570        104        133         16          0       2732   mc_w.l
        62          0          0          0          0         96   mf_w.l

    ----------------------------------------------------------------------
      8246        688        136         56        100      87842   Library Totals

    ----------------------------------------------------------------------

==============================================================================


      Code (inc. data)   RO Data    RW Data    ZI Data      Debug   

    108552      10634       5472       2084      43668    1114408   Grand Totals
    108552      10634       5472       1024      43668    1114408   ELF Image Totals (compressed)
    108552      10634       5472       1024          0          0   ROM Totals

==============================================================================

    Total RO  Size (Code + RO Data)               114024 ( 111.35kB)
    Total RW  Size (RW Data + ZI Data)             45752 (  44.68kB)
    Total ROM Size (Code + RO Data + RW Data)     115048 ( 112.35kB)

==============================================================================

