Component: ARM Compiler 5.05 update 1 (build 106) Tool: armlink [4d0efa]

==============================================================================

Section Cross References

    main.o(i.fgetc) refers to stm32f10x_usart.o(i.USART_GetFlagStatus) for USART_GetFlagStatus
    main.o(i.fgetc) refers to stm32f10x_usart.o(i.USART_ReceiveData) for USART_ReceiveData
    main.o(i.fputc) refers to stm32f10x_usart.o(i.USART_SendData) for USART_SendData
    main.o(i.fputc) refers to stm32f10x_usart.o(i.USART_GetFlagStatus) for USART_GetFlagStatus
    main.o(i.main) refers to rt_cmsis.o(i.osKernelInitialize) for osKernelInitialize
    main.o(i.main) refers to mysystemclock.o(i.OpenPrpClock) for OpenPrpClock
    main.o(i.main) refers to pinmux.o(i.Pin_init) for Pin_init
    main.o(i.main) refers to intrinit.o(i.NVIC_Configuration) for NVIC_Configuration
    main.o(i.main) refers to stm32f10x_usart.o(i.USART_Init) for USART_Init
    main.o(i.main) refers to stm32f10x_usart.o(i.USART_Cmd) for USART_Cmd
    main.o(i.main) refers to marco.o(i.GetCompileDay) for GetCompileDay
    main.o(i.main) refers to marco.o(i.GetCompileMoth) for GetCompileMoth
    main.o(i.main) refers to printf5.o(i.__0printf$5) for __2printf
    main.o(i.main) refers to nokia_5110.o(i.LCD_init) for LCD_init
    main.o(i.main) refers to nokia_5110.o(i.LCD_clear) for LCD_clear
    main.o(i.main) refers to printf5.o(i.__0sprintf$5) for __2sprintf
    main.o(i.main) refers to nokia_5110.o(i.LCD_write_english_string) for LCD_write_english_string
    main.o(i.main) refers to glyph.o(i.View_init) for View_init
    main.o(i.main) refers to glyph.o(i.View_test) for View_test
    main.o(i.main) refers to rt_cmsis.o(i.osKernelStart) for osKernelStart
    main.o(i.main) refers to main.o(.data) for g_childVer
    main.o(i.main) refers to main.o(.bss) for appBuf
    semaphore.o(i.Init_Semaphore) refers to rt_cmsis.o(i.osSemaphoreCreate) for osSemaphoreCreate
    semaphore.o(i.Init_Semaphore) refers to rt_cmsis.o(i.osThreadCreate) for osThreadCreate
    semaphore.o(i.Init_Semaphore) refers to semaphore.o(.constdata) for os_semaphore_def_SampleSemaphore
    semaphore.o(i.Init_Semaphore) refers to semaphore.o(.data) for sid_Thread_Semaphore
    semaphore.o(i.Thread_Semaphore) refers to rt_cmsis.o(i.osSemaphoreWait) for osSemaphoreWait
    semaphore.o(i.Thread_Semaphore) refers to rt_cmsis.o(i.osSemaphoreRelease) for osSemaphoreRelease
    semaphore.o(i.Thread_Semaphore) refers to rt_cmsis.o(i.osThreadYield) for osThreadYield
    semaphore.o(i.Thread_Semaphore) refers to semaphore.o(.data) for sid_Thread_Semaphore
    semaphore.o(.constdata) refers to semaphore.o(i.Thread_Semaphore) for Thread_Semaphore
    semaphore.o(.constdata) refers to semaphore.o(.data) for os_semaphore_cb_SampleSemaphore
    pinmux.o(i.Pin_init) refers to stm32f10x_gpio.o(i.GPIO_Init) for GPIO_Init
    mysystemclock.o(i.OpenPrpClock) refers to stm32f10x_rcc.o(i.RCC_APB2PeriphClockCmd) for RCC_APB2PeriphClockCmd
    mysystemclock.o(i.OpenPrpClock) refers to stm32f10x_rcc.o(i.RCC_APB1PeriphClockCmd) for RCC_APB1PeriphClockCmd
    mysystemclock.o(i.OpenPrpClock) refers to stm32f10x_rcc.o(i.RCC_AHBPeriphClockCmd) for RCC_AHBPeriphClockCmd
    intrinit.o(i.NVIC_Configuration) refers to misc.o(i.NVIC_SetVectorTable) for NVIC_SetVectorTable
    intrinit.o(i.NVIC_Configuration) refers to misc.o(i.NVIC_PriorityGroupConfig) for NVIC_PriorityGroupConfig
    intrinit.o(i.NVIC_Configuration) refers to misc.o(i.NVIC_Init) for NVIC_Init
    intrinit.o(i.NVIC_Configuration) refers to hardwareconfig.o(.data) for g_confUart2
    marco.o(i.GetCompileDay) refers to atoi.o(.text) for atoi
    marco.o(i.GetCompileMoth) refers to strcmp.o(.text) for strcmp
    marco.o(i.GetCompileMoth) refers to marco.o(.data) for months
    marco.o(i.getCompileDate) refers to atoi.o(.text) for atoi
    marco.o(i.getCompileDate) refers to strcmp.o(.text) for strcmp
    marco.o(i.getCompileDate) refers to memcpya.o(.text) for __aeabi_memcpy
    marco.o(i.getCompileDate) refers to marco.o(.data) for months
    marco.o(.data) refers to marco.o(.conststring) for .conststring
    ping_pongbuf.o(i.free_playloadbuf) refers to memseta.o(.text) for __aeabi_memclr
    nokia_5110.o(i.LCD_clear) refers to nokia_5110.o(i.LCD_write_byte) for LCD_write_byte
    nokia_5110.o(i.LCD_draw_bmp_pixel) refers to nokia_5110.o(i.LCD_set_XY) for LCD_set_XY
    nokia_5110.o(i.LCD_draw_bmp_pixel) refers to nokia_5110.o(i.LCD_write_byte) for LCD_write_byte
    nokia_5110.o(i.LCD_init) refers to nokia_5110.o(i.LcdPinmux) for LcdPinmux
    nokia_5110.o(i.LCD_init) refers to stm32f10x_gpio.o(i.GPIO_ResetBits) for GPIO_ResetBits
    nokia_5110.o(i.LCD_init) refers to nokia_5110.o(i.delay_1u) for delay_1u
    nokia_5110.o(i.LCD_init) refers to stm32f10x_gpio.o(i.GPIO_SetBits) for GPIO_SetBits
    nokia_5110.o(i.LCD_init) refers to nokia_5110.o(i.LCD_write_byte) for LCD_write_byte
    nokia_5110.o(i.LCD_init) refers to nokia_5110.o(i.LCD_clear) for LCD_clear
[...]
    i.SystemInit                             0x08001570   Section        0  system_stm32f10x.o(i.SystemInit)
    i.TestViewShow                           0x080015d0   Section        0  testglyph.o(i.TestViewShow)
    i.USART2_IRQHandler                      0x0800166c   Section        0  drive_uart.o(i.USART2_IRQHandler)
    i.USART_Cmd                              0x08001704   Section        0  stm32f10x_usart.o(i.USART_Cmd)
    i.USART_DMACmd                           0x0800171c   Section        0  stm32f10x_usart.o(i.USART_DMACmd)
    i.USART_DeInit                           0x08001730   Section        0  stm32f10x_usart.o(i.USART_DeInit)
    i.USART_GetFlagStatus                    0x080017cc   Section        0  stm32f10x_usart.o(i.USART_GetFlagStatus)
    i.USART_GetITStatus                      0x080017e6   Section        0  stm32f10x_usart.o(i.USART_GetITStatus)
    i.USART_ITConfig                         0x0800183a   Section        0  stm32f10x_usart.o(i.USART_ITConfig)
    i.USART_Init                             0x08001884   Section        0  stm32f10x_usart.o(i.USART_Init)
    i.USART_ReceiveData                      0x0800195c   Section        0  stm32f10x_usart.o(i.USART_ReceiveData)
    i.USART_SendData                         0x08001966   Section        0  stm32f10x_usart.o(i.USART_SendData)
    i.Uart2LedRxHdl                          0x0800196e   Section        0  dev_uart2.o(i.Uart2LedRxHdl)
    Uart2LedRxHdl                            0x0800196f   Thumb Code     2  dev_uart2.o(i.Uart2LedRxHdl)
    i.Uart2LedTxHdl                          0x08001970   Section        0  dev_uart2.o(i.Uart2LedTxHdl)
    Uart2LedTxHdl                            0x08001971   Thumb Code     2  dev_uart2.o(i.Uart2LedTxHdl)
    i.Uart2PostRxSem                         0x08001974   Section        0  dev_uart2.o(i.Uart2PostRxSem)
    Uart2PostRxSem                           0x08001975   Thumb Code    12  dev_uart2.o(i.Uart2PostRxSem)
    i.Uart2PostTxSem                         0x08001984   Section        0  dev_uart2.o(i.Uart2PostTxSem)
    Uart2PostTxSem                           0x08001985   Thumb Code    12  dev_uart2.o(i.Uart2PostTxSem)
    i.Uart2WaitRxSem                         0x08001994   Section        0  dev_uart2.o(i.Uart2WaitRxSem)
    Uart2WaitRxSem                           0x08001995   Thumb Code    16  dev_uart2.o(i.Uart2WaitRxSem)
    i.Uart2WaitTxSem                         0x080019a8   Section        0  dev_uart2.o(i.Uart2WaitTxSem)
    Uart2WaitTxSem                           0x080019a9   Thumb Code    16  dev_uart2.o(i.Uart2WaitTxSem)
    i.UartDeInit                             0x080019bc   Section        0  drive_uart.o(i.UartDeInit)
    UartDeInit                               0x080019bd   Thumb Code    50  drive_uart.o(i.UartDeInit)
    i.UartDma_Init                           0x080019ee   Section        0  drive_uart.o(i.UartDma_Init)
    UartDma_Init                             0x080019ef   Thumb Code   204  drive_uart.o(i.UartDma_Init)
    i.UartGiveBackPlayloadBuf                0x08001aba   Section        0  drive_uart.o(i.UartGiveBackPlayloadBuf)
    i.UartInit                               0x08001acc   Section        0  drive_uart.o(i.UartInit)
    UartInit                                 0x08001acd   Thumb Code   166  drive_uart.o(i.UartInit)
    i.UartIoctol                             0x08001b78   Section        0  drive_uart.o(i.UartIoctol)
    UartIoctol                               0x08001b79   Thumb Code    94  drive_uart.o(i.UartIoctol)
    i.UartRead                               0x08001bd6   Section        0  drive_uart.o(i.UartRead)
    UartRead                                 0x08001bd7   Thumb Code   110  drive_uart.o(i.UartRead)
    i.UartSetIdp                             0x08001c44   Section        0  drive_uart.o(i.UartSetIdp)
    UartSetIdp                               0x08001c45   Thumb Code    12  drive_uart.o(i.UartSetIdp)
    i.UartSetLedHdl                          0x08001c50   Section        0  drive_uart.o(i.UartSetLedHdl)
    UartSetLedHdl                            0x08001c51   Thumb Code    12  drive_uart.o(i.UartSetLedHdl)
    i.UartSetPostSem                         0x08001c5c   Section        0  drive_uart.o(i.UartSetPostSem)
    UartSetPostSem                           0x08001c5d   Thumb Code    12  drive_uart.o(i.UartSetPostSem)
    i.UartSetWaitSem                         0x08001c68   Section        0  drive_uart.o(i.UartSetWaitSem)
    UartSetWaitSem                           0x08001c69   Thumb Code    12  drive_uart.o(i.UartSetWaitSem)
    i.UartTakeUpPlayloadBuf                  0x08001c74   Section        0  drive_uart.o(i.UartTakeUpPlayloadBuf)
    UartTakeUpPlayloadBuf                    0x08001c75   Thumb Code    62  drive_uart.o(i.UartTakeUpPlayloadBuf)
    i.UartTest                               0x08001cb4   Section        0  drive_uart.o(i.UartTest)
    UartTest                                 0x08001cb5   Thumb Code   112  drive_uart.o(i.UartTest)
    i.UartWrite                              0x08001d3c   Section        0  drive_uart.o(i.UartWrite)
    UartWrite                                0x08001d3d   Thumb Code   132  drive_uart.o(i.UartWrite)
    i.View_init                              0x08001dc0   Section        0  glyph.o(i.View_init)
    i.View_test                              0x08001dc8   Section        0  glyph.o(i.View_test)
    i.__0printf$5                            0x08001dd0   Section        0  printf5.o(i.__0printf$5)
    i.__0sprintf$5                           0x08001df0   Section        0  printf5.o(i.__0sprintf$5)
    i.__aeabi_errno_addr                     0x08001e18   Section        0  errno.o(i.__aeabi_errno_addr)
    i.__scatterload_copy                     0x08001e20   Section       14  handlers.o(i.__scatterload_copy)
    i.__scatterload_null                     0x08001e2e   Section        2  handlers.o(i.__scatterload_null)
    i.__scatterload_zeroinit                 0x08001e30   Section       14  handlers.o(i.__scatterload_zeroinit)
    i._init_box                              0x08001e3e   Section        0  rt_membox.o(i._init_box)
    i._printf_core                           0x08001e84   Section        0  printf5.o(i._printf_core)
    _printf_core                             0x08001e85   Thumb Code   658  printf5.o(i._printf_core)
    i._sputc                                 0x08002144   Section        0  printf5.o(i._sputc)
    _sputc                                   0x08002145   Thumb Code    10  printf5.o(i._sputc)
    i.dbg_init                               0x08002150   Section        0  hal_cm.o(i.dbg_init)
    i.dbg_task_notify                        0x08002180   Section        0  hal_cm.o(i.dbg_task_notify)
    i.dbg_task_switch                        0x080021a0   Section        0  hal_cm.o(i.dbg_task_switch)
    i.delay_1u                               0x080021b0   Section        0  nokia_5110.o(i.delay_1u)
    i.driveUart_ctor                         0x080021c0   Section        0  drive_uart.o(i.driveUart_ctor)
    i.driveUart_new                          0x08002228   Section        0  drive_uart.o(i.driveUart_new)
    i.fputc                                  0x08002244   Section        0  main.o(i.fputc)
    i.free                                   0x08002268   Section        0  malloc.o(i.free)
    i.free_playloadbuf                       0x080022b8   Section        0  ping_pongbuf.o(i.free_playloadbuf)
    i.get_loadbuflen                         0x0800230c   Section        0  ping_pongbuf.o(i.get_loadbuflen)
    i.get_playloadbuf                        0x08002314   Section        0  ping_pongbuf.o(i.get_playloadbuf)
    i.init_pingponfbuf                       0x0800231a   Section        0  ping_pongbuf.o(i.init_pingponfbuf)
    i.isrMessageGet                          0x08002364   Section        0  rt_cmsis.o(i.isrMessageGet)
    i.isrMessagePut                          0x0800238e   Section        0  rt_cmsis.o(i.isrMessagePut)
    i.isrSemaphoreRelease                    0x080023ba   Section        0  rt_cmsis.o(i.isrSemaphoreRelease)
    i.isr_mbx_receive                        0x080023e4   Section        0  rt_mailbox.o(i.isr_mbx_receive)
    i.isr_mbx_send                           0x08002436   Section        0  rt_mailbox.o(i.isr_mbx_send)
    i.isr_sem_send                           0x08002444   Section        0  rt_semaphore.o(i.isr_sem_send)
    i.main                                   0x08002454   Section        0  main.o(i.main)
    i.malloc                                 0x0800256c   Section        0  malloc.o(i.malloc)
    i.osDelay                                0x080025d8   Section        0  rt_cmsis.o(i.osDelay)
    i.osKernelInitialize                     0x080025f0   Section        0  rt_cmsis.o(i.osKernelInitialize)
    i.osKernelStart                          0x08002614   Section        0  rt_cmsis.o(i.osKernelStart)
    i.osMessageGet                           0x08002680   Section        0  rt_cmsis.o(i.osMessageGet)
    i.osSemaphoreCreate                      0x08002698   Section        0  rt_cmsis.o(i.osSemaphoreCreate)
    i.osSemaphoreDelete                      0x080026c8   Section        0  rt_cmsis.o(i.osSemaphoreDelete)
    i.osSemaphoreRelease                     0x080026e0   Section        0  rt_cmsis.o(i.osSemaphoreRelease)
    i.osSemaphoreWait                        0x080026f8   Section        0  rt_cmsis.o(i.osSemaphoreWait)
    i.osThreadCreate                         0x08002710   Section        0  rt_cmsis.o(i.osThreadCreate)
    i.osThreadExit                           0x08002740   Section        0  rt_cmsis.o(i.osThreadExit)
    i.osTimerCall                            0x08002758   Section        0  rt_cmsis.o(i.osTimerCall)
    i.osTimerThread                          0x08002764   Section        0  rt_cmsis.o(i.osTimerThread)
    i.os_error                               0x08002790   Section        0  rtx_conf_cm.o(i.os_error)
    i.os_idle_demon                          0x080027b2   Section        0  rtx_conf_cm.o(i.os_idle_demon)
    i.os_tick_init                           0x080027b8   Section        0  rt_system.o(i.os_tick_init)
    i.os_tick_irqack                         0x080027e0   Section        0  rt_system.o(i.os_tick_irqack)
    i.rt_alloc_box                           0x080027e2   Section        0  rt_membox.o(i.rt_alloc_box)
    i.rt_alloc_mem                           0x080027fc   Section        0  rt_memory.o(i.rt_alloc_mem)
    i.rt_block                               0x0800283c   Section        0  rt_task.o(i.rt_block)
    i.rt_chk_robin                           0x08002874   Section        0  rt_robin.o(i.rt_chk_robin)
    i.rt_dec_dly                             0x080028bc   Section        0  rt_list.o(i.rt_dec_dly)
    i.rt_dispatch                            0x0800292c   Section        0  rt_task.o(i.rt_dispatch)
    i.rt_dly_wait                            0x08002970   Section        0  rt_time.o(i.rt_dly_wait)
    i.rt_evt_psh                             0x08002978   Section        0  rt_event.o(i.rt_evt_psh)
    i.rt_free_box                            0x080029c8   Section        0  rt_membox.o(i.rt_free_box)
    i.rt_free_mem                            0x080029f4   Section        0  rt_memory.o(i.rt_free_mem)
    i.rt_get_first                           0x08002a1c   Section        0  rt_list.o(i.rt_get_first)
    i.rt_id2obj                              0x08002a44   Section        0  rt_cmsis.o(i.rt_id2obj)
    rt_id2obj                                0x08002a45   Thumb Code     8  rt_cmsis.o(i.rt_id2obj)
    i.rt_init_context                        0x08002a4c   Section        0  rt_task.o(i.rt_init_context)
    rt_init_context                          0x08002a4d   Thumb Code    66  rt_task.o(i.rt_init_context)
    i.rt_init_mem                            0x08002a94   Section        0  rt_memory.o(i.rt_init_mem)
    i.rt_init_robin                          0x08002ab0   Section        0  rt_robin.o(i.rt_init_robin)
    i.rt_init_stack                          0x08002ac8   Section        0  hal_cm.o(i.rt_init_stack)
    i.rt_mbx_check                           0x08002b48   Section        0  rt_mailbox.o(i.rt_mbx_check)
    i.rt_mbx_init                            0x08002b50   Section        0  rt_mailbox.o(i.rt_mbx_init)
    i.rt_mbx_psh                             0x08002b6c   Section        0  rt_mailbox.o(i.rt_mbx_psh)
    i.rt_mbx_wait                            0x08002c5c   Section        0  rt_mailbox.o(i.rt_mbx_wait)
    i.rt_ms2tick                             0x08002d10   Section        0  rt_cmsis.o(i.rt_ms2tick)
    rt_ms2tick                               0x08002d11   Thumb Code    60  rt_cmsis.o(i.rt_ms2tick)
    i.rt_pop_req                             0x08002d54   Section        0  rt_system.o(i.rt_pop_req)
    i.rt_psh_req                             0x08002dd0   Section        0  rt_system.o(i.rt_psh_req)
    i.rt_psq_enq                             0x08002df0   Section        0  rt_list.o(i.rt_psq_enq)
    i.rt_put_dly                             0x08002e4c   Section        0  rt_list.o(i.rt_put_dly)
    i.rt_put_prio                            0x08002e94   Section        0  rt_list.o(i.rt_put_prio)
    i.rt_put_rdy_first                       0x08002ecc   Section        0  rt_list.o(i.rt_put_rdy_first)
    i.rt_resort_prio                         0x08002ee0   Section        0  rt_list.o(i.rt_resort_prio)
    i.rt_ret_val                             0x08002f14   Section        0  hal_cm.o(i.rt_ret_val)
    i.rt_ret_val2                            0x08002f1a   Section        0  hal_cm.o(i.rt_ret_val2)
    i.rt_rmv_dly                             0x08002f22   Section        0  rt_list.o(i.rt_rmv_dly)
    i.rt_rmv_list                            0x08002f4c   Section        0  rt_list.o(i.rt_rmv_list)
    i.rt_sem_delete                          0x08002f7c   Section        0  rt_semaphore.o(i.rt_sem_delete)
    i.rt_sem_init                            0x08002fd8   Section        0  rt_semaphore.o(i.rt_sem_init)
    i.rt_sem_psh                             0x08002fe4   Section        0  rt_semaphore.o(i.rt_sem_psh)
    i.rt_sem_send                            0x08003018   Section        0  rt_semaphore.o(i.rt_sem_send)
    i.rt_sem_wait                            0x08003044   Section        0  rt_semaphore.o(i.rt_sem_wait)
    i.rt_stk_check                           0x08003084   Section        0  rt_system.o(i.rt_stk_check)
    i.rt_switch_req                          0x080030a8   Section        0  rt_task.o(i.rt_switch_req)
    i.rt_sys_init                            0x080030d0   Section        0  rt_task.o(i.rt_sys_init)
    i.rt_sys_start                           0x0800319c   Section        0  rt_task.o(i.rt_sys_start)
    i.rt_systick                             0x08003214   Section        0  rt_system.o(i.rt_systick)
    i.rt_tid2ptcb                            0x08003254   Section        0  rt_cmsis.o(i.rt_tid2ptcb)
    rt_tid2ptcb                              0x08003255   Thumb Code    18  rt_cmsis.o(i.rt_tid2ptcb)
    i.rt_timer_insert                        0x08003268   Section        0  rt_cmsis.o(i.rt_timer_insert)
    rt_timer_insert                          0x08003269   Thumb Code    48  rt_cmsis.o(i.rt_timer_insert)
    i.rt_tsk_create                          0x0800329c   Section        0  rt_task.o(i.rt_tsk_create)
    i.rt_tsk_delete                          0x08003324   Section        0  rt_task.o(i.rt_tsk_delete)
    i.rt_tsk_prio                            0x0800349c   Section        0  rt_task.o(i.rt_tsk_prio)
    i.rt_tsk_self                            0x08003518   Section        0  rt_task.o(i.rt_tsk_self)
    i.svcDelay                               0x08003528   Section        0  rt_cmsis.o(i.svcDelay)
    i.svcKernelInitialize                    0x0800353c   Section        0  rt_cmsis.o(i.svcKernelInitialize)
    i.svcKernelStart                         0x080035ac   Section        0  rt_cmsis.o(i.svcKernelStart)
    i.svcMessageCreate                       0x080035f4   Section        0  rt_cmsis.o(i.svcMessageCreate)
    i.svcMessageGet                          0x08003618   Section        0  rt_cmsis.o(i.svcMessageGet)
    i.svcSemaphoreCreate                     0x08003652   Section        0  rt_cmsis.o(i.svcSemaphoreCreate)
    i.svcSemaphoreDelete                     0x08003676   Section        0  rt_cmsis.o(i.svcSemaphoreDelete)
    i.svcSemaphoreRelease                    0x08003690   Section        0  rt_cmsis.o(i.svcSemaphoreRelease)
    i.svcSemaphoreWait                       0x080036b8   Section        0  rt_cmsis.o(i.svcSemaphoreWait)
    i.svcThreadCreate                        0x080036ec   Section        0  rt_cmsis.o(i.svcThreadCreate)
    i.svcThreadGetId                         0x0800375c   Section        0  rt_cmsis.o(i.svcThreadGetId)
    i.svcThreadTerminate                     0x08003778   Section        0  rt_cmsis.o(i.svcThreadTerminate)
    i.svcTimerCall                           0x080037b0   Section        0  rt_cmsis.o(i.svcTimerCall)
    i.switch_receivebuf                      0x080037c8   Section        0  ping_pongbuf.o(i.switch_receivebuf)
    i.sysTimerTick                           0x08003818   Section        0  rt_cmsis.o(i.sysTimerTick)
    .constdata                               0x08003874   Section        8  dev_uart2.o(.constdata)
    .constdata                               0x0800387c   Section       86  rtx_conf_cm.o(.constdata)
    __tagsym$$used                           0x08003898   Number         0  rtx_conf_cm.o(.constdata)
    __tagsym$$used                           0x0800389c   Number         0  rtx_conf_cm.o(.constdata)
    __tagsym$$used                           0x080038a0   Number         0  rtx_conf_cm.o(.constdata)
    __tagsym$$used                           0x080038a4   Number         0  rtx_conf_cm.o(.constdata)
    .constdata                               0x080038d2   Section      129  ctype_o.o(.constdata)
    .constdata                               0x08003954   Section        4  ctype_o.o(.constdata)
    table                                    0x08003954   Data           4  ctype_o.o(.constdata)
    .conststring                             0x08003958   Section       48  marco.o(.conststring)
    .data                                    0x20000000   Section        4  main.o(.data)
    .data                                    0x20000004   Section       52  hardwareconfig.o(.data)
    .data                                    0x20000038   Section       48  marco.o(.data)
    .data                                    0x20000068   Section     1560  nokia_5110.o(.data)
    .data                                    0x20000680   Section       20  dev_lcdusartgpu.o(.data)
    .data                                    0x20000694   Section       28  dev_uart2.o(.data)
    driUart2                                 0x20000694   Data           4  dev_uart2.o(.data)
    .data                                    0x200006b0   Section        4  testglyph.o(.data)
    .data                                    0x200006b4   Section       32  rtx_conf_cm.o(.data)
    .data                                    0x200006d4   Section       20  stm32f10x_rcc.o(.data)
    APBAHBPrescTable                         0x200006d4   Data          16  stm32f10x_rcc.o(.data)
    ADCPrescTable                            0x200006e4   Data           4  stm32f10x_rcc.o(.data)
    .data                                    0x200006e8   Section        8  rt_cmsis.o(.data)
    .data                                    0x200006f0   Section        8  rt_task.o(.data)
    .data                                    0x200006f8   Section        8  rt_system.o(.data)
    os_lock                                  0x200006f8   Data           1  rt_system.o(.data)
    os_psh_flag                              0x200006f9   Data           1  rt_system.o(.data)
    pend_flags                               0x200006fa   Data           1  rt_system.o(.data)
    .data                                    0x20000700   Section        4  rt_time.o(.data)
    .data                                    0x20000704   Section        1  hal_cm.o(.data)
    .data                                    0x20000708   Section        8  rt_robin.o(.data)
    .data                                    0x20000710   Section        4  stdout.o(.data)
    .data                                    0x20000714   Section        4  mvars.o(.data)
    .data                                    0x20000718   Section        4  mvars.o(.data)
    .data                                    0x2000071c   Section        4  errno.o(.data)
    _errno                                   0x2000071c   Data           4  errno.o(.data)
    .bss                                     0x20000720   Section       64  main.o(.bss)
    .bss                                     0x20000760   Section      128  dev_lcdusartgpu.o(.bss)
    lcdBuf                                   0x20000760   Data         128  dev_lcdusartgpu.o(.bss)
    .bss                                     0x200007e0   Section       12  drive_uart.o(.bss)
    devArry                                  0x200007e0   Data          12  drive_uart.o(.bss)
    .bss                                     0x200007f0   Section     1652  rtx_conf_cm.o(.bss)
    .bss                                     0x20000e64   Section       52  rt_task.o(.bss)
    .bss                                     0x20000e98   Section       48  rt_list.o(.bss)
    HEAP                                     0x20000ec8   Section     8192  startup_stm32f10x_md.o(HEAP)
    STACK                                    0x20002ec8   Section     1024  startup_stm32f10x_md.o(STACK)

    Global Symbols

    Symbol Name                              Value     Ov Type        Size  Object(Section)

    BuildAttributes$$THM_ISAv4$P$D$K$B$S$PE$A:L22UL41UL21$X:L11$S22US41US21$IEEE1$IW$USESV6$~STKCKD$USESV7$~SHL$OSPACE$ROPI$EBA8$MICROLIB$REQ8$PRES8$EABIv2 0x00000000   Number         0  anon$$obj.o ABSOLUTE
    __ARM_use_no_argv                        0x00000000   Number         0  main.o ABSOLUTE
    _printf_a                                0x00000000   Number         0  stubs.o ABSOLUTE
    _printf_c                                0x00000000   Number         0  stubs.o ABSOLUTE
    _printf_charcount                        0x00000000   Number         0  stubs.o ABSOLUTE
    _printf_d                                0x00000000   Number         0  stubs.o ABSOLUTE
    _printf_e                                0x00000000   Number         0  stubs.o ABSOLUTE
    _printf_f                                0x00000000   Number         0  stubs.o ABSOLUTE
    _printf_flags                            0x00000000   Number         0  stubs.o ABSOLUTE
    _printf_fp_dec                           0x00000000   Number         0  stubs.o ABSOLUTE
    _printf_fp_hex                           0x00000000   Number         0  stubs.o ABSOLUTE
    _printf_g                                0x00000000   Number         0  stubs.o ABSOLUTE
    _printf_i                                0x00000000   Number         0  stubs.o ABSOLUTE
    _printf_int_dec                          0x00000000   Number         0  stubs.o ABSOLUTE
    _printf_l                                0x00000000   Number         0  stubs.o ABSOLUTE
    _printf_lc                               0x00000000   Number         0  stubs.o ABSOLUTE
    _printf_ll                               0x00000000   Number         0  stubs.o ABSOLUTE
    _printf_lld                              0x00000000   Number         0  stubs.o ABSOLUTE
    _printf_lli                              0x00000000   Number         0  stubs.o ABSOLUTE
    _printf_llo                              0x00000000   Number         0  stubs.o ABSOLUTE
    _printf_llu                              0x00000000   Number         0  stubs.o ABSOLUTE
    _printf_llx                              0x00000000   Number         0  stubs.o ABSOLUTE
    _printf_longlong_dec                     0x00000000   Number         0  stubs.o ABSOLUTE
    _printf_longlong_hex                     0x00000000   Number         0  stubs.o ABSOLUTE
    _printf_longlong_oct                     0x00000000   Number         0  stubs.o ABSOLUTE
    _printf_ls                               0x00000000   Number         0  stubs.o ABSOLUTE
    _printf_mbtowc                           0x00000000   Number         0  stubs.o ABSOLUTE
    _printf_n                                0x00000000   Number         0  stubs.o ABSOLUTE
    _printf_o                                0x00000000   Number         0  stubs.o ABSOLUTE
    _printf_p                                0x00000000   Number         0  stubs.o ABSOLUTE
    _printf_percent                          0x00000000   Number         0  stubs.o ABSOLUTE
    _printf_pre_padding                      0x00000000   Number         0  stubs.o ABSOLUTE
    _printf_return_value                     0x00000000   Number         0  stubs.o ABSOLUTE
    _printf_s                                0x00000000   Number         0  stubs.o ABSOLUTE
    _printf_sizespec                         0x00000000   Number         0  stubs.o ABSOLUTE
    _printf_str                              0x00000000   Number         0  stubs.o ABSOLUTE
    _printf_truncate_signed                  0x00000000   Number         0  stubs.o ABSOLUTE
    _printf_truncate_unsigned                0x00000000   Number         0  stubs.o ABSOLUTE
    _printf_u                                0x00000000   Number         0  stubs.o ABSOLUTE
    _printf_wc                               0x00000000   Number         0  stubs.o ABSOLUTE
    _printf_wctomb                           0x00000000   Number         0  stubs.o ABSOLUTE
    _printf_widthprec                        0x00000000   Number         0  stubs.o ABSOLUTE
    _printf_x                                0x00000000   Number         0  stubs.o ABSOLUTE
    __cpp_initialize__aeabi_                  - Undefined Weak Reference
    __cxa_finalize                            - Undefined Weak Reference
    _clock_init                               - Undefined Weak Reference
    _microlib_exit                            - Undefined Weak Reference
    __Vectors_Size                           0x000000ec   Number         0  startup_stm32f10x_md.o ABSOLUTE
    __RL_RTX_VER                             0x00000479   Number         0  rt_system.o ABSOLUTE
    __Vectors                                0x08000000   Data           4  startup_stm32f10x_md.o(RESET)
    __Vectors_End                            0x080000ec   Data           0  startup_stm32f10x_md.o(RESET)
    __main                                   0x080000ed   Thumb Code     0  entry.o(.ARM.Collect$$$$00000000)
    _main_stk                                0x080000ed   Thumb Code     0  entry2.o(.ARM.Collect$$$$00000001)
    _main_scatterload                        0x080000f1   Thumb Code     0  entry5.o(.ARM.Collect$$$$00000004)
    __main_after_scatterload                 0x080000f5   Thumb Code     0  entry5.o(.ARM.Collect$$$$00000004)
    __rt_final_cpp                           0x080000f5   Thumb Code     0  entry10a.o(.ARM.Collect$$$$0000000D)
    __rt_final_exit                          0x080000f5   Thumb Code     0  entry11a.o(.ARM.Collect$$$$0000000F)
    _main_clock                              0x080000f5   Thumb Code     0  entry7b.o(.ARM.Collect$$$$00000008)
    _main_cpp_init                           0x080000f5   Thumb Code     0  entry8b.o(.ARM.Collect$$$$0000000A)
    _main_init                               0x080000f5   Thumb Code    18  rtx_conf_cm.o(.ARM.Collect$$$$000000FF)
    rt_set_PSP                               0x08000111   Thumb Code     6  hal_cm3.o(.emb_text)
    rt_get_PSP                               0x08000117   Thumb Code     6  hal_cm3.o(.emb_text)
    os_set_env                               0x0800011d   Thumb Code    24  hal_cm3.o(.emb_text)
    _alloc_box                               0x08000139   Thumb Code    28  hal_cm3.o(.emb_text)
    _free_box                                0x08000159   Thumb Code    28  hal_cm3.o(.emb_text)
    SVC_Handler                              0x08000179   Thumb Code   108  hal_cm3.o(.emb_text)
    PendSV_Handler                           0x080001f1   Thumb Code    56  hal_cm3.o(.emb_text)
    SysTick_Handler                          0x0800022d   Thumb Code     8  hal_cm3.o(.emb_text)
    OS_Tick_Handler                          0x08000235   Thumb Code    12  hal_cm3.o(.emb_text)
    Reset_Handler                            0x08000241   Thumb Code     8  startup_stm32f10x_md.o(.text)
    NMI_Handler                              0x08000249   Thumb Code     2  startup_stm32f10x_md.o(.text)
    HardFault_Handler                        0x0800024b   Thumb Code     2  startup_stm32f10x_md.o(.text)
    MemManage_Handler                        0x0800024d   Thumb Code     2  startup_stm32f10x_md.o(.text)
    BusFault_Handler                         0x0800024f   Thumb Code     2  startup_stm32f10x_md.o(.text)
    UsageFault_Handler                       0x08000251   Thumb Code     2  startup_stm32f10x_md.o(.text)
    DebugMon_Handler                         0x08000255   Thumb Code     2  startup_stm32f10x_md.o(.text)
    ADC1_2_IRQHandler                        0x0800025b   Thumb Code     0  startup_stm32f10x_md.o(.text)
    CAN1_RX1_IRQHandler                      0x0800025b   Thumb Code     0  startup_stm32f10x_md.o(.text)
    CAN1_SCE_IRQHandler                      0x0800025b   Thumb Code     0  startup_stm32f10x_md.o(.text)
    DMA1_Channel1_IRQHandler                 0x0800025b   Thumb Code     0  startup_stm32f10x_md.o(.text)
    DMA1_Channel2_IRQHandler                 0x0800025b   Thumb Code     0  startup_stm32f10x_md.o(.text)
    DMA1_Channel3_IRQHandler                 0x0800025b   Thumb Code     0  startup_stm32f10x_md.o(.text)
    DMA1_Channel4_IRQHandler                 0x0800025b   Thumb Code     0  startup_stm32f10x_md.o(.text)
    DMA1_Channel5_IRQHandler                 0x0800025b   Thumb Code     0  startup_stm32f10x_md.o(.text)
    EXTI0_IRQHandler                         0x0800025b   Thumb Code     0  startup_stm32f10x_md.o(.text)
    EXTI15_10_IRQHandler                     0x0800025b   Thumb Code     0  startup_stm32f10x_md.o(.text)
    EXTI1_IRQHandler                         0x0800025b   Thumb Code     0  startup_stm32f10x_md.o(.text)
    EXTI2_IRQHandler                         0x0800025b   Thumb Code     0  startup_stm32f10x_md.o(.text)
    EXTI3_IRQHandler                         0x0800025b   Thumb Code     0  startup_stm32f10x_md.o(.text)
    EXTI4_IRQHandler                         0x0800025b   Thumb Code     0  startup_stm32f10x_md.o(.text)
    EXTI9_5_IRQHandler                       0x0800025b   Thumb Code     0  startup_stm32f10x_md.o(.text)
    FLASH_IRQHandler                         0x0800025b   Thumb Code     0  startup_stm32f10x_md.o(.text)
    I2C1_ER_IRQHandler                       0x0800025b   Thumb Code     0  startup_stm32f10x_md.o(.text)
    I2C1_EV_IRQHandler                       0x0800025b   Thumb Code     0  startup_stm32f10x_md.o(.text)
    I2C2_ER_IRQHandler                       0x0800025b   Thumb Code     0  startup_stm32f10x_md.o(.text)
    I2C2_EV_IRQHandler                       0x0800025b   Thumb Code     0  startup_stm32f10x_md.o(.text)
    PVD_IRQHandler                           0x0800025b   Thumb Code     0  startup_stm32f10x_md.o(.text)
    RCC_IRQHandler                           0x0800025b   Thumb Code     0  startup_stm32f10x_md.o(.text)
    RTCAlarm_IRQHandler                      0x0800025b   Thumb Code     0  startup_stm32f10x_md.o(.text)
    RTC_IRQHandler                           0x0800025b   Thumb Code     0  startup_stm32f10x_md.o(.text)
    SPI1_IRQHandler                          0x0800025b   Thumb Code     0  startup_stm32f10x_md.o(.text)
    SPI2_IRQHandler                          0x0800025b   Thumb Code     0  startup_stm32f10x_md.o(.text)
    TAMPER_IRQHandler                        0x0800025b   Thumb Code     0  startup_stm32f10x_md.o(.text)
    TIM1_BRK_IRQHandler                      0x0800025b   Thumb Code     0  startup_stm32f10x_md.o(.text)
    TIM1_CC_IRQHandler                       0x0800025b   Thumb Code     0  startup_stm32f10x_md.o(.text)
    TIM1_TRG_COM_IRQHandler                  0x0800025b   Thumb Code     0  startup_stm32f10x_md.o(.text)
    TIM1_UP_IRQHandler                       0x0800025b   Thumb Code     0  startup_stm32f10x_md.o(.text)
    TIM2_IRQHandler                          0x0800025b   Thumb Code     0  startup_stm32f10x_md.o(.text)
    TIM3_IRQHandler                          0x0800025b   Thumb Code     0  startup_stm32f10x_md.o(.text)
    TIM4_IRQHandler                          0x0800025b   Thumb Code     0  startup_stm32f10x_md.o(.text)
    USART1_IRQHandler                        0x0800025b   Thumb Code     0  startup_stm32f10x_md.o(.text)
    USART3_IRQHandler                        0x0800025b   Thumb Code     0  startup_stm32f10x_md.o(.text)
    USBWakeUp_IRQHandler                     0x0800025b   Thumb Code     0  startup_stm32f10x_md.o(.text)
    USB_HP_CAN1_TX_IRQHandler                0x0800025b   Thumb Code     0  startup_stm32f10x_md.o(.text)
    USB_LP_CAN1_RX0_IRQHandler               0x0800025b   Thumb Code     0  startup_stm32f10x_md.o(.text)
    WWDG_IRQHandler                          0x0800025b   Thumb Code     0  startup_stm32f10x_md.o(.text)
    __aeabi_uldivmod                         0x08000265   Thumb Code    98  uldiv.o(.text)
    __aeabi_memcpy                           0x080002c7   Thumb Code    36  memcpya.o(.text)
    __aeabi_memcpy4                          0x080002c7   Thumb Code     0  memcpya.o(.text)
    __aeabi_memcpy8                          0x080002c7   Thumb Code     0  memcpya.o(.text)
    __aeabi_memset                           0x080002eb   Thumb Code    14  memseta.o(.text)
    __aeabi_memset4                          0x080002eb   Thumb Code     0  memseta.o(.text)
    __aeabi_memset8                          0x080002eb   Thumb Code     0  memseta.o(.text)
    __aeabi_memclr                           0x080002f9   Thumb Code     4  memseta.o(.text)
    __aeabi_memclr4                          0x080002f9   Thumb Code     0  memseta.o(.text)
    __aeabi_memclr8                          0x080002f9   Thumb Code     0  memseta.o(.text)
    _memset$wrapper                          0x080002fd   Thumb Code    18  memseta.o(.text)
    strcat                                   0x0800030f   Thumb Code    24  strcat.o(.text)
    strstr                                   0x08000327   Thumb Code    36  strstr.o(.text)
    strlen                                   0x0800034b   Thumb Code    14  strlen.o(.text)
    strcmp                                   0x08000359   Thumb Code    28  strcmp.o(.text)
    strcpy                                   0x08000375   Thumb Code    18  strcpy.o(.text)
    calloc                                   0x08000387   Thumb Code    28  calloc.o(.text)
    atoi                                     0x080003a3   Thumb Code    26  atoi.o(.text)
    __aeabi_llsl                             0x080003bd   Thumb Code    30  llshl.o(.text)
    _ll_shift_l                              0x080003bd   Thumb Code     0  llshl.o(.text)
    __aeabi_llsr                             0x080003db   Thumb Code    32  llushr.o(.text)
    _ll_ushift_r                             0x080003db   Thumb Code     0  llushr.o(.text)
    strtol                                   0x080003fb   Thumb Code   112  strtol.o(.text)
    __scatterload                            0x0800046d   Thumb Code    28  init.o(.text)
    __scatterload_rt2                        0x0800046d   Thumb Code     0  init.o(.text)
    __rt_ctype_table                         0x08000491   Thumb Code     4  ctype_o.o(.text)
    _strtoul                                 0x08000499   Thumb Code   158  _strtoul.o(.text)
    _chval                                   0x08000537   Thumb Code    28  _chval.o(.text)
    __decompress                             0x08000553   Thumb Code     0  __dczerorl2.o(.text)
    __decompress1                            0x08000553   Thumb Code    86  __dczerorl2.o(.text)
    SVC_Count                                0x080005a8   Data           4  svc_table.o(SVC_TABLE)
    SVC_Table                                0x080005ac   Data           0  svc_table.o(SVC_TABLE)
    DMA1_Channel6_IRQHandler                 0x080005cd   Thumb Code   118  drive_uart.o(i.DMA1_Channel6_IRQHandler)
    DMA1_Channel7_IRQHandler                 0x08000649   Thumb Code    46  drive_uart.o(i.DMA1_Channel7_IRQHandler)
    DMA_ClearFlag                            0x0800067d   Thumb Code    18  stm32f10x_dma.o(i.DMA_ClearFlag)
    DMA_Cmd                                  0x08000699   Thumb Code    24  stm32f10x_dma.o(i.DMA_Cmd)
    DMA_DeInit                               0x080006b1   Thumb Code   324  stm32f10x_dma.o(i.DMA_DeInit)
    DMA_GetCurrDataCounter                   0x080007fd   Thumb Code     8  stm32f10x_dma.o(i.DMA_GetCurrDataCounter)
    DMA_GetITStatus                          0x08000805   Thumb Code    36  stm32f10x_dma.o(i.DMA_GetITStatus)
    DMA_ITConfig                             0x08000831   Thumb Code    18  stm32f10x_dma.o(i.DMA_ITConfig)
    DMA_Init                                 0x08000843   Thumb Code    60  stm32f10x_dma.o(i.DMA_Init)
    DevChar_open                             0x0800087f   Thumb Code    58  dev_char.o(i.DevChar_open)
    DevLCD_open                              0x080008b9   Thumb Code    54  dev_lcd.o(i.DevLCD_open)
    Dev_MAJORID                              0x080008f5   Thumb Code    10  device.o(i.Dev_MAJORID)
    Dev_MINORID                              0x080008ff   Thumb Code     8  device.o(i.Dev_MINORID)
    Dev_TYPE                                 0x08000907   Thumb Code    10  device.o(i.Dev_TYPE)
    Dev_Uart2_close                          0x08000911   Thumb Code    42  dev_uart2.o(i.Dev_Uart2_close)
    Dev_Uart2_ctor                           0x08000949   Thumb Code    26  dev_uart2.o(i.Dev_Uart2_ctor)
    Dev_Uart2_ioctol                         0x0800097d   Thumb Code   124  dev_uart2.o(i.Dev_Uart2_ioctol)
    Dev_Uart2_new                            0x080009fd   Thumb Code    26  dev_uart2.o(i.Dev_Uart2_new)
    Dev_Uart2_open                           0x08000a19   Thumb Code   236  dev_uart2.o(i.Dev_Uart2_open)
    Dev_Uart2_read                           0x08000b39   Thumb Code    24  dev_uart2.o(i.Dev_Uart2_read)
    Dev_Uart2_test                           0x08000b55   Thumb Code    26  dev_uart2.o(i.Dev_Uart2_test)
    Dev_Uart2_write                          0x08000b75   Thumb Code    24  dev_uart2.o(i.Dev_Uart2_write)
    Dev_UsartInit                            0x08000b91   Thumb Code    12  dev_lcdusartgpu.o(i.Dev_UsartInit)
    Dev_open                                 0x08000bb5   Thumb Code    88  device.o(i.Dev_open)
    GPIO_Init                                0x08000c0d   Thumb Code   278  stm32f10x_gpio.o(i.GPIO_Init)
    GPIO_ResetBits                           0x08000d23   Thumb Code     4  stm32f10x_gpio.o(i.GPIO_ResetBits)
    GPIO_SetBits                             0x08000d27   Thumb Code     4  stm32f10x_gpio.o(i.GPIO_SetBits)
    GetCompileDay                            0x08000d2d   Thumb Code    28  marco.o(i.GetCompileDay)
    GetCompileMoth                           0x08000d55   Thumb Code    60  marco.o(i.GetCompileMoth)
    GpuSend                                  0x08000da1   Thumb Code    38  dev_lcdusartgpu.o(i.GpuSend)
    LCD_clear                                0x08000eed   Thumb Code    40  nokia_5110.o(i.LCD_clear)
    LCD_init                                 0x08000f15   Thumb Code   122  nokia_5110.o(i.LCD_init)
    LCD_set_XY                               0x08000f95   Thumb Code    28  nokia_5110.o(i.LCD_set_XY)
    LCD_write_byte                           0x08000fb1   Thumb Code   108  nokia_5110.o(i.LCD_write_byte)
    LCD_write_char                           0x08001025   Thumb Code    42  nokia_5110.o(i.LCD_write_char)
    LCD_write_english_string                 0x08001055   Thumb Code    34  nokia_5110.o(i.LCD_write_english_string)
    NVIC_Configuration                       0x08001115   Thumb Code   132  intrinit.o(i.NVIC_Configuration)
    NVIC_Init                                0x0800119d   Thumb Code   100  misc.o(i.NVIC_Init)
    NVIC_PriorityGroupConfig                 0x0800120d   Thumb Code    10  misc.o(i.NVIC_PriorityGroupConfig)
    NVIC_SetVectorTable                      0x08001221   Thumb Code    12  misc.o(i.NVIC_SetVectorTable)
    OpenPrpClock                             0x08001235   Thumb Code    54  mysystemclock.o(i.OpenPrpClock)
    Pin_init                                 0x0800126d   Thumb Code   150  pinmux.o(i.Pin_init)
    RCC_AHBPeriphClockCmd                    0x0800130d   Thumb Code    26  stm32f10x_rcc.o(i.RCC_AHBPeriphClockCmd)
    RCC_APB1PeriphClockCmd                   0x0800132d   Thumb Code    26  stm32f10x_rcc.o(i.RCC_APB1PeriphClockCmd)
    RCC_APB1PeriphResetCmd                   0x0800134d   Thumb Code    26  stm32f10x_rcc.o(i.RCC_APB1PeriphResetCmd)
    RCC_APB2PeriphClockCmd                   0x0800136d   Thumb Code    26  stm32f10x_rcc.o(i.RCC_APB2PeriphClockCmd)
    RCC_APB2PeriphResetCmd                   0x0800138d   Thumb Code    26  stm32f10x_rcc.o(i.RCC_APB2PeriphResetCmd)
    RCC_GetClocksFreq                        0x080013ad   Thumb Code   192  stm32f10x_rcc.o(i.RCC_GetClocksFreq)
    SystemInit                               0x08001571   Thumb Code    78  system_stm32f10x.o(i.SystemInit)
    TestViewShow                             0x080015d1   Thumb Code   140  testglyph.o(i.TestViewShow)
    USART2_IRQHandler                        0x0800166d   Thumb Code   144  drive_uart.o(i.USART2_IRQHandler)
    USART_Cmd                                0x08001705   Thumb Code    24  stm32f10x_usart.o(i.USART_Cmd)
    USART_DMACmd                             0x0800171d   Thumb Code    18  stm32f10x_usart.o(i.USART_DMACmd)
    USART_DeInit                             0x08001731   Thumb Code   134  stm32f10x_usart.o(i.USART_DeInit)
    USART_GetFlagStatus                      0x080017cd   Thumb Code    26  stm32f10x_usart.o(i.USART_GetFlagStatus)
    USART_GetITStatus                        0x080017e7   Thumb Code    84  stm32f10x_usart.o(i.USART_GetITStatus)
    USART_ITConfig                           0x0800183b   Thumb Code    74  stm32f10x_usart.o(i.USART_ITConfig)
    USART_Init                               0x08001885   Thumb Code   210  stm32f10x_usart.o(i.USART_Init)
    USART_ReceiveData                        0x0800195d   Thumb Code    10  stm32f10x_usart.o(i.USART_ReceiveData)
    USART_SendData                           0x08001967   Thumb Code     8  stm32f10x_usart.o(i.USART_SendData)
    UartGiveBackPlayloadBuf                  0x08001abb   Thumb Code    18  drive_uart.o(i.UartGiveBackPlayloadBuf)
    View_init                                0x08001dc1   Thumb Code     8  glyph.o(i.View_init)
    View_test                                0x08001dc9   Thumb Code     8  glyph.o(i.View_test)
    __0printf$5                              0x08001dd1   Thumb Code    22  printf5.o(i.__0printf$5)
    __1printf$5                              0x08001dd1   Thumb Code     0  printf5.o(i.__0printf$5)
    __2printf                                0x08001dd1   Thumb Code     0  printf5.o(i.__0printf$5)
    __0sprintf$5                             0x08001df1   Thumb Code    34  printf5.o(i.__0sprintf$5)
    __1sprintf$5                             0x08001df1   Thumb Code     0  printf5.o(i.__0sprintf$5)
    __2sprintf                               0x08001df1   Thumb Code     0  printf5.o(i.__0sprintf$5)
    __aeabi_errno_addr                       0x08001e19   Thumb Code     4  errno.o(i.__aeabi_errno_addr)
    __rt_errno_addr                          0x08001e19   Thumb Code     0  errno.o(i.__aeabi_errno_addr)
    __scatterload_copy                       0x08001e21   Thumb Code    14  handlers.o(i.__scatterload_copy)
    __scatterload_null                       0x08001e2f   Thumb Code     2  handlers.o(i.__scatterload_null)
    __scatterload_zeroinit                   0x08001e31   Thumb Code    14  handlers.o(i.__scatterload_zeroinit)
    _init_box                                0x08001e3f   Thumb Code    70  rt_membox.o(i._init_box)
    dbg_init                                 0x08002151   Thumb Code    34  hal_cm.o(i.dbg_init)
    dbg_task_notify                          0x08002181   Thumb Code    32  hal_cm.o(i.dbg_task_notify)
    dbg_task_switch                          0x080021a1   Thumb Code    16  hal_cm.o(i.dbg_task_switch)
    delay_1u                                 0x080021b1   Thumb Code    14  nokia_5110.o(i.delay_1u)
    driveUart_ctor                           0x080021c1   Thumb Code    54  drive_uart.o(i.driveUart_ctor)
    driveUart_new                            0x08002229   Thumb Code    26  drive_uart.o(i.driveUart_new)
    fputc                                    0x08002245   Thumb Code    32  main.o(i.fputc)
    free                                     0x08002269   Thumb Code    76  malloc.o(i.free)
    free_playloadbuf                         0x080022b9   Thumb Code    84  ping_pongbuf.o(i.free_playloadbuf)
    get_loadbuflen                           0x0800230d   Thumb Code     8  ping_pongbuf.o(i.get_loadbuflen)
    get_playloadbuf                          0x08002315   Thumb Code     6  ping_pongbuf.o(i.get_playloadbuf)
    init_pingponfbuf                         0x0800231b   Thumb Code    74  ping_pongbuf.o(i.init_pingponfbuf)
    isrMessageGet                            0x08002365   Thumb Code    42  rt_cmsis.o(i.isrMessageGet)
    isrMessagePut                            0x0800238f   Thumb Code    44  rt_cmsis.o(i.isrMessagePut)
    isrSemaphoreRelease                      0x080023bb   Thumb Code    40  rt_cmsis.o(i.isrSemaphoreRelease)
    isr_mbx_receive                          0x080023e5   Thumb Code    82  rt_mailbox.o(i.isr_mbx_receive)
    isr_mbx_send                             0x08002437   Thumb Code    14  rt_mailbox.o(i.isr_mbx_send)
    isr_sem_send                             0x08002445   Thumb Code    16  rt_semaphore.o(i.isr_sem_send)
    main                                     0x08002455   Thumb Code   174  main.o(i.main)
    malloc                                   0x0800256d   Thumb Code    92  malloc.o(i.malloc)
    osDelay                                  0x080025d9   Thumb Code    18  rt_cmsis.o(i.osDelay)
    osKernelInitialize                       0x080025f1   Thumb Code    30  rt_cmsis.o(i.osKernelInitialize)
    osKernelStart                            0x08002615   Thumb Code    98  rt_cmsis.o(i.osKernelStart)
    osMessageGet                             0x08002681   Thumb Code    18  rt_cmsis.o(i.osMessageGet)
    osSemaphoreCreate                        0x08002699   Thumb Code    38  rt_cmsis.o(i.osSemaphoreCreate)
    osSemaphoreDelete                        0x080026c9   Thumb Code    18  rt_cmsis.o(i.osSemaphoreDelete)
    osSemaphoreRelease                       0x080026e1   Thumb Code    18  rt_cmsis.o(i.osSemaphoreRelease)
    osSemaphoreWait                          0x080026f9   Thumb Code    20  rt_cmsis.o(i.osSemaphoreWait)
    osThreadCreate                           0x08002711   Thumb Code    38  rt_cmsis.o(i.osThreadCreate)
    osThreadExit                             0x08002741   Thumb Code    14  rt_cmsis.o(i.osThreadExit)
    osTimerCall                              0x08002759   Thumb Code     8  rt_cmsis.o(i.osTimerCall)
    osTimerThread                            0x08002765   Thumb Code    38  rt_cmsis.o(i.osTimerThread)
    os_error                                 0x08002791   Thumb Code    34  rtx_conf_cm.o(i.os_error)
    os_idle_demon                            0x080027b3   Thumb Code     4  rtx_conf_cm.o(i.os_idle_demon)
    os_tick_init                             0x080027b9   Thumb Code    32  rt_system.o(i.os_tick_init)
    os_tick_irqack                           0x080027e1   Thumb Code     2  rt_system.o(i.os_tick_irqack)
    rt_alloc_box                             0x080027e3   Thumb Code    26  rt_membox.o(i.rt_alloc_box)
    rt_alloc_mem                             0x080027fd   Thumb Code    62  rt_memory.o(i.rt_alloc_mem)
    rt_block                                 0x0800283d   Thumb Code    48  rt_task.o(i.rt_block)
    rt_chk_robin                             0x08002875   Thumb Code    60  rt_robin.o(i.rt_chk_robin)
    rt_dec_dly                               0x080028bd   Thumb Code   102  rt_list.o(i.rt_dec_dly)
    rt_dispatch                              0x0800292d   Thumb Code    60  rt_task.o(i.rt_dispatch)
    rt_dly_wait                              0x08002971   Thumb Code     6  rt_time.o(i.rt_dly_wait)
    rt_evt_psh                               0x08002979   Thumb Code    76  rt_event.o(i.rt_evt_psh)
    rt_free_box                              0x080029c9   Thumb Code    44  rt_membox.o(i.rt_free_box)
    rt_free_mem                              0x080029f5   Thumb Code    40  rt_memory.o(i.rt_free_mem)
    rt_get_first                             0x08002a1d   Thumb Code    40  rt_list.o(i.rt_get_first)
    rt_init_mem                              0x08002a95   Thumb Code    26  rt_memory.o(i.rt_init_mem)
    rt_init_robin                            0x08002ab1   Thumb Code    14  rt_robin.o(i.rt_init_robin)
    rt_init_stack                            0x08002ac9   Thumb Code   118  hal_cm.o(i.rt_init_stack)
    rt_mbx_check                             0x08002b49   Thumb Code     8  rt_mailbox.o(i.rt_mbx_check)
    rt_mbx_init                              0x08002b51   Thumb Code    26  rt_mailbox.o(i.rt_mbx_init)
    rt_mbx_psh                               0x08002b6d   Thumb Code   236  rt_mailbox.o(i.rt_mbx_psh)
    rt_mbx_wait                              0x08002c5d   Thumb Code   174  rt_mailbox.o(i.rt_mbx_wait)
    rt_pop_req                               0x08002d55   Thumb Code   112  rt_system.o(i.rt_pop_req)
    rt_psh_req                               0x08002dd1   Thumb Code    22  rt_system.o(i.rt_psh_req)
    rt_psq_enq                               0x08002df1   Thumb Code    88  rt_list.o(i.rt_psq_enq)
    rt_put_dly                               0x08002e4d   Thumb Code    68  rt_list.o(i.rt_put_dly)
    rt_put_prio                              0x08002e95   Thumb Code    54  rt_list.o(i.rt_put_prio)
    rt_put_rdy_first                         0x08002ecd   Thumb Code    14  rt_list.o(i.rt_put_rdy_first)
    rt_resort_prio                           0x08002ee1   Thumb Code    46  rt_list.o(i.rt_resort_prio)
    rt_ret_val                               0x08002f15   Thumb Code     6  hal_cm.o(i.rt_ret_val)
    rt_ret_val2                              0x08002f1b   Thumb Code     8  hal_cm.o(i.rt_ret_val2)
    rt_rmv_dly                               0x08002f23   Thumb Code    40  rt_list.o(i.rt_rmv_dly)
    rt_rmv_list                              0x08002f4d   Thumb Code    44  rt_list.o(i.rt_rmv_list)
    rt_sem_delete                            0x08002f7d   Thumb Code    84  rt_semaphore.o(i.rt_sem_delete)
    rt_sem_init                              0x08002fd9   Thumb Code    12  rt_semaphore.o(i.rt_sem_init)
    rt_sem_psh                               0x08002fe5   Thumb Code    48  rt_semaphore.o(i.rt_sem_psh)
    rt_sem_send                              0x08003019   Thumb Code    42  rt_semaphore.o(i.rt_sem_send)
    rt_sem_wait                              0x08003045   Thumb Code    58  rt_semaphore.o(i.rt_sem_wait)
    rt_stk_check                             0x08003085   Thumb Code    28  rt_system.o(i.rt_stk_check)
    rt_switch_req                            0x080030a9   Thumb Code    30  rt_task.o(i.rt_switch_req)
    rt_sys_init                              0x080030d1   Thumb Code   138  rt_task.o(i.rt_sys_init)
    rt_sys_start                             0x0800319d   Thumb Code   110  rt_task.o(i.rt_sys_start)
    rt_systick                               0x08003215   Thumb Code    50  rt_system.o(i.rt_systick)
    rt_tsk_create                            0x0800329d   Thumb Code   120  rt_task.o(i.rt_tsk_create)
    rt_tsk_delete                            0x08003325   Thumb Code   346  rt_task.o(i.rt_tsk_delete)
    rt_tsk_prio                              0x0800349d   Thumb Code   108  rt_task.o(i.rt_tsk_prio)
    rt_tsk_self                              0x08003519   Thumb Code    12  rt_task.o(i.rt_tsk_self)
    svcDelay                                 0x08003529   Thumb Code    18  rt_cmsis.o(i.svcDelay)
    svcKernelInitialize                      0x0800353d   Thumb Code    80  rt_cmsis.o(i.svcKernelInitialize)
    svcKernelStart                           0x080035ad   Thumb Code    62  rt_cmsis.o(i.svcKernelStart)
    svcMessageCreate                         0x080035f5   Thumb Code    36  rt_cmsis.o(i.svcMessageCreate)
    svcMessageGet                            0x08003619   Thumb Code    58  rt_cmsis.o(i.svcMessageGet)
    svcSemaphoreCreate                       0x08003653   Thumb Code    36  rt_cmsis.o(i.svcSemaphoreCreate)
    svcSemaphoreDelete                       0x08003677   Thumb Code    26  rt_cmsis.o(i.svcSemaphoreDelete)
    svcSemaphoreRelease                      0x08003691   Thumb Code    40  rt_cmsis.o(i.svcSemaphoreRelease)
    svcSemaphoreWait                         0x080036b9   Thumb Code    50  rt_cmsis.o(i.svcSemaphoreWait)
    svcThreadCreate                          0x080036ed   Thumb Code   100  rt_cmsis.o(i.svcThreadCreate)
    svcThreadGetId                           0x0800375d   Thumb Code    22  rt_cmsis.o(i.svcThreadGetId)
    svcThreadTerminate                       0x08003779   Thumb Code    50  rt_cmsis.o(i.svcThreadTerminate)
    svcTimerCall                             0x080037b1   Thumb Code    24  rt_cmsis.o(i.svcTimerCall)
    switch_receivebuf                        0x080037c9   Thumb Code    80  ping_pongbuf.o(i.switch_receivebuf)
    sysTimerTick                             0x08003819   Thumb Code    84  rt_cmsis.o(i.sysTimerTick)
    os_semaphore_def_driUart2RxSemaphore     0x08003874   Data           4  dev_uart2.o(.constdata)
    os_semaphore_def_driUart2TxSemaphore     0x08003878   Data           4  dev_uart2.o(.constdata)
    os_maxtaskrun                            0x0800387c   Data           2  rtx_conf_cm.o(.constdata)
    os_stackinfo                             0x08003880   Data           4  rtx_conf_cm.o(.constdata)
    os_rrobin                                0x08003884   Data           4  rtx_conf_cm.o(.constdata)
    os_tickfreq                              0x08003888   Data           4  rtx_conf_cm.o(.constdata)
    os_tickus_i                              0x0800388c   Data           2  rtx_conf_cm.o(.constdata)
    os_tickus_f                              0x0800388e   Data           2  rtx_conf_cm.o(.constdata)
    os_trv                                   0x08003890   Data           4  rtx_conf_cm.o(.constdata)
    os_flags                                 0x08003894   Data           1  rtx_conf_cm.o(.constdata)
    CMSIS_RTOS_API_Version                   0x08003898   Data           4  rtx_conf_cm.o(.constdata)
    CMSIS_RTOS_RTX_Version                   0x0800389c   Data           4  rtx_conf_cm.o(.constdata)
    os_clockrate                             0x080038a0   Data           4  rtx_conf_cm.o(.constdata)
    os_timernum                              0x080038a4   Data           4  rtx_conf_cm.o(.constdata)
    mp_tcb_size                              0x080038a8   Data           2  rtx_conf_cm.o(.constdata)
    mp_stk_size                              0x080038ac   Data           4  rtx_conf_cm.o(.constdata)
    os_stack_sz                              0x080038b0   Data           4  rtx_conf_cm.o(.constdata)
    os_fifo_size                             0x080038b4   Data           1  rtx_conf_cm.o(.constdata)
    os_thread_def_osTimerThread              0x080038b8   Data          16  rtx_conf_cm.o(.constdata)
    os_messageQ_def_osTimerMessageQ          0x080038c8   Data           8  rtx_conf_cm.o(.constdata)
    mp_tmr_size                              0x080038d0   Data           2  rtx_conf_cm.o(.constdata)
    __ctype_table                            0x080038d2   Data         129  ctype_o.o(.constdata)
    Region$$Table$$Base                      0x08003988   Number         0  anon$$obj.o(Region$$Table)
    Region$$Table$$Limit                     0x080039a8   Number         0  anon$$obj.o(Region$$Table)
    g_majorVer                               0x20000000   Data           2  main.o(.data)
    g_childVer                               0x20000002   Data           2  main.o(.data)
    g_DmaUart2                               0x20000004   Data          24  hardwareconfig.o(.data)
    g_Cfg_Uart2                              0x2000001c   Data          16  hardwareconfig.o(.data)
    g_confUart2                              0x2000002c   Data          12  hardwareconfig.o(.data)
    months                                   0x20000038   Data          48  marco.o(.data)
    font6x8                                  0x20000068   Data         552  nokia_5110.o(.data)
    write_chinese                            0x20000290   Data         552  nokia_5110.o(.data)
    move_chinese_string                      0x200004b8   Data         456  nokia_5110.o(.data)
    I_sendDev                                0x20000680   Data           4  dev_lcdusartgpu.o(.data)
    g_IUsartGpu                              0x20000684   Data          16  dev_lcdusartgpu.o(.data)
    sid_Uart2RxSem                           0x20000698   Data           4  dev_uart2.o(.data)
    os_semaphore_cb_driUart2RxSemaphore      0x2000069c   Data           8  dev_uart2.o(.data)
    sid_Uart2TxSem                           0x200006a4   Data           4  dev_uart2.o(.data)
    os_semaphore_cb_driUart2TxSemaphore      0x200006a8   Data           8  dev_uart2.o(.data)
    myLcd                                    0x200006b0   Data           4  testglyph.o(.data)
    osThreadId_osTimerThread                 0x200006b4   Data           4  rtx_conf_cm.o(.data)
    osMessageQId_osTimerMessageQ             0x200006b8   Data           4  rtx_conf_cm.o(.data)
    os_tmr                                   0x200006bc   Data           4  rtx_conf_cm.o(.data)
    m_tmr                                    0x200006c0   Data           4  rtx_conf_cm.o(.data)
    os_thread_def_main                       0x200006c4   Data          16  rtx_conf_cm.o(.data)
    os_initialized                           0x200006e8   Data           1  rt_cmsis.o(.data)
    os_running                               0x200006e9   Data           1  rt_cmsis.o(.data)
    os_timer_head                            0x200006ec   Data           4  rt_cmsis.o(.data)
    os_tsk                                   0x200006f0   Data           8  rt_task.o(.data)
    os_tick_irqn                             0x200006fc   Data           4  rt_system.o(.data)
    os_time                                  0x20000700   Data           4  rt_time.o(.data)
    dbg_msg                                  0x20000704   Data           1  hal_cm.o(.data)
    os_robin                                 0x20000708   Data           8  rt_robin.o(.data)
    __stdout                                 0x20000710   Data           4  stdout.o(.data)
    __microlib_freelist                      0x20000714   Data           4  mvars.o(.data)
    __microlib_freelist_initialised          0x20000718   Data           4  mvars.o(.data)
    appBuf                                   0x20000720   Data          64  main.o(.bss)
    mp_tcb                                   0x200007f0   Data         220  rtx_conf_cm.o(.bss)
    mp_stk                                   0x200008d0   Data         616  rtx_conf_cm.o(.bss)
    os_stack_mem                             0x20000b38   Data         632  rtx_conf_cm.o(.bss)
    os_fifo                                  0x20000db0   Data         132  rtx_conf_cm.o(.bss)
    os_active_TCB                            0x20000e34   Data          16  rtx_conf_cm.o(.bss)
    os_messageQ_q_osTimerMessageQ            0x20000e44   Data          32  rtx_conf_cm.o(.bss)
    os_idle_TCB                              0x20000e64   Data          52  rt_task.o(.bss)
    os_rdy                                   0x20000e98   Data          24  rt_list.o(.bss)
    os_dly                                   0x20000eb0   Data          24  rt_list.o(.bss)
    __heap_base                              0x20000ec8   Data           0  startup_stm32f10x_md.o(HEAP)
    __heap_limit                             0x20002ec8   Data           0  startup_stm32f10x_md.o(HEAP)
    __initial_sp                             0x200032c8   Data           0  startup_stm32f10x_md.o(STACK)



==============================================================================

Memory Map of the image

  Image Entry point : 0x080000ed

  Load Region LR_IROM1 (Base: 0x08000000, Size: 0x000040c8, Max: 0x00020000, ABSOLUTE, COMPRESSED[0x00003f3c])

    Execution Region ER_IROM1 (Base: 0x08000000, Size: 0x000039a8, Max: 0x00020000, ABSOLUTE)

    Base Addr    Size         Type   Attr      Idx    E Section Name        Object

    0x08000000   0x000000ec   Data   RO          976    RESET               startup_stm32f10x_md.o
    0x080000ec   0x00000000   Code   RO         3086  * .ARM.Collect$$$$00000000  mc_w.l(entry.o)
    0x080000ec   0x00000004   Code   RO         3400    .ARM.Collect$$$$00000001  mc_w.l(entry2.o)
    0x080000f0   0x00000004   Code   RO         3403    .ARM.Collect$$$$00000004  mc_w.l(entry5.o)
    0x080000f4   0x00000000   Code   RO         3405    .ARM.Collect$$$$00000008  mc_w.l(entry7b.o)
    0x080000f4   0x00000000   Code   RO         3407    .ARM.Collect$$$$0000000A  mc_w.l(entry8b.o)
    0x080000f4   0x00000000   Code   RO         3408    .ARM.Collect$$$$0000000D  mc_w.l(entry10a.o)
    0x080000f4   0x00000000   Code   RO         3410    .ARM.Collect$$$$0000000F  mc_w.l(entry11a.o)
    0x080000f4   0x00000018   Code   RO          939    .ARM.Collect$$$$000000FF  rtx_conf_cm.o
    0x0800010c   0x00000004   Code   RO         3401    .ARM.Collect$$$$00002712  mc_w.l(entry2.o)
    0x08000110   0x00000130   Code   RO         3073    .emb_text           RTX_CM3.lib(hal_cm3.o)
    0x08000240   0x00000024   Code   RO          977    .text               startup_stm32f10x_md.o
    0x08000264   0x00000062   Code   RO         3089    .text               mc_w.l(uldiv.o)
    0x080002c6   0x00000024   Code   RO         3091    .text               mc_w.l(memcpya.o)
    0x080002ea   0x00000024   Code   RO         3093    .text               mc_w.l(memseta.o)
    0x0800030e   0x00000018   Code   RO         3095    .text               mc_w.l(strcat.o)
    0x08000326   0x00000024   Code   RO         3097    .text               mc_w.l(strstr.o)
    0x0800034a   0x0000000e   Code   RO         3099    .text               mc_w.l(strlen.o)
    0x08000358   0x0000001c   Code   RO         3101    .text               mc_w.l(strcmp.o)
    0x08000374   0x00000012   Code   RO         3103    .text               mc_w.l(strcpy.o)
    0x08000386   0x0000001c   Code   RO         3396    .text               mc_w.l(calloc.o)
    0x080003a2   0x0000001a   Code   RO         3398    .text               mc_w.l(atoi.o)
    0x080003bc   0x0000001e   Code   RO         3415    .text               mc_w.l(llshl.o)
    0x080003da   0x00000020   Code   RO         3417    .text               mc_w.l(llushr.o)
    0x080003fa   0x00000070   Code   RO         3428    .text               mc_w.l(strtol.o)
    0x0800046a   0x00000002   PAD
    0x0800046c   0x00000024   Code   RO         3441    .text               mc_w.l(init.o)
    0x08000490   0x00000008   Code   RO         3445    .text               mc_w.l(ctype_o.o)
    0x08000498   0x0000009e   Code   RO         3473    .text               mc_w.l(_strtoul.o)
    0x08000536   0x0000001c   Code   RO         3477    .text               mc_w.l(_chval.o)
    0x08000552   0x00000056   Code   RO         3487    .text               mc_w.l(__dczerorl2.o)
    0x080005a8   0x00000004   Code   RO         3083    SVC_TABLE           RTX_CM3.lib(svc_table.o)
    0x080005ac   0x00000020   Code   RO          479    i.ClearLcd          dev_lcdusartgpu.o
    0x080005cc   0x0000007c   Code   RO          535    i.DMA1_Channel6_IRQHandler  drive_uart.o
    0x08000648   0x00000034   Code   RO          536    i.DMA1_Channel7_IRQHandler  drive_uart.o
    0x0800067c   0x0000001c   Code   RO         1078    i.DMA_ClearFlag     stm32f10x_dma.o
    0x08000698   0x00000018   Code   RO         1080    i.DMA_Cmd           stm32f10x_dma.o
    0x080006b0   0x0000014c   Code   RO         1081    i.DMA_DeInit        stm32f10x_dma.o
    0x080007fc   0x00000008   Code   RO         1082    i.DMA_GetCurrDataCounter  stm32f10x_dma.o
    0x08000804   0x0000002c   Code   RO         1084    i.DMA_GetITStatus   stm32f10x_dma.o
    0x08000830   0x00000012   Code   RO         1085    i.DMA_ITConfig      stm32f10x_dma.o
    0x08000842   0x0000003c   Code   RO         1086    i.DMA_Init          stm32f10x_dma.o
    0x0800087e   0x0000003a   Code   RO          716    i.DevChar_open      dev_char.o
    0x080008b8   0x0000003c   Code   RO          728    i.DevLCD_open       dev_lcd.o
    0x080008f4   0x0000000a   Code   RO          668    i.Dev_MAJORID       device.o
    0x080008fe   0x00000008   Code   RO          669    i.Dev_MINORID       device.o
    0x08000906   0x0000000a   Code   RO          670    i.Dev_TYPE          device.o
    0x08000910   0x00000038   Code   RO          747    i.Dev_Uart2_close   dev_uart2.o
    0x08000948   0x00000034   Code   RO          748    i.Dev_Uart2_ctor    dev_uart2.o
    0x0800097c   0x00000080   Code   RO          749    i.Dev_Uart2_ioctol  dev_uart2.o
    0x080009fc   0x0000001a   Code   RO          750    i.Dev_Uart2_new     dev_uart2.o
    0x08000a16   0x00000002   PAD
    0x08000a18   0x00000120   Code   RO          751    i.Dev_Uart2_open    dev_uart2.o
    0x08000b38   0x0000001c   Code   RO          752    i.Dev_Uart2_read    dev_uart2.o
    0x08000b54   0x00000020   Code   RO          753    i.Dev_Uart2_test    dev_uart2.o
    0x08000b74   0x0000001c   Code   RO          754    i.Dev_Uart2_write   dev_uart2.o
    0x08000b90   0x00000014   Code   RO          480    i.Dev_UsartInit     dev_lcdusartgpu.o
    0x08000ba4   0x00000010   Code   RO          481    i.Dev_UsartdeInit   dev_lcdusartgpu.o
    0x08000bb4   0x00000058   Code   RO          671    i.Dev_open          device.o
    0x08000c0c   0x00000116   Code   RO         1354    i.GPIO_Init         stm32f10x_gpio.o
    0x08000d22   0x00000004   Code   RO         1361    i.GPIO_ResetBits    stm32f10x_gpio.o
    0x08000d26   0x00000004   Code   RO         1362    i.GPIO_SetBits      stm32f10x_gpio.o
    0x08000d2a   0x00000002   PAD
    0x08000d2c   0x00000028   Code   RO          297    i.GetCompileDay     marco.o
    0x08000d54   0x0000004c   Code   RO          298    i.GetCompileMoth    marco.o
    0x08000da0   0x0000002c   Code   RO          482    i.GpuSend           dev_lcdusartgpu.o
    0x08000dcc   0x00000120   Code   RO          483    i.GpuWrString       dev_lcdusartgpu.o
    0x08000eec   0x00000028   Code   RO          376    i.LCD_clear         nokia_5110.o
    0x08000f14   0x00000080   Code   RO          378    i.LCD_init          nokia_5110.o
    0x08000f94   0x0000001c   Code   RO          379    i.LCD_set_XY        nokia_5110.o
    0x08000fb0   0x00000074   Code   RO          380    i.LCD_write_byte    nokia_5110.o
    0x08001024   0x00000030   Code   RO          381    i.LCD_write_char    nokia_5110.o
    0x08001054   0x00000022   Code   RO          383    i.LCD_write_english_string  nokia_5110.o
    0x08001076   0x00000002   PAD
    0x08001078   0x0000009c   Code   RO          384    i.LcdPinmux         nokia_5110.o
    0x08001114   0x00000088   Code   RO          263    i.NVIC_Configuration  intrinit.o
    0x0800119c   0x00000070   Code   RO         1030    i.NVIC_Init         misc.o
    0x0800120c   0x00000014   Code   RO         1031    i.NVIC_PriorityGroupConfig  misc.o
    0x08001220   0x00000014   Code   RO         1032    i.NVIC_SetVectorTable  misc.o
    0x08001234   0x00000036   Code   RO          236    i.OpenPrpClock      mysystemclock.o
    0x0800126a   0x00000002   PAD
    0x0800126c   0x000000a0   Code   RO          209    i.Pin_init          pinmux.o
    0x0800130c   0x00000020   Code   RO         1475    i.RCC_AHBPeriphClockCmd  stm32f10x_rcc.o
    0x0800132c   0x00000020   Code   RO         1476    i.RCC_APB1PeriphClockCmd  stm32f10x_rcc.o
    0x0800134c   0x00000020   Code   RO         1477    i.RCC_APB1PeriphResetCmd  stm32f10x_rcc.o
    0x0800136c   0x00000020   Code   RO         1478    i.RCC_APB2PeriphClockCmd  stm32f10x_rcc.o
    0x0800138c   0x00000020   Code   RO         1479    i.RCC_APB2PeriphResetCmd  stm32f10x_rcc.o
    0x080013ac   0x000000dc   Code   RO         1486    i.RCC_GetClocksFreq  stm32f10x_rcc.o
    0x08001488   0x00000008   Code   RO          984    i.SetSysClock       system_stm32f10x.o
    0x08001490   0x000000e0   Code   RO          985    i.SetSysClockTo72   system_stm32f10x.o
    0x08001570   0x00000060   Code   RO          987    i.SystemInit        system_stm32f10x.o
    0x080015d0   0x0000009c   Code   RO          888    i.TestViewShow      testglyph.o
    0x0800166c   0x00000098   Code   RO          537    i.USART2_IRQHandler  drive_uart.o
    0x08001704   0x00000018   Code   RO         1690    i.USART_Cmd         stm32f10x_usart.o
    0x0800171c   0x00000012   Code   RO         1691    i.USART_DMACmd      stm32f10x_usart.o
    0x0800172e   0x00000002   PAD
    0x08001730   0x0000009c   Code   RO         1692    i.USART_DeInit      stm32f10x_usart.o
    0x080017cc   0x0000001a   Code   RO         1693    i.USART_GetFlagStatus  stm32f10x_usart.o
    0x080017e6   0x00000054   Code   RO         1694    i.USART_GetITStatus  stm32f10x_usart.o
    0x0800183a   0x0000004a   Code   RO         1696    i.USART_ITConfig    stm32f10x_usart.o
    0x08001884   0x000000d8   Code   RO         1697    i.USART_Init        stm32f10x_usart.o
    0x0800195c   0x0000000a   Code   RO         1704    i.USART_ReceiveData  stm32f10x_usart.o
    0x08001966   0x00000008   Code   RO         1707    i.USART_SendData    stm32f10x_usart.o
    0x0800196e   0x00000002   Code   RO          755    i.Uart2LedRxHdl     dev_uart2.o
    0x08001970   0x00000002   Code   RO          756    i.Uart2LedTxHdl     dev_uart2.o
    0x08001972   0x00000002   PAD
    0x08001974   0x00000010   Code   RO          757    i.Uart2PostRxSem    dev_uart2.o
    0x08001984   0x00000010   Code   RO          758    i.Uart2PostTxSem    dev_uart2.o
    0x08001994   0x00000014   Code   RO          759    i.Uart2WaitRxSem    dev_uart2.o
    0x080019a8   0x00000014   Code   RO          760    i.Uart2WaitTxSem    dev_uart2.o
    0x080019bc   0x00000032   Code   RO          538    i.UartDeInit        drive_uart.o
    0x080019ee   0x000000cc   Code   RO          539    i.UartDma_Init      drive_uart.o
    0x08001aba   0x00000012   Code   RO          540    i.UartGiveBackPlayloadBuf  drive_uart.o
    0x08001acc   0x000000ac   Code   RO          541    i.UartInit          drive_uart.o
    0x08001b78   0x0000005e   Code   RO          542    i.UartIoctol        drive_uart.o
    0x08001bd6   0x0000006e   Code   RO          543    i.UartRead          drive_uart.o
    0x08001c44   0x0000000c   Code   RO          544    i.UartSetIdp        drive_uart.o
    0x08001c50   0x0000000c   Code   RO          545    i.UartSetLedHdl     drive_uart.o
    0x08001c5c   0x0000000c   Code   RO          546    i.UartSetPostSem    drive_uart.o
    0x08001c68   0x0000000c   Code   RO          547    i.UartSetWaitSem    drive_uart.o
    0x08001c74   0x0000003e   Code   RO          548    i.UartTakeUpPlayloadBuf  drive_uart.o
    0x08001cb2   0x00000002   PAD
    0x08001cb4   0x00000088   Code   RO          549    i.UartTest          drive_uart.o
    0x08001d3c   0x00000084   Code   RO          550    i.UartWrite         drive_uart.o
    0x08001dc0   0x00000008   Code   RO          855    i.View_init         glyph.o
    0x08001dc8   0x00000008   Code   RO          856    i.View_test         glyph.o
    0x08001dd0   0x00000020   Code   RO         3240    i.__0printf$5       mc_w.l(printf5.o)
    0x08001df0   0x00000028   Code   RO         3242    i.__0sprintf$5      mc_w.l(printf5.o)
    0x08001e18   0x00000008   Code   RO         3421    i.__aeabi_errno_addr  mc_w.l(errno.o)
    0x08001e20   0x0000000e   Code   RO         3481    i.__scatterload_copy  mc_w.l(handlers.o)
    0x08001e2e   0x00000002   Code   RO         3482    i.__scatterload_null  mc_w.l(handlers.o)
    0x08001e30   0x0000000e   Code   RO         3483    i.__scatterload_zeroinit  mc_w.l(handlers.o)
    0x08001e3e   0x00000046   Code   RO         2951    i._init_box         RTX_CM3.lib(rt_membox.o)
    0x08001e84   0x000002c0   Code   RO         3247    i._printf_core      mc_w.l(printf5.o)
    0x08002144   0x0000000a   Code   RO         3249    i._sputc            mc_w.l(printf5.o)
    0x0800214e   0x00000002   PAD
    0x08002150   0x00000030   Code   RO         3004    i.dbg_init          RTX_CM3.lib(hal_cm.o)
    0x08002180   0x00000020   Code   RO         3005    i.dbg_task_notify   RTX_CM3.lib(hal_cm.o)
    0x080021a0   0x00000010   Code   RO         3006    i.dbg_task_switch   RTX_CM3.lib(hal_cm.o)
    0x080021b0   0x0000000e   Code   RO          387    i.delay_1u          nokia_5110.o
    0x080021be   0x00000002   PAD
    0x080021c0   0x00000068   Code   RO          551    i.driveUart_ctor    drive_uart.o
    0x08002228   0x0000001a   Code   RO          552    i.driveUart_new     drive_uart.o
    0x08002242   0x00000002   PAD
    0x08002244   0x00000024   Code   RO            5    i.fputc             main.o
    0x08002268   0x00000050   Code   RO         3368    i.free              mc_w.l(malloc.o)
    0x080022b8   0x00000054   Code   RO          331    i.free_playloadbuf  ping_pongbuf.o
    0x0800230c   0x00000008   Code   RO          332    i.get_loadbuflen    ping_pongbuf.o
    0x08002314   0x00000006   Code   RO          333    i.get_playloadbuf   ping_pongbuf.o
    0x0800231a   0x0000004a   Code   RO          334    i.init_pingponfbuf  ping_pongbuf.o
    0x08002364   0x0000002a   Code   RO         1878    i.isrMessageGet     RTX_CM3.lib(rt_cmsis.o)
    0x0800238e   0x0000002c   Code   RO         1879    i.isrMessagePut     RTX_CM3.lib(rt_cmsis.o)
    0x080023ba   0x00000028   Code   RO         1880    i.isrSemaphoreRelease  RTX_CM3.lib(rt_cmsis.o)
    0x080023e2   0x00000002   PAD
    0x080023e4   0x00000052   Code   RO         2797    i.isr_mbx_receive   RTX_CM3.lib(rt_mailbox.o)
    0x08002436   0x0000000e   Code   RO         2798    i.isr_mbx_send      RTX_CM3.lib(rt_mailbox.o)
    0x08002444   0x00000010   Code   RO         2845    i.isr_sem_send      RTX_CM3.lib(rt_semaphore.o)
    0x08002454   0x00000118   Code   RO            6    i.main              main.o
    0x0800256c   0x0000006c   Code   RO         3369    i.malloc            mc_w.l(malloc.o)
    0x080025d8   0x00000018   Code   RO         1882    i.osDelay           RTX_CM3.lib(rt_cmsis.o)
    0x080025f0   0x00000024   Code   RO         1883    i.osKernelInitialize  RTX_CM3.lib(rt_cmsis.o)
    0x08002614   0x0000006c   Code   RO         1885    i.osKernelStart     RTX_CM3.lib(rt_cmsis.o)
    0x08002680   0x00000018   Code   RO         1894    i.osMessageGet      RTX_CM3.lib(rt_cmsis.o)
    0x08002698   0x00000030   Code   RO         1904    i.osSemaphoreCreate  RTX_CM3.lib(rt_cmsis.o)
    0x080026c8   0x00000018   Code   RO         1905    i.osSemaphoreDelete  RTX_CM3.lib(rt_cmsis.o)
    0x080026e0   0x00000018   Code   RO         1906    i.osSemaphoreRelease  RTX_CM3.lib(rt_cmsis.o)
    0x080026f8   0x00000018   Code   RO         1907    i.osSemaphoreWait   RTX_CM3.lib(rt_cmsis.o)
    0x08002710   0x00000030   Code   RO         1911    i.osThreadCreate    RTX_CM3.lib(rt_cmsis.o)
    0x08002740   0x00000018   Code   RO         1912    i.osThreadExit      RTX_CM3.lib(rt_cmsis.o)
    0x08002758   0x0000000c   Code   RO         1918    i.osTimerCall       RTX_CM3.lib(rt_cmsis.o)
    0x08002764   0x0000002c   Code   RO         1923    i.osTimerThread     RTX_CM3.lib(rt_cmsis.o)
    0x08002790   0x00000022   Code   RO          940    i.os_error          rtx_conf_cm.o
    0x080027b2   0x00000004   Code   RO          941    i.os_idle_demon     rtx_conf_cm.o
    0x080027b6   0x00000002   PAD
    0x080027b8   0x00000028   Code   RO         2585    i.os_tick_init      RTX_CM3.lib(rt_system.o)
    0x080027e0   0x00000002   Code   RO         2586    i.os_tick_irqack    RTX_CM3.lib(rt_system.o)
    0x080027e2   0x0000001a   Code   RO         2952    i.rt_alloc_box      RTX_CM3.lib(rt_membox.o)
    0x080027fc   0x0000003e   Code   RO         2980    i.rt_alloc_mem      RTX_CM3.lib(rt_memory.o)
    0x0800283a   0x00000002   PAD
    0x0800283c   0x00000038   Code   RO         2500    i.rt_block          RTX_CM3.lib(rt_task.o)
    0x08002874   0x00000048   Code   RO         3052    i.rt_chk_robin      RTX_CM3.lib(rt_robin.o)
    0x080028bc   0x00000070   Code   RO         2721    i.rt_dec_dly        RTX_CM3.lib(rt_list.o)
    0x0800292c   0x00000044   Code   RO         2501    i.rt_dispatch       RTX_CM3.lib(rt_task.o)
    0x08002970   0x00000006   Code   RO         2887    i.rt_dly_wait       RTX_CM3.lib(rt_time.o)
    0x08002976   0x00000002   PAD
    0x08002978   0x00000050   Code   RO         2678    i.rt_evt_psh        RTX_CM3.lib(rt_event.o)
    0x080029c8   0x0000002c   Code   RO         2953    i.rt_free_box       RTX_CM3.lib(rt_membox.o)
    0x080029f4   0x00000028   Code   RO         2981    i.rt_free_mem       RTX_CM3.lib(rt_memory.o)
    0x08002a1c   0x00000028   Code   RO         2722    i.rt_get_first      RTX_CM3.lib(rt_list.o)
    0x08002a44   0x00000008   Code   RO         1928    i.rt_id2obj         RTX_CM3.lib(rt_cmsis.o)
    0x08002a4c   0x00000048   Code   RO         2502    i.rt_init_context   RTX_CM3.lib(rt_task.o)
    0x08002a94   0x0000001a   Code   RO         2982    i.rt_init_mem       RTX_CM3.lib(rt_memory.o)
    0x08002aae   0x00000002   PAD
    0x08002ab0   0x00000018   Code   RO         3053    i.rt_init_robin     RTX_CM3.lib(rt_robin.o)
    0x08002ac8   0x00000080   Code   RO         3007    i.rt_init_stack     RTX_CM3.lib(hal_cm.o)
    0x08002b48   0x00000008   Code   RO         2799    i.rt_mbx_check      RTX_CM3.lib(rt_mailbox.o)
    0x08002b50   0x0000001a   Code   RO         2800    i.rt_mbx_init       RTX_CM3.lib(rt_mailbox.o)
    0x08002b6a   0x00000002   PAD
    0x08002b6c   0x000000f0   Code   RO         2801    i.rt_mbx_psh        RTX_CM3.lib(rt_mailbox.o)
    0x08002c5c   0x000000b4   Code   RO         2803    i.rt_mbx_wait       RTX_CM3.lib(rt_mailbox.o)
    0x08002d10   0x00000044   Code   RO         1929    i.rt_ms2tick        RTX_CM3.lib(rt_cmsis.o)
    0x08002d54   0x0000007c   Code   RO         2589    i.rt_pop_req        RTX_CM3.lib(rt_system.o)
    0x08002dd0   0x00000020   Code   RO         2590    i.rt_psh_req        RTX_CM3.lib(rt_system.o)
    0x08002df0   0x0000005c   Code   RO         2724    i.rt_psq_enq        RTX_CM3.lib(rt_list.o)
    0x08002e4c   0x00000048   Code   RO         2725    i.rt_put_dly        RTX_CM3.lib(rt_list.o)
    0x08002e94   0x00000036   Code   RO         2726    i.rt_put_prio       RTX_CM3.lib(rt_list.o)
    0x08002eca   0x00000002   PAD
    0x08002ecc   0x00000014   Code   RO         2727    i.rt_put_rdy_first  RTX_CM3.lib(rt_list.o)
    0x08002ee0   0x00000034   Code   RO         2728    i.rt_resort_prio    RTX_CM3.lib(rt_list.o)
    0x08002f14   0x00000006   Code   RO         3008    i.rt_ret_val        RTX_CM3.lib(hal_cm.o)
    0x08002f1a   0x00000008   Code   RO         3009    i.rt_ret_val2       RTX_CM3.lib(hal_cm.o)
    0x08002f22   0x00000028   Code   RO         2729    i.rt_rmv_dly        RTX_CM3.lib(rt_list.o)
    0x08002f4a   0x00000002   PAD
    0x08002f4c   0x00000030   Code   RO         2730    i.rt_rmv_list       RTX_CM3.lib(rt_list.o)
    0x08002f7c   0x0000005c   Code   RO         2846    i.rt_sem_delete     RTX_CM3.lib(rt_semaphore.o)
    0x08002fd8   0x0000000c   Code   RO         2847    i.rt_sem_init       RTX_CM3.lib(rt_semaphore.o)
    0x08002fe4   0x00000034   Code   RO         2848    i.rt_sem_psh        RTX_CM3.lib(rt_semaphore.o)
    0x08003018   0x0000002a   Code   RO         2849    i.rt_sem_send       RTX_CM3.lib(rt_semaphore.o)
    0x08003042   0x00000002   PAD
    0x08003044   0x00000040   Code   RO         2850    i.rt_sem_wait       RTX_CM3.lib(rt_semaphore.o)
    0x08003084   0x00000024   Code   RO         2592    i.rt_stk_check      RTX_CM3.lib(rt_system.o)
    0x080030a8   0x00000028   Code   RO         2503    i.rt_switch_req     RTX_CM3.lib(rt_task.o)
    0x080030d0   0x000000cc   Code   RO         2504    i.rt_sys_init       RTX_CM3.lib(rt_task.o)
    0x0800319c   0x00000078   Code   RO         2505    i.rt_sys_start      RTX_CM3.lib(rt_task.o)
    0x08003214   0x00000040   Code   RO         2594    i.rt_systick        RTX_CM3.lib(rt_system.o)
    0x08003254   0x00000012   Code   RO         1930    i.rt_tid2ptcb       RTX_CM3.lib(rt_cmsis.o)
    0x08003266   0x00000002   PAD
    0x08003268   0x00000034   Code   RO         1931    i.rt_timer_insert   RTX_CM3.lib(rt_cmsis.o)
    0x0800329c   0x00000088   Code   RO         2506    i.rt_tsk_create     RTX_CM3.lib(rt_task.o)
    0x08003324   0x00000178   Code   RO         2507    i.rt_tsk_delete     RTX_CM3.lib(rt_task.o)
    0x0800349c   0x0000007c   Code   RO         2509    i.rt_tsk_prio       RTX_CM3.lib(rt_task.o)
    0x08003518   0x00000010   Code   RO         2510    i.rt_tsk_self       RTX_CM3.lib(rt_task.o)
    0x08003528   0x00000012   Code   RO         1933    i.svcDelay          RTX_CM3.lib(rt_cmsis.o)
    0x0800353a   0x00000002   PAD
    0x0800353c   0x00000070   Code   RO         1934    i.svcKernelInitialize  RTX_CM3.lib(rt_cmsis.o)
    0x080035ac   0x00000048   Code   RO         1936    i.svcKernelStart    RTX_CM3.lib(rt_cmsis.o)
    0x080035f4   0x00000024   Code   RO         1939    i.svcMessageCreate  RTX_CM3.lib(rt_cmsis.o)
    0x08003618   0x0000003a   Code   RO         1940    i.svcMessageGet     RTX_CM3.lib(rt_cmsis.o)
    0x08003652   0x00000024   Code   RO         1947    i.svcSemaphoreCreate  RTX_CM3.lib(rt_cmsis.o)
    0x08003676   0x0000001a   Code   RO         1948    i.svcSemaphoreDelete  RTX_CM3.lib(rt_cmsis.o)
    0x08003690   0x00000028   Code   RO         1949    i.svcSemaphoreRelease  RTX_CM3.lib(rt_cmsis.o)
    0x080036b8   0x00000032   Code   RO         1950    i.svcSemaphoreWait  RTX_CM3.lib(rt_cmsis.o)
    0x080036ea   0x00000002   PAD
    0x080036ec   0x00000070   Code   RO         1954    i.svcThreadCreate   RTX_CM3.lib(rt_cmsis.o)
    0x0800375c   0x0000001c   Code   RO         1955    i.svcThreadGetId    RTX_CM3.lib(rt_cmsis.o)
    0x08003778   0x00000038   Code   RO         1958    i.svcThreadTerminate  RTX_CM3.lib(rt_cmsis.o)
    0x080037b0   0x00000018   Code   RO         1960    i.svcTimerCall      RTX_CM3.lib(rt_cmsis.o)
    0x080037c8   0x00000050   Code   RO          335    i.switch_receivebuf  ping_pongbuf.o
    0x08003818   0x0000005c   Code   RO         1969    i.sysTimerTick      RTX_CM3.lib(rt_cmsis.o)
    0x08003874   0x00000008   Data   RO          761    .constdata          dev_uart2.o
    0x0800387c   0x00000056   Data   RO          943    .constdata          rtx_conf_cm.o
    0x080038d2   0x00000081   Data   RO         3446    .constdata          mc_w.l(ctype_o.o)
    0x08003953   0x00000001   PAD
    0x08003954   0x00000004   Data   RO         3447    .constdata          mc_w.l(ctype_o.o)
    0x08003958   0x00000030   Data   RO          300    .conststring        marco.o
    0x08003988   0x00000020   Data   RO         3479    Region$$Table       anon$$obj.o


    Execution Region RW_IRAM1 (Base: 0x20000000, Size: 0x000032c8, Max: 0x00005000, ABSOLUTE, COMPRESSED[0x00000594])

    Base Addr    Size         Type   Attr      Idx    E Section Name        Object

    0x20000000   0x00000004   Data   RW            8    .data               main.o
    0x20000004   0x00000034   Data   RW          185    .data               hardwareconfig.o
    0x20000038   0x00000030   Data   RW          301    .data               marco.o
    0x20000068   0x00000618   Data   RW          389    .data               nokia_5110.o
    0x20000680   0x00000014   Data   RW          485    .data               dev_lcdusartgpu.o
    0x20000694   0x0000001c   Data   RW          762    .data               dev_uart2.o
    0x200006b0   0x00000004   Data   RW          889    .data               testglyph.o
    0x200006b4   0x00000020   Data   RW          944    .data               rtx_conf_cm.o
    0x200006d4   0x00000014   Data   RW         1506    .data               stm32f10x_rcc.o
    0x200006e8   0x00000008   Data   RW         1972    .data               RTX_CM3.lib(rt_cmsis.o)
    0x200006f0   0x00000008   Data   RW         2512    .data               RTX_CM3.lib(rt_task.o)
    0x200006f8   0x00000008   Data   RW         2597    .data               RTX_CM3.lib(rt_system.o)
    0x20000700   0x00000004   Data   RW         2891    .data               RTX_CM3.lib(rt_time.o)
    0x20000704   0x00000001   Data   RW         3010    .data               RTX_CM3.lib(hal_cm.o)
    0x20000705   0x00000003   PAD
    0x20000708   0x00000008   Data   RW         3054    .data               RTX_CM3.lib(rt_robin.o)
    0x20000710   0x00000004   Data   RW         3412    .data               mc_w.l(stdout.o)
    0x20000714   0x00000004   Data   RW         3419    .data               mc_w.l(mvars.o)
    0x20000718   0x00000004   Data   RW         3420    .data               mc_w.l(mvars.o)
    0x2000071c   0x00000004   Data   RW         3424    .data               mc_w.l(errno.o)
    0x20000720   0x00000040   Zero   RW            7    .bss                main.o
    0x20000760   0x00000080   Zero   RW          484    .bss                dev_lcdusartgpu.o
    0x200007e0   0x0000000c   Zero   RW          553    .bss                drive_uart.o
    0x200007ec   0x00000004   PAD
    0x200007f0   0x00000674   Zero   RW          942    .bss                rtx_conf_cm.o
    0x20000e64   0x00000034   Zero   RW         2511    .bss                RTX_CM3.lib(rt_task.o)
    0x20000e98   0x00000030   Zero   RW         2731    .bss                RTX_CM3.lib(rt_list.o)
    0x20000ec8   0x00002000   Zero   RW          975    HEAP                startup_stm32f10x_md.o
    0x20002ec8   0x00000400   Zero   RW          974    STACK               startup_stm32f10x_md.o


==============================================================================

Image component sizes


      Code (inc. data)   RO Data    RW Data    ZI Data      Debug   Object Name

        58          0          0          0          0       1031   dev_char.o
        60          6          0          0          0       1038   dev_lcd.o
       400        152          0         20        128       3562   dev_lcdusartgpu.o
       714        134          8         28          0      10049   dev_uart2.o
       116          0          0          0          0       3542   device.o
      1484        108          0          0         12      13613   drive_uart.o
        16          0          0          0          0        788   glyph.o
         0          0          0         52          0       1477   hardwareconfig.o
       136          4          0          0          0        541   intrinit.o
       316        110          0          4         64     251130   main.o
       116         28         48         48          0       1594   marco.o
       152         30          0          0          0       2261   misc.o
        54          0          0          0          0        435   mysystemclock.o
       564         28          0       1560          0       5392   nokia_5110.o
       252          0          0          0          0       3741   ping_pongbuf.o
       160         10          0          0          0        507   pinmux.o
        62          6         86         32       1652       7456   rtx_conf_cm.o
        36          8        236          0       9216        796   startup_stm32f10x_md.o
       514         26          0          0          0       5984   stm32f10x_dma.o
       286          0          0          0          0       3204   stm32f10x_gpio.o
       380         58          0         20          0       6420   stm32f10x_rcc.o
       616         28          0          0          0       7687   stm32f10x_usart.o
       328         28          0          0          0       1917   system_stm32f10x.o
       156         16          0          4          0       1163   testglyph.o

    ----------------------------------------------------------------------
      6996        780        410       1768      11076     335328   Object Totals
         0          0         32          0          0          0   (incl. Generated)
        20          0          0          0          4          0   (incl. Padding)

    ----------------------------------------------------------------------

      Code (inc. data)   RO Data    RW Data    ZI Data      Debug   Library Member Name

       238         24          0          1          0       3192   hal_cm.o
       304         36          0          0          0        748   hal_cm3.o
      1472        170          0          8          0      37566   rt_cmsis.o
        80          4          0          0          0        641   rt_event.o
       530         34          0          0         48       8093   rt_list.o
       550         10          0          0          0       3837   rt_mailbox.o
       140          0          0          0          0       1865   rt_membox.o
       128          0          0          0          0       2239   rt_memory.o
        96         22          0          8          0       1110   rt_robin.o
       278         18          0          0          0       3434   rt_semaphore.o
       298         52          0          8          0       6091   rt_system.o
      1212        174          0          8         52       9453   rt_task.o
         6          0          0          4          0        620   rt_time.o
         4          4          0          0          0        188   svc_table.o
        86          0          0          0          0          0   __dczerorl2.o
        28          0          0          0          0         68   _chval.o
       158          0          0          0          0         92   _strtoul.o
        26          0          0          0          0         80   atoi.o
        28          0          0          0          0         76   calloc.o
         8          4        133          0          0         68   ctype_o.o
         0          0          0          0          0          0   entry.o
         0          0          0          0          0          0   entry10a.o
         0          0          0          0          0          0   entry11a.o
         8          4          0          0          0          0   entry2.o
         4          0          0          0          0          0   entry5.o
         0          0          0          0          0          0   entry7b.o
         0          0          0          0          0          0   entry8b.o
         8          4          0          4          0         68   errno.o
        30          0          0          0          0          0   handlers.o
        36          8          0          0          0         68   init.o
        30          0          0          0          0         68   llshl.o
        32          0          0          0          0         68   llushr.o
       188         20          0          0          0        160   malloc.o
        36          0          0          0          0         68   memcpya.o
        36          0          0          0          0        108   memseta.o
         0          0          0          8          0          0   mvars.o
       786         62          0          0          0        336   printf5.o
         0          0          0          4          0          0   stdout.o
        24          0          0          0          0         68   strcat.o
        28          0          0          0          0         76   strcmp.o
        18          0          0          0          0         68   strcpy.o
        14          0          0          0          0         68   strlen.o
        36          0          0          0          0         80   strstr.o
       112          0          0          0          0         88   strtol.o
        98          0          0          0          0         92   uldiv.o

    ----------------------------------------------------------------------
      7220        650        134         56        100      80945   Library Totals
        26          0          1          3          0          0   (incl. Padding)

    ----------------------------------------------------------------------

      Code (inc. data)   RO Data    RW Data    ZI Data      Debug   Library Name

      5336        548          0         37        100      79077   RTX_CM3.lib
      1858        102        133         16          0       1868   mc_w.l

    ----------------------------------------------------------------------
      7220        650        134         56        100      80945   Library Totals

    ----------------------------------------------------------------------

==============================================================================


      Code (inc. data)   RO Data    RW Data    ZI Data      Debug   

     14216       1430        544       1824      11176     406053   Grand Totals
     14216       1430        544       1428      11176     406053   ELF Image Totals (compressed)
     14216       1430        544       1428          0          0   ROM Totals

==============================================================================

    Total RO  Size (Code + RO Data)                14760 (  14.41kB)
    Total RW  Size (RW Data + ZI Data)             13000 (  12.70kB)
    Total ROM Size (Code + RO Data + RW Data)      16188 (  15.81kB)

==============================================================================

