Component: ARM Compiler 5.05 update 1 (build 106) Tool: armlink [4d0efa]

==============================================================================

Section Cross References

    main.o(i.ThrdKeyRun) refers to rtx_depend.o(i.delay_ms) for delay_ms
    main.o(i.ThrdKeyRun) refers to rt_cmsis.o(i.osThreadYield) for osThreadYield
    main.o(i.fgetc) refers to stm32f10x_usart.o(i.USART_GetFlagStatus) for USART_GetFlagStatus
    main.o(i.fgetc) refers to stm32f10x_usart.o(i.USART_ReceiveData) for USART_ReceiveData
    main.o(i.fputc) refers to stm32f10x_usart.o(i.USART_SendData) for USART_SendData
    main.o(i.fputc) refers to stm32f10x_usart.o(i.USART_GetFlagStatus) for USART_GetFlagStatus
    main.o(i.main) refers to rt_cmsis.o(i.osKernelInitialize) for osKernelInitialize
    main.o(i.main) refers to system.o(i.System_init) for System_init
    main.o(i.main) refers to mysystemclock.o(i.OpenPrpClock) for OpenPrpClock
    main.o(i.main) refers to pinmux.o(i.Pin_init) for Pin_init
    main.o(i.main) refers to intrinit.o(i.NVIC_Configuration) for NVIC_Configuration
    main.o(i.main) refers to times.o(i.InitTimer) for InitTimer
    main.o(i.main) refers to times.o(i.clean_time_flags) for clean_time_flags
    main.o(i.main) refers to modelfactory.o(i.ModelCreate) for ModelCreate
    main.o(i.main) refers to keyboard.o(i.GetKeyInsance) for GetKeyInsance
    main.o(i.main) refers to rt_cmsis.o(i.osThreadCreate) for osThreadCreate
    main.o(i.main) refers to ctlkey.o(i.Get_CtlKey) for Get_CtlKey
    main.o(i.main) refers to hmifactory.o(i.CreateHMI) for CreateHMI
    main.o(i.main) refers to hmi.o(i.Set_flag_show) for Set_flag_show
    main.o(i.main) refers to rt_cmsis.o(i.osKernelStart) for osKernelStart
    main.o(i.main) refers to glyph.o(i.LCD_Run) for LCD_Run
    main.o(i.main) refers to rt_cmsis.o(i.osDelay) for osDelay
    main.o(i.main) refers to main.o(.constdata) for os_thread_def_ThrdKeyRun
    main.o(i.main) refers to main.o(.data) for tid_Thread_key
    main.o(.constdata) refers to main.o(i.ThrdKeyRun) for ThrdKeyRun
    semaphore.o(i.Init_Semaphore) refers to rt_cmsis.o(i.osSemaphoreCreate) for osSemaphoreCreate
    semaphore.o(i.Init_Semaphore) refers to rt_cmsis.o(i.osThreadCreate) for osThreadCreate
    semaphore.o(i.Init_Semaphore) refers to semaphore.o(.constdata) for os_semaphore_def_SampleSemaphore
    semaphore.o(i.Init_Semaphore) refers to semaphore.o(.data) for sid_Thread_Semaphore
    semaphore.o(i.Thread_Semaphore) refers to rt_cmsis.o(i.osSemaphoreWait) for osSemaphoreWait
    semaphore.o(i.Thread_Semaphore) refers to rt_cmsis.o(i.osSemaphoreRelease) for osSemaphoreRelease
    semaphore.o(i.Thread_Semaphore) refers to rt_cmsis.o(i.osThreadYield) for osThreadYield
    semaphore.o(i.Thread_Semaphore) refers to semaphore.o(.data) for sid_Thread_Semaphore
    semaphore.o(.constdata) refers to semaphore.o(i.Thread_Semaphore) for Thread_Semaphore
    semaphore.o(.constdata) refers to semaphore.o(.data) for os_semaphore_cb_SampleSemaphore
    system.o(i.Break_deal_string) refers to printf8.o(i.__0sprintf$8) for __2sprintf
    system.o(i.Disable_string) refers to printf8.o(i.__0sprintf$8) for __2sprintf
    system.o(i.Password_modify) refers to commhmi.o(i.Str_Calculations) for Str_Calculations
    system.o(i.Password_set_by_str) refers to atoi.o(.text) for atoi
    system.o(i.Password_set_by_str) refers to system.o(.bss) for g_system
    system.o(i.Str_Password_match) refers to atoi.o(.text) for atoi
    system.o(i.Str_Password_match) refers to system.o(.bss) for g_system
    system.o(i.System_default) refers to memseta.o(.text) for __aeabi_memclr4
    system.o(i.System_default) refers to system.o(.bss) for g_system
    system.o(i.System_init) refers to system.o(i.System_default) for System_default
    system.o(i.System_modify_string) refers to commhmi.o(i.Operate_in_tange) for Operate_in_tange
    system.o(i.System_modify_string) refers to printf8.o(i.__0sprintf$8) for __2sprintf
    system.o(i.System_modify_string) refers to system.o(i.Break_deal_string) for Break_deal_string
    system.o(i.System_modify_string) refers to system.o(i.Disable_string) for Disable_string
    system.o(i.System_modify_string) refers to system.o(i.System_to_string) for System_to_string
    system.o(i.System_modify_string) refers to system.o(.bss) for g_system
    system.o(i.System_modify_string) refers to system.o(.constdata) for arr_baud
    system.o(i.System_to_string) refers to printf8.o(i.__0sprintf$8) for __2sprintf
    system.o(i.System_to_string) refers to system.o(i.Break_deal_string) for Break_deal_string
    system.o(i.System_to_string) refers to system.o(i.Disable_string) for Disable_string
    system.o(i.System_to_string) refers to system.o(.bss) for g_system
    pinmux.o(i.Pin_init) refers to stm32f10x_gpio.o(i.GPIO_Init) for GPIO_Init
    pinmux.o(i.Pin_init) refers to stm32f10x_gpio.o(i.GPIO_PinRemapConfig) for GPIO_PinRemapConfig
[...]
    0x080006a6   0x00000056   Code   RO         8494    .text               mc_w.l(__dczerorl2.o)
    0x080006fc   0x00000004   Code   RO         8068    SVC_TABLE           RTX_CM3.lib(svc_table.o)
    0x08000700   0x00000034   Code   RO         4687    i.AccDay_Strategy_entry  acc_day.o
    0x08000734   0x00000034   Code   RO         4707    i.AccMonth_Strategy_entry  acc_month.o
    0x08000768   0x0000003c   Code   RO         4115    i.Accm_HMI_ctor     accumulate_hmi .o
    0x080007a4   0x00000074   Code   RO         4116    i.Accm_HMI_hide     accumulate_hmi .o
    0x08000818   0x00000174   Code   RO         4117    i.Accm_HMI_hitHandle  accumulate_hmi .o
    0x0800098c   0x00000040   Code   RO         4118    i.Accm_HMI_init_focus  accumulate_hmi .o
    0x080009cc   0x0000001a   Code   RO         4119    i.Accm_HMI_new      accumulate_hmi .o
    0x080009e6   0x00000074   Code   RO         4120    i.Accm_show_info    accumulate_hmi .o
    0x08000a5a   0x00000002   PAD
    0x08000a5c   0x000000c8   Code   RO         3993    i.Alarm_initSheet   news_alarm_hmi.o
    0x08000b24   0x00000194   Code   RO         4121    i.Alarm_initSheet   accumulate_hmi .o
    0x08000cb8   0x000000a0   Code   RO         4542    i.Als_entry         set_alarm_strategy.o
    0x08000d58   0x00000038   Code   RO         4543    i.Als_get_focusdata  set_alarm_strategy.o
    0x08000d90   0x00000074   Code   RO         4544    i.Als_init          set_alarm_strategy.o
    0x08000e04   0x0000000e   Code   RO         4545    i.Als_key_dn        set_alarm_strategy.o
    0x08000e12   0x00000006   Code   RO         4546    i.Als_key_er        set_alarm_strategy.o
    0x08000e18   0x00000038   Code   RO         4547    i.Als_key_lt        set_alarm_strategy.o
    0x08000e50   0x0000003c   Code   RO         4548    i.Als_key_rt        set_alarm_strategy.o
    0x08000e8c   0x0000000e   Code   RO         4549    i.Als_key_up        set_alarm_strategy.o
    0x08000e9a   0x00000002   PAD
    0x08000e9c   0x000000b8   Code   RO         4550    i.Als_modify        set_alarm_strategy.o
    0x08000f54   0x00000040   Code   RO         4551    i.Als_row_aux       set_alarm_strategy.o
    0x08000f94   0x00000034   Code   RO         4607    i.ArtStrategy_entry  set_arithmetic_strategy.o
    0x08000fc8   0x000001a8   Code   RO         3458    i.BarHmi_Data_update  bargraphhmi.o
    0x08001170   0x0000001e   Code   RO         3459    i.BarHmi_EnterCmdHdl  bargraphhmi.o
    0x0800118e   0x00000002   PAD
    0x08001190   0x000000c8   Code   RO         3460    i.BarHmi_HideSheet  bargraphhmi.o
    0x08001258   0x000000e0   Code   RO         3461    i.BarHmi_HitHandle  bargraphhmi.o
    0x08001338   0x00000064   Code   RO         3462    i.BarHmi_InitFouse  bargraphhmi.o
    0x0800139c   0x00000110   Code   RO         3463    i.BarHmi_InitSheet  bargraphhmi.o
    0x080014ac   0x00000098   Code   RO         3464    i.BarHmi_Init_chnSht  bargraphhmi.o
    0x08001544   0x0000001c   Code   RO         3465    i.BarHmi_Show       bargraphhmi.o
    0x08001560   0x00000084   Code   RO         3466    i.BarHmi_Util_update  bargraphhmi.o
    0x080015e4   0x00000050   Code   RO          322    i.Break_deal_string  system.o
    0x08001634   0x00000108   Code   RO         2112    i.BuInptSht         ntbutton.o
    0x0800173c   0x00000120   Code   RO         3071    i.Build_ChnSheets   mainhmi.o
    0x0800185c   0x000002cc   Code   RO         2796    i.Build_icoSheets   commhmi.o
    0x08001b28   0x00000118   Code   RO         2797    i.Build_otherSheets  commhmi.o
    0x08001c40   0x00000024   Code   RO         3627    i.Bulid_rtCurveSheet  real_time_trendhmi.o
    0x08001c64   0x0000000a   Code   RO         2113    i.Button_Get_subcnt  ntbutton.o
    0x08001c6e   0x00000002   PAD
    0x08001c70   0x0000013c   Code   RO         4473    i.ChnStrategy_entry  set_channel_strategy.o
    0x08001dac   0x0000002c   Code   RO         3185    i.CleanFocus        keyboardhmi.o
    0x08001dd8   0x00000014   Code   RO         4277    i.Clean_stripe      setting_hmi.o
    0x08001dec   0x00000044   Code   RO         1024    i.ClearLcd          dev_lcdusartgpu.o
    0x08001e30   0x00000032   Code   RO         2979    i.Clear_focus       hmi.o
    0x08001e62   0x00000002   PAD
    0x08001e64   0x00000038   Code   RO         1025    i.Cmdbuf_manager    dev_lcdusartgpu.o
    0x08001e9c   0x00000038   Code   RO         4474    i.Cns_get_focusdata  set_channel_strategy.o
    0x08001ed4   0x0000006c   Code   RO         4475    i.Cns_init          set_channel_strategy.o
    0x08001f40   0x00000040   Code   RO         4476    i.Cns_key_dn        set_channel_strategy.o
    0x08001f80   0x00000008   Code   RO         4477    i.Cns_key_er        set_channel_strategy.o
    0x08001f88   0x0000002c   Code   RO         4478    i.Cns_key_lt        set_channel_strategy.o
    0x08001fb4   0x00000030   Code   RO         4479    i.Cns_key_rt        set_channel_strategy.o
    0x08001fe4   0x00000040   Code   RO         4480    i.Cns_key_up        set_channel_strategy.o
    0x08002024   0x00000164   Code   RO         4481    i.Cns_update_content  set_channel_strategy.o
    0x08002188   0x00000038   Code   RO         4482    i.Cns_update_len    set_channel_strategy.o
    0x080021c0   0x0000001e   Code   RO         1666    i.ColorInvert       glyph.o
    0x080021de   0x00000002   PAD
    0x080021e0   0x0000005c   Code   RO         2980    i.ConposeKeyHandle  hmi.o
    0x0800223c   0x00000002   Code   RO         5216    i.Controller_ctor   controller.o
    0x0800223e   0x00000048   Code   RO         3159    i.CoordinateCalculation  format.o
    0x08002286   0x00000096   Code   RO         2963    i.CreateHMI         hmifactory.o
    0x0800231c   0x0000001c   Code   RO         5234    i.CtlKey_ctor       ctlkey.o
    0x08002338   0x0000001c   Code   RO         5235    i.CtlKey_init       ctlkey.o
    0x08002354   0x0000001a   Code   RO         5236    i.CtlKey_new        ctlkey.o
    0x0800236e   0x00000054   Code   RO         3744    i.Curve_add_point   curve.o
    0x080023c2   0x0000000e   Code   RO         3745    i.Curve_clean       curve.o
    0x080023d0   0x00000050   Code   RO         3746    i.Curve_clean_bkg   curve.o
    0x08002420   0x00000088   Code   RO         3747    i.Curve_draw        curve.o
    0x080024a8   0x000000c8   Code   RO         3748    i.Curve_draw_left_to_right  curve.o
    0x08002570   0x00000074   Code   RO         3749    i.Curve_draw_right_to_left  curve.o
    0x080025e4   0x0000001a   Code   RO         3750    i.Curve_end         curve.o
    0x080025fe   0x00000002   PAD
    0x08002600   0x00000064   Code   RO         3752    i.Curve_init        curve.o
    0x08002664   0x00000022   Code   RO         3753    i.Curve_len         curve.o
    0x08002686   0x00000016   Code   RO         3754    i.Curve_remove_earlist  curve.o
    0x0800269c   0x00000020   Code   RO         3755    i.Curve_set         curve.o
    0x080026bc   0x00000002   Code   RO         2981    i.DHitHandle        hmi.o
    0x080026be   0x00000002   PAD
    0x080026c0   0x00000040   Code   RO         1123    i.DMA1_Channel4_IRQHandler  drive_uart.o
    0x08002700   0x00000040   Code   RO         1124    i.DMA1_Channel7_IRQHandler  drive_uart.o
    0x08002740   0x0000001c   Code   RO         5437    i.DMA_ClearFlag     stm32f10x_dma.o
    0x0800275c   0x00000018   Code   RO         5439    i.DMA_Cmd           stm32f10x_dma.o
    0x08002774   0x0000014c   Code   RO         5440    i.DMA_DeInit        stm32f10x_dma.o
    0x080028c0   0x00000008   Code   RO         5441    i.DMA_GetCurrDataCounter  stm32f10x_dma.o
    0x080028c8   0x0000002c   Code   RO         5443    i.DMA_GetITStatus   stm32f10x_dma.o
    0x080028f4   0x00000012   Code   RO         5444    i.DMA_ITConfig      stm32f10x_dma.o
    0x08002906   0x0000003c   Code   RO         5445    i.DMA_Init          stm32f10x_dma.o
    0x08002942   0x00000002   PAD
    0x08002944   0x000000b8   Code   RO         3545    i.DataHmi_Alarm_update  datahmi.o
    0x080029fc   0x000000bc   Code   RO         3546    i.DataHmi_Data_update  datahmi.o
    0x08002ab8   0x0000001e   Code   RO         3547    i.DataHmi_EnterCmdHdl  datahmi.o
    0x08002ad6   0x00000002   PAD
    0x08002ad8   0x00000078   Code   RO         3548    i.DataHmi_HideSheet  datahmi.o
    0x08002b50   0x0000003c   Code   RO         3549    i.DataHmi_HitHandle  datahmi.o
    0x08002b8c   0x000000a4   Code   RO         3550    i.DataHmi_InitSheet  datahmi.o
    0x08002c30   0x000000a8   Code   RO         3551    i.DataHmi_Init_chnSht  datahmi.o
    0x08002cd8   0x0000001c   Code   RO         3552    i.DataHmi_Show      datahmi.o
    0x08002cf4   0x000000c4   Code   RO         3553    i.DataHmi_Util_update  datahmi.o
    0x08002db8   0x00000034   Code   RO         4647    i.Data_bacnup_Strategy_entry  set_databackup_strategy.o
    0x08002dec   0x00000034   Code   RO         4667    i.Data_print_Strategy_entry  set_dataprint_strategy.o
    0x08002e20   0x00000044   Code   RO         1458    i.DevChar_open      dev_char.o
    0x08002e64   0x00000006   Code   RO         1595    i.DevGpioClose      device_gpio.o
    0x08002e6a   0x00000058   Code   RO         1596    i.DevGpioIoctol     device_gpio.o
    0x08002ec2   0x00000006   Code   RO         1597    i.DevGpioOpen       device_gpio.o
    0x08002ec8   0x00000024   Code   RO         1598    i.DevGpioRead       device_gpio.o
    0x08002eec   0x00000006   Code   RO         1599    i.DevGpioTest       device_gpio.o
    0x08002ef2   0x00000006   Code   RO         1600    i.DevGpioWrite      device_gpio.o
    0x08002ef8   0x0000003c   Code   RO         1439    i.DevLCD_open       dev_lcd.o
    0x08002f34   0x0000000a   Code   RO         1394    i.Dev_MAJORID       device.o
    0x08002f3e   0x00000008   Code   RO         1395    i.Dev_MINORID       device.o
    0x08002f46   0x0000000a   Code   RO         1396    i.Dev_TYPE          device.o
    0x08002f50   0x00000034   Code   RO         1488    i.Dev_Uart_close    dev_uart.o
    0x08002f84   0x00000034   Code   RO         1489    i.Dev_Uart_ctor     dev_uart.o
    0x08002fb8   0x00000110   Code   RO         1490    i.Dev_Uart_ioctol   dev_uart.o
    0x080030c8   0x0000001a   Code   RO         1491    i.Dev_Uart_new      dev_uart.o
    0x080030e2   0x00000002   PAD
    0x080030e4   0x000000a0   Code   RO         1492    i.Dev_Uart_open     dev_uart.o
    0x08003184   0x0000001e   Code   RO         1493    i.Dev_Uart_read     dev_uart.o
    0x080031a2   0x00000020   Code   RO         1494    i.Dev_Uart_test     dev_uart.o
    0x080031c2   0x00000028   Code   RO         1495    i.Dev_Uart_write    dev_uart.o
    0x080031ea   0x00000002   PAD
    0x080031ec   0x00000024   Code   RO         1026    i.Dev_UsartInit     dev_lcdusartgpu.o
    0x08003210   0x00000014   Code   RO         1027    i.Dev_UsartdeInit   dev_lcdusartgpu.o
    0x08003224   0x00000058   Code   RO         1397    i.Dev_open          device.o
    0x0800327c   0x0000002c   Code   RO          323    i.Disable_string    system.o
    0x080032a8   0x00000012   Code   RO         4873    i.DoUpdate          model.o
    0x080032ba   0x00000002   PAD
    0x080032bc   0x0000007c   Code   RO         3186    i.DrawFocus         keyboardhmi.o
    0x08003338   0x00000002   Code   RO         1668    i.Draw_self         glyph.o
    0x0800333a   0x00000002   PAD
    0x0800333c   0x00000018   Code   RO         1271    i.EXTI0_IRQHandler  drive_gpio.o
    0x08003354   0x000000a4   Code   RO         1272    i.EXTI15_10_IRQHandler  drive_gpio.o
    0x080033f8   0x00000018   Code   RO         1273    i.EXTI1_IRQHandler  drive_gpio.o
    0x08003410   0x00000018   Code   RO         1274    i.EXTI2_IRQHandler  drive_gpio.o
    0x08003428   0x00000018   Code   RO         1275    i.EXTI3_IRQHandler  drive_gpio.o
    0x08003440   0x00000018   Code   RO         1276    i.EXTI4_IRQHandler  drive_gpio.o
    0x08003458   0x00000080   Code   RO         1277    i.EXTI9_5_IRQHandler  drive_gpio.o
    0x080034d8   0x0000000c   Code   RO         5522    i.EXTI_ClearITPendingBit  stm32f10x_exti.o
    0x080034e4   0x00000028   Code   RO         5526    i.EXTI_GetITStatus  stm32f10x_exti.o
    0x0800350c   0x00000094   Code   RO         5527    i.EXTI_Init         stm32f10x_exti.o
    0x080035a0   0x00000010   Code   RO         5528    i.EXTI_StructInit   stm32f10x_exti.o
    0x080035b0   0x00000032   Code   RO         3187    i.Edit_init         keyboardhmi.o
    0x080035e2   0x00000038   Code   RO         3188    i.Edit_pop          keyboardhmi.o
    0x0800361a   0x0000004e   Code   RO         3189    i.Edit_push         keyboardhmi.o
    0x08003668   0x00000012   Code   RO         2035    i.Eliminate_char    reader.o
    0x0800367a   0x00000002   PAD
    0x0800367c   0x000000fc   Code   RO          603    i.Except_raise      except.o
    0x08003778   0x00000118   Code   RO         2076    i.ExpCreate         expfactory.o
    0x08003890   0x00000014   Code   RO         1940    i.Expr_ctor         expression.o
    0x080038a4   0x0000003e   Code   RO         1278    i.ExtiIrq           drive_gpio.o
    0x080038e2   0x00000002   PAD
    0x080038e4   0x0000000c   Code   RO         1669    i.Flush_LCD         glyph.o
    0x080038f0   0x00000040   Code   RO         3190    i.FocusKey_move     keyboardhmi.o
    0x08003930   0x00000034   Code   RO         3840    i.Focus_Get_focus   focus.o
    0x08003964   0x0000002c   Code   RO         3841    i.Focus_Get_sht     focus.o
    0x08003990   0x00000012   Code   RO         3842    i.Focus_Set_focus   focus.o
    0x080039a2   0x00000002   PAD
    0x080039a4   0x00000030   Code   RO         3843    i.Focus_Set_sht     focus.o
    0x080039d4   0x00000078   Code   RO         3844    i.Focus_alloc       focus.o
    0x08003a4c   0x00000058   Code   RO         3845    i.Focus_find        focus.o
    0x08003aa4   0x00000054   Code   RO         3846    i.Focus_free        focus.o
    0x08003af8   0x00000024   Code   RO         3847    i.Focus_init        focus.o
    0x08003b1c   0x00000014   Code   RO         3848    i.Focus_move_down   focus.o
    0x08003b30   0x00000016   Code   RO         3849    i.Focus_move_left   focus.o
    0x08003b46   0x00000014   Code   RO         3850    i.Focus_move_right  focus.o
    0x08003b5a   0x00000014   Code   RO         3851    i.Focus_move_up     focus.o
    0x08003b6e   0x00000002   PAD
    0x08003b70   0x0000021c   Code   RO         3160    i.FormatSheet       format.o
    0x08003d8c   0x000000d4   Code   RO         3161    i.FormatSheetSub    format.o
    0x08003e60   0x00000040   Code   RO         5776    i.GPIO_EXTILineConfig  stm32f10x_gpio.o
    0x08003ea0   0x00000116   Code   RO         5779    i.GPIO_Init         stm32f10x_gpio.o
    0x08003fb6   0x00000002   PAD
    0x08003fb8   0x00000090   Code   RO         5781    i.GPIO_PinRemapConfig  stm32f10x_gpio.o
    0x08004048   0x00000012   Code   RO         5783    i.GPIO_ReadInputDataBit  stm32f10x_gpio.o
    0x0800405a   0x00000004   Code   RO         5786    i.GPIO_ResetBits    stm32f10x_gpio.o
    0x0800405e   0x00000004   Code   RO         5787    i.GPIO_SetBits      stm32f10x_gpio.o
    0x08004062   0x00000002   PAD
    0x08004064   0x0000007c   Code   RO         2220    i.GeoInptSht        geometricsexpr.o
    0x080040e0   0x00000076   Code   RO         2036    i.GetAttribute      reader.o
    0x08004156   0x00000002   PAD
    0x08004158   0x0000001c   Code   RO         2798    i.GetCmmHMI         commhmi.o
    0x08004174   0x00000028   Code   RO          524    i.GetCompileDay     marco.o
    0x0800419c   0x0000004c   Code   RO          525    i.GetCompileMoth    marco.o
    0x080041e8   0x0000001c   Code   RO         2221    i.GetGmtrExpr       geometricsexpr.o
    0x08004204   0x0000001c   Code   RO         2439    i.GetKeyInsance     keyboard.o
    0x08004220   0x000000a4   Code   RO         1670    i.GetKeyVal         glyph.o
    0x080042c4   0x00000056   Code   RO         2037    i.GetName           reader.o
    0x0800431a   0x00000002   PAD
    0x0800431c   0x00000048   Code   RO         2038    i.GetNameVale       reader.o
    0x08004364   0x0000001c   Code   RO         2114    i.GetNtButton       ntbutton.o
    0x08004380   0x0000001c   Code   RO         2251    i.GetNtGrid         ntgrid.o
    0x0800439c   0x0000001c   Code   RO         2186    i.GetNtInput        ntinput.o
    0x080043b8   0x0000001c   Code   RO         2282    i.GetPictExpr       picexpr.o
    0x080043d4   0x0000000c   Code   RO         1028    i.GetScrnSize       dev_lcdusartgpu.o
    0x080043e0   0x00000038   Code   RO         2669    i.GetShtctl         sheet.o
    0x08004418   0x0000001c   Code   RO         1994    i.GetTxtExpr        txtexpr.o
    0x08004434   0x00000018   Code   RO         3191    i.GetVKeyVal        keyboardhmi.o
    0x0800444c   0x00000028   Code   RO         4122    i.Get_Accm_HMI      accumulate_hmi .o
    0x08004474   0x0000001c   Code   RO         5237    i.Get_CtlKey        ctlkey.o
    0x08004490   0x0000006c   Code   RO         1601    i.Get_DevGpio       device_gpio.o
    0x080044fc   0x00000108   Code   RO         1496    i.Get_DevUart       dev_uart.o
    0x08004604   0x0000001c   Code   RO         1877    i.Get_GhNone        gh_none.o
    0x08004620   0x0000001c   Code   RO         1906    i.Get_GhPic         gh_pic.o
    0x0800463c   0x0000001c   Code   RO         1843    i.Get_GhRectangle   gh_rectangle.o
    0x08004658   0x0000001c   Code   RO         1804    i.Get_GhTxt         gh_txt.o
    0x08004674   0x00000028   Code   RO         5081    i.Get_ModeTest      modeltest.o
    0x0800469c   0x00000044   Code   RO         5129    i.Get_Mode_chn      model_channel.o
    0x080046e0   0x00000028   Code   RO         3922    i.Get_NewSlct_HMI   news_select_hmi.o
    0x08004708   0x00000028   Code   RO         3994    i.Get_News_Alarm_HMI  news_alarm_hmi.o
    0x08004730   0x00000028   Code   RO         4054    i.Get_PwrDn_HMI     news_power_down_hmi.o
    0x08004758   0x00000028   Code   RO         3628    i.Get_RLT_trendHMI  real_time_trendhmi.o
    0x08004780   0x00000028   Code   RO         4278    i.Get_Setting_HMI   setting_hmi.o
    0x080047a8   0x00000028   Code   RO         4182    i.Get_Setup_HMI     setup_hmi.o
    0x080047d0   0x00000028   Code   RO         3467    i.Get_barGhHMI      bargraphhmi.o
    0x080047f8   0x00000028   Code   RO         3554    i.Get_dataHMI       datahmi.o
    0x08004820   0x00000028   Code   RO         3072    i.Get_mainHmi       mainhmi.o
    0x08004848   0x0000001c   Code   RO         2670    i.Get_shtDefCmd     sheet.o
    0x08004864   0x00000028   Code   RO         4727    i.Get_winHmi        windownshmi.o
    0x0800488c   0x0000001c   Code   RO         3192    i.GetkeyboardHMI    keyboardhmi.o
    0x080048a8   0x00000028   Code   RO         3381    i.GetmenuHMI        menuhmi.o
    0x080048d0   0x0000000c   Code   RO         1878    i.GhNone_ctor       gh_none.o
    0x080048dc   0x0000001a   Code   RO         1879    i.GhNone_new        gh_none.o
    0x080048f6   0x00000002   PAD
    0x080048f8   0x00000014   Code   RO         1907    i.GhPic_ctor        gh_pic.o
    0x0800490c   0x0000001a   Code   RO         1908    i.GhPic_new         gh_pic.o
    0x08004926   0x00000002   PAD
    0x08004928   0x000000b0   Code   RO         1909    i.GhPic_vDraw       gh_pic.o
    0x080049d8   0x00000120   Code   RO         1844    i.GhRec_vDraw       gh_rectangle.o
    0x08004af8   0x00000014   Code   RO         1845    i.GhRectangle_ctor  gh_rectangle.o
    0x08004b0c   0x0000001a   Code   RO         1846    i.GhRectangle_new   gh_rectangle.o
    0x08004b26   0x00000002   PAD
    0x08004b28   0x00000024   Code   RO         1805    i.GhTxt_GetSize     gh_txt.o
    0x08004b4c   0x0000001c   Code   RO         1806    i.GhTxt_ctor        gh_txt.o
    0x08004b68   0x0000001a   Code   RO         1807    i.GhTxt_new         gh_txt.o
    0x08004b82   0x00000002   PAD
    0x08004b84   0x00000078   Code   RO         1808    i.GhTxt_vDraw       gh_txt.o
    0x08004bfc   0x0000001c   Code   RO         1671    i.Glyph_ctor        glyph.o
    0x08004c18   0x00000014   Code   RO         2222    i.GmtrExpr_ctor     geometricsexpr.o
    0x08004c2c   0x0000001a   Code   RO         2223    i.GmtrExpr_new      geometricsexpr.o
    0x08004c46   0x00000008   Code   RO         1279    i.GpioDeInit        drive_gpio.o
    0x08004c4e   0x00000002   PAD
    0x08004c50   0x0000008c   Code   RO         1280    i.GpioInit          drive_gpio.o
    0x08004cdc   0x00000016   Code   RO         1281    i.GpioRead          drive_gpio.o
    0x08004cf2   0x00000004   Code   RO         1282    i.GpioSetEncode     drive_gpio.o
    0x08004cf6   0x00000004   Code   RO         1283    i.GpioSetIrqHdl     drive_gpio.o
    0x08004cfa   0x00000006   Code   RO         1284    i.GpioTest          drive_gpio.o
    0x08004d00   0x00000006   Code   RO         1285    i.GpioWrite         drive_gpio.o
    0x08004d06   0x00000002   PAD
    0x08004d08   0x00000048   Code   RO         1029    i.GpuBKColor        dev_lcdusartgpu.o
    0x08004d50   0x00000068   Code   RO         1030    i.GpuBPic           dev_lcdusartgpu.o
    0x08004db8   0x000000bc   Code   RO         1031    i.GpuBox            dev_lcdusartgpu.o
    0x08004e74   0x0000006c   Code   RO         1032    i.GpuCutPicture     dev_lcdusartgpu.o
    0x08004ee0   0x0000002c   Code   RO         1033    i.GpuDone           dev_lcdusartgpu.o
    0x08004f0c   0x00000064   Code   RO         1034    i.GpuIcon           dev_lcdusartgpu.o
    0x08004f70   0x0000010c   Code   RO         1035    i.GpuLabel          dev_lcdusartgpu.o
    0x0800507c   0x0000004c   Code   RO         1036    i.GpuPic            dev_lcdusartgpu.o
    0x080050c8   0x00000088   Code   RO         1037    i.GpuSend           dev_lcdusartgpu.o
    0x08005150   0x0000005e   Code   RO         1038    i.GpuStrSize        dev_lcdusartgpu.o
    0x080051ae   0x00000002   PAD
    0x080051b0   0x000000f0   Code   RO         1039    i.GpuWrString       dev_lcdusartgpu.o
    0x080052a0   0x00000054   Code   RO         2982    i.HMI_ctor          hmi.o
    0x080052f4   0x00000004   Code   RO            4    i.HardFault_Handler  main.o
    0x080052f8   0x00000002   Code   RO         2983    i.HitHandle         hmi.o
    0x080052fa   0x00000002   Code   RO         2984    i.HmiShow           hmi.o
    0x080052fc   0x00000006   Code   RO         1672    i.Init              glyph.o
    0x08005302   0x00000002   PAD
    0x08005304   0x00000064   Code   RO         2554    i.InitTimer         times.o
    0x08005368   0x0000000e   Code   RO         4123    i.Init_Accm_HMI     accumulate_hmi .o
    0x08005376   0x00000006   Code   RO         3995    i.Init_News_Alarm_HMI  news_alarm_hmi.o
    0x0800537c   0x00000006   Code   RO         4055    i.Init_News_PwrDn_HMI  news_power_down_hmi.o
    0x08005382   0x00000008   Code   RO         3923    i.Init_Nws_HMI      news_select_hmi.o
    0x0800538a   0x00000002   PAD
    0x0800538c   0x000000a8   Code   RO         3629    i.Init_RT_trendHMI  real_time_trendhmi.o
    0x08005434   0x0000000e   Code   RO         4279    i.Init_Setting_HMI  setting_hmi.o
    0x08005442   0x00000006   Code   RO         4183    i.Init_Setup_HMI    setup_hmi.o
    0x08005448   0x0000006c   Code   RO         3468    i.Init_bar          bargraphhmi.o
    0x080054b4   0x00000014   Code   RO         3469    i.Init_barGhHMI     bargraphhmi.o
    0x080054c8   0x00000128   Code   RO         2799    i.Init_cmmHmi       commhmi.o
    0x080055f0   0x00000008   Code   RO         3555    i.Init_dataHMI      datahmi.o
    0x080055f8   0x00000002   Code   RO         2985    i.Init_focus        hmi.o
    0x080055fa   0x00000002   PAD
    0x080055fc   0x00000188   Code   RO         3193    i.Init_kbmHmi       keyboardhmi.o
    0x08005784   0x00000024   Code   RO         3073    i.Init_mainHmi      mainhmi.o
    0x080057a8   0x00000058   Code   RO         3382    i.Init_menuHMI      menuhmi.o
    0x08005800   0x00000006   Code   RO         4728    i.Init_winHmi       windownshmi.o
    0x08005806   0x00000002   PAD
    0x08005808   0x000000f0   Code   RO         2187    i.InputInptSht      ntinput.o
    0x080058f8   0x00000040   Code   RO         4184    i.Input_Password    setup_hmi.o
    0x08005938   0x0000002c   Code   RO         3194    i.KBHide            keyboardhmi.o
    0x08005964   0x0000002c   Code   RO         3195    i.KBInitSheet       keyboardhmi.o
    0x08005990   0x00000110   Code   RO         5238    i.KeyUpdate         ctlkey.o
    0x08005aa0   0x00000042   Code   RO         2443    i.Key_DelOb         keyboard.o
    0x08005ae2   0x0000003a   Code   RO         2444    i.Key_Run           keyboard.o
    0x08005b1c   0x00000044   Code   RO         2446    i.Key_addOb         keyboard.o
    0x08005b60   0x0000009a   Code   RO         2447    i.Key_identify_key_msg  keyboard.o
    0x08005bfa   0x00000034   Code   RO         2448    i.Key_notify        keyboard.o
    0x08005c2e   0x000000a4   Code   RO         2449    i.Key_scan_pins     keyboard.o
    0x08005cd2   0x00000002   PAD
    0x08005cd4   0x00000050   Code   RO         3196    i.KeyboardDouHitHandle  keyboardhmi.o
    0x08005d24   0x00000022   Code   RO         3197    i.KeyboardEnterCmdHdl  keyboardhmi.o
    0x08005d46   0x00000002   PAD
    0x08005d48   0x000001f0   Code   RO         3198    i.KeyboardHitHandle  keyboardhmi.o
    0x08005f38   0x00000050   Code   RO         3199    i.KeyboardLngpshHandle  keyboardhmi.o
    0x08005f88   0x0000007c   Code   RO         3200    i.KeyboardShow      keyboardhmi.o
    0x08006004   0x00000040   Code   RO         2450    i.Keyboard_ctor     keyboard.o
    0x08006044   0x00000094   Code   RO         2451    i.Keyboard_init     keyboard.o
    0x080060d8   0x0000001a   Code   RO         2452    i.Keyboard_new      keyboard.o
    0x080060f2   0x00000002   PAD
    0x080060f4   0x00000028   Code   RO         1673    i.LCD_Run           glyph.o
    0x0800611c   0x00000054   Code   RO          675    i.List_map          list.o
    0x08006170   0x00000044   Code   RO          677    i.List_push         list.o
    0x080061b4   0x00000002   Code   RO         2986    i.LngpshHandle      hmi.o
    0x080061b6   0x00000002   Code   RO         4729    i.MUS_focuse        windownshmi.o
    0x080061b8   0x00000002   Code   RO         4730    i.MUS_hide          windownshmi.o
    0x080061ba   0x00000002   Code   RO         4731    i.MUS_init          windownshmi.o
    0x080061bc   0x000000c4   Code   RO         3074    i.MainHitHandle     mainhmi.o
    0x08006280   0x000000c8   Code   RO         3075    i.MainHmiHide       mainhmi.o
    0x08006348   0x0000001c   Code   RO         3076    i.MainHmiShow       mainhmi.o
    0x08006364   0x000000bc   Code   RO         3077    i.MainHmi_Alarm_update  mainhmi.o
    0x08006420   0x000000c4   Code   RO         3078    i.MainHmi_Data_update  mainhmi.o
    0x080064e4   0x00000064   Code   RO         3079    i.MainHmi_InitFouse  mainhmi.o
    0x08006548   0x000000fc   Code   RO         3080    i.MainHmi_Init_chnShet  mainhmi.o
    0x08006644   0x000000c4   Code   RO         3081    i.MainHmi_Util_update  mainhmi.o
    0x08006708   0x000000ec   Code   RO         3082    i.MaininitSheet     mainhmi.o
    0x080067f4   0x00000024   Code   RO         5130    i.MdlChn_getData    model_channel.o
    0x08006818   0x00000074   Code   RO         5131    i.MdlChn_init       model_channel.o
    0x0800688c   0x000002f8   Code   RO         5132    i.MdlChn_modify_sconf  model_channel.o
    0x08006b84   0x00000006   Code   RO         5133    i.MdlChn_set_by_string  model_channel.o
    0x08006b8a   0x0000000a   Code   RO         5134    i.MdlChn_to_percentage  model_channel.o
    0x08006b94   0x00000210   Code   RO         5135    i.MdlChn_to_string  model_channel.o
    0x08006da4   0x00000064   Code   RO         5082    i.MdlTest_init      modeltest.o
    0x08006e08   0x0000000a   Code   RO         5083    i.MdlTest_to_percentage  modeltest.o
    0x08006e12   0x00000002   PAD
    0x08006e14   0x00000158   Code   RO         5084    i.MdlTest_to_string  modeltest.o
    0x08006f6c   0x00000050   Code   RO         5085    i.MdlTests_getData  modeltest.o
    0x08006fbc   0x00000050   Code   RO         5000    i.MdlTime_getData   modeltime.o
    0x0800700c   0x00000050   Code   RO         5001    i.MdlTime_init      modeltime.o
    0x0800705c   0x000000e0   Code   RO         5002    i.MdlTime_set_by_string  modeltime.o
    0x0800713c   0x0000003e   Code   RO         5003    i.MdlTime_text_iteartor  modeltime.o
    0x0800717a   0x00000156   Code   RO         5004    i.MdlTime_text_modify  modeltime.o
    0x080072d0   0x00000090   Code   RO         5005    i.MdlTime_to_string  modeltime.o
    0x08007360   0x00000008   Code   RO         4874    i.Mdl_addTmMdl      model.o
    0x08007368   0x00000012   Code   RO         4875    i.Mdl_attach        model.o
    0x0800737a   0x00000008   Code   RO         4876    i.Mdl_delTmMdl      model.o
    0x08007382   0x00000002   Code   RO         4877    i.Mdl_detach        model.o
    0x08007384   0x00000018   Code   RO         4878    i.Mdl_getData       model.o
    0x0800739c   0x00000014   Code   RO         4879    i.Mdl_notify        model.o
    0x080073b0   0x00000018   Code   RO         4880    i.Mdl_setData       model.o
    0x080073c8   0x0000034c   Code   RO         4882    i.Mdl_unit_to_string  model.o
    0x08007714   0x0000006c   Code   RO          629    i.Mem_alloc         mem.o
    0x08007780   0x00000080   Code   RO          630    i.Mem_calloc        mem.o
    0x08007800   0x00000028   Code   RO         3383    i.MenuClearFocuse   menuhmi.o
    0x08007828   0x0000001e   Code   RO         3384    i.MenuEnterCmdHdl   menuhmi.o
    0x08007846   0x00000002   PAD
    0x08007848   0x00000168   Code   RO         3385    i.MenuHitHandle     menuhmi.o
    0x080079b0   0x00000002   Code   RO         3386    i.MenuHmiHide       menuhmi.o
    0x080079b2   0x00000002   PAD
    0x080079b4   0x00000030   Code   RO         3387    i.MenuHmiShow       menuhmi.o
    0x080079e4   0x00000088   Code   RO         3388    i.MenuShowFocuse    menuhmi.o
    0x08007a6c   0x00000002   Code   RO         3389    i.MenuinitSheet     menuhmi.o
    0x08007a6e   0x00000002   PAD
    0x08007a70   0x0000011c   Code   RO         4965    i.ModelCreate       modelfactory.o
    0x08007b8c   0x0000002c   Code   RO         5086    i.ModelTest_ctor    modeltest.o
    0x08007bb8   0x0000001a   Code   RO         5087    i.ModelTest_new     modeltest.o
    0x08007bd2   0x00000002   PAD
    0x08007bd4   0x0000002c   Code   RO         5006    i.ModelTime_ctor    modeltime.o
    0x08007c00   0x0000001a   Code   RO         5007    i.ModelTime_new     modeltime.o
    0x08007c1a   0x00000002   PAD
    0x08007c1c   0x0000003c   Code   RO         5136    i.Model_chn_ctor    model_channel.o
    0x08007c58   0x0000001a   Code   RO         5137    i.Model_chn_new     model_channel.o
    0x08007c72   0x00000002   PAD
    0x08007c74   0x0000003c   Code   RO         4883    i.Model_ctor        model.o
    0x08007cb0   0x000000d0   Code   RO          494    i.NVIC_Configuration  intrinit.o
    0x08007d80   0x00000070   Code   RO         5389    i.NVIC_Init         misc.o
    0x08007df0   0x00000014   Code   RO         5390    i.NVIC_PriorityGroupConfig  misc.o
    0x08007e04   0x00000014   Code   RO         5391    i.NVIC_SetVectorTable  misc.o
    0x08007e18   0x0000004c   Code   RO         3924    i.NewSlct_HMI_ctor  news_select_hmi.o
    0x08007e64   0x0000001a   Code   RO         3925    i.NewSlct_HMI_new   news_select_hmi.o
    0x08007e7e   0x00000002   PAD
    0x08007e80   0x0000003c   Code   RO         3996    i.News_Alarm_HMI_ctor  news_alarm_hmi.o
    0x08007ebc   0x0000007c   Code   RO         3997    i.News_Alarm_HMI_hide  news_alarm_hmi.o
    0x08007f38   0x000000c8   Code   RO         3998    i.News_Alarm_HMI_hitHandle  news_alarm_hmi.o
    0x08008000   0x00000064   Code   RO         3999    i.News_Alarm_HMI_init_focus  news_alarm_hmi.o
    0x08008064   0x0000001a   Code   RO         4000    i.News_Alarm_HMI_new  news_alarm_hmi.o
    0x0800807e   0x00000002   PAD
    0x08008080   0x0000003c   Code   RO         4056    i.News_PwrDn_HMI_ctor  news_power_down_hmi.o
    0x080080bc   0x0000007c   Code   RO         4057    i.News_PwrDn_HMI_hide  news_power_down_hmi.o
    0x08008138   0x000000c8   Code   RO         4058    i.News_PwrDn_HMI_hitHandle  news_power_down_hmi.o
    0x08008200   0x00000064   Code   RO         4059    i.News_PwrDn_HMI_init_focus  news_power_down_hmi.o
    0x08008264   0x0000001a   Code   RO         4060    i.News_PwrDn_HMI_new  news_power_down_hmi.o
    0x0800827e   0x00000002   PAD
    0x08008280   0x00000014   Code   RO         2115    i.NtButton_ctor     ntbutton.o
    0x08008294   0x0000001a   Code   RO         2116    i.NtButton_new      ntbutton.o
    0x080082ae   0x00000002   PAD
    0x080082b0   0x0000017c   Code   RO         2252    i.NtGrid_Interpret  ntgrid.o
    0x0800842c   0x00000014   Code   RO         2253    i.NtGrid_ctor       ntgrid.o
    0x08008440   0x0000001a   Code   RO         2254    i.NtGrid_new        ntgrid.o
    0x0800845a   0x00000002   PAD
    0x0800845c   0x00000014   Code   RO         2188    i.NtInput_ctor      ntinput.o
    0x08008470   0x0000001a   Code   RO         2189    i.NtInput_new       ntinput.o
    0x0800848a   0x00000002   PAD
    0x0800848c   0x0000002c   Code   RO         3926    i.Nws_HMI_clear_focus  news_select_hmi.o
    0x080084b8   0x0000000c   Code   RO         3927    i.Nws_HMI_hide      news_select_hmi.o
    0x080084c4   0x00000104   Code   RO         3928    i.Nws_HMI_hitHandle  news_select_hmi.o
    0x080085c8   0x00000038   Code   RO         3929    i.Nws_HMI_init_focus  news_select_hmi.o
    0x08008600   0x0000005c   Code   RO         3930    i.Nws_HMI_show_focus  news_select_hmi.o
    0x0800865c   0x00000060   Code   RO         3931    i.Nws_initSheet     news_select_hmi.o
    0x080086bc   0x0000003e   Code   RO          467    i.OpenPrpClock      mysystemclock.o
    0x080086fa   0x00000022   Code   RO         2800    i.Operate_in_tange  commhmi.o
    0x0800871c   0x0000001c   Code   RO         4732    i.Password_focuse   windownshmi.o
    0x08008738   0x0000000c   Code   RO         4733    i.Password_hide     windownshmi.o
    0x08008744   0x0000002c   Code   RO         4734    i.Password_init     windownshmi.o
    0x08008770   0x0000003e   Code   RO          324    i.Password_iteartor  system.o
    0x080087ae   0x0000003e   Code   RO          325    i.Password_modify   system.o
    0x080087ec   0x00000024   Code   RO          326    i.Password_set_by_str  system.o
    0x08008810   0x00000024   Code   RO         2376    i.Pcf8563_ctor      rtc_pcf8563.o
    0x08008834   0x00000006   Code   RO         2378    i.Pcf8563_init      rtc_pcf8563.o
    0x0800883a   0x0000001a   Code   RO         2379    i.Pcf8563_new       rtc_pcf8563.o
    0x08008854   0x00000008   Code   RO         2380    i.Pcf8563_readReg   rtc_pcf8563.o
    0x0800885c   0x00000008   Code   RO         2382    i.Pcf8563_writeReg  rtc_pcf8563.o
    0x08008864   0x000000a8   Code   RO         4884    i.Pe_float          model.o
    0x0800890c   0x00000160   Code   RO         5138    i.Pe_singnaltype    model_channel.o
    0x08008a6c   0x0000002c   Code   RO         5139    i.Pe_touch_spot     model_channel.o
    0x08008a98   0x00000014   Code   RO         2283    i.PicExpr_ctor      picexpr.o
    0x08008aac   0x0000001a   Code   RO         2284    i.PicExpr_new       picexpr.o
    0x08008ac6   0x00000002   PAD
    0x08008ac8   0x000000e0   Code   RO         2285    i.PicInptSht        picexpr.o
    0x08008ba8   0x00000110   Code   RO          440    i.Pin_init          pinmux.o
    0x08008cb8   0x0000004c   Code   RO         4735    i.PopUp_focuse      windownshmi.o
    0x08008d04   0x00000032   Code   RO         4736    i.Popup_hide        windownshmi.o
    0x08008d36   0x00000002   PAD
    0x08008d38   0x00000128   Code   RO         4737    i.Popup_init        windownshmi.o
    0x08008e60   0x000000c8   Code   RO         4061    i.PwrDn_initSheet   news_power_down_hmi.o
    0x08008f28   0x00000020   Code   RO         5900    i.RCC_AHBPeriphClockCmd  stm32f10x_rcc.o
    0x08008f48   0x00000020   Code   RO         5901    i.RCC_APB1PeriphClockCmd  stm32f10x_rcc.o
    0x08008f68   0x00000020   Code   RO         5902    i.RCC_APB1PeriphResetCmd  stm32f10x_rcc.o
    0x08008f88   0x00000020   Code   RO         5903    i.RCC_APB2PeriphClockCmd  stm32f10x_rcc.o
    0x08008fa8   0x00000020   Code   RO         5904    i.RCC_APB2PeriphResetCmd  stm32f10x_rcc.o
    0x08008fc8   0x000000d4   Code   RO         5911    i.RCC_GetClocksFreq  stm32f10x_rcc.o
    0x0800909c   0x00000062   Code   RO         3757    i.RLE               curve.o
    0x080090fe   0x00000006   Code   RO         3630    i.RLTHmi_Data_update  real_time_trendhmi.o
    0x08009104   0x00000090   Code   RO         3631    i.RLTHmi_Init_chnSht  real_time_trendhmi.o
    0x08009194   0x0000004c   Code   RO         3632    i.RLT_Init_curve    real_time_trendhmi.o
    0x080091e0   0x0000005c   Code   RO         3633    i.RLT_clear_focus   real_time_trendhmi.o
    0x0800923c   0x00000020   Code   RO         3634    i.RLT_dataVisual    real_time_trendhmi.o
    0x0800925c   0x0000003c   Code   RO         3635    i.RLT_div_input     real_time_trendhmi.o
    0x08009298   0x0000005c   Code   RO         3636    i.RLT_init_focus    real_time_trendhmi.o
    0x080092f4   0x00000056   Code   RO         3637    i.RLT_show_focus    real_time_trendhmi.o
    0x0800934a   0x00000002   PAD
    0x0800934c   0x00000064   Code   RO         3638    i.RLT_trendHMI_ctor  real_time_trendhmi.o
    0x080093b0   0x0000001a   Code   RO         3639    i.RLT_trendHMI_new  real_time_trendhmi.o
    0x080093ca   0x00000002   PAD
    0x080093cc   0x00000158   Code   RO         3640    i.RLT_trendHmi_MdlUpdata  real_time_trendhmi.o
    0x08009524   0x0000001e   Code   RO         3641    i.RT_trendHmi_EnterCmdHdl  real_time_trendhmi.o
    0x08009542   0x00000002   PAD
    0x08009544   0x0000009c   Code   RO         3642    i.RT_trendHmi_HideSheet  real_time_trendhmi.o
    0x080095e0   0x00000214   Code   RO         3643    i.RT_trendHmi_HitHandle  real_time_trendhmi.o
    0x080097f4   0x0000018c   Code   RO         3644    i.RT_trendHmi_InitSheet  real_time_trendhmi.o
    0x08009980   0x00000030   Code   RO         3645    i.RT_trendHmi_Show  real_time_trendhmi.o
    0x080099b0   0x00000006   Code   RO         5140    i.Read_default_conf  model_channel.o
    0x080099b6   0x0000003e   Code   RO         2039    i.RemoveHead        reader.o
    0x080099f4   0x0000007e   Code   RO         2040    i.RemoveTail        reader.o
    0x08009a72   0x00000002   PAD
    0x08009a74   0x0000014c   Code   RO          822    i.Sem_init          rtx_depend.o
    0x08009bc0   0x00000084   Code   RO          823    i.Sem_post          rtx_depend.o
    0x08009c44   0x00000094   Code   RO          824    i.Sem_wait          rtx_depend.o
    0x08009cd8   0x00000004   Code   RO         1941    i.SetCtion          expression.o
    0x08009cdc   0x00000008   Code   RO         5343    i.SetSysClock       system_stm32f10x.o
    0x08009ce4   0x000000e0   Code   RO         5344    i.SetSysClockTo72   system_stm32f10x.o
    0x08009dc4   0x00000020   Code   RO         1942    i.SetVar            expression.o
    0x08009de4   0x00000014   Code   RO         2987    i.Set_flag_keyhandle  hmi.o
    0x08009df8   0x00000014   Code   RO         2988    i.Set_flag_show     hmi.o
    0x08009e0c   0x000001e8   Code   RO         1943    i.Set_shtAreaAtt    expression.o
    0x08009ff4   0x0000008c   Code   RO         1944    i.Set_shtContextAtt  expression.o
    0x0800a080   0x00000022   Code   RO         4280    i.Setting_HMI_add_focus  setting_hmi.o
    0x0800a0a2   0x0000003a   Code   RO         4281    i.Setting_HMI_clear_focus  setting_hmi.o
    0x0800a0dc   0x00000054   Code   RO         4282    i.Setting_HMI_ctor  setting_hmi.o
    0x0800a130   0x00000002   Code   RO         4283    i.Setting_HMI_dhit  setting_hmi.o
    0x0800a132   0x00000002   PAD
    0x0800a134   0x00000050   Code   RO         4284    i.Setting_HMI_get_focus  setting_hmi.o
    0x0800a184   0x0000005c   Code   RO         4285    i.Setting_HMI_hide  setting_hmi.o
    0x0800a1e0   0x00000280   Code   RO         4286    i.Setting_HMI_hitHandle  setting_hmi.o
    0x0800a460   0x00000074   Code   RO         4287    i.Setting_HMI_init_focus  setting_hmi.o
    0x0800a4d4   0x00000020   Code   RO         4288    i.Setting_HMI_minus_focus  setting_hmi.o
    0x0800a4f4   0x0000001a   Code   RO         4289    i.Setting_HMI_new   setting_hmi.o
    0x0800a50e   0x0000003c   Code   RO         4290    i.Setting_HMI_show_focus  setting_hmi.o
    0x0800a54a   0x00000002   PAD
    0x0800a54c   0x00000138   Code   RO         4291    i.Setting_Sy_cmd    setting_hmi.o
    0x0800a684   0x00000128   Code   RO         4292    i.Setting_initSheet  setting_hmi.o
    0x0800a7ac   0x0000009e   Code   RO         4185    i.Setup_HMI_clear_focus  setup_hmi.o
    0x0800a84a   0x00000002   PAD
    0x0800a84c   0x000000a8   Code   RO         4186    i.Setup_HMI_cmd     setup_hmi.o
    0x0800a8f4   0x0000004c   Code   RO         4187    i.Setup_HMI_ctor    setup_hmi.o
    0x0800a940   0x00000064   Code   RO         4188    i.Setup_HMI_hide    setup_hmi.o
    0x0800a9a4   0x00000124   Code   RO         4189    i.Setup_HMI_hitHandle  setup_hmi.o
    0x0800aac8   0x00000070   Code   RO         4190    i.Setup_HMI_init_focus  setup_hmi.o
    0x0800ab38   0x00000030   Code   RO         4191    i.Setup_HMI_lock    setup_hmi.o
    0x0800ab68   0x0000001a   Code   RO         4192    i.Setup_HMI_new     setup_hmi.o
    0x0800ab82   0x00000002   PAD
    0x0800ab84   0x000000a8   Code   RO         4193    i.Setup_HMI_show_focus  setup_hmi.o
    0x0800ac2c   0x00000030   Code   RO         4194    i.Setup_HMI_unlock  setup_hmi.o
    0x0800ac5c   0x0000017c   Code   RO         4195    i.Setup_initSheet   setup_hmi.o
    0x0800add8   0x00000084   Code   RO         2671    i.Sheet_alloc       sheet.o
    0x0800ae5c   0x0000001c   Code   RO         2673    i.Sheet_free        sheet.o
    0x0800ae78   0x00000012   Code   RO         2674    i.Sheet_is_hide     sheet.o
    0x0800ae8a   0x0000004c   Code   RO         2675    i.Sheet_refresh     sheet.o
    0x0800aed6   0x00000078   Code   RO         2676    i.Sheet_refreshsub  sheet.o
    0x0800af4e   0x0000002e   Code   RO         2678    i.Sheet_slide       sheet.o
    0x0800af7c   0x00000116   Code   RO         2679    i.Sheet_updown      sheet.o
    0x0800b092   0x00000002   PAD
    0x0800b094   0x00000028   Code   RO         4124    i.Show_Accm_HMI     accumulate_hmi .o
    0x0800b0bc   0x00000020   Code   RO         4001    i.Show_News_Alarm_HMI  news_alarm_hmi.o
    0x0800b0dc   0x00000020   Code   RO         4062    i.Show_News_PwrDn_HMI  news_power_down_hmi.o
    0x0800b0fc   0x00000030   Code   RO         3932    i.Show_Nws_HMI      news_select_hmi.o
    0x0800b12c   0x00000034   Code   RO         4293    i.Show_Setting_HMI  setting_hmi.o
    0x0800b160   0x00000014   Code   RO         4196    i.Show_Setup_HMI    setup_hmi.o
    0x0800b174   0x00000188   Code   RO         4294    i.Show_entry        setting_hmi.o
    0x0800b2fc   0x0000002e   Code   RO         2989    i.Show_focus        hmi.o
    0x0800b32a   0x00000002   PAD
    0x0800b32c   0x000000a8   Code   RO         4295    i.Show_more         setting_hmi.o
    0x0800b3d4   0x00000002   Code   RO         2680    i.ShtDefualtExc     sheet.o
    0x0800b3d6   0x00000032   Code   RO         2681    i.ShtUpdate         sheet.o
    0x0800b408   0x00000006   Code   RO         2682    i.Sht_input         sheet.o
    0x0800b40e   0x00000002   PAD
    0x0800b410   0x00000068   Code   RO         2683    i.Shtctl_init       sheet.o
    0x0800b478   0x0000000c   Code   RO         1675    i.Stop_flush_LCD    glyph.o
    0x0800b484   0x000000b8   Code   RO         2801    i.Str_Calculations  commhmi.o
    0x0800b53c   0x00000038   Code   RO          327    i.Str_Password_match  system.o
    0x0800b574   0x00000176   Code   RO         4296    i.Strategy_focus    setting_hmi.o
    0x0800b6ea   0x0000009a   Code   RO         4297    i.Strategy_focus_text  setting_hmi.o
    0x0800b784   0x00000008   Code   RO         2645    i.Strg_rd_chnConf   storage.o
    0x0800b78c   0x00000040   Code   RO         1676    i.String2Align      glyph.o
    0x0800b7cc   0x00000028   Code   RO         1677    i.String2Bkc        glyph.o
    0x0800b7f4   0x00000028   Code   RO         1678    i.String2Clr        glyph.o
    0x0800b81c   0x0000002c   Code   RO         1679    i.String2CntEff     glyph.o
    0x0800b848   0x000000b8   Code   RO         1680    i.String2Colour     glyph.o
    0x0800b900   0x0000008c   Code   RO         1681    i.String2Font       glyph.o
    0x0800b98c   0x00000012   Code   RO         2803    i.Stripe_vy         commhmi.o
    0x0800b99e   0x00000002   PAD
    0x0800b9a0   0x00000044   Code   RO         2990    i.SwitchBack        hmi.o
    0x0800b9e4   0x0000006c   Code   RO         2991    i.SwitchHMI         hmi.o
    0x0800ba50   0x00000012   Code   RO         3390    i.SwitchToHmi       menuhmi.o
    0x0800ba62   0x00000002   PAD
    0x0800ba64   0x00000088   Code   RO         3201    i.SwitchVirKey      keyboardhmi.o
    0x0800baec   0x000001b4   Code   RO         4400    i.SysStrategy_entry  set_system_strategy.o
    0x0800bca0   0x00000068   Code   RO         4401    i.Sys_commit        set_system_strategy.o
    0x0800bd08   0x00000050   Code   RO         4402    i.Sys_get_focusdata  set_system_strategy.o
    0x0800bd58   0x00000054   Code   RO         4403    i.Sys_init          set_system_strategy.o
    0x0800bdac   0x00000040   Code   RO         4404    i.Sys_key_dn        set_system_strategy.o
    0x0800bdec   0x00000088   Code   RO         4405    i.Sys_key_er        set_system_strategy.o
    0x0800be74   0x00000064   Code   RO         4406    i.Sys_key_lt        set_system_strategy.o
    0x0800bed8   0x00000064   Code   RO         4407    i.Sys_key_rt        set_system_strategy.o
    0x0800bf3c   0x00000040   Code   RO         4408    i.Sys_key_up        set_system_strategy.o
    0x0800bf7c   0x00000130   Code   RO         4409    i.Sys_update_content  set_system_strategy.o
    0x0800c0ac   0x00000018   Code   RO         4410    i.Sys_update_syf    set_system_strategy.o
    0x0800c0c4   0x00000060   Code   RO         5346    i.SystemInit        system_stm32f10x.o
    0x0800c124   0x00000014   Code   RO          328    i.System_default    system.o
    0x0800c138   0x0000000a   Code   RO          329    i.System_init       system.o
    0x0800c142   0x00000002   PAD
    0x0800c144   0x000001b8   Code   RO          330    i.System_modify_string  system.o
    0x0800c2fc   0x0000012c   Code   RO          331    i.System_to_string  system.o
    0x0800c428   0x00000090   Code   RO         2556    i.TIM2_IRQHandler   times.o
    0x0800c4b8   0x00000006   Code   RO         6121    i.TIM_ClearFlag     stm32f10x_tim.o
    0x0800c4be   0x00000006   Code   RO         6122    i.TIM_ClearITPendingBit  stm32f10x_tim.o
    0x0800c4c4   0x00000018   Code   RO         6127    i.TIM_Cmd           stm32f10x_tim.o
    0x0800c4dc   0x000001e8   Code   RO         6132    i.TIM_DeInit        stm32f10x_tim.o
    0x0800c6c4   0x00000022   Code   RO         6148    i.TIM_GetITStatus   stm32f10x_tim.o
    0x0800c6e6   0x00000012   Code   RO         6152    i.TIM_ITConfig      stm32f10x_tim.o
    0x0800c6f8   0x000000a4   Code   RO         6198    i.TIM_TimeBaseInit  stm32f10x_tim.o
    0x0800c79c   0x00000018   Code   RO            5    i.ThrdKeyRun        main.o
    0x0800c7b4   0x000000bc   Code   RO         4738    i.Timeset_focuse    windownshmi.o
    0x0800c870   0x0000003c   Code   RO         4739    i.Timeset_hide      windownshmi.o
    0x0800c8ac   0x000000fc   Code   RO         4740    i.Timeset_init      windownshmi.o
    0x0800c9a8   0x00000014   Code   RO         1995    i.TxtExpr_ctor      txtexpr.o
    0x0800c9bc   0x0000001a   Code   RO         1996    i.TxtExpr_new       txtexpr.o
    0x0800c9d6   0x00000002   PAD
    0x0800c9d8   0x000000d4   Code   RO         1997    i.TxtInptSht        txtexpr.o
    0x0800caac   0x00000014   Code   RO         1125    i.USART1_IRQHandler  drive_uart.o
    0x0800cac0   0x00000014   Code   RO         1126    i.USART2_IRQHandler  drive_uart.o
    0x0800cad4   0x00000012   Code   RO         6671    i.USART_ClearFlag   stm32f10x_usart.o
    0x0800cae6   0x00000018   Code   RO         6675    i.USART_Cmd         stm32f10x_usart.o
    0x0800cafe   0x00000012   Code   RO         6676    i.USART_DMACmd      stm32f10x_usart.o
    0x0800cb10   0x0000009c   Code   RO         6677    i.USART_DeInit      stm32f10x_usart.o
    0x0800cbac   0x0000001a   Code   RO         6678    i.USART_GetFlagStatus  stm32f10x_usart.o
    0x0800cbc6   0x00000054   Code   RO         6679    i.USART_GetITStatus  stm32f10x_usart.o
    0x0800cc1a   0x0000004a   Code   RO         6681    i.USART_ITConfig    stm32f10x_usart.o
    0x0800cc64   0x000000d8   Code   RO         6682    i.USART_Init        stm32f10x_usart.o
    0x0800cd3c   0x0000000a   Code   RO         6689    i.USART_ReceiveData  stm32f10x_usart.o
    0x0800cd46   0x00000008   Code   RO         6692    i.USART_SendData    stm32f10x_usart.o
    0x0800cd4e   0x00000032   Code   RO         1127    i.UartDeInit        drive_uart.o
    0x0800cd80   0x000000ca   Code   RO         1128    i.UartDma_Init      drive_uart.o
    0x0800ce4a   0x00000012   Code   RO         1129    i.UartGiveBackPlayloadBuf  drive_uart.o
    0x0800ce5c   0x000000b8   Code   RO         1130    i.UartInit          drive_uart.o
    0x0800cf14   0x00000096   Code   RO         1131    i.UartIoctol        drive_uart.o
    0x0800cfaa   0x00000002   Code   RO         1497    i.UartLedRxHdl      dev_uart.o
    0x0800cfac   0x00000002   Code   RO         1498    i.UartLedTxHdl      dev_uart.o
    0x0800cfae   0x0000000e   Code   RO         1499    i.UartPostRxSem     dev_uart.o
    0x0800cfbc   0x0000000e   Code   RO         1500    i.UartPostTxSem     dev_uart.o
    0x0800cfca   0x00000076   Code   RO         1132    i.UartRead          drive_uart.o
    0x0800d040   0x00000012   Code   RO         1133    i.UartSetIdp        drive_uart.o
    0x0800d052   0x0000000e   Code   RO         1134    i.UartSetLedHdl     drive_uart.o
    0x0800d060   0x0000000e   Code   RO         1135    i.UartSetPostSem    drive_uart.o
    0x0800d06e   0x0000000e   Code   RO         1136    i.UartSetWaitSem    drive_uart.o
    0x0800d07c   0x00000044   Code   RO         1137    i.UartTakeUpPlayloadBuf  drive_uart.o
    0x0800d0c0   0x00000090   Code   RO         1138    i.UartTest          drive_uart.o
    0x0800d150   0x00000012   Code   RO         1501    i.UartWaitRxSem     dev_uart.o
    0x0800d162   0x00000012   Code   RO         1502    i.UartWaitTxSem     dev_uart.o
    0x0800d174   0x000000a0   Code   RO         1139    i.UartWrite         drive_uart.o
    0x0800d214   0x00000040   Code   RO         3202    i.Upp_CalculateDown  keyboardhmi.o
    0x0800d254   0x0000004c   Code   RO         3203    i.Upp_CalculateLeft  keyboardhmi.o
    0x0800d2a0   0x0000004e   Code   RO         3204    i.Upp_CalculateRight  keyboardhmi.o
    0x0800d2ee   0x0000003e   Code   RO         3205    i.Upp_CalculateUp   keyboardhmi.o
    0x0800d32c   0x000000dc   Code   RO         3206    i.Upp_crdnInPic     keyboardhmi.o
    0x0800d408   0x000000fc   Code   RO         1140    i.Usart_irq         drive_uart.o
    0x0800d504   0x0000002c   Code   RO         2319    i.UtlRtc_ctor       rtc.o
    0x0800d530   0x0000001a   Code   RO         2320    i.UtlRtc_get        rtc.o
    0x0800d54a   0x00000006   Code   RO         2321    i.UtlRtc_init       rtc.o
    0x0800d550   0x00000008   Code   RO         2322    i.UtlRtc_readReg    rtc.o
    0x0800d558   0x00000006   Code   RO         2323    i.UtlRtc_set        rtc.o
    0x0800d55e   0x00000008   Code   RO         2324    i.UtlRtc_writeReg   rtc.o
    0x0800d566   0x00000034   Code   RO         3207    i.VK_Uppercase_init  keyboardhmi.o
    0x0800d59a   0x00000010   Code   RO         3208    i.VKeyClean         keyboardhmi.o
    0x0800d5aa   0x00000002   PAD
    0x0800d5ac   0x00000048   Code   RO         2804    i.VRAM_alloc        commhmi.o
    0x0800d5f4   0x00000020   Code   RO         2805    i.VRAM_init         commhmi.o
    0x0800d614   0x00000034   Code   RO         4627    i.ViewStrategy_entry  set_view_strategy.o
    0x0800d648   0x0000016c   Code   RO         4741    i.WinHmi_hit        windownshmi.o
    0x0800d7b4   0x000001a4   Code   RO         4742    i.Win_CUR_move      windownshmi.o
    0x0800d958   0x0000000c   Code   RO         4743    i.Win_content       windownshmi.o
    0x0800d964   0x00000068   Code   RO         4744    i.Win_initSheet     windownshmi.o
    0x0800d9cc   0x0000001c   Code   RO         8316    i.__0fprintf$8      mc_w.l(printf8.o)
    0x0800d9e8   0x00000028   Code   RO         8318    i.__0snprintf$8     mc_w.l(printf8.o)
    0x0800da10   0x00000028   Code   RO         8319    i.__0sprintf$8      mc_w.l(printf8.o)
    0x0800da38   0x00000008   Code   RO         8428    i.__aeabi_errno_addr  mc_w.l(errno.o)
    0x0800da40   0x0000005c   Code   RO         8375    i.__free$realloc    mc_w.l(mallocr.o)
    0x0800da9c   0x00000050   Code   RO         8376    i.__malloc$realloc  mc_w.l(mallocr.o)
    0x0800daec   0x0000000e   Code   RO         8488    i.__scatterload_copy  mc_w.l(handlers.o)
    0x0800dafa   0x00000002   Code   RO         8489    i.__scatterload_null  mc_w.l(handlers.o)
    0x0800dafc   0x0000000e   Code   RO         8490    i.__scatterload_zeroinit  mc_w.l(handlers.o)
    0x0800db0a   0x00000046   Code   RO         7936    i._init_box         RTX_CM3.lib(rt_membox.o)
    0x0800db50   0x00000410   Code   RO         8324    i._printf_core      mc_w.l(printf8.o)
    0x0800df60   0x00000024   Code   RO         8325    i._printf_post_padding  mc_w.l(printf8.o)
    0x0800df84   0x0000002e   Code   RO         8326    i._printf_pre_padding  mc_w.l(printf8.o)
    0x0800dfb2   0x00000016   Code   RO         8327    i._snputc           mc_w.l(printf8.o)
    0x0800dfc8   0x0000000a   Code   RO         8328    i._sputc            mc_w.l(printf8.o)
    0x0800dfd2   0x00000002   PAD
    0x0800dfd4   0x00000044   Code   RO         3470    i.barGhHMI_ctor     bargraphhmi.o
    0x0800e018   0x0000001a   Code   RO         3471    i.barGhHMI_new      bargraphhmi.o
    0x0800e032   0x00000002   PAD
    0x0800e034   0x00000010   Code   RO         2558    i.clean_time_flags  times.o
    0x0800e044   0x00000014   Code   RO         2806    i.cmmHmi_ctor       commhmi.o
    0x0800e058   0x0000001a   Code   RO         2807    i.cmmHmi_new        commhmi.o
    0x0800e072   0x00000002   PAD
    0x0800e074   0x0000003c   Code   RO         3556    i.dataHMI_ctor      datahmi.o
    0x0800e0b0   0x0000001a   Code   RO         3557    i.dataHMI_new       datahmi.o
    0x0800e0ca   0x00000002   PAD
    0x0800e0cc   0x00000030   Code   RO         7989    i.dbg_init          RTX_CM3.lib(hal_cm.o)
    0x0800e0fc   0x00000020   Code   RO         7990    i.dbg_task_notify   RTX_CM3.lib(hal_cm.o)
    0x0800e11c   0x00000010   Code   RO         7991    i.dbg_task_switch   RTX_CM3.lib(hal_cm.o)
    0x0800e12c   0x0000000c   Code   RO          826    i.delay_ms          rtx_depend.o
    0x0800e138   0x00000034   Code   RO         1602    i.devGpio_ctor      device_gpio.o
    0x0800e16c   0x0000001a   Code   RO         1603    i.devGpio_new       device_gpio.o
    0x0800e186   0x00000002   PAD
    0x0800e188   0x0000003c   Code   RO         1286    i.driveGpio_ctor    drive_gpio.o
    0x0800e1c4   0x0000001a   Code   RO         1287    i.driveGpio_new     drive_gpio.o
    0x0800e1de   0x00000002   PAD
    0x0800e1e0   0x00000068   Code   RO         1141    i.driveUart_ctor    drive_uart.o
    0x0800e248   0x0000001a   Code   RO         1142    i.driveUart_new     drive_uart.o
    0x0800e262   0x00000002   PAD
    0x0800e264   0x00000024   Code   RO            7    i.fputc             main.o
    0x0800e288   0x00000054   Code   RO          564    i.free_playloadbuf  ping_pongbuf.o
    0x0800e2dc   0x00000008   Code   RO          565    i.get_loadbuflen    ping_pongbuf.o
    0x0800e2e4   0x00000006   Code   RO          566    i.get_playloadbuf   ping_pongbuf.o
    0x0800e2ea   0x0000004a   Code   RO          567    i.init_pingponfbuf  ping_pongbuf.o
    0x0800e334   0x00000050   Code   RO         8377    i.internal_alloc    mc_w.l(mallocr.o)
    0x0800e384   0x0000002a   Code   RO         6863    i.isrMessageGet     RTX_CM3.lib(rt_cmsis.o)
    0x0800e3ae   0x0000002c   Code   RO         6864    i.isrMessagePut     RTX_CM3.lib(rt_cmsis.o)
    0x0800e3da   0x00000028   Code   RO         6865    i.isrSemaphoreRelease  RTX_CM3.lib(rt_cmsis.o)
    0x0800e402   0x00000002   PAD
    0x0800e404   0x00000052   Code   RO         7782    i.isr_mbx_receive   RTX_CM3.lib(rt_mailbox.o)
    0x0800e456   0x0000000e   Code   RO         7783    i.isr_mbx_send      RTX_CM3.lib(rt_mailbox.o)
    0x0800e464   0x00000010   Code   RO         7830    i.isr_sem_send      RTX_CM3.lib(rt_semaphore.o)
    0x0800e474   0x0000004c   Code   RO         3209    i.keyboardHMI_ctor  keyboardhmi.o
    0x0800e4c0   0x0000001a   Code   RO         3210    i.keyboardHMI_new   keyboardhmi.o
    0x0800e4da   0x00000002   PAD
    0x0800e4dc   0x00000114   Code   RO            8    i.main              main.o
    0x0800e5f0   0x0000003c   Code   RO         3083    i.mainHmi_ctor      mainhmi.o
    0x0800e62c   0x0000001a   Code   RO         3084    i.mainHmi_new       mainhmi.o
    0x0800e646   0x00000002   PAD
    0x0800e648   0x0000004c   Code   RO         3391    i.menuHMI_ctor      menuhmi.o
    0x0800e694   0x0000001a   Code   RO         3392    i.menuHMI_new       menuhmi.o
    0x0800e6ae   0x00000002   PAD
    0x0800e6b0   0x00000018   Code   RO         6867    i.osDelay           RTX_CM3.lib(rt_cmsis.o)
    0x0800e6c8   0x00000024   Code   RO         6868    i.osKernelInitialize  RTX_CM3.lib(rt_cmsis.o)
    0x0800e6ec   0x0000006c   Code   RO         6870    i.osKernelStart     RTX_CM3.lib(rt_cmsis.o)
    0x0800e758   0x00000018   Code   RO         6879    i.osMessageGet      RTX_CM3.lib(rt_cmsis.o)
    0x0800e770   0x00000030   Code   RO         6889    i.osSemaphoreCreate  RTX_CM3.lib(rt_cmsis.o)
    0x0800e7a0   0x00000018   Code   RO         6891    i.osSemaphoreRelease  RTX_CM3.lib(rt_cmsis.o)
    0x0800e7b8   0x00000018   Code   RO         6892    i.osSemaphoreWait   RTX_CM3.lib(rt_cmsis.o)
    0x0800e7d0   0x00000030   Code   RO         6896    i.osThreadCreate    RTX_CM3.lib(rt_cmsis.o)
    0x0800e800   0x00000018   Code   RO         6897    i.osThreadExit      RTX_CM3.lib(rt_cmsis.o)
    0x0800e818   0x00000018   Code   RO         6902    i.osThreadYield     RTX_CM3.lib(rt_cmsis.o)
    0x0800e830   0x0000000c   Code   RO         6903    i.osTimerCall       RTX_CM3.lib(rt_cmsis.o)
    0x0800e83c   0x0000002c   Code   RO         6908    i.osTimerThread     RTX_CM3.lib(rt_cmsis.o)
    0x0800e868   0x00000022   Code   RO         5299    i.os_error          rtx_conf_cm.o
    0x0800e88a   0x00000004   Code   RO         5300    i.os_idle_demon     rtx_conf_cm.o
    0x0800e88e   0x00000002   PAD
    0x0800e890   0x00000028   Code   RO         7570    i.os_tick_init      RTX_CM3.lib(rt_system.o)
    0x0800e8b8   0x00000002   Code   RO         7571    i.os_tick_irqack    RTX_CM3.lib(rt_system.o)
    0x0800e8ba   0x0000001a   Code   RO         7937    i.rt_alloc_box      RTX_CM3.lib(rt_membox.o)
    0x0800e8d4   0x0000003e   Code   RO         7965    i.rt_alloc_mem      RTX_CM3.lib(rt_memory.o)
    0x0800e912   0x00000002   PAD
    0x0800e914   0x00000038   Code   RO         7485    i.rt_block          RTX_CM3.lib(rt_task.o)
    0x0800e94c   0x00000048   Code   RO         8037    i.rt_chk_robin      RTX_CM3.lib(rt_robin.o)
    0x0800e994   0x00000070   Code   RO         7706    i.rt_dec_dly        RTX_CM3.lib(rt_list.o)
    0x0800ea04   0x00000044   Code   RO         7486    i.rt_dispatch       RTX_CM3.lib(rt_task.o)
    0x0800ea48   0x00000006   Code   RO         7872    i.rt_dly_wait       RTX_CM3.lib(rt_time.o)
    0x0800ea4e   0x00000002   PAD
    0x0800ea50   0x00000050   Code   RO         7663    i.rt_evt_psh        RTX_CM3.lib(rt_event.o)
    0x0800eaa0   0x0000002c   Code   RO         7938    i.rt_free_box       RTX_CM3.lib(rt_membox.o)
    0x0800eacc   0x00000028   Code   RO         7966    i.rt_free_mem       RTX_CM3.lib(rt_memory.o)
    0x0800eaf4   0x00000028   Code   RO         7707    i.rt_get_first      RTX_CM3.lib(rt_list.o)
    0x0800eb1c   0x00000024   Code   RO         7708    i.rt_get_same_rdy_prio  RTX_CM3.lib(rt_list.o)
    0x0800eb40   0x00000008   Code   RO         6913    i.rt_id2obj         RTX_CM3.lib(rt_cmsis.o)
    0x0800eb48   0x00000048   Code   RO         7487    i.rt_init_context   RTX_CM3.lib(rt_task.o)
    0x0800eb90   0x0000001a   Code   RO         7967    i.rt_init_mem       RTX_CM3.lib(rt_memory.o)
    0x0800ebaa   0x00000002   PAD
    0x0800ebac   0x00000018   Code   RO         8038    i.rt_init_robin     RTX_CM3.lib(rt_robin.o)
    0x0800ebc4   0x00000080   Code   RO         7992    i.rt_init_stack     RTX_CM3.lib(hal_cm.o)
    0x0800ec44   0x00000008   Code   RO         7784    i.rt_mbx_check      RTX_CM3.lib(rt_mailbox.o)
    0x0800ec4c   0x0000001a   Code   RO         7785    i.rt_mbx_init       RTX_CM3.lib(rt_mailbox.o)
    0x0800ec66   0x00000002   PAD
    0x0800ec68   0x000000f0   Code   RO         7786    i.rt_mbx_psh        RTX_CM3.lib(rt_mailbox.o)
    0x0800ed58   0x000000b4   Code   RO         7788    i.rt_mbx_wait       RTX_CM3.lib(rt_mailbox.o)
    0x0800ee0c   0x00000044   Code   RO         6914    i.rt_ms2tick        RTX_CM3.lib(rt_cmsis.o)
    0x0800ee50   0x0000007c   Code   RO         7574    i.rt_pop_req        RTX_CM3.lib(rt_system.o)
    0x0800eecc   0x00000020   Code   RO         7575    i.rt_psh_req        RTX_CM3.lib(rt_system.o)
    0x0800eeec   0x0000005c   Code   RO         7709    i.rt_psq_enq        RTX_CM3.lib(rt_list.o)
    0x0800ef48   0x00000048   Code   RO         7710    i.rt_put_dly        RTX_CM3.lib(rt_list.o)
    0x0800ef90   0x00000036   Code   RO         7711    i.rt_put_prio       RTX_CM3.lib(rt_list.o)
    0x0800efc6   0x00000002   PAD
    0x0800efc8   0x00000014   Code   RO         7712    i.rt_put_rdy_first  RTX_CM3.lib(rt_list.o)
    0x0800efdc   0x00000034   Code   RO         7713    i.rt_resort_prio    RTX_CM3.lib(rt_list.o)
    0x0800f010   0x00000006   Code   RO         7993    i.rt_ret_val        RTX_CM3.lib(hal_cm.o)
    0x0800f016   0x00000008   Code   RO         7994    i.rt_ret_val2       RTX_CM3.lib(hal_cm.o)
    0x0800f01e   0x00000028   Code   RO         7714    i.rt_rmv_dly        RTX_CM3.lib(rt_list.o)
    0x0800f046   0x00000002   PAD
    0x0800f048   0x00000030   Code   RO         7715    i.rt_rmv_list       RTX_CM3.lib(rt_list.o)
    0x0800f078   0x0000000c   Code   RO         7832    i.rt_sem_init       RTX_CM3.lib(rt_semaphore.o)
    0x0800f084   0x00000034   Code   RO         7833    i.rt_sem_psh        RTX_CM3.lib(rt_semaphore.o)
    0x0800f0b8   0x0000002a   Code   RO         7834    i.rt_sem_send       RTX_CM3.lib(rt_semaphore.o)
    0x0800f0e2   0x00000002   PAD
    0x0800f0e4   0x00000040   Code   RO         7835    i.rt_sem_wait       RTX_CM3.lib(rt_semaphore.o)
    0x0800f124   0x00000024   Code   RO         7577    i.rt_stk_check      RTX_CM3.lib(rt_system.o)
    0x0800f148   0x00000028   Code   RO         7488    i.rt_switch_req     RTX_CM3.lib(rt_task.o)
    0x0800f170   0x000000cc   Code   RO         7489    i.rt_sys_init       RTX_CM3.lib(rt_task.o)
    0x0800f23c   0x00000078   Code   RO         7490    i.rt_sys_start      RTX_CM3.lib(rt_task.o)
    0x0800f2b4   0x00000040   Code   RO         7579    i.rt_systick        RTX_CM3.lib(rt_system.o)
    0x0800f2f4   0x00000012   Code   RO         6915    i.rt_tid2ptcb       RTX_CM3.lib(rt_cmsis.o)
    0x0800f306   0x00000002   PAD
    0x0800f308   0x00000034   Code   RO         6916    i.rt_timer_insert   RTX_CM3.lib(rt_cmsis.o)
    0x0800f33c   0x00000088   Code   RO         7491    i.rt_tsk_create     RTX_CM3.lib(rt_task.o)
    0x0800f3c4   0x00000178   Code   RO         7492    i.rt_tsk_delete     RTX_CM3.lib(rt_task.o)
    0x0800f53c   0x00000030   Code   RO         7493    i.rt_tsk_pass       RTX_CM3.lib(rt_task.o)
    0x0800f56c   0x0000007c   Code   RO         7494    i.rt_tsk_prio       RTX_CM3.lib(rt_task.o)
    0x0800f5e8   0x00000010   Code   RO         7495    i.rt_tsk_self       RTX_CM3.lib(rt_task.o)
    0x0800f5f8   0x0000000c   Code   RO         2684    i.shtDefCmd_ctor    sheet.o
    0x0800f604   0x0000001a   Code   RO         2685    i.shtDefCmd_new     sheet.o
    0x0800f61e   0x00000012   Code   RO         6918    i.svcDelay          RTX_CM3.lib(rt_cmsis.o)
    0x0800f630   0x00000070   Code   RO         6919    i.svcKernelInitialize  RTX_CM3.lib(rt_cmsis.o)
    0x0800f6a0   0x00000048   Code   RO         6921    i.svcKernelStart    RTX_CM3.lib(rt_cmsis.o)
    0x0800f6e8   0x00000024   Code   RO         6924    i.svcMessageCreate  RTX_CM3.lib(rt_cmsis.o)
    0x0800f70c   0x0000003a   Code   RO         6925    i.svcMessageGet     RTX_CM3.lib(rt_cmsis.o)
    0x0800f746   0x00000024   Code   RO         6932    i.svcSemaphoreCreate  RTX_CM3.lib(rt_cmsis.o)
    0x0800f76a   0x00000028   Code   RO         6934    i.svcSemaphoreRelease  RTX_CM3.lib(rt_cmsis.o)
    0x0800f792   0x00000032   Code   RO         6935    i.svcSemaphoreWait  RTX_CM3.lib(rt_cmsis.o)
    0x0800f7c4   0x00000070   Code   RO         6939    i.svcThreadCreate   RTX_CM3.lib(rt_cmsis.o)
    0x0800f834   0x0000001c   Code   RO         6940    i.svcThreadGetId    RTX_CM3.lib(rt_cmsis.o)
    0x0800f850   0x00000038   Code   RO         6943    i.svcThreadTerminate  RTX_CM3.lib(rt_cmsis.o)
    0x0800f888   0x0000000a   Code   RO         6944    i.svcThreadYield    RTX_CM3.lib(rt_cmsis.o)
    0x0800f892   0x00000018   Code   RO         6945    i.svcTimerCall      RTX_CM3.lib(rt_cmsis.o)
    0x0800f8aa   0x00000050   Code   RO          568    i.switch_receivebuf  ping_pongbuf.o
    0x0800f8fa   0x00000002   PAD
    0x0800f8fc   0x0000005c   Code   RO         6954    i.sysTimerTick      RTX_CM3.lib(rt_cmsis.o)
    0x0800f958   0x00000002   Code   RO         1682    i.vDraw             glyph.o
    0x0800f95a   0x0000004e   Code   RO         4745    i.winHmiHide        windownshmi.o
    0x0800f9a8   0x00000076   Code   RO         4746    i.winHmiShow        windownshmi.o
    0x0800fa1e   0x00000070   Code   RO         4747    i.winHmi_ClearFocuse  windownshmi.o
    0x0800fa8e   0x0000000e   Code   RO         4748    i.winHmi_InitFouse  windownshmi.o
    0x0800fa9c   0x00000074   Code   RO         4749    i.winHmi_ShowFocuse  windownshmi.o
    0x0800fb10   0x0000004c   Code   RO         4750    i.winHmi_ctor       windownshmi.o
    0x0800fb5c   0x0000001a   Code   RO         4751    i.winHmi_new        windownshmi.o
    0x0800fb76   0x00000002   PAD
    0x0800fb78   0x00000010   Data   RO            9    .constdata          main.o
    0x0800fb88   0x0000001c   Data   RO          333    .constdata          system.o
    0x0800fba4   0x00000004   Data   RO          633    .constdata          mem.o
    0x0800fba8   0x00000004   Data   RO          750    .constdata          assert.o
    0x0800fbac   0x0000001c   Data   RO          830    .constdata          rtx_depend.o
    0x0800fbc8   0x00000040   Data   RO         1289    .constdata          drive_gpio.o
    0x0800fc08   0x00000004   Data   RO         1946    .constdata          expression.o
    0x0800fc0c   0x0000001e   Data   RO         2455    .constdata          keyboard.o
    0x0800fc2a   0x00000002   PAD
    0x0800fc2c   0x00000004   Data   RO         2686    .constdata          sheet.o
    0x0800fc30   0x0000030e   Data   RO         2809    .constdata          commhmi.o
    0x0800ff3e   0x0000006e   Data   RO         3085    .constdata          mainhmi.o
    0x0800ffac   0x00000179   Data   RO         3212    .constdata          keyboardhmi.o
    0x08010125   0x00000003   PAD
    0x08010128   0x00000034   Data   RO         3393    .constdata          menuhmi.o
    0x0801015c   0x00000068   Data   RO         3472    .constdata          bargraphhmi.o
    0x080101c4   0x0000001c   Data   RO         3558    .constdata          datahmi.o
    0x080101e0   0x000000a1   Data   RO         3647    .constdata          real_time_trendhmi.o
    0x08010281   0x00000028   Data   RO         3759    .constdata          curve.o
    0x080102a9   0x00000003   PAD
    0x080102ac   0x00000004   Data   RO         3853    .constdata          focus.o
    0x080102b0   0x00000051   Data   RO         3933    .constdata          news_select_hmi.o
    0x08010301   0x000000a5   Data   RO         4125    .constdata          accumulate_hmi .o
    0x080103a6   0x00000090   Data   RO         4197    .constdata          setup_hmi.o
    0x08010436   0x0000003e   Data   RO         4298    .constdata          setting_hmi.o
    0x08010474   0x00000038   Data   RO         4411    .constdata          set_system_strategy.o
    0x080104ac   0x0000002c   Data   RO         4483    .constdata          set_channel_strategy.o
    0x080104d8   0x00000028   Data   RO         4552    .constdata          set_alarm_strategy.o
    0x08010500   0x00000010   Data   RO         4608    .constdata          set_arithmetic_strategy.o
    0x08010510   0x0000001c   Data   RO         4628    .constdata          set_view_strategy.o
    0x0801052c   0x00000018   Data   RO         4648    .constdata          set_databackup_strategy.o
    0x08010544   0x00000018   Data   RO         4668    .constdata          set_dataprint_strategy.o
    0x0801055c   0x0000000c   Data   RO         4688    .constdata          acc_day.o
    0x08010568   0x0000000c   Data   RO         4708    .constdata          acc_month.o
    0x08010574   0x000000a2   Data   RO         4752    .constdata          windownshmi.o
    0x08010616   0x00000002   PAD
    0x08010618   0x00000004   Data   RO         4886    .constdata          model.o
    0x0801061c   0x0000000c   Data   RO         5009    .constdata          modeltime.o
    0x08010628   0x00000056   Data   RO         5302    .constdata          rtx_conf_cm.o
    0x0801067e   0x00000081   Data   RO         8453    .constdata          mc_w.l(ctype_o.o)
    0x080106ff   0x00000001   PAD
    0x08010700   0x00000004   Data   RO         8454    .constdata          mc_w.l(ctype_o.o)
    0x08010704   0x00000030   Data   RO          528    .conststring        marco.o
    0x08010734   0x00000012   Data   RO          634    .conststring        mem.o
    0x08010746   0x00000002   PAD
    0x08010748   0x00000011   Data   RO          751    .conststring        assert.o
    0x08010759   0x00000003   PAD
    0x0801075c   0x0000000d   Data   RO         1947    .conststring        expression.o
    0x08010769   0x00000003   PAD
    0x0801076c   0x00000013   Data   RO         2687    .conststring        sheet.o
    0x0801077f   0x00000001   PAD
    0x08010780   0x00000008   Data   RO         3854    .conststring        focus.o
    0x08010788   0x00000059   Data   RO         4299    .conststring        setting_hmi.o
    0x080107e1   0x00000003   PAD
    0x080107e4   0x000000ad   Data   RO         4412    .conststring        set_system_strategy.o
    0x08010891   0x00000003   PAD
    0x08010894   0x0000007b   Data   RO         4484    .conststring        set_channel_strategy.o
    0x0801090f   0x00000001   PAD
    0x08010910   0x00000049   Data   RO         4553    .conststring        set_alarm_strategy.o
    0x08010959   0x00000003   PAD
    0x0801095c   0x00000029   Data   RO         4609    .conststring        set_arithmetic_strategy.o
    0x08010985   0x00000003   PAD
    0x08010988   0x00000039   Data   RO         4629    .conststring        set_view_strategy.o
    0x080109c1   0x00000003   PAD
    0x080109c4   0x0000004d   Data   RO         4649    .conststring        set_databackup_strategy.o
    0x08010a11   0x00000003   PAD
    0x08010a14   0x0000002d   Data   RO         4669    .conststring        set_dataprint_strategy.o
    0x08010a41   0x00000003   PAD
    0x08010a44   0x00000019   Data   RO         4689    .conststring        acc_day.o
    0x08010a5d   0x00000003   PAD
    0x08010a60   0x0000000d   Data   RO         4709    .conststring        acc_month.o
    0x08010a6d   0x00000003   PAD
    0x08010a70   0x000000ef   Data   RO         4887    .conststring        model.o
    0x08010b5f   0x00000001   PAD
    0x08010b60   0x00000020   Data   RO         8486    Region$$Table       anon$$obj.o


    Execution Region RW_IRAM1 (Base: 0x20000000, Size: 0x00006f20, Max: 0x0000c000, ABSOLUTE, COMPRESSED[0x00000274])

    Base Addr    Size         Type   Attr      Idx    E Section Name        Object

    0x20000000   0x00000008   Data   RW           10    .data               main.o
    0x20000008   0x00000004   Data   RW          334    .data               system.o
    0x2000000c   0x000000b0   Data   RW          412    .data               hardwareconfig.o
    0x200000bc   0x00000030   Data   RW          529    .data               marco.o
    0x200000ec   0x00000004   Data   RW          604    .data               except.o
    0x200000f0   0x00000054   Data   RW          831    .data               rtx_depend.o
    0x20000144   0x00000040   Data   RW         1041    .data               dev_lcdusartgpu.o
    0x20000184   0x00000030   Data   RW         1605    .data               device_gpio.o
    0x200001b4   0x00000001   Data   RW         1683    .data               glyph.o
    0x200001b5   0x00000003   PAD
    0x200001b8   0x00000004   Data   RW         1809    .data               gh_txt.o
    0x200001bc   0x00000004   Data   RW         1847    .data               gh_rectangle.o
    0x200001c0   0x00000004   Data   RW         1880    .data               gh_none.o
    0x200001c4   0x00000004   Data   RW         1910    .data               gh_pic.o
    0x200001c8   0x00000004   Data   RW         1998    .data               txtexpr.o
    0x200001cc   0x00000004   Data   RW         2117    .data               ntbutton.o
    0x200001d0   0x00000004   Data   RW         2190    .data               ntinput.o
    0x200001d4   0x00000004   Data   RW         2224    .data               geometricsexpr.o
    0x200001d8   0x00000004   Data   RW         2255    .data               ntgrid.o
    0x200001dc   0x00000004   Data   RW         2286    .data               picexpr.o
    0x200001e0   0x00000004   Data   RW         2456    .data               keyboard.o
    0x200001e4   0x0000000c   Data   RW         2566    .data               times.o
    0x200001f0   0x00000008   Data   RW         2688    .data               sheet.o
    0x200001f8   0x00000048   Data   RW         2810    .data               commhmi.o
    0x20000240   0x0000000c   Data   RW         2994    .data               hmi.o
    0x2000024c   0x00000008   Data   RW         3086    .data               mainhmi.o
    0x20000254   0x00000043   Data   RW         3213    .data               keyboardhmi.o
    0x20000297   0x00000001   PAD
    0x20000298   0x00000028   Data   RW         3394    .data               menuhmi.o
    0x200002c0   0x0000000c   Data   RW         3473    .data               bargraphhmi.o
    0x200002cc   0x00000008   Data   RW         3559    .data               datahmi.o
    0x200002d4   0x00000008   Data   RW         3648    .data               real_time_trendhmi.o
    0x200002dc   0x00000008   Data   RW         3760    .data               curve.o
    0x200002e4   0x00000008   Data   RW         3934    .data               news_select_hmi.o
    0x200002ec   0x0000000c   Data   RW         4002    .data               news_alarm_hmi.o
    0x200002f8   0x00000008   Data   RW         4063    .data               news_power_down_hmi.o
    0x20000300   0x00000008   Data   RW         4126    .data               accumulate_hmi .o
    0x20000308   0x00000008   Data   RW         4198    .data               setup_hmi.o
    0x20000310   0x00000048   Data   RW         4300    .data               setting_hmi.o
    0x20000358   0x00000034   Data   RW         4413    .data               set_system_strategy.o
    0x2000038c   0x00000034   Data   RW         4485    .data               set_channel_strategy.o
    0x200003c0   0x00000030   Data   RW         4554    .data               set_alarm_strategy.o
    0x200003f0   0x00000030   Data   RW         4610    .data               set_arithmetic_strategy.o
    0x20000420   0x00000030   Data   RW         4630    .data               set_view_strategy.o
    0x20000450   0x00000030   Data   RW         4650    .data               set_databackup_strategy.o
    0x20000480   0x00000030   Data   RW         4670    .data               set_dataprint_strategy.o
    0x200004b0   0x00000030   Data   RW         4690    .data               acc_day.o
    0x200004e0   0x00000030   Data   RW         4710    .data               acc_month.o
    0x20000510   0x0000000c   Data   RW         4753    .data               windownshmi.o
    0x2000051c   0x000000a4   Data   RW         4888    .data               model.o
    0x200005c0   0x00000004   Data   RW         5088    .data               modeltest.o
    0x200005c4   0x00000004   Data   RW         5239    .data               ctlkey.o
    0x200005c8   0x00000020   Data   RW         5303    .data               rtx_conf_cm.o
    0x200005e8   0x00000014   Data   RW         5347    .data               system_stm32f10x.o
    0x200005fc   0x00000014   Data   RW         5931    .data               stm32f10x_rcc.o
    0x20000610   0x00000008   Data   RW         6957    .data               RTX_CM3.lib(rt_cmsis.o)
    0x20000618   0x00000008   Data   RW         7497    .data               RTX_CM3.lib(rt_task.o)
    0x20000620   0x00000008   Data   RW         7582    .data               RTX_CM3.lib(rt_system.o)
    0x20000628   0x00000004   Data   RW         7876    .data               RTX_CM3.lib(rt_time.o)
    0x2000062c   0x00000001   Data   RW         7995    .data               RTX_CM3.lib(hal_cm.o)
    0x2000062d   0x00000003   PAD
    0x20000630   0x00000008   Data   RW         8039    .data               RTX_CM3.lib(rt_robin.o)
    0x20000638   0x00000004   Data   RW         8076    .data               mc_w.l(stderr.o)
    0x2000063c   0x00000004   Data   RW         8080    .data               mc_w.l(rand.o)
    0x20000640   0x00000004   Data   RW         8426    .data               mc_w.l(mvars.o)
    0x20000644   0x00000004   Data   RW         8427    .data               mc_w.l(mvars.o)
    0x20000648   0x00000004   Data   RW         8431    .data               mc_w.l(errno.o)
    0x2000064c   0x00000054   Zero   RW          332    .bss                system.o
    0x200006a0   0x00000018   Zero   RW          411    .bss                hardwareconfig.o
    0x200006b8   0x00000040   Zero   RW         1040    .bss                dev_lcdusartgpu.o
    0x200006f8   0x0000000c   Zero   RW         1143    .bss                drive_uart.o
    0x20000704   0x00000040   Zero   RW         1288    .bss                drive_gpio.o
    0x20000744   0x00000010   Zero   RW         1503    .bss                dev_uart.o
    0x20000754   0x00000018   Zero   RW         1604    .bss                device_gpio.o
    0x2000076c   0x00000060   Zero   RW         1945    .bss                expression.o
    0x200007cc   0x0000004c   Zero   RW         2565    .bss                times.o
    0x20000818   0x00000078   Zero   RW         2808    .bss                commhmi.o
    0x20000890   0x00000074   Zero   RW         3211    .bss                keyboardhmi.o
    0x20000904   0x00000030   Zero   RW         3646    .bss                real_time_trendhmi.o
    0x20000934   0x000005d0   Zero   RW         3758    .bss                curve.o
    0x20000f04   0x00000074   Zero   RW         3852    .bss                focus.o
    0x20000f78   0x00000010   Zero   RW         4966    .bss                modelfactory.o
    0x20000f88   0x00000010   Zero   RW         5008    .bss                modeltime.o
    0x20000f98   0x00000018   Zero   RW         5141    .bss                model_channel.o
    0x20000fb0   0x00000f0c   Zero   RW         5301    .bss                rtx_conf_cm.o
    0x20001ebc   0x00000034   Zero   RW         7496    .bss                RTX_CM3.lib(rt_task.o)
    0x20001ef0   0x00000030   Zero   RW         7716    .bss                RTX_CM3.lib(rt_list.o)
    0x20001f20   0x00004000   Zero   RW         5334    HEAP                startup_stm32f10x_hd.o
    0x20005f20   0x00001000   Zero   RW         5333    STACK               startup_stm32f10x_hd.o


==============================================================================

Image component sizes


      Code (inc. data)   RO Data    RW Data    ZI Data      Debug   Object Name

        52          4         37         48          0       1188   acc_day.o
        52          4         25         48          0       1202   acc_month.o
      1252        224        165          8          0       6277   accumulate_hmi .o
         0          0         21          0          0       2091   assert.o
      1824        282        104         12          0       8881   bargraphhmi.o
      1706        170        782         72        120      20799   commhmi.o
         2          0          0          0          0        866   controller.o
       382         68          0          4          0       3516   ctlkey.o
       942         50         40          8       1488       9102   curve.o
      1272        178         28          8          0       8493   datahmi.o
        68          0          0          0          0        619   dev_char.o
        60          6          0          0          0       1038   dev_lcd.o
      1622        388          0         64         64      10661   dev_lcdusartgpu.o
       996        102          0          0         16       9769   dev_uart.o
       116          0          0          0          0       4014   device.o
       334         38          0         48         24       6255   device_gpio.o
       750         80         64          0         64       9903   drive_gpio.o
      1704        110          0          0         12      14241   drive_uart.o
       252        122          0          4          0       2438   except.o
       280         86          0          0          0       2592   expfactory.o
       684         86         17          0         96       7997   expression.o
       572         50         12          0        116       6530   focus.o
       824          4          0          0          0       3387   format.o
       198         22          0          4          0       2873   geometricsexpr.o
        66          6          0          4          0       2088   gh_none.o
       250         14          0          4          0       2873   gh_pic.o
       362         14          0          4          0       3099   gh_rectangle.o
       238         22          0          4          0       3393   gh_txt.o
       808        174          0          1          0       9417   glyph.o
         0          0          0        176         24       3245   hardwareconfig.o
       498         88          0         12          0       8829   hmi.o
       150         16          0          0          0        572   hmifactory.o
       208         10          0          0          0        593   intrinit.o
       828         54         30          4          0       8363   keyboard.o
      2568        270        377         67        116      15982   keyboardhmi.o
       152         88          0          0          0       1651   list.o
       340         28         16          8          0     294192   main.o
      2042        306        110          8          0       9387   mainhmi.o
       116         28         48         48          0       1606   marco.o
       236         84         22          0          0       1842   mem.o
       866        110         52         40          0       7213   menuhmi.o
       152         30          0          0          0       2261   misc.o
      1194        284        243        164          0       8390   model.o
      2012        342          0          0         24       9136   model_channel.o
       284         96          0          0         16       3347   modelfactory.o
       644         80          0          4          0       4424   modeltest.o
      1002        116         12          0         16       9392   modeltime.o
        62          0          0          0          0        439   mysystemclock.o
       788        176          0         12          0       5275   news_alarm_hmi.o
       788        176          0          8          0       5300   news_power_down_hmi.o
       758        134         81          8          0       6669   news_select_hmi.o
       348         14          0          4          0       3897   ntbutton.o
       454         46          0          4          0       2819   ntgrid.o
       314         28          0          4          0       2726   ntinput.o
       298         38          0          4          0       3267   picexpr.o
       252          0          0          0          0       3741   ping_pongbuf.o
       272         14          0          0          0        599   pinmux.o
       482          6          0          0          0       3817   reader.o
      2464        336        161          8         48      14582   real_time_trendhmi.o
        98         22          0          0          0       3881   rtc.o
        84         12          0          0          0       3373   rtc_pcf8563.o
        62          6         86         32       3852       7460   rtx_conf_cm.o
       624        138         28         84          0       4348   rtx_depend.o
       730         96        113         48          0       6135   set_alarm_strategy.o
        52          4         57         48          0       1249   set_arithmetic_strategy.o
      1120        112        167         52          0       6330   set_channel_strategy.o
        52          4        101         48          0       1257   set_databackup_strategy.o
        52          4         69         48          0       1271   set_dataprint_strategy.o
      1496        180        229         52          0       7001   set_system_strategy.o
        52          4         85         48          0       1222   set_view_strategy.o
      3046        274        151         72          0      13213   setting_hmi.o
      1706        248        144          8          0       9841   setup_hmi.o
       982         66         23          8          0       9978   sheet.o
        36          8        304          0      20480        796   startup_stm32f10x_hd.o
       514         26          0          0          0       5984   stm32f10x_dma.o
       216         18          0          0          0       2834   stm32f10x_exti.o
       512         10          0          0          0       5364   stm32f10x_gpio.o
       372         50          0         20          0       6420   stm32f10x_rcc.o
       740        106          0          0          0       5183   stm32f10x_tim.o
       634         28          0          0          0       8281   stm32f10x_usart.o
         8          0          0          0          0        766   storage.o
      1110        180         28          4         84       7259   system.o
       328         28          0         20          0       2193   system_stm32f10x.o
       260         26          0         12         76       3134   times.o
       286         22          0          4          0       4406   txtexpr.o
      2498        232        162         12          0      13971   windownshmi.o

    ----------------------------------------------------------------------
     56068       7206       4274       1552      26736     752308   Object Totals
         0          0         32          0          0          0   (incl. Generated)
       158          0         48          4          0          0   (incl. Padding)

    ----------------------------------------------------------------------

      Code (inc. data)   RO Data    RW Data    ZI Data      Debug   Library Member Name

       238         24          0          1          0       3192   hal_cm.o
       304         36          0          0          0        748   hal_cm3.o
      1456        170          0          8          0      37378   rt_cmsis.o
        80          4          0          0          0        641   rt_event.o
       566         44          0          0         48       8616   rt_list.o
       550         10          0          0          0       3837   rt_mailbox.o
       140          0          0          0          0       1865   rt_membox.o
       128          0          0          0          0       2239   rt_memory.o
        96         22          0          8          0       1110   rt_robin.o
       186         10          0          0          0       2822   rt_semaphore.o
       298         52          0          8          0       6091   rt_system.o
      1260        184          0          8         52       9931   rt_task.o
         6          0          0          4          0        620   rt_time.o
         4          4          0          0          0        188   svc_table.o
        86          0          0          0          0          0   __dczerorl2.o
        28          0          0          0          0         68   _chval.o
       158          0          0          0          0         92   _strtoul.o
        26          0          0          0          0         80   atoi.o
        28          0          0          0          0         76   calloc.o
         8          4        133          0          0         68   ctype_o.o
         0          0          0          0          0          0   entry.o
         0          0          0          0          0          0   entry10a.o
         0          0          0          0          0          0   entry11a.o
         8          4          0          0          0          0   entry2.o
         4          0          0          0          0          0   entry5.o
         0          0          0          0          0          0   entry7b.o
         0          0          0          0          0          0   entry8b.o
         8          4          0          4          0         68   errno.o
        30          0          0          0          0          0   handlers.o
        36          8          0          0          0         68   init.o
        30          0          0          0          0         68   llshl.o
        32          0          0          0          0         68   llushr.o
       252         24          0          0          0        252   mallocr.o
        36          0          0          0          0         68   memcpya.o
        36          0          0          0          0        108   memseta.o
         0          0          0          8          0          0   mvars.o
      1262         60          0          0          0        656   printf8.o
        36         10          0          4          0        136   rand.o
         0          0          0          4          0          0   stderr.o
        42          0          0          0          0         84   strcasecmp.o
        24          0          0          0          0         68   strcat.o
        20          0          0          0          0         68   strchr.o
        28          0          0          0          0         76   strcmp.o
        18          0          0          0          0         68   strcpy.o
        34          0          0          0          0         80   strcspn.o
        14          0          0          0          0         68   strlen.o
        40          0          0          0          0         76   strncat.o
        24          0          0          0          0         76   strncpy.o
        36          0          0          0          0         80   strstr.o
       112          0          0          0          0         88   strtol.o
        12          0          0          0          0         68   tolower.o
        98          0          0          0          0         92   uldiv.o
        62          0          0          0          0         96   setjmp.o

    ----------------------------------------------------------------------
      8004        674        134         60        100      82242   Library Totals
        24          0          1          3          0          0   (incl. Padding)

    ----------------------------------------------------------------------

      Code (inc. data)   RO Data    RW Data    ZI Data      Debug   Library Name

      5312        560          0         37        100      79278   RTX_CM3.lib
      2606        114        133         20          0       2868   mc_w.l
        62          0          0          0          0         96   mf_w.l

    ----------------------------------------------------------------------
      8004        674        134         60        100      82242   Library Totals

    ----------------------------------------------------------------------

==============================================================================


      Code (inc. data)   RO Data    RW Data    ZI Data      Debug   

     64072       7880       4408       1612      26836     797290   Grand Totals
     64072       7880       4408        628      26836     797290   ELF Image Totals (compressed)
     64072       7880       4408        628          0          0   ROM Totals

==============================================================================

    Total RO  Size (Code + RO Data)                68480 (  66.88kB)
    Total RW  Size (RW Data + ZI Data)             28448 (  27.78kB)
    Total ROM Size (Code + RO Data + RW Data)      69108 (  67.49kB)

==============================================================================

